
> doc-patient-frontend@1.0.0 test
> jest --verbose --watchAll=false --passWithNoTests

node.exe : ts-jest[config] (WARN) 
At line:1 char:1
+ & "C:\nvm4w\nodejs/node.exe" "C:\nvm4w\nodejs/node_modules/npm/bin/np ...
+ ~~~~~~~~~~~~~~~~~~~~~~~~~~~~~~~~~~~~~~~~~~~~~~~~~~~~~~~~~~~~~~~~~~~~~
    + CategoryInfo          : NotSpecified: (ts-jest[config] (WARN) :String) [ 
   ], RemoteException
    + FullyQualifiedErrorId : NativeCommandError
 
    The "ts-jest" config option "isolatedModules" is deprecated and will be 
removed in v30.0.0. Please use "isolatedModules: true" in 
D:/vipin/projects/doc-patient/frontend/tsconfig.json instead, see 
https://www.typescriptlang.org/tsconfig/#isolatedModules
  
ts-jest[config] (WARN) 
    The "ts-jest" config option "isolatedModules" is deprecated and will be 
removed in v30.0.0. Please use "isolatedModules: true" in 
D:/vipin/projects/doc-patient/frontend/tsconfig.json instead, see 
https://www.typescriptlang.org/tsconfig/#isolatedModules
  
ts-jest[config] (WARN) 
    The "ts-jest" config option "isolatedModules" is deprecated and will be 
removed in v30.0.0. Please use "isolatedModules: true" in 
D:/vipin/projects/doc-patient/frontend/tsconfig.json instead, see 
https://www.typescriptlang.org/tsconfig/#isolatedModules
  
ts-jest[config] (WARN) 
    The "ts-jest" config option "isolatedModules" is deprecated and will be 
removed in v30.0.0. Please use "isolatedModules: true" in 
D:/vipin/projects/doc-patient/frontend/tsconfig.json instead, see 
https://www.typescriptlang.org/tsconfig/#isolatedModules
  
ts-jest[config] (WARN) 
    The "ts-jest" config option "isolatedModules" is deprecated and will be 
removed in v30.0.0. Please use "isolatedModules: true" in 
D:/vipin/projects/doc-patient/frontend/tsconfig.json instead, see 
https://www.typescriptlang.org/tsconfig/#isolatedModules
  
ts-jest[config] (WARN) 
    The "ts-jest" config option "isolatedModules" is deprecated and will be 
removed in v30.0.0. Please use "isolatedModules: true" in 
D:/vipin/projects/doc-patient/frontend/tsconfig.json instead, see 
https://www.typescriptlang.org/tsconfig/#isolatedModules
  
ts-jest[config] (WARN) 
    The "ts-jest" config option "isolatedModules" is deprecated and will be 
removed in v30.0.0. Please use "isolatedModules: true" in 
D:/vipin/projects/doc-patient/frontend/tsconfig.json instead, see 
https://www.typescriptlang.org/tsconfig/#isolatedModules
  
ts-jest[config] (WARN) 
    The "ts-jest" config option "isolatedModules" is deprecated and will be 
removed in v30.0.0. Please use "isolatedModules: true" in 
D:/vipin/projects/doc-patient/frontend/tsconfig.json instead, see 
https://www.typescriptlang.org/tsconfig/#isolatedModules
  
ts-jest[config] (WARN) 
    The "ts-jest" config option "isolatedModules" is deprecated and will be 
removed in v30.0.0. Please use "isolatedModules: true" in 
D:/vipin/projects/doc-patient/frontend/tsconfig.json instead, see 
https://www.typescriptlang.org/tsconfig/#isolatedModules
  
ts-jest[config] (WARN) 
    The "ts-jest" config option "isolatedModules" is deprecated and will be 
removed in v30.0.0. Please use "isolatedModules: true" in 
D:/vipin/projects/doc-patient/frontend/tsconfig.json instead, see 
https://www.typescriptlang.org/tsconfig/#isolatedModules
  
ts-jest[config] (WARN) 
    The "ts-jest" config option "isolatedModules" is deprecated and will be 
removed in v30.0.0. Please use "isolatedModules: true" in 
D:/vipin/projects/doc-patient/frontend/tsconfig.json instead, see 
https://www.typescriptlang.org/tsconfig/#isolatedModules
  
(node:5552) [DEP0040] DeprecationWarning: The `punycode` module is deprecated. 
Please use a userland alternative instead.
(Use `node --trace-deprecation ...` to show where the warning was created)
FAIL src/services/__tests__/consultationService.test.ts
  consultationService
    createConsultation
      ΓêÜ should create a consultation with vitals and medications (28 ms)
      ΓêÜ should handle consultation creation errors (16 ms)
      ΓêÜ should handle network errors (2 ms)
    getConsultationById
      ΓêÜ should fetch consultation by ID (2 ms)
      ΓêÜ should handle fetch errors (1 ms)
    getPatientConsultations
      ├ù should fetch all consultations for a patient (17 ms)
      ├ù should return empty array for patient with no consultations (1 ms)
      ΓêÜ should handle fetch errors (3 ms)

  ΓùÅ consultationService ΓÇ║ getPatientConsultations ΓÇ║ should fetch all 
consultations for a patient

    expect(received).toEqual(expected) // deep equality

    Expected: [{"diagnosis": "Test 1", "id": "c1", "patientId": "p1"}, 
{"diagnosis": "Test 2", "id": "c2", "patientId": "p1"}]
    Received: {"consultations": [{"diagnosis": "Test 1", "id": "c1", 
"patientId": "p1"}, {"diagnosis": "Test 2", "id": "c2", "patientId": "p1"}], 
"currentPage": 1, "pages": undefined, "total": undefined}

    [0m [90m 165 |[39m         expect[33m.[39many([33mObject[39m)
     [90m 166 |[39m       )[33m;[39m
    [31m[1m>[22m[39m[90m 167 |[39m       
expect(result)[33m.[39mtoEqual(mockConsultations)[33m;[39m
     [90m     |[39m                      [31m[1m^[22m[39m
     [90m 168 |[39m     })[33m;[39m
     [90m 169 |[39m
     [90m 170 |[39m     it([32m'should return empty array for patient with 
no consultations'[39m[33m,[39m [36masync[39m () [33m=>[39m {[0m

      at Object.<anonymous> 
(src/services/__tests__/consultationService.test.ts:167:22)

  ΓùÅ consultationService ΓÇ║ getPatientConsultations ΓÇ║ should return empty 
array for patient with no consultations

    expect(received).toEqual(expected) // deep equality

    Expected: []
    Received: {"consultations": [], "currentPage": 1, "pages": undefined, 
"total": undefined}

    [0m [90m 178 |[39m       [36mconst[39m result [33m=[39m 
[36mawait[39m getPatientConsultations([32m'p1'[39m)[33m;[39m
     [90m 179 |[39m
    [31m[1m>[22m[39m[90m 180 |[39m       
expect(result)[33m.[39mtoEqual([])[33m;[39m
     [90m     |[39m                      [31m[1m^[22m[39m
     [90m 181 |[39m     })[33m;[39m
     [90m 182 |[39m
     [90m 183 |[39m     it([32m'should handle fetch errors'[39m[33m,[39m 
[36masync[39m () [33m=>[39m {[0m

      at Object.<anonymous> 
(src/services/__tests__/consultationService.test.ts:180:22)

  console.warn
    ΓÜá∩╕Å React Router Future Flag Warning: React Router will begin wrapping state updates in `React.startTransition` in v7. You can use the `v7_startTransition` future flag to opt-in early. For more information, see https://reactrouter.com/v6/upgrading/future#v7_starttransition.

    [0m [90m 29 |[39m
     [90m 30 |[39m   [36mconst[39m renderPrescriptionPage [33m=[39m () [33m=>[39m {
    [31m[1m>[22m[39m[90m 31 |[39m     [36mreturn[39m render(
     [90m    |[39m                  [31m[1m^[22m[39m
     [90m 32 |[39m       [33m<[39m[33mMemoryRouter[39m initialEntries[33m=[39m{[[32m'/prescriptions/1'[39m]}[33m>[39m[37m[41m[1m\[22m[49m[39mn        [33m<[39m[33mAuthProvider[39m[33m>[39m
     [90m 33 |[39m           [33m<[39m[33mToastProvider[39m[33m>[39m
     [90m 34 |[39m             [33m<[39m[33mRoutes[39m[33m>[39m[0m

      at warn (node_modules/react-router/lib/deprecations.ts:9:13)
      at warnOnce (node_modules/react-router/lib/deprecations.ts:14:3)
      at logDeprecation (node_modules/react-router/lib/deprecations.ts:26:5)
      at logV6DeprecationWarnings (node_modules/react-router/lib/components.tsx:257:25)
      at commitHookEffectListMount (node_modules/react-dom/cjs/react-dom.development.js:23189:26)
      at commitPassiveMountOnFiber (node_modules/react-dom/cjs/react-dom.development.js:24970:11)
      at commitPassiveMountEffects_complete (node_modules/react-dom/cjs/react-dom.development.js:24930:9)
      at commitPassiveMountEffects_begin (node_modules/react-dom/cjs/react-dom.development.js:24917:7)
      at commitPassiveMountEffects (node_modules/react-dom/cjs/react-dom.development.js:24905:3)
      at flushPassiveEffectsImpl (node_modules/react-dom/cjs/react-dom.development.js:27078:3)
      at flushPassiveEffects (node_modules/react-dom/cjs/react-dom.development.js:27023:14)
      at node_modules/react-dom/cjs/react-dom.development.js:26808:9
      at flushActQueue (node_modules/react/cjs/react.development.js:2667:24)
      at act (node_modules/react/cjs/react.development.js:2582:11)
      at node_modules/@testing-library/react/dist/act-compat.js:47:25
      at renderRoot (node_modules/@testing-library/react/dist/pure.js:180:26)
      at render (node_modules/@testing-library/react/dist/pure.js:271:10)
      at renderPrescriptionPage (src/pages/__tests__/PrescriptionPage.test.tsx:31:18)
      at Object.<anonymous> (src/pages/__tests__/PrescriptionPage.test.tsx:52:27)

  console.warn
    ΓÜá∩╕Å React Router Future Flag Warning: Relative route resolution within Splat routes is changing in v7. You can use the `v7_relativeSplatPath` future flag to opt-in early. For more information, see https://reactrouter.com/v6/upgrading/future#v7_relativesplatpath.

    [0m [90m 29 |[39m
     [90m 30 |[39m   [36mconst[39m renderPrescriptionPage [33m=[39m () [33m=>[39m {
    [31m[1m>[22m[39m[90m 31 |[39m     [36mreturn[39m render(
     [90m    |[39m                  [31m[1m^[22m[39m
     [90m 32 |[39m       [33m<[39m[33mMemoryRouter[39m initialEntries[33m=[39m{[[32m'/prescriptions/1'[39m]}[33m>[39m[37m[41m[1m\[22m[49m[39mn        [33m<[39m[33mAuthProvider[39m[33m>[39m
     [90m 33 |[39m           [33m<[39m[33mToastProvider[39m[33m>[39m
     [90m 34 |[39m             [33m<[39m[33mRoutes[39m[33m>[39m[0m

      at warn (node_modules/react-router/lib/deprecations.ts:9:13)
      at warnOnce (node_modules/react-router/lib/deprecations.ts:14:3)
      at logDeprecation (node_modules/react-router/lib/deprecations.ts:37:5)
      at logV6DeprecationWarnings (node_modules/react-router/lib/components.tsx:257:25)
      at commitHookEffectListMount (node_modules/react-dom/cjs/react-dom.development.js:23189:26)
      at commitPassiveMountOnFiber (node_modules/react-dom/cjs/react-dom.development.js:24970:11)
      at commitPassiveMountEffects_complete (node_modules/react-dom/cjs/react-dom.development.js:24930:9)
      at commitPassiveMountEffects_begin (node_modules/react-dom/cjs/react-dom.development.js:24917:7)
      at commitPassiveMountEffects (node_modules/react-dom/cjs/react-dom.development.js:24905:3)
      at flushPassiveEffectsImpl (node_modules/react-dom/cjs/react-dom.development.js:27078:3)
      at flushPassiveEffects (node_modules/react-dom/cjs/react-dom.development.js:27023:14)
      at node_modules/react-dom/cjs/react-dom.development.js:26808:9
      at flushActQueue (node_modules/react/cjs/react.development.js:2667:24)
      at act (node_modules/react/cjs/react.development.js:2582:11)
      at node_modules/@testing-library/react/dist/act-compat.js:47:25
      at renderRoot (node_modules/@testing-library/react/dist/pure.js:180:26)
      at render (node_modules/@testing-library/react/dist/pure.js:271:10)
      at renderPrescriptionPage (src/pages/__tests__/PrescriptionPage.test.tsx:31:18)
      at Object.<anonymous> (src/pages/__tests__/PrescriptionPage.test.tsx:52:27)

  console.warn
    ΓÜá∩╕Å React Router Future Flag Warning: React Router will begin wrapping state updates in `React.startTransition` in v7. You can use the `v7_startTransition` future flag to opt-in early. For more information, see https://reactrouter.com/v6/upgrading/future#v7_starttransition.

    [0m [90m 22 |[39m
     [90m 23 |[39m   [36mconst[39m renderPatientProfilePage [33m=[39m () [33m=>[39m {
    [31m[1m>[22m[39m[90m 24 |[39m     [36mreturn[39m render(
     [90m    |[39m                  [31m[1m^[22m[39m
     [90m 25 |[39m       [33m<[39m[33mMemoryRouter[39m initialEntries[33m=[39m{[[32m'/patients/1'[39m]}[33m>[39m
     [90m 26 |[39m         [33m<[39m[33mAuthProvider[39m[33m>[39m
     [90m 27 |[39m           [33m<[39m[33mToastProvider[39m[33m>[39m[0m

      at warn (node_modules/react-router/lib/deprecations.ts:9:13)
      at warnOnce (node_modules/react-router/lib/deprecations.ts:14:3)
      at logDeprecation (node_modules/react-router/lib/deprecations.ts:26:5)
      at logV6DeprecationWarnings (node_modules/react-router/lib/components.tsx:257:25)
      at commitHookEffectListMount (node_modules/react-dom/cjs/react-dom.development.js:23189:26)
      at commitPassiveMountOnFiber (node_modules/react-dom/cjs/react-dom.development.js:24970:11)
      at commitPassiveMountEffects_complete (node_modules/react-dom/cjs/react-dom.development.js:24930:9)
      at commitPassiveMountEffects_begin (node_modules/react-dom/cjs/react-dom.development.js:24917:7)
      at commitPassiveMountEffects (node_modules/react-dom/cjs/react-dom.development.js:24905:3)
      at flushPassiveEffectsImpl (node_modules/react-dom/cjs/react-dom.development.js:27078:3)
      at flushPassiveEffects (node_modules/react-dom/cjs/react-dom.development.js:27023:14)
      at node_modules/react-dom/cjs/react-dom.development.js:26808:9
      at flushActQueue (node_modules/react/cjs/react.development.js:2667:24)
      at act (node_modules/react/cjs/react.development.js:2582:11)
      at node_modules/@testing-library/react/dist/act-compat.js:47:25
      at renderRoot (node_modules/@testing-library/react/dist/pure.js:180:26)
      at render (node_modules/@testing-library/react/dist/pure.js:271:10)
      at renderPatientProfilePage (src/pages/__tests__/PatientProfilePage.test.tsx:24:18)
      at Object.<anonymous> (src/pages/__tests__/PatientProfilePage.test.tsx:44:27)

  console.warn
    ΓÜá∩╕Å React Router Future Flag Warning: Relative route resolution within Splat routes is changing in v7. You can use the `v7_relativeSplatPath` future flag to opt-in early. For more information, see https://reactrouter.com/v6/upgrading/future#v7_relativesplatpath.

    [0m [90m 22 |[39m
     [90m 23 |[39m   [36mconst[39m renderPatientProfilePage [33m=[39m () [33m=>[39m {
    [31m[1m>[22m[39m[90m 24 |[39m     [36mreturn[39m render(
     [90m    |[39m                  [31m[1m^[22m[39m
     [90m 25 |[39m       [33m<[39m[33mMemoryRouter[39m initialEntries[33m=[39m{[[32m'/patients/1'[39m]}[33m>[39m
     [90m 26 |[39m         [33m<[39m[33mAuthProvider[39m[33m>[39m
     [90m 27 |[39m           [33m<[39m[33mToastProvider[39m[33m>[39m[0m

      at warn (node_modules/react-router/lib/deprecations.ts:9:13)
      at warnOnce (node_modules/react-router/lib/deprecations.ts:14:3)
      at logDeprecation (node_modules/react-router/lib/deprecations.ts:37:5)
      at logV6DeprecationWarnings (node_modules/react-router/lib/components.tsx:257:25)
      at commitHookEffectListMount (node_modules/react-dom/cjs/react-dom.development.js:23189:26)
      at commitPassiveMountOnFiber (node_modules/react-dom/cjs/react-dom.development.js:24970:11)
      at commitPassiveMountEffects_complete (node_modules/react-dom/cjs/react-dom.development.js:24930:9)
      at commitPassiveMountEffects_begin (node_modules/react-dom/cjs/react-dom.development.js:24917:7)
      at commitPassiveMountEffects (node_modules/react-dom/cjs/react-dom.development.js:24905:3)
      at flushPassiveEffectsImpl (node_modules/react-dom/cjs/react-dom.development.js:27078:3)
      at flushPassiveEffects (node_modules/react-dom/cjs/react-dom.development.js:27023:14)
      at node_modules/react-dom/cjs/react-dom.development.js:26808:9
      at flushActQueue (node_modules/react/cjs/react.development.js:2667:24)
      at act (node_modules/react/cjs/react.development.js:2582:11)
      at node_modules/@testing-library/react/dist/act-compat.js:47:25
      at renderRoot (node_modules/@testing-library/react/dist/pure.js:180:26)
      at render (node_modules/@testing-library/react/dist/pure.js:271:10)
      at renderPatientProfilePage (src/pages/__tests__/PatientProfilePage.test.tsx:24:18)
      at Object.<anonymous> (src/pages/__tests__/PatientProfilePage.test.tsx:44:27)

  console.warn
    ΓÜá∩╕Å React Router Future Flag Warning: React Router will begin wrapping state updates in `React.startTransition` in v7. You can use the `v7_startTransition` future flag to opt-in early. For more information, see https://reactrouter.com/v6/upgrading/future#v7_starttransition.

    [0m [90m 16 |[39m describe([32m'PatientSearchPage'[39m[33m,[39m () [33m=>[39m {
     [90m 17 |[39m   [36mconst[39m renderPatientSearchPage [33m=[39m () [33m=>[39m {
    [31m[1m>[22m[39m[90m 18 |[39m     [36mreturn[39m render(
     [90m    |[39m                  [31m[1m^[22m[39m
     [90m 19 |[39m       [33m<[39m[33mBrowserRouter[39m[33m>[39m
     [90m 20 |[39m         [33m<[39m[33mAuthProvider[39m[33m>[39m
     [90m 21 |[39m           [33m<[39m[33mPatientSearchPage[39m [33m/[39m[33m>[39m[0m

      at warn (node_modules/react-router/lib/deprecations.ts:9:13)
      at warnOnce (node_modules/react-router/lib/deprecations.ts:14:3)
      at Object.logDeprecation [as UNSAFE_logV6DeprecationWarnings] (node_modules/react-router/lib/deprecations.ts:26:5)
      at logV6DeprecationWarnings (node_modules/react-router-dom/index.tsx:816:25)
      at commitHookEffectListMount (node_modules/react-dom/cjs/react-dom.development.js:23189:26)
      at commitPassiveMountOnFiber (node_modules/react-dom/cjs/react-dom.development.js:24970:11)
      at commitPassiveMountEffects_complete (node_modules/react-dom/cjs/react-dom.development.js:24930:9)
      at commitPassiveMountEffects_begin (node_modules/react-dom/cjs/react-dom.development.js:24917:7)
      at commitPassiveMountEffects (node_modules/react-dom/cjs/react-dom.development.js:24905:3)
      at flushPassiveEffectsImpl (node_modules/react-dom/cjs/react-dom.development.js:27078:3)
      at flushPassiveEffects (node_modules/react-dom/cjs/react-dom.development.js:27023:14)
      at node_modules/react-dom/cjs/react-dom.development.js:26808:9
      at flushActQueue (node_modules/react/cjs/react.development.js:2667:24)
      at act (node_modules/react/cjs/react.development.js:2582:11)
      at node_modules/@testing-library/react/dist/act-compat.js:47:25
      at renderRoot (node_modules/@testing-library/react/dist/pure.js:180:26)
      at render (node_modules/@testing-library/react/dist/pure.js:271:10)
      at renderPatientSearchPage (src/pages/__tests__/PatientSearchPage.test.tsx:18:18)
      at Object.<anonymous> (src/pages/__tests__/PatientSearchPage.test.tsx:33:5)

  console.warn
    ΓÜá∩╕Å React Router Future Flag Warning: Relative route resolution within Splat routes is changing in v7. You can use the `v7_relativeSplatPath` future flag to opt-in early. For more information, see https://reactrouter.com/v6/upgrading/future#v7_relativesplatpath.

    [0m [90m 16 |[39m describe([32m'PatientSearchPage'[39m[33m,[39m () [33m=>[39m {
     [90m 17 |[39m   [36mconst[39m renderPatientSearchPage [33m=[39m () [33m=>[39m {
    [31m[1m>[22m[39m[90m 18 |[39m     [36mreturn[39m render(
     [90m    |[39m                  [31m[1m^[22m[39m
     [90m 19 |[39m       [33m<[39m[33mBrowserRouter[39m[33m>[39m
     [90m 20 |[39m         [33m<[39m[33mAuthProvider[39m[33m>[39m
     [90m 21 |[39m           [33m<[39m[33mPatientSearchPage[39m [33m/[39m[33m>[39m[0m

      at warn (node_modules/react-router/lib/deprecations.ts:9:13)
      at warnOnce (node_modules/react-router/lib/deprecations.ts:14:3)
      at Object.logDeprecation [as UNSAFE_logV6DeprecationWarnings] (node_modules/react-router/lib/deprecations.ts:37:5)
      at logV6DeprecationWarnings (node_modules/react-router-dom/index.tsx:816:25)
      at commitHookEffectListMount (node_modules/react-dom/cjs/react-dom.development.js:23189:26)
      at commitPassiveMountOnFiber (node_modules/react-dom/cjs/react-dom.development.js:24970:11)
      at commitPassiveMountEffects_complete (node_modules/react-dom/cjs/react-dom.development.js:24930:9)
      at commitPassiveMountEffects_begin (node_modules/react-dom/cjs/react-dom.development.js:24917:7)
      at commitPassiveMountEffects (node_modules/react-dom/cjs/react-dom.development.js:24905:3)
      at flushPassiveEffectsImpl (node_modules/react-dom/cjs/react-dom.development.js:27078:3)
      at flushPassiveEffects (node_modules/react-dom/cjs/react-dom.development.js:27023:14)
      at node_modules/react-dom/cjs/react-dom.development.js:26808:9
      at flushActQueue (node_modules/react/cjs/react.development.js:2667:24)
      at act (node_modules/react/cjs/react.development.js:2582:11)
      at node_modules/@testing-library/react/dist/act-compat.js:47:25
      at renderRoot (node_modules/@testing-library/react/dist/pure.js:180:26)
      at render (node_modules/@testing-library/react/dist/pure.js:271:10)
      at renderPatientSearchPage (src/pages/__tests__/PatientSearchPage.test.tsx:18:18)
      at Object.<anonymous> (src/pages/__tests__/PatientSearchPage.test.tsx:33:5)

  console.error
    Warning: An update to PatientProfilePage inside a test was not wrapped in act(...).
    
    When testing, code that causes React state updates should be wrapped into act(...):
    
    act(() => {
      /* fire events that update state */
    });
    /* assert on the output */
    
    This ensures that you're testing the behavior the user would see in the browser. Learn more at https://reactjs.org/link/wrap-tests-with-act
        at PatientProfilePage (D:\vipin\projects\doc-patient\frontend\src\pages\PatientProfilePage.tsx:14:27)
        at routeContext (D:\vipin\projects\doc-patient\frontend\node_modules\react-router\lib\hooks.tsx:658:26)
        at children (D:\vipin\projects\doc-patient\frontend\node_modules\react-router\lib\components.tsx:512:3)
        at ToastProvider (D:\vipin\projects\doc-patient\frontend\src\context\ToastContext.tsx:32:63)
        at AuthProvider (D:\vipin\projects\doc-patient\frontend\src\context\AuthContext.tsx:22:67)
        at basenameProp (D:\vipin\projects\doc-patient\frontend\node_modules\react-router\lib\components.tsx:421:13)
        at basename (D:\vipin\projects\doc-patient\frontend\node_modules\react-router\lib\components.tsx:225:3)

    [0m [90m 34 |[39m       [36mtry[39m {
     [90m 35 |[39m         [36mconst[39m patientData [33m=[39m [36mawait[39m getPatientById(id)[33m;[39m
    [31m[1m>[22m[39m[90m 36 |[39m         setPatient(patientData)[33m;[39m
     [90m    |[39m         [31m[1m^[22m[39m
     [90m 37 |[39m       } [36mcatch[39m (err[33m:[39m any) {
     [90m 38 |[39m         setError(err[33m.[39mmessage)[33m;[39m
     [90m 39 |[39m       } [36mfinally[39m {[0m

      at printWarning (node_modules/react-dom/cjs/react-dom.development.js:86:30)
      at error (node_modules/react-dom/cjs/react-dom.development.js:60:7)
      at warnIfUpdatesNotWrappedWithActDEV (node_modules/react-dom/cjs/react-dom.development.js:27628:9)
      at scheduleUpdateOnFiber (node_modules/react-dom/cjs/react-dom.development.js:25547:5)
      at dispatchSetState (node_modules/react-dom/cjs/react-dom.development.js:16708:7)
      at loadPatient (src/pages/PatientProfilePage.tsx:36:9)

  console.error
    Warning: An update to PatientProfilePage inside a test was not wrapped in act(...).
    
    When testing, code that causes React state updates should be wrapped into act(...):
    
    act(() => {
      /* fire events that update state */
    });
    /* assert on the output */
    
    This ensures that you're testing the behavior the user would see in the browser. Learn more at https://reactjs.org/link/wrap-tests-with-act
        at PatientProfilePage (D:\vipin\projects\doc-patient\frontend\src\pages\PatientProfilePage.tsx:14:27)
        at routeContext (D:\vipin\projects\doc-patient\frontend\node_modules\react-router\lib\hooks.tsx:658:26)
        at children (D:\vipin\projects\doc-patient\frontend\node_modules\react-router\lib\components.tsx:512:3)
        at ToastProvider (D:\vipin\projects\doc-patient\frontend\src\context\ToastContext.tsx:32:63)
        at AuthProvider (D:\vipin\projects\doc-patient\frontend\src\context\AuthContext.tsx:22:67)
        at basenameProp (D:\vipin\projects\doc-patient\frontend\node_modules\react-router\lib\components.tsx:421:13)
        at basename (D:\vipin\projects\doc-patient\frontend\node_modules\react-router\lib\components.tsx:225:3)

    [0m [90m 38 |[39m         setError(err[33m.[39mmessage)[33m;[39m
     [90m 39 |[39m       } [36mfinally[39m {
    [31m[1m>[22m[39m[90m 40 |[39m         setIsLoading([36mfalse[39m)[33m;[39m
     [90m    |[39m         [31m[1m^[22m[39m
     [90m 41 |[39m       }
     [90m 42 |[39m     }[33m;[39m
     [90m 43 |[39m[0m

      at printWarning (node_modules/react-dom/cjs/react-dom.development.js:86:30)
      at error (node_modules/react-dom/cjs/react-dom.development.js:60:7)
      at warnIfUpdatesNotWrappedWithActDEV (node_modules/react-dom/cjs/react-dom.development.js:27628:9)
      at scheduleUpdateOnFiber (node_modules/react-dom/cjs/react-dom.development.js:25547:5)
      at dispatchSetState (node_modules/react-dom/cjs/react-dom.development.js:16708:7)
      at loadPatient (src/pages/PatientProfilePage.tsx:40:9)

(node:17124) [DEP0040] DeprecationWarning: The `punycode` module is 
deprecated. Please use a userland alternative instead.
(Use `node --trace-deprecation ...` to show where the warning was created)
  console.warn
    ΓÜá∩╕Å React Router Future Flag Warning: React Router will begin wrapping state updates in `React.startTransition` in v7. You can use the `v7_startTransition` future flag to opt-in early. For more information, see https://reactrouter.com/v6/upgrading/future#v7_starttransition.

    [0m [90m 76 |[39m
     [90m 77 |[39m   it([32m'should complete full login flow'[39m[33m,[39m [36masync[39m () [33m=>[39m {
    [31m[1m>[22m[39m[90m 78 |[39m     render([33m<[39m[33mApp[39m [33m/[39m[33m>[39m)[33m;[39m
     [90m    |[39m           [31m[1m^[22m[39m
     [90m 79 |[39m
     [90m 80 |[39m     [90m// Wait for lazy-loaded login page to render[39m
     [90m 81 |[39m     [36mconst[39m usernameInput [33m=[39m [36mawait[39m screen[33m.[39mfindByPlaceholderText([35m/username/i[39m)[33m;[39m[0m

      at warn (node_modules/react-router/lib/deprecations.ts:9:13)
      at warnOnce (node_modules/react-router/lib/deprecations.ts:14:3)
      at Object.logDeprecation [as UNSAFE_logV6DeprecationWarnings] (node_modules/react-router/lib/deprecations.ts:26:5)
      at logV6DeprecationWarnings (node_modules/react-router-dom/index.tsx:816:25)
      at commitHookEffectListMount (node_modules/react-dom/cjs/react-dom.development.js:23189:26)
      at commitPassiveMountOnFiber (node_modules/react-dom/cjs/react-dom.development.js:24970:11)
      at commitPassiveMountEffects_complete (node_modules/react-dom/cjs/react-dom.development.js:24930:9)
      at commitPassiveMountEffects_begin (node_modules/react-dom/cjs/react-dom.development.js:24917:7)
      at commitPassiveMountEffects (node_modules/react-dom/cjs/react-dom.development.js:24905:3)
      at flushPassiveEffectsImpl (node_modules/react-dom/cjs/react-dom.development.js:27078:3)
      at flushPassiveEffects (node_modules/react-dom/cjs/react-dom.development.js:27023:14)
      at node_modules/react-dom/cjs/react-dom.development.js:26808:9
      at flushActQueue (node_modules/react/cjs/react.development.js:2667:24)
      at act (node_modules/react/cjs/react.development.js:2582:11)
      at node_modules/@testing-library/react/dist/act-compat.js:47:25
      at renderRoot (node_modules/@testing-library/react/dist/pure.js:180:26)
      at render (node_modules/@testing-library/react/dist/pure.js:271:10)
      at Object.<anonymous> (src/__tests__/integration.test.tsx:78:11)

  console.warn
    ΓÜá∩╕Å React Router Future Flag Warning: Relative route resolution within Splat routes is changing in v7. You can use the `v7_relativeSplatPath` future flag to opt-in early. For more information, see https://reactrouter.com/v6/upgrading/future#v7_relativesplatpath.

    [0m [90m 76 |[39m
     [90m 77 |[39m   it([32m'should complete full login flow'[39m[33m,[39m [36masync[39m () [33m=>[39m {
    [31m[1m>[22m[39m[90m 78 |[39m     render([33m<[39m[33mApp[39m [33m/[39m[33m>[39m)[33m;[39m
     [90m    |[39m           [31m[1m^[22m[39m
     [90m 79 |[39m
     [90m 80 |[39m     [90m// Wait for lazy-loaded login page to render[39m
     [90m 81 |[39m     [36mconst[39m usernameInput [33m=[39m [36mawait[39m screen[33m.[39mfindByPlaceholderText([35m/username/i[39m)[33m;[39m[0m

      at warn (node_modules/react-router/lib/deprecations.ts:9:13)
      at warnOnce (node_modules/react-router/lib/deprecations.ts:14:3)
      at Object.logDeprecation [as UNSAFE_logV6DeprecationWarnings] (node_modules/react-router/lib/deprecations.ts:37:5)
      at logV6DeprecationWarnings (node_modules/react-router-dom/index.tsx:816:25)
      at commitHookEffectListMount (node_modules/react-dom/cjs/react-dom.development.js:23189:26)
      at commitPassiveMountOnFiber (node_modules/react-dom/cjs/react-dom.development.js:24970:11)
      at commitPassiveMountEffects_complete (node_modules/react-dom/cjs/react-dom.development.js:24930:9)
      at commitPassiveMountEffects_begin (node_modules/react-dom/cjs/react-dom.development.js:24917:7)
      at commitPassiveMountEffects (node_modules/react-dom/cjs/react-dom.development.js:24905:3)
      at flushPassiveEffectsImpl (node_modules/react-dom/cjs/react-dom.development.js:27078:3)
      at flushPassiveEffects (node_modules/react-dom/cjs/react-dom.development.js:27023:14)
      at node_modules/react-dom/cjs/react-dom.development.js:26808:9
      at flushActQueue (node_modules/react/cjs/react.development.js:2667:24)
      at act (node_modules/react/cjs/react.development.js:2582:11)
      at node_modules/@testing-library/react/dist/act-compat.js:47:25
      at renderRoot (node_modules/@testing-library/react/dist/pure.js:180:26)
      at render (node_modules/@testing-library/react/dist/pure.js:271:10)
      at Object.<anonymous> (src/__tests__/integration.test.tsx:78:11)

  console.warn
    No routes matched location "/dashboard"

    [0m [90m 29 |[39m
     [90m 30 |[39m   [36mconst[39m renderPrescriptionPage [33m=[39m () [33m=>[39m {
    [31m[1m>[22m[39m[90m 31 |[39m     [36mreturn[39m render(
     [90m    |[39m                  [31m[1m^[22m[39m
     [90m 32 |[39m       [33m<[39m[33mMemoryRouter[39m initialEntries[33m=[39m{[[32m'/prescriptions/1'[39m]}[33m>[39m[37m[41m[1m\[22m[49m[39mn        [33m<[39m[33mAuthProvider[39m[33m>[39m
     [90m 33 |[39m           [33m<[39m[33mToastProvider[39m[33m>[39m
     [90m 34 |[39m             [33m<[39m[33mRoutes[39m[33m>[39m[0m

      at Object.warn [as UNSAFE_warning] (node_modules/@remix-run/router/history.ts:501:49)
      at warning (node_modules/react-router/lib/hooks.tsx:451:5)
      at useRoutesImpl (node_modules/react-router/lib/hooks.tsx:344:10)
      at useRoutes (node_modules/react-router/lib/components.tsx:515:10)
      at renderWithHooks (node_modules/react-dom/cjs/react-dom.development.js:15486:18)
      at updateFunctionComponent (node_modules/react-dom/cjs/react-dom.development.js:19617:20)
      at beginWork (node_modules/react-dom/cjs/react-dom.development.js:21640:16)
      at beginWork$1 (node_modules/react-dom/cjs/react-dom.development.js:27465:14)
      at performUnitOfWork (node_modules/react-dom/cjs/react-dom.development.js:26599:12)
      at workLoopSync (node_modules/react-dom/cjs/react-dom.development.js:26505:5)
      at renderRootSync (node_modules/react-dom/cjs/react-dom.development.js:26473:7)
      at performConcurrentWorkOnRoot (node_modules/react-dom/cjs/react-dom.development.js:25777:74)
      at flushActQueue (node_modules/react/cjs/react.development.js:2667:24)
      at act (node_modules/react/cjs/react.development.js:2582:11)
      at node_modules/@testing-library/react/dist/act-compat.js:47:25
      at renderRoot (node_modules/@testing-library/react/dist/pure.js:180:26)
      at render (node_modules/@testing-library/react/dist/pure.js:271:10)
      at renderPrescriptionPage (src/pages/__tests__/PrescriptionPage.test.tsx:31:18)
      at Object.<anonymous> (src/pages/__tests__/PrescriptionPage.test.tsx:52:27)

  console.warn
    ΓÜá∩╕Å React Router Future Flag Warning: React Router will begin wrapping state updates in `React.startTransition` in v7. You can use the `v7_startTransition` future flag to opt-in early. For more information, see https://reactrouter.com/v6/upgrading/future#v7_starttransition.

    [0m [90m 32 |[39m
     [90m 33 |[39m   [36mconst[39m renderDashboardPage [33m=[39m () [33m=>[39m {
    [31m[1m>[22m[39m[90m 34 |[39m     [36mreturn[39m render(
     [90m    |[39m                  [31m[1m^[22m[39m
     [90m 35 |[39m       [33m<[39m[33mBrowserRouter[39m[33m>[39m
     [90m 36 |[39m         [33m<[39m[33mAuthProvider[39m[33m>[39m
     [90m 37 |[39m           [33m<[39m[33mToastProvider[39m[33m>[39m[0m

      at warn (node_modules/react-router/lib/deprecations.ts:9:13)
      at warnOnce (node_modules/react-router/lib/deprecations.ts:14:3)
      at Object.logDeprecation [as UNSAFE_logV6DeprecationWarnings] (node_modules/react-router/lib/deprecations.ts:26:5)
      at logV6DeprecationWarnings (node_modules/react-router-dom/index.tsx:816:25)
      at commitHookEffectListMount (node_modules/react-dom/cjs/react-dom.development.js:23189:26)
      at commitPassiveMountOnFiber (node_modules/react-dom/cjs/react-dom.development.js:24970:11)
      at commitPassiveMountEffects_complete (node_modules/react-dom/cjs/react-dom.development.js:24930:9)
      at commitPassiveMountEffects_begin (node_modules/react-dom/cjs/react-dom.development.js:24917:7)
      at commitPassiveMountEffects (node_modules/react-dom/cjs/react-dom.development.js:24905:3)
      at flushPassiveEffectsImpl (node_modules/react-dom/cjs/react-dom.development.js:27078:3)
      at flushPassiveEffects (node_modules/react-dom/cjs/react-dom.development.js:27023:14)
      at node_modules/react-dom/cjs/react-dom.development.js:26808:9
      at flushActQueue (node_modules/react/cjs/react.development.js:2667:24)
      at act (node_modules/react/cjs/react.development.js:2582:11)
      at node_modules/@testing-library/react/dist/act-compat.js:47:25
      at renderRoot (node_modules/@testing-library/react/dist/pure.js:180:26)
      at render (node_modules/@testing-library/react/dist/pure.js:271:10)
      at renderDashboardPage (src/pages/__tests__/DashboardPage.test.tsx:34:18)
      at Object.<anonymous> (src/pages/__tests__/DashboardPage.test.tsx:52:5)

  console.warn
    ΓÜá∩╕Å React Router Future Flag Warning: Relative route resolution within Splat routes is changing in v7. You can use the `v7_relativeSplatPath` future flag to opt-in early. For more information, see https://reactrouter.com/v6/upgrading/future#v7_relativesplatpath.

    [0m [90m 32 |[39m
     [90m 33 |[39m   [36mconst[39m renderDashboardPage [33m=[39m () [33m=>[39m {
    [31m[1m>[22m[39m[90m 34 |[39m     [36mreturn[39m render(
     [90m    |[39m                  [31m[1m^[22m[39m
     [90m 35 |[39m       [33m<[39m[33mBrowserRouter[39m[33m>[39m
     [90m 36 |[39m         [33m<[39m[33mAuthProvider[39m[33m>[39m
     [90m 37 |[39m           [33m<[39m[33mToastProvider[39m[33m>[39m[0m

      at warn (node_modules/react-router/lib/deprecations.ts:9:13)
      at warnOnce (node_modules/react-router/lib/deprecations.ts:14:3)
      at Object.logDeprecation [as UNSAFE_logV6DeprecationWarnings] (node_modules/react-router/lib/deprecations.ts:37:5)
      at logV6DeprecationWarnings (node_modules/react-router-dom/index.tsx:816:25)
      at commitHookEffectListMount (node_modules/react-dom/cjs/react-dom.development.js:23189:26)
      at commitPassiveMountOnFiber (node_modules/react-dom/cjs/react-dom.development.js:24970:11)
      at commitPassiveMountEffects_complete (node_modules/react-dom/cjs/react-dom.development.js:24930:9)
      at commitPassiveMountEffects_begin (node_modules/react-dom/cjs/react-dom.development.js:24917:7)
      at commitPassiveMountEffects (node_modules/react-dom/cjs/react-dom.development.js:24905:3)
      at flushPassiveEffectsImpl (node_modules/react-dom/cjs/react-dom.development.js:27078:3)
      at flushPassiveEffects (node_modules/react-dom/cjs/react-dom.development.js:27023:14)
      at node_modules/react-dom/cjs/react-dom.development.js:26808:9
      at flushActQueue (node_modules/react/cjs/react.development.js:2667:24)
      at act (node_modules/react/cjs/react.development.js:2582:11)
      at node_modules/@testing-library/react/dist/act-compat.js:47:25
      at renderRoot (node_modules/@testing-library/react/dist/pure.js:180:26)
      at render (node_modules/@testing-library/react/dist/pure.js:271:10)
      at renderDashboardPage (src/pages/__tests__/DashboardPage.test.tsx:34:18)
      at Object.<anonymous> (src/pages/__tests__/DashboardPage.test.tsx:52:5)

  console.warn
    ΓÜá∩╕Å React Router Future Flag Warning: React Router will begin wrapping state updates in `React.startTransition` in v7. You can use the `v7_startTransition` future flag to opt-in early. For more information, see https://reactrouter.com/v6/upgrading/future#v7_starttransition.

    [0m [90m 11 |[39m describe([32m'ExportPage'[39m[33m,[39m () [33m=>[39m {
     [90m 12 |[39m   [36mconst[39m renderExportPage [33m=[39m () [33m=>[39m {
    [31m[1m>[22m[39m[90m 13 |[39m     [36mreturn[39m render(
     [90m    |[39m                  [31m[1m^[22m[39m
     [90m 14 |[39m       [33m<[39m[33mBrowserRouter[39m[33m>[39m
     [90m 15 |[39m         [33m<[39m[33mAuthProvider[39m[33m>[39m
     [90m 16 |[39m           [33m<[39m[33mToastProvider[39m[33m>[39m[0m

      at warn (node_modules/react-router/lib/deprecations.ts:9:13)
      at warnOnce (node_modules/react-router/lib/deprecations.ts:14:3)
      at Object.logDeprecation [as UNSAFE_logV6DeprecationWarnings] (node_modules/react-router/lib/deprecations.ts:26:5)
      at logV6DeprecationWarnings (node_modules/react-router-dom/index.tsx:816:25)
      at commitHookEffectListMount (node_modules/react-dom/cjs/react-dom.development.js:23189:26)
      at commitPassiveMountOnFiber (node_modules/react-dom/cjs/react-dom.development.js:24970:11)
      at commitPassiveMountEffects_complete (node_modules/react-dom/cjs/react-dom.development.js:24930:9)
      at commitPassiveMountEffects_begin (node_modules/react-dom/cjs/react-dom.development.js:24917:7)
      at commitPassiveMountEffects (node_modules/react-dom/cjs/react-dom.development.js:24905:3)
      at flushPassiveEffectsImpl (node_modules/react-dom/cjs/react-dom.development.js:27078:3)
      at flushPassiveEffects (node_modules/react-dom/cjs/react-dom.development.js:27023:14)
      at node_modules/react-dom/cjs/react-dom.development.js:26808:9
      at flushActQueue (node_modules/react/cjs/react.development.js:2667:24)
      at act (node_modules/react/cjs/react.development.js:2582:11)
      at node_modules/@testing-library/react/dist/act-compat.js:47:25
      at renderRoot (node_modules/@testing-library/react/dist/pure.js:180:26)
      at render (node_modules/@testing-library/react/dist/pure.js:271:10)
      at renderExportPage (src/pages/__tests__/ExportPage.test.tsx:13:18)
      at Object.<anonymous> (src/pages/__tests__/ExportPage.test.tsx:32:27)

  console.warn
    No routes matched location "/dashboard"

    [0m [90m 29 |[39m
     [90m 30 |[39m   [36mconst[39m renderPrescriptionPage [33m=[39m () [33m=>[39m {
    [31m[1m>[22m[39m[90m 31 |[39m     [36mreturn[39m render(
     [90m    |[39m                  [31m[1m^[22m[39m
     [90m 32 |[39m       [33m<[39m[33mMemoryRouter[39m initialEntries[33m=[39m{[[32m'/prescriptions/1'[39m]}[33m>[39m[37m[41m[1m\[22m[49m[39mn        [33m<[39m[33mAuthProvider[39m[33m>[39m
     [90m 33 |[39m           [33m<[39m[33mToastProvider[39m[33m>[39m
     [90m 34 |[39m             [33m<[39m[33mRoutes[39m[33m>[39m[0m

      at Object.warn [as UNSAFE_warning] (node_modules/@remix-run/router/history.ts:501:49)
      at warning (node_modules/react-router/lib/hooks.tsx:451:5)
      at useRoutesImpl (node_modules/react-router/lib/hooks.tsx:344:10)
      at useRoutes (node_modules/react-router/lib/components.tsx:515:10)
      at renderWithHooks (node_modules/react-dom/cjs/react-dom.development.js:15486:18)
      at updateFunctionComponent (node_modules/react-dom/cjs/react-dom.development.js:19617:20)
      at beginWork (node_modules/react-dom/cjs/react-dom.development.js:21640:16)
      at beginWork$1 (node_modules/react-dom/cjs/react-dom.development.js:27465:14)
      at performUnitOfWork (node_modules/react-dom/cjs/react-dom.development.js:26599:12)
      at workLoopSync (node_modules/react-dom/cjs/react-dom.development.js:26505:5)
      at renderRootSync (node_modules/react-dom/cjs/react-dom.development.js:26473:7)
      at performConcurrentWorkOnRoot (node_modules/react-dom/cjs/react-dom.development.js:25777:74)
      at flushActQueue (node_modules/react/cjs/react.development.js:2667:24)
      at act (node_modules/react/cjs/react.development.js:2582:11)
      at node_modules/@testing-library/react/dist/act-compat.js:47:25
      at renderRoot (node_modules/@testing-library/react/dist/pure.js:180:26)
      at render (node_modules/@testing-library/react/dist/pure.js:271:10)
      at renderPrescriptionPage (src/pages/__tests__/PrescriptionPage.test.tsx:31:18)
      at Object.<anonymous> (src/pages/__tests__/PrescriptionPage.test.tsx:57:5)

(node:29584) [DEP0040] DeprecationWarning: The `punycode` module is 
deprecated. Please use a userland alternative instead.
(Use `node --trace-deprecation ...` to show where the warning was created)
  console.warn
    ΓÜá∩╕Å React Router Future Flag Warning: Relative route resolution within Splat routes is changing in v7. You can use the `v7_relativeSplatPath` future flag to opt-in early. For more information, see https://reactrouter.com/v6/upgrading/future#v7_relativesplatpath.

    [0m [90m 11 |[39m describe([32m'ExportPage'[39m[33m,[39m () [33m=>[39m {
     [90m 12 |[39m   [36mconst[39m renderExportPage [33m=[39m () [33m=>[39m {
    [31m[1m>[22m[39m[90m 13 |[39m     [36mreturn[39m render(
     [90m    |[39m                  [31m[1m^[22m[39m
     [90m 14 |[39m       [33m<[39m[33mBrowserRouter[39m[33m>[39m
     [90m 15 |[39m         [33m<[39m[33mAuthProvider[39m[33m>[39m
     [90m 16 |[39m           [33m<[39m[33mToastProvider[39m[33m>[39m[0m

      at warn (node_modules/react-router/lib/deprecations.ts:9:13)
      at warnOnce (node_modules/react-router/lib/deprecations.ts:14:3)
      at Object.logDeprecation [as UNSAFE_logV6DeprecationWarnings] (node_modules/react-router/lib/deprecations.ts:37:5)
      at logV6DeprecationWarnings (node_modules/react-router-dom/index.tsx:816:25)
      at commitHookEffectListMount (node_modules/react-dom/cjs/react-dom.development.js:23189:26)
      at commitPassiveMountOnFiber (node_modules/react-dom/cjs/react-dom.development.js:24970:11)
      at commitPassiveMountEffects_complete (node_modules/react-dom/cjs/react-dom.development.js:24930:9)
      at commitPassiveMountEffects_begin (node_modules/react-dom/cjs/react-dom.development.js:24917:7)
      at commitPassiveMountEffects (node_modules/react-dom/cjs/react-dom.development.js:24905:3)
      at flushPassiveEffectsImpl (node_modules/react-dom/cjs/react-dom.development.js:27078:3)
      at flushPassiveEffects (node_modules/react-dom/cjs/react-dom.development.js:27023:14)
      at node_modules/react-dom/cjs/react-dom.development.js:26808:9
      at flushActQueue (node_modules/react/cjs/react.development.js:2667:24)
      at act (node_modules/react/cjs/react.development.js:2582:11)
      at node_modules/@testing-library/react/dist/act-compat.js:47:25
      at renderRoot (node_modules/@testing-library/react/dist/pure.js:180:26)
      at render (node_modules/@testing-library/react/dist/pure.js:271:10)
      at renderExportPage (src/pages/__tests__/ExportPage.test.tsx:13:18)
      at Object.<anonymous> (src/pages/__tests__/ExportPage.test.tsx:32:27)

(node:1972) [DEP0040] DeprecationWarning: The `punycode` module is deprecated. 
Please use a userland alternative instead.
(Use `node --trace-deprecation ...` to show where the warning was created)
(node:31452) [DEP0040] DeprecationWarning: The `punycode` module is 
deprecated. Please use a userland alternative instead.
(Use `node --trace-deprecation ...` to show where the warning was created)
  console.warn
    ΓÜá∩╕Å React Router Future Flag Warning: React Router will begin wrapping state updates in `React.startTransition` in v7. You can use the `v7_startTransition` future flag to opt-in early. For more information, see https://reactrouter.com/v6/upgrading/future#v7_starttransition.

    [0m [90m 22 |[39m
     [90m 23 |[39m   [36mconst[39m renderConsultationPage [33m=[39m () [33m=>[39m {
    [31m[1m>[22m[39m[90m 24 |[39m     [36mreturn[39m render(
     [90m    |[39m                  [31m[1m^[22m[39m
     [90m 25 |[39m       [33m<[39m[33mMemoryRouter[39m initialEntries[33m=[39m{[[32m'/consultations/1'[39m]}[33m>[39m
     [90m 26 |[39m         [33m<[39m[33mAuthProvider[39m[33m>[39m
     [90m 27 |[39m           [33m<[39m[33mToastProvider[39m[33m>[39m[0m

      at warn (node_modules/react-router/lib/deprecations.ts:9:13)
      at warnOnce (node_modules/react-router/lib/deprecations.ts:14:3)
      at logDeprecation (node_modules/react-router/lib/deprecations.ts:26:5)
      at logV6DeprecationWarnings (node_modules/react-router/lib/components.tsx:257:25)
      at commitHookEffectListMount (node_modules/react-dom/cjs/react-dom.development.js:23189:26)
      at commitPassiveMountOnFiber (node_modules/react-dom/cjs/react-dom.development.js:24970:11)
      at commitPassiveMountEffects_complete (node_modules/react-dom/cjs/react-dom.development.js:24930:9)
      at commitPassiveMountEffects_begin (node_modules/react-dom/cjs/react-dom.development.js:24917:7)
      at commitPassiveMountEffects (node_modules/react-dom/cjs/react-dom.development.js:24905:3)
      at flushPassiveEffectsImpl (node_modules/react-dom/cjs/react-dom.development.js:27078:3)
      at flushPassiveEffects (node_modules/react-dom/cjs/react-dom.development.js:27023:14)
      at node_modules/react-dom/cjs/react-dom.development.js:26808:9
      at flushActQueue (node_modules/react/cjs/react.development.js:2667:24)
      at act (node_modules/react/cjs/react.development.js:2582:11)
      at node_modules/@testing-library/react/dist/act-compat.js:47:25
      at renderRoot (node_modules/@testing-library/react/dist/pure.js:180:26)
      at render (node_modules/@testing-library/react/dist/pure.js:271:10)
      at renderConsultationPage (src/pages/__tests__/ConsultationPage.test.tsx:24:18)
      at Object.<anonymous> (src/pages/__tests__/ConsultationPage.test.tsx:50:27)

  console.warn
    ΓÜá∩╕Å React Router Future Flag Warning: Relative route resolution within Splat routes is changing in v7. You can use the `v7_relativeSplatPath` future flag to opt-in early. For more information, see https://reactrouter.com/v6/upgrading/future#v7_relativesplatpath.

    [0m [90m 22 |[39m
     [90m 23 |[39m   [36mconst[39m renderConsultationPage [33m=[39m () [33m=>[39m {
    [31m[1m>[22m[39m[90m 24 |[39m     [36mreturn[39m render(
     [90m    |[39m                  [31m[1m^[22m[39m
     [90m 25 |[39m       [33m<[39m[33mMemoryRouter[39m initialEntries[33m=[39m{[[32m'/consultations/1'[39m]}[33m>[39m
     [90m 26 |[39m         [33m<[39m[33mAuthProvider[39m[33m>[39m
     [90m 27 |[39m           [33m<[39m[33mToastProvider[39m[33m>[39m[0m

      at warn (node_modules/react-router/lib/deprecations.ts:9:13)
      at warnOnce (node_modules/react-router/lib/deprecations.ts:14:3)
      at logDeprecation (node_modules/react-router/lib/deprecations.ts:37:5)
      at logV6DeprecationWarnings (node_modules/react-router/lib/components.tsx:257:25)
      at commitHookEffectListMount (node_modules/react-dom/cjs/react-dom.development.js:23189:26)
      at commitPassiveMountOnFiber (node_modules/react-dom/cjs/react-dom.development.js:24970:11)
      at commitPassiveMountEffects_complete (node_modules/react-dom/cjs/react-dom.development.js:24930:9)
      at commitPassiveMountEffects_begin (node_modules/react-dom/cjs/react-dom.development.js:24917:7)
      at commitPassiveMountEffects (node_modules/react-dom/cjs/react-dom.development.js:24905:3)
      at flushPassiveEffectsImpl (node_modules/react-dom/cjs/react-dom.development.js:27078:3)
      at flushPassiveEffects (node_modules/react-dom/cjs/react-dom.development.js:27023:14)
      at node_modules/react-dom/cjs/react-dom.development.js:26808:9
      at flushActQueue (node_modules/react/cjs/react.development.js:2667:24)
      at act (node_modules/react/cjs/react.development.js:2582:11)
      at node_modules/@testing-library/react/dist/act-compat.js:47:25
      at renderRoot (node_modules/@testing-library/react/dist/pure.js:180:26)
      at render (node_modules/@testing-library/react/dist/pure.js:271:10)
      at renderConsultationPage (src/pages/__tests__/ConsultationPage.test.tsx:24:18)
      at Object.<anonymous> (src/pages/__tests__/ConsultationPage.test.tsx:50:27)

  console.error
    Warning: An update to ConsultationPage inside a test was not wrapped in act(...).
    
    When testing, code that causes React state updates should be wrapped into act(...):
    
    act(() => {
      /* fire events that update state */
    });
    /* assert on the output */
    
    This ensures that you're testing the behavior the user would see in the browser. Learn more at https://reactjs.org/link/wrap-tests-with-act
        at ConsultationPage (D:\vipin\projects\doc-patient\frontend\src\pages\ConsultationPage.tsx:21:31)
        at routeContext (D:\vipin\projects\doc-patient\frontend\node_modules\react-router\lib\hooks.tsx:658:26)
        at children (D:\vipin\projects\doc-patient\frontend\node_modules\react-router\lib\components.tsx:512:3)
        at ToastProvider (D:\vipin\projects\doc-patient\frontend\src\context\ToastContext.tsx:32:63)
        at AuthProvider (D:\vipin\projects\doc-patient\frontend\src\context\AuthContext.tsx:22:67)
        at basenameProp (D:\vipin\projects\doc-patient\frontend\node_modules\react-router\lib\components.tsx:421:13)
        at basename (D:\vipin\projects\doc-patient\frontend\node_modules\react-router\lib\components.tsx:225:3)

    [0m [90m 67 |[39m     [36mtry[39m {
     [90m 68 |[39m       [36mconst[39m data [33m=[39m [36mawait[39m getPatientById(patientId)[33m;[39m
    [31m[1m>[22m[39m[90m 69 |[39m       setPatient(data)[33m;[39m
     [90m    |[39m       [31m[1m^[22m[39m
     [90m 70 |[39m     } [36mcatch[39m (error[33m:[39m any) {
     [90m 71 |[39m       showToast(error[33m.[39mmessage [33m||[39m [32m'Failed to load patient'[39m[33m,[39m [32m'error'[39m)[33m;[39m
     [90m 72 |[39m       navigate([32m'/dashboard'[39m)[33m;[39m[0m

      at printWarning (node_modules/react-dom/cjs/react-dom.development.js:86:30)
      at error (node_modules/react-dom/cjs/react-dom.development.js:60:7)
      at warnIfUpdatesNotWrappedWithActDEV (node_modules/react-dom/cjs/react-dom.development.js:27628:9)
      at scheduleUpdateOnFiber (node_modules/react-dom/cjs/react-dom.development.js:25547:5)
      at dispatchSetState (node_modules/react-dom/cjs/react-dom.development.js:16708:7)
      at loadPatient (src/pages/ConsultationPage.tsx:69:7)

  console.error
    Warning: An update to ConsultationPage inside a test was not wrapped in act(...).
    
    When testing, code that causes React state updates should be wrapped into act(...):
    
    act(() => {
      /* fire events that update state */
    });
    /* assert on the output */
    
    This ensures that you're testing the behavior the user would see in the browser. Learn more at https://reactjs.org/link/wrap-tests-with-act
        at ConsultationPage (D:\vipin\projects\doc-patient\frontend\src\pages\ConsultationPage.tsx:21:31)
        at routeContext (D:\vipin\projects\doc-patient\frontend\node_modules\react-router\lib\hooks.tsx:658:26)
        at children (D:\vipin\projects\doc-patient\frontend\node_modules\react-router\lib\components.tsx:512:3)
        at ToastProvider (D:\vipin\projects\doc-patient\frontend\src\context\ToastContext.tsx:32:63)
        at AuthProvider (D:\vipin\projects\doc-patient\frontend\src\context\AuthContext.tsx:22:67)
        at basenameProp (D:\vipin\projects\doc-patient\frontend\node_modules\react-router\lib\components.tsx:421:13)
        at basename (D:\vipin\projects\doc-patient\frontend\node_modules\react-router\lib\components.tsx:225:3)

    [0m [90m 72 |[39m       navigate([32m'/dashboard'[39m)[33m;[39m
     [90m 73 |[39m     } [36mfinally[39m {
    [31m[1m>[22m[39m[90m 74 |[39m       setIsLoadingPatient([36mfalse[39m)[33m;[39m
     [90m    |[39m       [31m[1m^[22m[39m
     [90m 75 |[39m     }
     [90m 76 |[39m   }[33m;[39m
     [90m 77 |[39m[0m

      at printWarning (node_modules/react-dom/cjs/react-dom.development.js:86:30)
      at error (node_modules/react-dom/cjs/react-dom.development.js:60:7)
      at warnIfUpdatesNotWrappedWithActDEV (node_modules/react-dom/cjs/react-dom.development.js:27628:9)
      at scheduleUpdateOnFiber (node_modules/react-dom/cjs/react-dom.development.js:25547:5)
      at dispatchSetState (node_modules/react-dom/cjs/react-dom.development.js:16708:7)
      at loadPatient (src/pages/ConsultationPage.tsx:74:7)

  console.warn
    ΓÜá∩╕Å React Router Future Flag Warning: React Router will begin wrapping state updates in `React.startTransition` in v7. You can use the `v7_startTransition` future flag to opt-in early. For more information, see https://reactrouter.com/v6/upgrading/future#v7_starttransition.

    [0m [90m 15 |[39m describe([32m'LoginPage'[39m[33m,[39m () [33m=>[39m {
     [90m 16 |[39m   [36mconst[39m renderLoginPage [33m=[39m () [33m=>[39m {
    [31m[1m>[22m[39m[90m 17 |[39m     [36mreturn[39m render(
     [90m    |[39m                  [31m[1m^[22m[39m
     [90m 18 |[39m       [33m<[39m[33mBrowserRouter[39m[33m>[39m
     [90m 19 |[39m         [33m<[39m[33mAuthProvider[39m[33m>[39m
     [90m 20 |[39m           [33m<[39m[33mLoginPage[39m [33m/[39m[33m>[39m[0m

      at warn (node_modules/react-router/lib/deprecations.ts:9:13)
      at warnOnce (node_modules/react-router/lib/deprecations.ts:14:3)
      at Object.logDeprecation [as UNSAFE_logV6DeprecationWarnings] (node_modules/react-router/lib/deprecations.ts:26:5)
      at logV6DeprecationWarnings (node_modules/react-router-dom/index.tsx:816:25)
      at commitHookEffectListMount (node_modules/react-dom/cjs/react-dom.development.js:23189:26)
      at commitPassiveMountOnFiber (node_modules/react-dom/cjs/react-dom.development.js:24970:11)
      at commitPassiveMountEffects_complete (node_modules/react-dom/cjs/react-dom.development.js:24930:9)
      at commitPassiveMountEffects_begin (node_modules/react-dom/cjs/react-dom.development.js:24917:7)
      at commitPassiveMountEffects (node_modules/react-dom/cjs/react-dom.development.js:24905:3)
      at flushPassiveEffectsImpl (node_modules/react-dom/cjs/react-dom.development.js:27078:3)
      at flushPassiveEffects (node_modules/react-dom/cjs/react-dom.development.js:27023:14)
      at node_modules/react-dom/cjs/react-dom.development.js:26808:9
      at flushActQueue (node_modules/react/cjs/react.development.js:2667:24)
      at act (node_modules/react/cjs/react.development.js:2582:11)
      at node_modules/@testing-library/react/dist/act-compat.js:47:25
      at renderRoot (node_modules/@testing-library/react/dist/pure.js:180:26)
      at render (node_modules/@testing-library/react/dist/pure.js:271:10)
      at renderLoginPage (src/pages/__tests__/LoginPage.test.tsx:17:18)
      at Object.<anonymous> (src/pages/__tests__/LoginPage.test.tsx:32:5)

  console.warn
    ΓÜá∩╕Å React Router Future Flag Warning: Relative route resolution within Splat routes is changing in v7. You can use the `v7_relativeSplatPath` future flag to opt-in early. For more information, see https://reactrouter.com/v6/upgrading/future#v7_relativesplatpath.

    [0m [90m 15 |[39m describe([32m'LoginPage'[39m[33m,[39m () [33m=>[39m {
     [90m 16 |[39m   [36mconst[39m renderLoginPage [33m=[39m () [33m=>[39m {
    [31m[1m>[22m[39m[90m 17 |[39m     [36mreturn[39m render(
     [90m    |[39m                  [31m[1m^[22m[39m
     [90m 18 |[39m       [33m<[39m[33mBrowserRouter[39m[33m>[39m
     [90m 19 |[39m         [33m<[39m[33mAuthProvider[39m[33m>[39m
     [90m 20 |[39m           [33m<[39m[33mLoginPage[39m [33m/[39m[33m>[39m[0m

      at warn (node_modules/react-router/lib/deprecations.ts:9:13)
      at warnOnce (node_modules/react-router/lib/deprecations.ts:14:3)
      at Object.logDeprecation [as UNSAFE_logV6DeprecationWarnings] (node_modules/react-router/lib/deprecations.ts:37:5)
      at logV6DeprecationWarnings (node_modules/react-router-dom/index.tsx:816:25)
      at commitHookEffectListMount (node_modules/react-dom/cjs/react-dom.development.js:23189:26)
      at commitPassiveMountOnFiber (node_modules/react-dom/cjs/react-dom.development.js:24970:11)
      at commitPassiveMountEffects_complete (node_modules/react-dom/cjs/react-dom.development.js:24930:9)
      at commitPassiveMountEffects_begin (node_modules/react-dom/cjs/react-dom.development.js:24917:7)
      at commitPassiveMountEffects (node_modules/react-dom/cjs/react-dom.development.js:24905:3)
      at flushPassiveEffectsImpl (node_modules/react-dom/cjs/react-dom.development.js:27078:3)
      at flushPassiveEffects (node_modules/react-dom/cjs/react-dom.development.js:27023:14)
      at node_modules/react-dom/cjs/react-dom.development.js:26808:9
      at flushActQueue (node_modules/react/cjs/react.development.js:2667:24)
      at act (node_modules/react/cjs/react.development.js:2582:11)
      at node_modules/@testing-library/react/dist/act-compat.js:47:25
      at renderRoot (node_modules/@testing-library/react/dist/pure.js:180:26)
      at render (node_modules/@testing-library/react/dist/pure.js:271:10)
      at renderLoginPage (src/pages/__tests__/LoginPage.test.tsx:17:18)
      at Object.<anonymous> (src/pages/__tests__/LoginPage.test.tsx:32:5)

(node:10032) [DEP0040] DeprecationWarning: The `punycode` module is 
deprecated. Please use a userland alternative instead.
(Use `node --trace-deprecation ...` to show where the warning was created)
  console.warn
    ΓÜá∩╕Å React Router Future Flag Warning: React Router will begin wrapping state updates in `React.startTransition` in v7. You can use the `v7_startTransition` future flag to opt-in early. For more information, see https://reactrouter.com/v6/upgrading/future#v7_starttransition.

    [0m [90m 41 |[39m
     [90m 42 |[39m   [36mconst[39m renderPatientHistoryPage [33m=[39m () [33m=>[39m {
    [31m[1m>[22m[39m[90m 43 |[39m     [36mreturn[39m render(
     [90m    |[39m                  [31m[1m^[22m[39m
     [90m 44 |[39m       [33m<[39m[33mMemoryRouter[39m initialEntries[33m=[39m{[[32m'/patients/1/history'[39m]}[33m>[39m
     [90m 45 |[39m         [33m<[39m[33mAuthProvider[39m[33m>[39m
     [90m 46 |[39m           [33m<[39m[33mToastProvider[39m[33m>[39m[0m

      at warn (node_modules/react-router/lib/deprecations.ts:9:13)
      at warnOnce (node_modules/react-router/lib/deprecations.ts:14:3)
      at logDeprecation (node_modules/react-router/lib/deprecations.ts:26:5)
      at logV6DeprecationWarnings (node_modules/react-router/lib/components.tsx:257:25)
      at commitHookEffectListMount (node_modules/react-dom/cjs/react-dom.development.js:23189:26)
      at commitPassiveMountOnFiber (node_modules/react-dom/cjs/react-dom.development.js:24970:11)
      at commitPassiveMountEffects_complete (node_modules/react-dom/cjs/react-dom.development.js:24930:9)
      at commitPassiveMountEffects_begin (node_modules/react-dom/cjs/react-dom.development.js:24917:7)
      at commitPassiveMountEffects (node_modules/react-dom/cjs/react-dom.development.js:24905:3)
      at flushPassiveEffectsImpl (node_modules/react-dom/cjs/react-dom.development.js:27078:3)
      at flushPassiveEffects (node_modules/react-dom/cjs/react-dom.development.js:27023:14)
      at node_modules/react-dom/cjs/react-dom.development.js:26808:9
      at flushActQueue (node_modules/react/cjs/react.development.js:2667:24)
      at act (node_modules/react/cjs/react.development.js:2582:11)
      at node_modules/@testing-library/react/dist/act-compat.js:47:25
      at renderRoot (node_modules/@testing-library/react/dist/pure.js:180:26)
      at render (node_modules/@testing-library/react/dist/pure.js:271:10)
      at renderPatientHistoryPage (src/pages/__tests__/PatientHistoryPage.test.tsx:43:18)
      at Object.<anonymous> (src/pages/__tests__/PatientHistoryPage.test.tsx:64:27)

(node:19472) [DEP0040] DeprecationWarning: The `punycode` module is 
deprecated. Please use a userland alternative instead.
(Use `node --trace-deprecation ...` to show where the warning was created)
  console.warn
    ΓÜá∩╕Å React Router Future Flag Warning: Relative route resolution within Splat routes is changing in v7. You can use the `v7_relativeSplatPath` future flag to opt-in early. For more information, see https://reactrouter.com/v6/upgrading/future#v7_relativesplatpath.

    [0m [90m 41 |[39m
     [90m 42 |[39m   [36mconst[39m renderPatientHistoryPage [33m=[39m () [33m=>[39m {
    [31m[1m>[22m[39m[90m 43 |[39m     [36mreturn[39m render(
     [90m    |[39m                  [31m[1m^[22m[39m
     [90m 44 |[39m       [33m<[39m[33mMemoryRouter[39m initialEntries[33m=[39m{[[32m'/patients/1/history'[39m]}[33m>[39m
     [90m 45 |[39m         [33m<[39m[33mAuthProvider[39m[33m>[39m
     [90m 46 |[39m           [33m<[39m[33mToastProvider[39m[33m>[39m[0m

      at warn (node_modules/react-router/lib/deprecations.ts:9:13)
      at warnOnce (node_modules/react-router/lib/deprecations.ts:14:3)
      at logDeprecation (node_modules/react-router/lib/deprecations.ts:37:5)
      at logV6DeprecationWarnings (node_modules/react-router/lib/components.tsx:257:25)
      at commitHookEffectListMount (node_modules/react-dom/cjs/react-dom.development.js:23189:26)
      at commitPassiveMountOnFiber (node_modules/react-dom/cjs/react-dom.development.js:24970:11)
      at commitPassiveMountEffects_complete (node_modules/react-dom/cjs/react-dom.development.js:24930:9)
      at commitPassiveMountEffects_begin (node_modules/react-dom/cjs/react-dom.development.js:24917:7)
      at commitPassiveMountEffects (node_modules/react-dom/cjs/react-dom.development.js:24905:3)
      at flushPassiveEffectsImpl (node_modules/react-dom/cjs/react-dom.development.js:27078:3)
      at flushPassiveEffects (node_modules/react-dom/cjs/react-dom.development.js:27023:14)
      at node_modules/react-dom/cjs/react-dom.development.js:26808:9
      at flushActQueue (node_modules/react/cjs/react.development.js:2667:24)
      at act (node_modules/react/cjs/react.development.js:2582:11)
      at node_modules/@testing-library/react/dist/act-compat.js:47:25
      at renderRoot (node_modules/@testing-library/react/dist/pure.js:180:26)
      at render (node_modules/@testing-library/react/dist/pure.js:271:10)
      at renderPatientHistoryPage (src/pages/__tests__/PatientHistoryPage.test.tsx:43:18)
      at Object.<anonymous> (src/pages/__tests__/PatientHistoryPage.test.tsx:64:27)

  console.error
    Warning: An update to PatientHistoryPage inside a test was not wrapped in act(...).
    
    When testing, code that causes React state updates should be wrapped into act(...):
    
    act(() => {
      /* fire events that update state */
    });
    /* assert on the output */
    
    This ensures that you're testing the behavior the user would see in the browser. Learn more at https://reactjs.org/link/wrap-tests-with-act
        at PatientHistoryPage (D:\vipin\projects\doc-patient\frontend\src\pages\PatientHistoryPage.tsx:11:38)
        at routeContext (D:\vipin\projects\doc-patient\frontend\node_modules\react-router\lib\hooks.tsx:658:26)
        at children (D:\vipin\projects\doc-patient\frontend\node_modules\react-router\lib\components.tsx:512:3)
        at ToastProvider (D:\vipin\projects\doc-patient\frontend\src\context\ToastContext.tsx:32:63)
        at AuthProvider (D:\vipin\projects\doc-patient\frontend\src\context\AuthContext.tsx:22:67)
        at basenameProp (D:\vipin\projects\doc-patient\frontend\node_modules\react-router\lib\components.tsx:421:13)
        at basename (D:\vipin\projects\doc-patient\frontend\node_modules\react-router\lib\components.tsx:225:3)

    [0m [90m 49 |[39m       [36mtry[39m {
     [90m 50 |[39m         [36mconst[39m patientData [33m=[39m [36mawait[39m getPatientById(patientId)[33m;[39m
    [31m[1m>[22m[39m[90m 51 |[39m         setPatient(patientData)[33m;[39m
     [90m    |[39m         [31m[1m^[22m[39m
     [90m 52 |[39m       } [36mcatch[39m (err[33m:[39m any) {
     [90m 53 |[39m         setError(err[33m.[39mmessage)[33m;[39m
     [90m 54 |[39m       }[0m

      at printWarning (node_modules/react-dom/cjs/react-dom.development.js:86:30)
      at error (node_modules/react-dom/cjs/react-dom.development.js:60:7)
      at warnIfUpdatesNotWrappedWithActDEV (node_modules/react-dom/cjs/react-dom.development.js:27628:9)
      at scheduleUpdateOnFiber (node_modules/react-dom/cjs/react-dom.development.js:25547:5)
      at dispatchSetState (node_modules/react-dom/cjs/react-dom.development.js:16708:7)
      at loadPatient (src/pages/PatientHistoryPage.tsx:51:9)

  console.error
    Warning: An update to PatientHistoryPage inside a test was not wrapped in act(...).
    
    When testing, code that causes React state updates should be wrapped into act(...):
    
    act(() => {
      /* fire events that update state */
    });
    /* assert on the output */
    
    This ensures that you're testing the behavior the user would see in the browser. Learn more at https://reactjs.org/link/wrap-tests-with-act
        at PatientHistoryPage (D:\vipin\projects\doc-patient\frontend\src\pages\PatientHistoryPage.tsx:11:38)
        at routeContext (D:\vipin\projects\doc-patient\frontend\node_modules\react-router\lib\hooks.tsx:658:26)
        at children (D:\vipin\projects\doc-patient\frontend\node_modules\react-router\lib\components.tsx:512:3)
        at ToastProvider (D:\vipin\projects\doc-patient\frontend\src\context\ToastContext.tsx:32:63)
        at AuthProvider (D:\vipin\projects\doc-patient\frontend\src\context\AuthContext.tsx:22:67)
        at basenameProp (D:\vipin\projects\doc-patient\frontend\node_modules\react-router\lib\components.tsx:421:13)
        at basename (D:\vipin\projects\doc-patient\frontend\node_modules\react-router\lib\components.tsx:225:3)

    [0m [90m 79 |[39m       )[33m;[39m
     [90m 80 |[39m
    [31m[1m>[22m[39m[90m 81 |[39m       setConsultations(result[33m.[39mconsultations)[33m;[39m
     [90m    |[39m       [31m[1m^[22m[39m
     [90m 82 |[39m       setTotal(result[33m.[39mtotal)[33m;[39m
     [90m 83 |[39m       setPages(result[33m.[39mpages)[33m;[39m
     [90m 84 |[39m     } [36mcatch[39m (err[33m:[39m any) {[0m

      at printWarning (node_modules/react-dom/cjs/react-dom.development.js:86:30)
      at error (node_modules/react-dom/cjs/react-dom.development.js:60:7)
      at warnIfUpdatesNotWrappedWithActDEV (node_modules/react-dom/cjs/react-dom.development.js:27628:9)
      at scheduleUpdateOnFiber (node_modules/react-dom/cjs/react-dom.development.js:25547:5)
      at dispatchSetState (node_modules/react-dom/cjs/react-dom.development.js:16708:7)
      at loadConsultations (src/pages/PatientHistoryPage.tsx:81:7)

  console.error
    Warning: An update to PatientHistoryPage inside a test was not wrapped in act(...).
    
    When testing, code that causes React state updates should be wrapped into act(...):
    
    act(() => {
      /* fire events that update state */
    });
    /* assert on the output */
    
    This ensures that you're testing the behavior the user would see in the browser. Learn more at https://reactjs.org/link/wrap-tests-with-act
        at PatientHistoryPage (D:\vipin\projects\doc-patient\frontend\src\pages\PatientHistoryPage.tsx:11:38)
        at routeContext (D:\vipin\projects\doc-patient\frontend\node_modules\react-router\lib\hooks.tsx:658:26)
        at children (D:\vipin\projects\doc-patient\frontend\node_modules\react-router\lib\components.tsx:512:3)
        at ToastProvider (D:\vipin\projects\doc-patient\frontend\src\context\ToastContext.tsx:32:63)
        at AuthProvider (D:\vipin\projects\doc-patient\frontend\src\context\AuthContext.tsx:22:67)
        at basenameProp (D:\vipin\projects\doc-patient\frontend\node_modules\react-router\lib\components.tsx:421:13)
        at basename (D:\vipin\projects\doc-patient\frontend\node_modules\react-router\lib\components.tsx:225:3)

    [0m [90m 80 |[39m
     [90m 81 |[39m       setConsultations(result[33m.[39mconsultations)[33m;[39m
    [31m[1m>[22m[39m[90m 82 |[39m       setTotal(result[33m.[39mtotal)[33m;[39m
     [90m    |[39m       [31m[1m^[22m[39m
     [90m 83 |[39m       setPages(result[33m.[39mpages)[33m;[39m
     [90m 84 |[39m     } [36mcatch[39m (err[33m:[39m any) {
     [90m 85 |[39m       setError(err[33m.[39mmessage)[33m;[39m[0m

      at printWarning (node_modules/react-dom/cjs/react-dom.development.js:86:30)
      at error (node_modules/react-dom/cjs/react-dom.development.js:60:7)
      at warnIfUpdatesNotWrappedWithActDEV (node_modules/react-dom/cjs/react-dom.development.js:27628:9)
      at scheduleUpdateOnFiber (node_modules/react-dom/cjs/react-dom.development.js:25547:5)
      at dispatchSetState (node_modules/react-dom/cjs/react-dom.development.js:16708:7)
      at loadConsultations (src/pages/PatientHistoryPage.tsx:82:7)

  console.error
    Warning: An update to PatientHistoryPage inside a test was not wrapped in act(...).
    
    When testing, code that causes React state updates should be wrapped into act(...):
    
    act(() => {
      /* fire events that update state */
    });
    /* assert on the output */
    
    This ensures that you're testing the behavior the user would see in the browser. Learn more at https://reactjs.org/link/wrap-tests-with-act
        at PatientHistoryPage (D:\vipin\projects\doc-patient\frontend\src\pages\PatientHistoryPage.tsx:11:38)
        at routeContext (D:\vipin\projects\doc-patient\frontend\node_modules\react-router\lib\hooks.tsx:658:26)
        at children (D:\vipin\projects\doc-patient\frontend\node_modules\react-router\lib\components.tsx:512:3)
        at ToastProvider (D:\vipin\projects\doc-patient\frontend\src\context\ToastContext.tsx:32:63)
        at AuthProvider (D:\vipin\projects\doc-patient\frontend\src\context\AuthContext.tsx:22:67)
        at basenameProp (D:\vipin\projects\doc-patient\frontend\node_modules\react-router\lib\components.tsx:421:13)
        at basename (D:\vipin\projects\doc-patient\frontend\node_modules\react-router\lib\components.tsx:225:3)

    [0m [90m 81 |[39m       setConsultations(result[33m.[39mconsultations)[33m;[39m
     [90m 82 |[39m       setTotal(result[33m.[39mtotal)[33m;[39m
    [31m[1m>[22m[39m[90m 83 |[39m       setPages(result[33m.[39mpages)[33m;[39m
     [90m    |[39m       [31m[1m^[22m[39m
     [90m 84 |[39m     } [36mcatch[39m (err[33m:[39m any) {
     [90m 85 |[39m       setError(err[33m.[39mmessage)[33m;[39m
     [90m 86 |[39m     } [36mfinally[39m {[0m

      at printWarning (node_modules/react-dom/cjs/react-dom.development.js:86:30)
      at error (node_modules/react-dom/cjs/react-dom.development.js:60:7)
      at warnIfUpdatesNotWrappedWithActDEV (node_modules/react-dom/cjs/react-dom.development.js:27628:9)
      at scheduleUpdateOnFiber (node_modules/react-dom/cjs/react-dom.development.js:25547:5)
      at dispatchSetState (node_modules/react-dom/cjs/react-dom.development.js:16708:7)
      at loadConsultations (src/pages/PatientHistoryPage.tsx:83:7)

  console.error
    Warning: An update to PatientHistoryPage inside a test was not wrapped in act(...).
    
    When testing, code that causes React state updates should be wrapped into act(...):
    
    act(() => {
      /* fire events that update state */
    });
    /* assert on the output */
    
    This ensures that you're testing the behavior the user would see in the browser. Learn more at https://reactjs.org/link/wrap-tests-with-act
        at PatientHistoryPage (D:\vipin\projects\doc-patient\frontend\src\pages\PatientHistoryPage.tsx:11:38)
        at routeContext (D:\vipin\projects\doc-patient\frontend\node_modules\react-router\lib\hooks.tsx:658:26)
        at children (D:\vipin\projects\doc-patient\frontend\node_modules\react-router\lib\components.tsx:512:3)
        at ToastProvider (D:\vipin\projects\doc-patient\frontend\src\context\ToastContext.tsx:32:63)
        at AuthProvider (D:\vipin\projects\doc-patient\frontend\src\context\AuthContext.tsx:22:67)
        at basenameProp (D:\vipin\projects\doc-patient\frontend\node_modules\react-router\lib\components.tsx:421:13)
        at basename (D:\vipin\projects\doc-patient\frontend\node_modules\react-router\lib\components.tsx:225:3)

    [0m [90m 85 |[39m       setError(err[33m.[39mmessage)[33m;[39m
     [90m 86 |[39m     } [36mfinally[39m {
    [31m[1m>[22m[39m[90m 87 |[39m       setIsLoading([36mfalse[39m)[33m;[39m
     [90m    |[39m       [31m[1m^[22m[39m
     [90m 88 |[39m     }
     [90m 89 |[39m   }[33m;[39m
     [90m 90 |[39m[0m

      at printWarning (node_modules/react-dom/cjs/react-dom.development.js:86:30)
      at error (node_modules/react-dom/cjs/react-dom.development.js:60:7)
      at warnIfUpdatesNotWrappedWithActDEV (node_modules/react-dom/cjs/react-dom.development.js:27628:9)
      at scheduleUpdateOnFiber (node_modules/react-dom/cjs/react-dom.development.js:25547:5)
      at dispatchSetState (node_modules/react-dom/cjs/react-dom.development.js:16708:7)
      at loadConsultations (src/pages/PatientHistoryPage.tsx:87:7)

(node:22316) [DEP0040] DeprecationWarning: The `punycode` module is 
deprecated. Please use a userland alternative instead.
(Use `node --trace-deprecation ...` to show where the warning was created)
  console.error
    Failed to load appointments: Error: Failed to load
        at Object.<anonymous> (D:\vipin\projects\doc-patient\frontend\src\pages\__tests__\DashboardPage.test.tsx:96:7)
        at Promise.then.completed (D:\vipin\projects\doc-patient\frontend\node_modules\jest-circus\build\utils.js:298:28)
        at new Promise (<anonymous>)
        at callAsyncCircusFn (D:\vipin\projects\doc-patient\frontend\node_modules\jest-circus\build\utils.js:231:10)
        at _callCircusTest (D:\vipin\projects\doc-patient\frontend\node_modules\jest-circus\build\run.js:316:40)
        at _runTest (D:\vipin\projects\doc-patient\frontend\node_modules\jest-circus\build\run.js:252:3)
        at _runTestsForDescribeBlock (D:\vipin\projects\doc-patient\frontend\node_modules\jest-circus\build\run.js:126:9)
        at _runTestsForDescribeBlock (D:\vipin\projects\doc-patient\frontend\node_modules\jest-circus\build\run.js:121:9)
        at run (D:\vipin\projects\doc-patient\frontend\node_modules\jest-circus\build\run.js:71:3)
        at runAndTransformResultsToJestFormat (D:\vipin\projects\doc-patient\frontend\node_modules\jest-circus\build\legacy-code-todo-rewrite\jestAdapterInit.js:122:21)
        at jestAdapter (D:\vipin\projects\doc-patient\frontend\node_modules\jest-circus\build\legacy-code-todo-rewrite\jestAdapter.js:79:19)
        at runTestInternal (D:\vipin\projects\doc-patient\frontend\node_modules\jest-runner\build\runTest.js:367:16)
        at runTest (D:\vipin\projects\doc-patient\frontend\node_modules\jest-runner\build\runTest.js:444:34)
        at Object.worker (D:\vipin\projects\doc-patient\frontend\node_modules\jest-runner\build\testWorker.js:106:12)

    [0m [90m 22 |[39m     } [36mcatch[39m (err[33m:[39m any) {
     [90m 23 |[39m       setError(err[33m.[39mmessage [33m||[39m [32m'Failed to load appointments'[39m)[33m;[39m
    [31m[1m>[22m[39m[90m 24 |[39m       console[33m.[39merror([32m'Failed to load appointments:'[39m[33m,[39m err)[33m;[39m
     [90m    |[39m               [31m[1m^[22m[39m
     [90m 25 |[39m     } [36mfinally[39m {
     [90m 26 |[39m       setIsLoading([36mfalse[39m)[33m;[39m
     [90m 27 |[39m     }[0m

      at loadAppointments (src/pages/DashboardPage.tsx:24:15)

PASS src/pages/__tests__/PatientHistoryPage.test.tsx
  PatientHistoryPage
    ΓêÜ should render patient history page (682 ms)
    ΓêÜ should attempt to load patient information (79 ms)

(node:18672) [DEP0040] DeprecationWarning: The `punycode` module is 
deprecated. Please use a userland alternative instead.
(Use `node --trace-deprecation ...` to show where the warning was created)
PASS src/pages/__tests__/LoginPage.test.tsx
  LoginPage
    ΓêÜ should render login form (573 ms)
    ΓêÜ should accept username input (19 ms)
    ΓêÜ should accept password input (15 ms)
    ΓêÜ should have password input type (12 ms)
    ΓêÜ should submit form with valid credentials (58 ms)
    ΓêÜ should validate inputs are enabled (16 ms)
    ΓêÜ should have login button (53 ms)

PASS src/__tests__/integration.test.tsx
  Integration Tests - User Flows
    ΓêÜ should complete full login flow (722 ms)
    ΓêÜ should handle login failure gracefully (115 ms)
    ΓêÜ should search for patients after login (29 ms)
    ΓêÜ should handle network errors in search (13 ms)
    ΓêÜ should protect routes when not authenticated (22 ms)
    ΓêÜ should handle logout flow (15 ms)

  console.error
    Warning: An update to AuthProvider inside a test was not wrapped in act(...).
    
    When testing, code that causes React state updates should be wrapped into act(...):
    
    act(() => {
      /* fire events that update state */
    });
    /* assert on the output */
    
    This ensures that you're testing the behavior the user would see in the browser. Learn more at https://reactjs.org/link/wrap-tests-with-act
        at AuthProvider (D:\vipin\projects\doc-patient\frontend\src\context\AuthContext.tsx:22:67)

    [0m [90m 82 |[39m       [90m// Clear state and storage[39m
     [90m 83 |[39m       authService[33m.[39mremoveTokens()[33m;[39m
    [31m[1m>[22m[39m[90m 84 |[39m       setUser([36mnull[39m)[33m;[39m
     [90m    |[39m       [31m[1m^[22m[39m
     [90m 85 |[39m       setToken([36mnull[39m)[33m;[39m
     [90m 86 |[39m     }
     [90m 87 |[39m   }[33m;[39m[0m

      at printWarning (node_modules/react-dom/cjs/react-dom.development.js:86:30)
      at error (node_modules/react-dom/cjs/react-dom.development.js:60:7)
      at warnIfUpdatesNotWrappedWithActDEV (node_modules/react-dom/cjs/react-dom.development.js:27628:9)
      at scheduleUpdateOnFiber (node_modules/react-dom/cjs/react-dom.development.js:25547:5)
      at dispatchSetState (node_modules/react-dom/cjs/react-dom.development.js:16708:7)
      at logout (src/context/AuthContext.tsx:84:7)
      at HTMLUnknownElement.callCallback (node_modules/react-dom/cjs/react-dom.development.js:4164:14)
      at HTMLUnknownElement.callTheUserObjectsOperation (node_modules/jsdom/lib/jsdom/living/generated/EventListener.js:26:30)
      at innerInvokeEventListeners (node_modules/jsdom/lib/jsdom/living/events/EventTarget-impl.js:350:25)
      at invokeEventListeners (node_modules/jsdom/lib/jsdom/living/events/EventTarget-impl.js:286:3)
      at HTMLUnknownElementImpl._dispatch (node_modules/jsdom/lib/jsdom/living/events/EventTarget-impl.js:233:9)
      at HTMLUnknownElementImpl.dispatchEvent (node_modules/jsdom/lib/jsdom/living/events/EventTarget-impl.js:104:17)
      at HTMLUnknownElement.dispatchEvent (node_modules/jsdom/lib/jsdom/living/generated/EventTarget.js:241:34)
      at Object.invokeGuardedCallbackDev (node_modules/react-dom/cjs/react-dom.development.js:4213:16)
      at invokeGuardedCallback (node_modules/react-dom/cjs/react-dom.development.js:4277:31)
      at invokeGuardedCallbackAndCatchFirstError (node_modules/react-dom/cjs/react-dom.development.js:4291:25)
      at executeDispatch (node_modules/react-dom/cjs/react-dom.development.js:9041:3)
      at processDispatchQueueItemsInOrder (node_modules/react-dom/cjs/react-dom.development.js:9073:7)
      at processDispatchQueue (node_modules/react-dom/cjs/react-dom.development.js:9086:5)
      at dispatchEventsForPlugins (node_modules/react-dom/cjs/react-dom.development.js:9097:3)
      at node_modules/react-dom/cjs/react-dom.development.js:9288:12
      at batchedUpdates$1 (node_modules/react-dom/cjs/react-dom.development.js:26179:12)
      at batchedUpdates (node_modules/react-dom/cjs/react-dom.development.js:3991:12)
      at dispatchEventForPluginEventSystem (node_modules/react-dom/cjs/react-dom.development.js:9287:3)
      at dispatchEventWithEnableCapturePhaseSelectiveHydrationWithoutDiscreteEventReplay (node_modules/react-dom/cjs/react-dom.development.js:6465:5)
      at dispatchEvent (node_modules/react-dom/cjs/react-dom.development.js:6457:5)
      at dispatchDiscreteEvent (node_modules/react-dom/cjs/react-dom.development.js:6430:5)
      at HTMLDivElement.callTheUserObjectsOperation (node_modules/jsdom/lib/jsdom/living/generated/EventListener.js:26:30)
      at innerInvokeEventListeners (node_modules/jsdom/lib/jsdom/living/events/EventTarget-impl.js:350:25)
      at invokeEventListeners (node_modules/jsdom/lib/jsdom/living/events/EventTarget-impl.js:286:3)
      at HTMLButtonElementImpl._dispatch (node_modules/jsdom/lib/jsdom/living/events/EventTarget-impl.js:233:9)
      at fireAnEvent (node_modules/jsdom/lib/jsdom/living/helpers/events.js:18:36)
      at HTMLButtonElementImpl.click (node_modules/jsdom/lib/jsdom/living/nodes/HTMLElement-impl.js:79:5)
      at HTMLButtonElement.click (node_modules/jsdom/lib/jsdom/living/generated/HTMLElement.js:108:34)
      at Object.<anonymous> (src/context/__tests__/AuthContext.test.tsx:136:18)

  console.error
    Warning: An update to AuthProvider inside a test was not wrapped in act(...).
    
    When testing, code that causes React state updates should be wrapped into act(...):
    
    act(() => {
      /* fire events that update state */
    });
    /* assert on the output */
    
    This ensures that you're testing the behavior the user would see in the browser. Learn more at https://reactjs.org/link/wrap-tests-with-act
        at AuthProvider (D:\vipin\projects\doc-patient\frontend\src\context\AuthContext.tsx:22:67)

    [0m [90m 83 |[39m       authService[33m.[39mremoveTokens()[33m;[39m
     [90m 84 |[39m       setUser([36mnull[39m)[33m;[39m
    [31m[1m>[22m[39m[90m 85 |[39m       setToken([36mnull[39m)[33m;[39m
     [90m    |[39m       [31m[1m^[22m[39m
     [90m 86 |[39m     }
     [90m 87 |[39m   }[33m;[39m
     [90m 88 |[39m[0m

      at printWarning (node_modules/react-dom/cjs/react-dom.development.js:86:30)
      at error (node_modules/react-dom/cjs/react-dom.development.js:60:7)
      at warnIfUpdatesNotWrappedWithActDEV (node_modules/react-dom/cjs/react-dom.development.js:27628:9)
      at scheduleUpdateOnFiber (node_modules/react-dom/cjs/react-dom.development.js:25547:5)
      at dispatchSetState (node_modules/react-dom/cjs/react-dom.development.js:16708:7)
      at logout (src/context/AuthContext.tsx:85:7)
      at HTMLUnknownElement.callCallback (node_modules/react-dom/cjs/react-dom.development.js:4164:14)
      at HTMLUnknownElement.callTheUserObjectsOperation (node_modules/jsdom/lib/jsdom/living/generated/EventListener.js:26:30)
      at innerInvokeEventListeners (node_modules/jsdom/lib/jsdom/living/events/EventTarget-impl.js:350:25)
      at invokeEventListeners (node_modules/jsdom/lib/jsdom/living/events/EventTarget-impl.js:286:3)
      at HTMLUnknownElementImpl._dispatch (node_modules/jsdom/lib/jsdom/living/events/EventTarget-impl.js:233:9)
      at HTMLUnknownElementImpl.dispatchEvent (node_modules/jsdom/lib/jsdom/living/events/EventTarget-impl.js:104:17)
      at HTMLUnknownElement.dispatchEvent (node_modules/jsdom/lib/jsdom/living/generated/EventTarget.js:241:34)
      at Object.invokeGuardedCallbackDev (node_modules/react-dom/cjs/react-dom.development.js:4213:16)
      at invokeGuardedCallback (node_modules/react-dom/cjs/react-dom.development.js:4277:31)
      at invokeGuardedCallbackAndCatchFirstError (node_modules/react-dom/cjs/react-dom.development.js:4291:25)
      at executeDispatch (node_modules/react-dom/cjs/react-dom.development.js:9041:3)
      at processDispatchQueueItemsInOrder (node_modules/react-dom/cjs/react-dom.development.js:9073:7)
      at processDispatchQueue (node_modules/react-dom/cjs/react-dom.development.js:9086:5)
      at dispatchEventsForPlugins (node_modules/react-dom/cjs/react-dom.development.js:9097:3)
      at node_modules/react-dom/cjs/react-dom.development.js:9288:12
      at batchedUpdates$1 (node_modules/react-dom/cjs/react-dom.development.js:26179:12)
      at batchedUpdates (node_modules/react-dom/cjs/react-dom.development.js:3991:12)
      at dispatchEventForPluginEventSystem (node_modules/react-dom/cjs/react-dom.development.js:9287:3)
      at dispatchEventWithEnableCapturePhaseSelectiveHydrationWithoutDiscreteEventReplay (node_modules/react-dom/cjs/react-dom.development.js:6465:5)
      at dispatchEvent (node_modules/react-dom/cjs/react-dom.development.js:6457:5)
      at dispatchDiscreteEvent (node_modules/react-dom/cjs/react-dom.development.js:6430:5)
      at HTMLDivElement.callTheUserObjectsOperation (node_modules/jsdom/lib/jsdom/living/generated/EventListener.js:26:30)
      at innerInvokeEventListeners (node_modules/jsdom/lib/jsdom/living/events/EventTarget-impl.js:350:25)
      at invokeEventListeners (node_modules/jsdom/lib/jsdom/living/events/EventTarget-impl.js:286:3)
      at HTMLButtonElementImpl._dispatch (node_modules/jsdom/lib/jsdom/living/events/EventTarget-impl.js:233:9)
      at fireAnEvent (node_modules/jsdom/lib/jsdom/living/helpers/events.js:18:36)
      at HTMLButtonElementImpl.click (node_modules/jsdom/lib/jsdom/living/nodes/HTMLElement-impl.js:79:5)
      at HTMLButtonElement.click (node_modules/jsdom/lib/jsdom/living/generated/HTMLElement.js:108:34)
      at Object.<anonymous> (src/context/__tests__/AuthContext.test.tsx:136:18)

  console.error
    Warning: An update to PatientProfilePage inside a test was not wrapped in act(...).
    
    When testing, code that causes React state updates should be wrapped into act(...):
    
    act(() => {
      /* fire events that update state */
    });
    /* assert on the output */
    
    This ensures that you're testing the behavior the user would see in the browser. Learn more at https://reactjs.org/link/wrap-tests-with-act
        at PatientProfilePage (D:\vipin\projects\doc-patient\frontend\src\pages\PatientProfilePage.tsx:14:27)
        at routeContext (D:\vipin\projects\doc-patient\frontend\node_modules\react-router\lib\hooks.tsx:658:26)
        at children (D:\vipin\projects\doc-patient\frontend\node_modules\react-router\lib\components.tsx:512:3)
        at ToastProvider (D:\vipin\projects\doc-patient\frontend\src\context\ToastContext.tsx:32:63)
        at AuthProvider (D:\vipin\projects\doc-patient\frontend\src\context\AuthContext.tsx:22:67)
        at basenameProp (D:\vipin\projects\doc-patient\frontend\node_modules\react-router\lib\components.tsx:421:13)
        at basename (D:\vipin\projects\doc-patient\frontend\node_modules\react-router\lib\components.tsx:225:3)

    [0m [90m 162 |[39m             [33m<[39m[33mbutton[39m 
     [90m 163 |[39m               className[33m=[39m{styles[33m.[39meditButton}
    [31m[1m>[22m[39m[90m 164 |[39m               onClick[33m=[39m{() [33m=>[39m setShowEditForm([36mtrue[39m)}
     [90m     |[39m                              [31m[1m^[22m[39m
     [90m 165 |[39m             [33m>[39m
     [90m 166 |[39m               [33mEdit[39m
     [90m 167 |[39m             [33m<[39m[33m/[39m[33mbutton[39m[33m>[39m[0m

      at printWarning (node_modules/react-dom/cjs/react-dom.development.js:86:30)
      at error (node_modules/react-dom/cjs/react-dom.development.js:60:7)
      at warnIfUpdatesNotWrappedWithActDEV (node_modules/react-dom/cjs/react-dom.development.js:27628:9)
      at scheduleUpdateOnFiber (node_modules/react-dom/cjs/react-dom.development.js:25547:5)
      at dispatchSetState (node_modules/react-dom/cjs/react-dom.development.js:16708:7)
      at onClick (src/pages/PatientProfilePage.tsx:164:30)
      at HTMLUnknownElement.callCallback (node_modules/react-dom/cjs/react-dom.development.js:4164:14)
      at HTMLUnknownElement.callTheUserObjectsOperation (node_modules/jsdom/lib/jsdom/living/generated/EventListener.js:26:30)
      at innerInvokeEventListeners (node_modules/jsdom/lib/jsdom/living/events/EventTarget-impl.js:350:25)
      at invokeEventListeners (node_modules/jsdom/lib/jsdom/living/events/EventTarget-impl.js:286:3)
      at HTMLUnknownElementImpl._dispatch (node_modules/jsdom/lib/jsdom/living/events/EventTarget-impl.js:233:9)
      at HTMLUnknownElementImpl.dispatchEvent (node_modules/jsdom/lib/jsdom/living/events/EventTarget-impl.js:104:17)
      at HTMLUnknownElement.dispatchEvent (node_modules/jsdom/lib/jsdom/living/generated/EventTarget.js:241:34)
      at Object.invokeGuardedCallbackDev (node_modules/react-dom/cjs/react-dom.development.js:4213:16)
      at invokeGuardedCallback (node_modules/react-dom/cjs/react-dom.development.js:4277:31)
      at invokeGuardedCallbackAndCatchFirstError (node_modules/react-dom/cjs/react-dom.development.js:4291:25)
      at executeDispatch (node_modules/react-dom/cjs/react-dom.development.js:9041:3)
      at processDispatchQueueItemsInOrder (node_modules/react-dom/cjs/react-dom.development.js:9073:7)
      at processDispatchQueue (node_modules/react-dom/cjs/react-dom.development.js:9086:5)
      at dispatchEventsForPlugins (node_modules/react-dom/cjs/react-dom.development.js:9097:3)
      at node_modules/react-dom/cjs/react-dom.development.js:9288:12
      at batchedUpdates$1 (node_modules/react-dom/cjs/react-dom.development.js:26179:12)
      at batchedUpdates (node_modules/react-dom/cjs/react-dom.development.js:3991:12)
      at dispatchEventForPluginEventSystem (node_modules/react-dom/cjs/react-dom.development.js:9287:3)
      at dispatchEventWithEnableCapturePhaseSelectiveHydrationWithoutDiscreteEventReplay (node_modules/react-dom/cjs/react-dom.development.js:6465:5)
      at dispatchEvent (node_modules/react-dom/cjs/react-dom.development.js:6457:5)
      at dispatchDiscreteEvent (node_modules/react-dom/cjs/react-dom.development.js:6430:5)
      at HTMLDivElement.callTheUserObjectsOperation (node_modules/jsdom/lib/jsdom/living/generated/EventListener.js:26:30)
      at innerInvokeEventListeners (node_modules/jsdom/lib/jsdom/living/events/EventTarget-impl.js:350:25)
      at invokeEventListeners (node_modules/jsdom/lib/jsdom/living/events/EventTarget-impl.js:286:3)
      at HTMLButtonElementImpl._dispatch (node_modules/jsdom/lib/jsdom/living/events/EventTarget-impl.js:233:9)
      at fireAnEvent (node_modules/jsdom/lib/jsdom/living/helpers/events.js:18:36)
      at HTMLButtonElementImpl.click (node_modules/jsdom/lib/jsdom/living/nodes/HTMLElement-impl.js:79:5)
      at HTMLButtonElement.click (node_modules/jsdom/lib/jsdom/living/generated/HTMLElement.js:108:34)
      at Object.<anonymous> (src/pages/__tests__/PatientProfilePage.test.tsx:81:16)

(node:25424) [DEP0040] DeprecationWarning: The `punycode` module is 
deprecated. Please use a userland alternative instead.
(Use `node --trace-deprecation ...` to show where the warning was created)
PASS src/context/__tests__/AuthContext.test.tsx
  AuthContext
    ΓêÜ should provide initial unauthenticated state (113 ms)
    ΓêÜ should handle successful login (84 ms)
    ΓêÜ should handle login failure (10 ms)
    ΓêÜ should handle logout (267 ms)
    ΓêÜ should restore session from localStorage (30 ms)
    ΓêÜ should clear session if token is expired (26 ms)
    ΓêÜ should show loading state initially (8 ms)
    ΓêÜ should throw error when useAuth is used outside AuthProvider (56 ms)

PASS src/pages/__tests__/ExportPage.test.tsx (5.498 s)
  ExportPage
    ΓêÜ should render export page (418 ms)
    ΓêÜ should not crash on render (35 ms)
    ΓêÜ should have export type radio buttons (91 ms)
    ΓêÜ should have format selection (46 ms)
    ΓêÜ should have date range inputs (34 ms)
    ΓêÜ should have export button (172 ms)
    ΓêÜ should switch between export types (81 ms)
    ΓêÜ should export patients as CSV (198 ms)
    ΓêÜ should export consultations as CSV (179 ms)
    ΓêÜ should handle export error (169 ms)
    ΓêÜ should disable export button during export (94 ms)
    ΓêÜ should update from date (51 ms)
    ΓêÜ should update to date (52 ms)
    ΓêÜ should have reset button for date filter (66 ms)
    ΓêÜ should reset dates when reset clicked (113 ms)

(node:13284) [DEP0040] DeprecationWarning: The `punycode` module is 
deprecated. Please use a userland alternative instead.
(Use `node --trace-deprecation ...` to show where the warning was created)
FAIL src/components/__tests__/PatientForm.test.tsx (5.723 s)
  PatientForm Component
    ΓêÜ should render form fields (175 ms)
    ΓêÜ should handle input changes (65 ms)
    ├ù should call onSubmit with valid data (451 ms)
    ├ù should display validation errors (384 ms)
    ΓêÜ should populate form when editing patient (46 ms)
    ΓêÜ should call onCancel when cancel button clicked (22 ms)
    ├ù should disable submit button when loading (31 ms)
    ├ù should clear errors when user types (443 ms)
    ├ù should handle server-side duplicate phone error (433 ms)
    ΓêÜ should validate field on blur (33 ms)

  ΓùÅ PatientForm Component ΓÇ║ should call onSubmit with valid data

    TestingLibraryElementError: Unable to find an accessible element with the 
role "button" and name `/submit/i`

    Here are the accessible roles:

      heading:

      Name "New Patient":
      [36m<h2 />[39m

      --------------------------------------------------
      textbox:

      Name "Name *":
      [36m<input[39m
        [33mclass[39m=[32m"input "[39m
        [33mid[39m=[32m"name"[39m
        [33mname[39m=[32m"name"[39m
        [33mplaceholder[39m=[32m"Enter patient name"[39m
        [33mtype[39m=[32m"text"[39m
        [33mvalue[39m=[32m"John Doe"[39m
      [36m/>[39m

      Name "Phone *":
      [36m<input[39m
        [33mclass[39m=[32m"input "[39m
        [33mid[39m=[32m"phone"[39m
        [33mname[39m=[32m"phone"[39m
        [33mplaceholder[39m=[32m"Enter phone number"[39m
        [33mtype[39m=[32m"tel"[39m
        [33mvalue[39m=[32m"1234567890"[39m
      [36m/>[39m

      Name "Email":
      [36m<input[39m
        [33mclass[39m=[32m"input "[39m
        [33mid[39m=[32m"email"[39m
        [33mname[39m=[32m"email"[39m
        [33mplaceholder[39m=[32m"Enter email address"[39m
        [33mtype[39m=[32m"email"[39m
        [33mvalue[39m=[32m""[39m
      [36m/>[39m

      Name "Address":
      [36m<textarea[39m
        [33mclass[39m=[32m"textarea "[39m
        [33mid[39m=[32m"address"[39m
        [33mname[39m=[32m"address"[39m
        [33mplaceholder[39m=[32m"Enter address"[39m
        [33mrows[39m=[32m"3"[39m
      [36m/>[39m

      --------------------------------------------------
      combobox:

      Name "Gender *":
      [36m<select[39m
        [33mclass[39m=[32m"input "[39m
        [33mid[39m=[32m"gender"[39m
        [33mname[39m=[32m"gender"[39m
      [36m/>[39m

      --------------------------------------------------
      option:

      Name "Male":
      [36m<option[39m
        [33mvalue[39m=[32m"M"[39m
      [36m/>[39m

      Name "Female":
      [36m<option[39m
        [33mvalue[39m=[32m"F"[39m
      [36m/>[39m

      Name "Other":
      [36m<option[39m
        [33mvalue[39m=[32m"Other"[39m
      [36m/>[39m

      --------------------------------------------------
      button:

      Name "Cancel":
      [36m<button[39m
        [33mclass[39m=[32m"cancelButton"[39m
        [33mtype[39m=[32m"button"[39m
      [36m/>[39m

      Name "Create":
      [36m<button[39m
        [33mclass[39m=[32m"submitButton"[39m
        [33mtype[39m=[32m"submit"[39m
      [36m/>[39m

      --------------------------------------------------

    Ignored nodes: comments, script, style
    [36m<body>[39m
      [36m<div>[39m
        [36m<form[39m
          [33mclass[39m=[32m"patientForm"[39m
        [36m>[39m
          [36m<div[39m
            [33mclass[39m=[32m"formHeader"[39m
          [36m>[39m
            [36m<h2>[39m
              [0mNew Patient[0m
            [36m</h2>[39m
          [36m</div>[39m
          [36m<div[39m
            [33mclass[39m=[32m"formBody"[39m
          [36m>[39m
            [36m<div[39m
              [33mclass[39m=[32m"formGroup"[39m
            [36m>[39m
              [36m<label[39m
                [33mclass[39m=[32m"label"[39m
                [33mfor[39m=[32m"name"[39m
              [36m>[39m
                [0mName [0m
                [36m<span[39m
                  [33mclass[39m=[32m"required"[39m
                [36m>[39m
                  [0m*[0m
                [36m</span>[39m
              [36m</label>[39m
              [36m<input[39m
                [33mclass[39m=[32m"input "[39m
                [33mid[39m=[32m"name"[39m
                [33mname[39m=[32m"name"[39m
                [33mplaceholder[39m=[32m"Enter patient name"[39m
                [33mtype[39m=[32m"text"[39m
                [33mvalue[39m=[32m"John Doe"[39m
              [36m/>[39m
            [36m</div>[39m
            [36m<div[39m
              [33mclass[39m=[32m"formGroup"[39m
            [36m>[39m
              [36m<label[39m
                [33mclass[39m=[32m"label"[39m
                [33mfor[39m=[32m"dob"[39m
              [36m>[39m
                [0mDate of Birth [0m
                [36m<span[39m
                  [33mclass[39m=[32m"required"[39m
                [36m>[39m
                  [0m*[0m
                [36m</span>[39m
              [36m</label>[39m
              [36m<input[39m
                [33mclass[39m=[32m"input "[39m
                [33mid[39m=[32m"dob"[39m
                [33mmax[39m=[32m"2026-05-11"[39m
                [33mname[39m=[32m"dob"[39m
                [33mtype[39m=[32m"date"[39m
                [33mvalue[39m=[32m""[39m
              [36m/>[39m
            [36m</div>[39m
            [36m<div[39m
              [33mclass[39m=[32m"formGroup"[39m
            [36m>[39m
              [36m<label[39m
                [33mclass[39m=[32m"label"[39m
                [33mfor[39m=[32m"gender"[39m
              [36m>[39m
                [0mGender [0m
                [36m<span[39m
                  [33mclass[39m=[32m"required"[39m
                [36m>[39m
                  [0m*[0m
                [36m</span>[39m
              [36m</label>[39m
              [36m<select[39m
                [33mclass[39m=[32m"input "[39m
                [33mid[39m=[32m"gender"[39m
                [33mname[39m=[32m"gender"[39m
              [36m>[39m
                [36m<option[39m
                  [33mvalue[39m=[32m"M"[39m
                [36m>[39m
                  [0mMale[0m
                [36m</option>[39m
                [36m<option[39m
                  [33mvalue[39m=[32m"F"[39m
                [36m>[39m
                  [0mFemale[0m
                [36m</option>[39m
                [36m<option[39m
                  [33mvalue[39m=[32m"Other"[39m
                [36m>[39m
                  [0mOther[0m
                [36m</option>[39m
              [36m</select>[39m
            [36m</div>[39m
            [36m<div[39m
              [33mclass[39m=[32m"formGroup"[39m
            [36m>[39m
              [36m<label[39m
                [33mclass[39m=[32m"label"[39m
                [33mfor[39m=[32m"phone"[39m
              [36m>[39m
                [0mPhone [0m
                [36m<span[39m
                  [33mclass[39m=[32m"required"[39m
                [36m>[39m
                  [0m*[0m
                [36m</span>[39m
              [36m</label>[39m
              [36m<input[39m
                [33mclass[39m=[32m"input "[39m
                [33mid[39m=[32m"phone"[39m
                [33mname[39m=[32m"phone"[39m
                [33mplaceholder[39m=[32m"Enter phone number"[39m
                [33mtype[39m=[32m"tel"[39m
                [33mvalue[39m=[32m"1234567890"[39m
              [36m/>[39m
            [36m</div>[39m
            [36m<div[39m
              [33mclass[39m=[32m"formGroup"[39m
            [36m>[39m
              [36m<label[39m
                [33mclass[39m=[32m"label"[39m
                [33mfor[39m=[32m"email"[39m
              [36m>[39m
                [0mEmail[0m
              [36m</label>[39m
              [36m<input[39m
                [33mclass[39m=[32m"input "[39m
                [33mid[39m=[32m"email"[39m
                [33mname[39m=[32m"email"[39m
                [33mplaceholder[39m=[32m"Enter email address"[39m
                [33mtype[39m=[32m"email"[39m
                [33mvalue[39m=[32m""[39m
              [36m/>[39m
            [36m</div>[39m
            [36m<div[39m
              [33mclass[39m=[32m"formGroup"[39m
            [36m>[39m
              [36m<label[39m
                [33mclass[39m=[32m"label"[39m
                [33mfor[39m=[32m"address"[39m
              [36m>[39m
                [0mAddress[0m
              [36m</label>[39m
              [36m<textarea[39m
                [33mclass[39m=[32m"textarea "[39m
                [33mid[39m=[32m"address"[39m
                [33mname[39m=[32m"address"[39m
                [33mplaceholder[39m=[32m"Enter address"[39m
                [33mrows[39m=[32m"3"[39m
              [36m/>[39m
            [36m</div>[39m
          [36m</div>[39m
          [36m<div[39m
            [33mclass[39m=[32m"formFooter"[39m
          [36m>[39m
            [36m<button[39m
              [33mclass[39m=[32m"cancelButton"[39m
              [33mtype[39m=[32m"button"[39m
            [36m>[39m
              [0mCancel[0m
            [36m</button>[39m
            [36m<button[39m
              [33mclass[39m=[32m"submitButton"[39m
              [33mtype[39m=[32m"submit"[39m
            [36m>[39m
              [0mCreate[0m
            [36m</button>[39m
          [36m</div>[39m
        [36m</form>[39m
      [36m</div>[39m
    [36m</body>[39m

    [0m [90m 56 |[39m     })[33m;[39m
     [90m 57 |[39m
    [31m[1m>[22m[39m[90m 58 |[39m     [36mconst[39m submitButton 
[33m=[39m screen[33m.[39mgetByRole([32m'button'[39m[33m,[39m { 
name[33m:[39m [35m/submit/i[39m })[33m;[39m
     [90m    |[39m                                 [31m[1m^[22m[39m
     [90m 59 |[39m     fireEvent[33m.[39mclick(submitButton)[33m;[39m
     [90m 60 |[39m
     [90m 61 |[39m     [36mawait[39m waitFor(() [33m=>[39m {[0m

      at Object.getElementError (node_modules/@testing-library/react/node_modul
es/@testing-library/dom/dist/config.js:37:19)
      at node_modules/@testing-library/react/node_modules/@testing-library/dom/
dist/query-helpers.js:76:38
      at node_modules/@testing-library/react/node_modules/@testing-library/dom/
dist/query-helpers.js:52:17
      at node_modules/@testing-library/react/node_modules/@testing-library/dom/
dist/query-helpers.js:95:19
      at Object.<anonymous> 
(src/components/__tests__/PatientForm.test.tsx:58:33)

  ΓùÅ PatientForm Component ΓÇ║ should display validation errors

    TestingLibraryElementError: Unable to find an accessible element with the 
role "button" and name `/submit/i`

    Here are the accessible roles:

      heading:

      Name "New Patient":
      [36m<h2 />[39m

      --------------------------------------------------
      textbox:

      Name "Name *":
      [36m<input[39m
        [33mclass[39m=[32m"input "[39m
        [33mid[39m=[32m"name"[39m
        [33mname[39m=[32m"name"[39m
        [33mplaceholder[39m=[32m"Enter patient name"[39m
        [33mtype[39m=[32m"text"[39m
        [33mvalue[39m=[32m""[39m
      [36m/>[39m

      Name "Phone *":
      [36m<input[39m
        [33mclass[39m=[32m"input "[39m
        [33mid[39m=[32m"phone"[39m
        [33mname[39m=[32m"phone"[39m
        [33mplaceholder[39m=[32m"Enter phone number"[39m
        [33mtype[39m=[32m"tel"[39m
        [33mvalue[39m=[32m""[39m
      [36m/>[39m

      Name "Email":
      [36m<input[39m
        [33mclass[39m=[32m"input "[39m
        [33mid[39m=[32m"email"[39m
        [33mname[39m=[32m"email"[39m
        [33mplaceholder[39m=[32m"Enter email address"[39m
        [33mtype[39m=[32m"email"[39m
        [33mvalue[39m=[32m""[39m
      [36m/>[39m

      Name "Address":
      [36m<textarea[39m
        [33mclass[39m=[32m"textarea "[39m
        [33mid[39m=[32m"address"[39m
        [33mname[39m=[32m"address"[39m
        [33mplaceholder[39m=[32m"Enter address"[39m
        [33mrows[39m=[32m"3"[39m
      [36m/>[39m

      --------------------------------------------------
      combobox:

      Name "Gender *":
      [36m<select[39m
        [33mclass[39m=[32m"input "[39m
        [33mid[39m=[32m"gender"[39m
        [33mname[39m=[32m"gender"[39m
      [36m/>[39m

      --------------------------------------------------
      option:

      Name "Male":
      [36m<option[39m
        [33mvalue[39m=[32m"M"[39m
      [36m/>[39m

      Name "Female":
      [36m<option[39m
        [33mvalue[39m=[32m"F"[39m
      [36m/>[39m

      Name "Other":
      [36m<option[39m
        [33mvalue[39m=[32m"Other"[39m
      [36m/>[39m

      --------------------------------------------------
      button:

      Name "Cancel":
      [36m<button[39m
        [33mclass[39m=[32m"cancelButton"[39m
        [33mtype[39m=[32m"button"[39m
      [36m/>[39m

      Name "Create":
      [36m<button[39m
        [33mclass[39m=[32m"submitButton"[39m
        [33mtype[39m=[32m"submit"[39m
      [36m/>[39m

      --------------------------------------------------

    Ignored nodes: comments, script, style
    [36m<body>[39m
      [36m<div>[39m
        [36m<form[39m
          [33mclass[39m=[32m"patientForm"[39m
        [36m>[39m
          [36m<div[39m
            [33mclass[39m=[32m"formHeader"[39m
          [36m>[39m
            [36m<h2>[39m
              [0mNew Patient[0m
            [36m</h2>[39m
          [36m</div>[39m
          [36m<div[39m
            [33mclass[39m=[32m"formBody"[39m
          [36m>[39m
            [36m<div[39m
              [33mclass[39m=[32m"formGroup"[39m
            [36m>[39m
              [36m<label[39m
                [33mclass[39m=[32m"label"[39m
                [33mfor[39m=[32m"name"[39m
              [36m>[39m
                [0mName [0m
                [36m<span[39m
                  [33mclass[39m=[32m"required"[39m
                [36m>[39m
                  [0m*[0m
                [36m</span>[39m
              [36m</label>[39m
              [36m<input[39m
                [33mclass[39m=[32m"input "[39m
                [33mid[39m=[32m"name"[39m
                [33mname[39m=[32m"name"[39m
                [33mplaceholder[39m=[32m"Enter patient name"[39m
                [33mtype[39m=[32m"text"[39m
                [33mvalue[39m=[32m""[39m
              [36m/>[39m
            [36m</div>[39m
            [36m<div[39m
              [33mclass[39m=[32m"formGroup"[39m
            [36m>[39m
              [36m<label[39m
                [33mclass[39m=[32m"label"[39m
                [33mfor[39m=[32m"dob"[39m
              [36m>[39m
                [0mDate of Birth [0m
                [36m<span[39m
                  [33mclass[39m=[32m"required"[39m
                [36m>[39m
                  [0m*[0m
                [36m</span>[39m
              [36m</label>[39m
              [36m<input[39m
                [33mclass[39m=[32m"input "[39m
                [33mid[39m=[32m"dob"[39m
                [33mmax[39m=[32m"2026-05-11"[39m
                [33mname[39m=[32m"dob"[39m
                [33mtype[39m=[32m"date"[39m
                [33mvalue[39m=[32m""[39m
              [36m/>[39m
            [36m</div>[39m
            [36m<div[39m
              [33mclass[39m=[32m"formGroup"[39m
            [36m>[39m
              [36m<label[39m
                [33mclass[39m=[32m"label"[39m
                [33mfor[39m=[32m"gender"[39m
              [36m>[39m
                [0mGender [0m
                [36m<span[39m
                  [33mclass[39m=[32m"required"[39m
                [36m>[39m
                  [0m*[0m
                [36m</span>[39m
              [36m</label>[39m
              [36m<select[39m
                [33mclass[39m=[32m"input "[39m
                [33mid[39m=[32m"gender"[39m
                [33mname[39m=[32m"gender"[39m
              [36m>[39m
                [36m<option[39m
                  [33mvalue[39m=[32m"M"[39m
                [36m>[39m
                  [0mMale[0m
                [36m</option>[39m
                [36m<option[39m
                  [33mvalue[39m=[32m"F"[39m
                [36m>[39m
                  [0mFemale[0m
                [36m</option>[39m
                [36m<option[39m
                  [33mvalue[39m=[32m"Other"[39m
                [36m>[39m
                  [0mOther[0m
                [36m</option>[39m
              [36m</select>[39m
            [36m</div>[39m
            [36m<div[39m
              [33mclass[39m=[32m"formGroup"[39m
            [36m>[39m
              [36m<label[39m
                [33mclass[39m=[32m"label"[39m
                [33mfor[39m=[32m"phone"[39m
              [36m>[39m
                [0mPhone [0m
                [36m<span[39m
                  [33mclass[39m=[32m"required"[39m
                [36m>[39m
                  [0m*[0m
                [36m</span>[39m
              [36m</label>[39m
              [36m<input[39m
                [33mclass[39m=[32m"input "[39m
                [33mid[39m=[32m"phone"[39m
                [33mname[39m=[32m"phone"[39m
                [33mplaceholder[39m=[32m"Enter phone number"[39m
                [33mtype[39m=[32m"tel"[39m
                [33mvalue[39m=[32m""[39m
              [36m/>[39m
            [36m</div>[39m
            [36m<div[39m
              [33mclass[39m=[32m"formGroup"[39m
            [36m>[39m
              [36m<label[39m
                [33mclass[39m=[32m"label"[39m
                [33mfor[39m=[32m"email"[39m
              [36m>[39m
                [0mEmail[0m
              [36m</label>[39m
              [36m<input[39m
                [33mclass[39m=[32m"input "[39m
                [33mid[39m=[32m"email"[39m
                [33mname[39m=[32m"email"[39m
                [33mplaceholder[39m=[32m"Enter email address"[39m
                [33mtype[39m=[32m"email"[39m
                [33mvalue[39m=[32m""[39m
              [36m/>[39m
            [36m</div>[39m
            [36m<div[39m
              [33mclass[39m=[32m"formGroup"[39m
            [36m>[39m
              [36m<label[39m
                [33mclass[39m=[32m"label"[39m
                [33mfor[39m=[32m"address"[39m
              [36m>[39m
                [0mAddress[0m
              [36m</label>[39m
              [36m<textarea[39m
                [33mclass[39m=[32m"textarea "[39m
                [33mid[39m=[32m"address"[39m
                [33mname[39m=[32m"address"[39m
                [33mplaceholder[39m=[32m"Enter address"[39m
                [33mrows[39m=[32m"3"[39m
              [36m/>[39m
            [36m</div>[39m
          [36m</div>[39m
          [36m<div[39m
            [33mclass[39m=[32m"formFooter"[39m
          [36m>[39m
            [36m<button[39m
              [33mclass[39m=[32m"cancelButton"[39m
              [33mtype[39m=[32m"button"[39m
            [36m>[39m
              [0mCancel[0m
            [36m</button>[39m
            [36m<button[39m
              [33mclass[39m=[32m"submitButton"[39m
              [33mtype[39m=[32m"submit"[39m
            [36m>[39m
              [0mCreate[0m
            [36m</button>[39m
          [36m</div>[39m
        [36m</form>[39m
      [36m</div>[39m
    [36m</body>[39m

    [0m [90m 74 |[39m     )[33m;[39m
     [90m 75 |[39m
    [31m[1m>[22m[39m[90m 76 |[39m     [36mconst[39m submitButton 
[33m=[39m screen[33m.[39mgetByRole([32m'button'[39m[33m,[39m { 
name[33m:[39m [35m/submit/i[39m })[33m;[39m
     [90m    |[39m                                 [31m[1m^[22m[39m
     [90m 77 |[39m     fireEvent[33m.[39mclick(submitButton)[33m;[39m
     [90m 78 |[39m
     [90m 79 |[39m     [36mawait[39m waitFor(() [33m=>[39m {[0m

      at Object.getElementError (node_modules/@testing-library/react/node_modul
es/@testing-library/dom/dist/config.js:37:19)
      at node_modules/@testing-library/react/node_modules/@testing-library/dom/
dist/query-helpers.js:76:38
      at node_modules/@testing-library/react/node_modules/@testing-library/dom/
dist/query-helpers.js:52:17
      at node_modules/@testing-library/react/node_modules/@testing-library/dom/
dist/query-helpers.js:95:19
      at Object.<anonymous> 
(src/components/__tests__/PatientForm.test.tsx:76:33)

  ΓùÅ PatientForm Component ΓÇ║ should disable submit button when loading

    TestingLibraryElementError: Unable to find an element with the text: 
/submit/i. This could be because the text is broken up by multiple elements. 
In this case, you can provide a function for your text matcher to make your 
matcher more flexible.

    Ignored nodes: comments, script, style
    [36m<body>[39m
      [36m<div>[39m
        [36m<form[39m
          [33mclass[39m=[32m"patientForm"[39m
        [36m>[39m
          [36m<div[39m
            [33mclass[39m=[32m"formHeader"[39m
          [36m>[39m
            [36m<h2>[39m
              [0mNew Patient[0m
            [36m</h2>[39m
          [36m</div>[39m
          [36m<div[39m
            [33mclass[39m=[32m"formBody"[39m
          [36m>[39m
            [36m<div[39m
              [33mclass[39m=[32m"formGroup"[39m
            [36m>[39m
              [36m<label[39m
                [33mclass[39m=[32m"label"[39m
                [33mfor[39m=[32m"name"[39m
              [36m>[39m
                [0mName [0m
                [36m<span[39m
                  [33mclass[39m=[32m"required"[39m
                [36m>[39m
                  [0m*[0m
                [36m</span>[39m
              [36m</label>[39m
              [36m<input[39m
                [33mclass[39m=[32m"input "[39m
                [33mdisabled[39m=[32m""[39m
                [33mid[39m=[32m"name"[39m
                [33mname[39m=[32m"name"[39m
                [33mplaceholder[39m=[32m"Enter patient name"[39m
                [33mtype[39m=[32m"text"[39m
                [33mvalue[39m=[32m""[39m
              [36m/>[39m
            [36m</div>[39m
            [36m<div[39m
              [33mclass[39m=[32m"formGroup"[39m
            [36m>[39m
              [36m<label[39m
                [33mclass[39m=[32m"label"[39m
                [33mfor[39m=[32m"dob"[39m
              [36m>[39m
                [0mDate of Birth [0m
                [36m<span[39m
                  [33mclass[39m=[32m"required"[39m
                [36m>[39m
                  [0m*[0m
                [36m</span>[39m
              [36m</label>[39m
              [36m<input[39m
                [33mclass[39m=[32m"input "[39m
                [33mdisabled[39m=[32m""[39m
                [33mid[39m=[32m"dob"[39m
                [33mmax[39m=[32m"2026-05-11"[39m
                [33mname[39m=[32m"dob"[39m
                [33mtype[39m=[32m"date"[39m
                [33mvalue[39m=[32m""[39m
              [36m/>[39m
            [36m</div>[39m
            [36m<div[39m
              [33mclass[39m=[32m"formGroup"[39m
            [36m>[39m
              [36m<label[39m
                [33mclass[39m=[32m"label"[39m
                [33mfor[39m=[32m"gender"[39m
              [36m>[39m
                [0mGender [0m
                [36m<span[39m
                  [33mclass[39m=[32m"required"[39m
                [36m>[39m
                  [0m*[0m
                [36m</span>[39m
              [36m</label>[39m
              [36m<select[39m
                [33mclass[39m=[32m"input "[39m
                [33mdisabled[39m=[32m""[39m
                [33mid[39m=[32m"gender"[39m
                [33mname[39m=[32m"gender"[39m
              [36m>[39m
                [36m<option[39m
                  [33mvalue[39m=[32m"M"[39m
                [36m>[39m
                  [0mMale[0m
                [36m</option>[39m
                [36m<option[39m
                  [33mvalue[39m=[32m"F"[39m
                [36m>[39m
                  [0mFemale[0m
                [36m</option>[39m
                [36m<option[39m
                  [33mvalue[39m=[32m"Other"[39m
                [36m>[39m
                  [0mOther[0m
                [36m</option>[39m
              [36m</select>[39m
            [36m</div>[39m
            [36m<div[39m
              [33mclass[39m=[32m"formGroup"[39m
            [36m>[39m
              [36m<label[39m
                [33mclass[39m=[32m"label"[39m
                [33mfor[39m=[32m"phone"[39m
              [36m>[39m
                [0mPhone [0m
                [36m<span[39m
                  [33mclass[39m=[32m"required"[39m
                [36m>[39m
                  [0m*[0m
                [36m</span>[39m
              [36m</label>[39m
              [36m<input[39m
                [33mclass[39m=[32m"input "[39m
                [33mdisabled[39m=[32m""[39m
                [33mid[39m=[32m"phone"[39m
                [33mname[39m=[32m"phone"[39m
                [33mplaceholder[39m=[32m"Enter phone number"[39m
                [33mtype[39m=[32m"tel"[39m
                [33mvalue[39m=[32m""[39m
              [36m/>[39m
            [36m</div>[39m
            [36m<div[39m
              [33mclass[39m=[32m"formGroup"[39m
            [36m>[39m
              [36m<label[39m
                [33mclass[39m=[32m"label"[39m
                [33mfor[39m=[32m"email"[39m
              [36m>[39m
                [0mEmail[0m
              [36m</label>[39m
              [36m<input[39m
                [33mclass[39m=[32m"input "[39m
                [33mdisabled[39m=[32m""[39m
                [33mid[39m=[32m"email"[39m
                [33mname[39m=[32m"email"[39m
                [33mplaceholder[39m=[32m"Enter email address"[39m
                [33mtype[39m=[32m"email"[39m
                [33mvalue[39m=[32m""[39m
              [36m/>[39m
            [36m</div>[39m
            [36m<div[39m
              [33mclass[39m=[32m"formGroup"[39m
            [36m>[39m
              [36m<label[39m
                [33mclass[39m=[32m"label"[39m
                [33mfor[39m=[32m"address"[39m
              [36m>[39m
                [0mAddress[0m
              [36m</label>[39m
              [36m<textarea[39m
                [33mclass[39m=[32m"textarea "[39m
                [33mdisabled[39m=[32m""[39m
                [33mid[39m=[32m"address"[39m
                [33mname[39m=[32m"address"[39m
                [33mplaceholder[39m=[32m"Enter address"[39m
                [33mrows[39m=[32m"3"[39m
              [36m/>[39m
            [36m</div>[39m
          [36m</div>[39m
          [36m<div[39m
            [33mclass[39m=[32m"formFooter"[39m
          [36m>[39m
            [36m<button[39m
              [33mclass[39m=[32m"cancelButton"[39m
              [33mdisabled[39m=[32m""[39m
              [33mtype[39m=[32m"button"[39m
            [36m>[39m
              [0mCancel[0m
            [36m</button>[39m
            [36m<button[39m
              [33mclass[39m=[32m"submitButton"[39m
              [33mdisabled[39m=[32m""[39m
              [33mtype[39m=[32m"submit"[39m
            [36m>[39m
              [0mSaving...[0m
            [36m</button>[39m
          [36m</div>[39m
        [36m</form>[39m
      [36m</div>[39m
    [36m</body>[39m

    [0m [90m 130 |[39m     )[33m;[39m
     [90m 131 |[39m
    [31m[1m>[22m[39m[90m 132 |[39m     [36mconst[39m submitButton 
[33m=[39m screen[33m.[39mgetByText([35m/submit/i[39m)[33m;[39m
     [90m     |[39m                                 [31m[1m^[22m[39m
     [90m 133 |[39m     
expect(submitButton)[33m.[39mtoBeDisabled()[33m;[39m
     [90m 134 |[39m   })[33m;[39m
     [90m 135 |[39m[0m

      at Object.getElementError (node_modules/@testing-library/react/node_modul
es/@testing-library/dom/dist/config.js:37:19)
      at node_modules/@testing-library/react/node_modules/@testing-library/dom/
dist/query-helpers.js:76:38
      at node_modules/@testing-library/react/node_modules/@testing-library/dom/
dist/query-helpers.js:52:17
      at node_modules/@testing-library/react/node_modules/@testing-library/dom/
dist/query-helpers.js:95:19
      at Object.<anonymous> 
(src/components/__tests__/PatientForm.test.tsx:132:33)

  ΓùÅ PatientForm Component ΓÇ║ should clear errors when user types

    TestingLibraryElementError: Unable to find an accessible element with the 
role "button" and name `/submit/i`

    Here are the accessible roles:

      heading:

      Name "New Patient":
      [36m<h2 />[39m

      --------------------------------------------------
      textbox:

      Name "Name *":
      [36m<input[39m
        [33mclass[39m=[32m"input "[39m
        [33mid[39m=[32m"name"[39m
        [33mname[39m=[32m"name"[39m
        [33mplaceholder[39m=[32m"Enter patient name"[39m
        [33mtype[39m=[32m"text"[39m
        [33mvalue[39m=[32m""[39m
      [36m/>[39m

      Name "Phone *":
      [36m<input[39m
        [33mclass[39m=[32m"input "[39m
        [33mid[39m=[32m"phone"[39m
        [33mname[39m=[32m"phone"[39m
        [33mplaceholder[39m=[32m"Enter phone number"[39m
        [33mtype[39m=[32m"tel"[39m
        [33mvalue[39m=[32m""[39m
      [36m/>[39m

      Name "Email":
      [36m<input[39m
        [33mclass[39m=[32m"input "[39m
        [33mid[39m=[32m"email"[39m
        [33mname[39m=[32m"email"[39m
        [33mplaceholder[39m=[32m"Enter email address"[39m
        [33mtype[39m=[32m"email"[39m
        [33mvalue[39m=[32m""[39m
      [36m/>[39m

      Name "Address":
      [36m<textarea[39m
        [33mclass[39m=[32m"textarea "[39m
        [33mid[39m=[32m"address"[39m
        [33mname[39m=[32m"address"[39m
        [33mplaceholder[39m=[32m"Enter address"[39m
        [33mrows[39m=[32m"3"[39m
      [36m/>[39m

      --------------------------------------------------
      combobox:

      Name "Gender *":
      [36m<select[39m
        [33mclass[39m=[32m"input "[39m
        [33mid[39m=[32m"gender"[39m
        [33mname[39m=[32m"gender"[39m
      [36m/>[39m

      --------------------------------------------------
      option:

      Name "Male":
      [36m<option[39m
        [33mvalue[39m=[32m"M"[39m
      [36m/>[39m

      Name "Female":
      [36m<option[39m
        [33mvalue[39m=[32m"F"[39m
      [36m/>[39m

      Name "Other":
      [36m<option[39m
        [33mvalue[39m=[32m"Other"[39m
      [36m/>[39m

      --------------------------------------------------
      button:

      Name "Cancel":
      [36m<button[39m
        [33mclass[39m=[32m"cancelButton"[39m
        [33mtype[39m=[32m"button"[39m
      [36m/>[39m

      Name "Create":
      [36m<button[39m
        [33mclass[39m=[32m"submitButton"[39m
        [33mtype[39m=[32m"submit"[39m
      [36m/>[39m

      --------------------------------------------------

    Ignored nodes: comments, script, style
    [36m<body>[39m
      [36m<div>[39m
        [36m<form[39m
          [33mclass[39m=[32m"patientForm"[39m
        [36m>[39m
          [36m<div[39m
            [33mclass[39m=[32m"formHeader"[39m
          [36m>[39m
            [36m<h2>[39m
              [0mNew Patient[0m
            [36m</h2>[39m
          [36m</div>[39m
          [36m<div[39m
            [33mclass[39m=[32m"formBody"[39m
          [36m>[39m
            [36m<div[39m
              [33mclass[39m=[32m"formGroup"[39m
            [36m>[39m
              [36m<label[39m
                [33mclass[39m=[32m"label"[39m
                [33mfor[39m=[32m"name"[39m
              [36m>[39m
                [0mName [0m
                [36m<span[39m
                  [33mclass[39m=[32m"required"[39m
                [36m>[39m
                  [0m*[0m
                [36m</span>[39m
              [36m</label>[39m
              [36m<input[39m
                [33mclass[39m=[32m"input "[39m
                [33mid[39m=[32m"name"[39m
                [33mname[39m=[32m"name"[39m
                [33mplaceholder[39m=[32m"Enter patient name"[39m
                [33mtype[39m=[32m"text"[39m
                [33mvalue[39m=[32m""[39m
              [36m/>[39m
            [36m</div>[39m
            [36m<div[39m
              [33mclass[39m=[32m"formGroup"[39m
            [36m>[39m
              [36m<label[39m
                [33mclass[39m=[32m"label"[39m
                [33mfor[39m=[32m"dob"[39m
              [36m>[39m
                [0mDate of Birth [0m
                [36m<span[39m
                  [33mclass[39m=[32m"required"[39m
                [36m>[39m
                  [0m*[0m
                [36m</span>[39m
              [36m</label>[39m
              [36m<input[39m
                [33mclass[39m=[32m"input "[39m
                [33mid[39m=[32m"dob"[39m
                [33mmax[39m=[32m"2026-05-11"[39m
                [33mname[39m=[32m"dob"[39m
                [33mtype[39m=[32m"date"[39m
                [33mvalue[39m=[32m""[39m
              [36m/>[39m
            [36m</div>[39m
            [36m<div[39m
              [33mclass[39m=[32m"formGroup"[39m
            [36m>[39m
              [36m<label[39m
                [33mclass[39m=[32m"label"[39m
                [33mfor[39m=[32m"gender"[39m
              [36m>[39m
                [0mGender [0m
                [36m<span[39m
                  [33mclass[39m=[32m"required"[39m
                [36m>[39m
                  [0m*[0m
                [36m</span>[39m
              [36m</label>[39m
              [36m<select[39m
                [33mclass[39m=[32m"input "[39m
                [33mid[39m=[32m"gender"[39m
                [33mname[39m=[32m"gender"[39m
              [36m>[39m
                [36m<option[39m
                  [33mvalue[39m=[32m"M"[39m
                [36m>[39m
                  [0mMale[0m
                [36m</option>[39m
                [36m<option[39m
                  [33mvalue[39m=[32m"F"[39m
                [36m>[39m
                  [0mFemale[0m
                [36m</option>[39m
                [36m<option[39m
                  [33mvalue[39m=[32m"Other"[39m
                [36m>[39m
                  [0mOther[0m
                [36m</option>[39m
              [36m</select>[39m
            [36m</div>[39m
            [36m<div[39m
              [33mclass[39m=[32m"formGroup"[39m
            [36m>[39m
              [36m<label[39m
                [33mclass[39m=[32m"label"[39m
                [33mfor[39m=[32m"phone"[39m
              [36m>[39m
                [0mPhone [0m
                [36m<span[39m
                  [33mclass[39m=[32m"required"[39m
                [36m>[39m
                  [0m*[0m
                [36m</span>[39m
              [36m</label>[39m
              [36m<input[39m
                [33mclass[39m=[32m"input "[39m
                [33mid[39m=[32m"phone"[39m
                [33mname[39m=[32m"phone"[39m
                [33mplaceholder[39m=[32m"Enter phone number"[39m
                [33mtype[39m=[32m"tel"[39m
                [33mvalue[39m=[32m""[39m
              [36m/>[39m
            [36m</div>[39m
            [36m<div[39m
              [33mclass[39m=[32m"formGroup"[39m
            [36m>[39m
              [36m<label[39m
                [33mclass[39m=[32m"label"[39m
                [33mfor[39m=[32m"email"[39m
              [36m>[39m
                [0mEmail[0m
              [36m</label>[39m
              [36m<input[39m
                [33mclass[39m=[32m"input "[39m
                [33mid[39m=[32m"email"[39m
                [33mname[39m=[32m"email"[39m
                [33mplaceholder[39m=[32m"Enter email address"[39m
                [33mtype[39m=[32m"email"[39m
                [33mvalue[39m=[32m""[39m
              [36m/>[39m
            [36m</div>[39m
            [36m<div[39m
              [33mclass[39m=[32m"formGroup"[39m
            [36m>[39m
              [36m<label[39m
                [33mclass[39m=[32m"label"[39m
                [33mfor[39m=[32m"address"[39m
              [36m>[39m
                [0mAddress[0m
              [36m</label>[39m
              [36m<textarea[39m
                [33mclass[39m=[32m"textarea "[39m
                [33mid[39m=[32m"address"[39m
                [33mname[39m=[32m"address"[39m
                [33mplaceholder[39m=[32m"Enter address"[39m
                [33mrows[39m=[32m"3"[39m
              [36m/>[39m
            [36m</div>[39m
          [36m</div>[39m
          [36m<div[39m
            [33mclass[39m=[32m"formFooter"[39m
          [36m>[39m
            [36m<button[39m
              [33mclass[39m=[32m"cancelButton"[39m
              [33mtype[39m=[32m"button"[39m
            [36m>[39m
              [0mCancel[0m
            [36m</button>[39m
            [36m<button[39m
              [33mclass[39m=[32m"submitButton"[39m
              [33mtype[39m=[32m"submit"[39m
            [36m>[39m
              [0mCreate[0m
            [36m</button>[39m
          [36m</div>[39m
        [36m</form>[39m
      [36m</div>[39m
    [36m</body>[39m

    [0m [90m 149 |[39m     )[33m;[39m
     [90m 150 |[39m
    [31m[1m>[22m[39m[90m 151 |[39m     [36mconst[39m submitButton 
[33m=[39m screen[33m.[39mgetByRole([32m'button'[39m[33m,[39m { 
name[33m:[39m [35m/submit/i[39m })[33m;[39m
     [90m     |[39m                                 [31m[1m^[22m[39m
     [90m 152 |[39m     fireEvent[33m.[39mclick(submitButton)[33m;[39m
     [90m 153 |[39m
     [90m 154 |[39m     [36mawait[39m waitFor(() [33m=>[39m {[0m

      at Object.getElementError (node_modules/@testing-library/react/node_modul
es/@testing-library/dom/dist/config.js:37:19)
      at node_modules/@testing-library/react/node_modules/@testing-library/dom/
dist/query-helpers.js:76:38
      at node_modules/@testing-library/react/node_modules/@testing-library/dom/
dist/query-helpers.js:52:17
      at node_modules/@testing-library/react/node_modules/@testing-library/dom/
dist/query-helpers.js:95:19
      at Object.<anonymous> 
(src/components/__tests__/PatientForm.test.tsx:151:33)

  ΓùÅ PatientForm Component ΓÇ║ should handle server-side duplicate phone error

    TestingLibraryElementError: Unable to find an accessible element with the 
role "button" and name `/submit/i`

    Here are the accessible roles:

      heading:

      Name "New Patient":
      [36m<h2 />[39m

      --------------------------------------------------
      textbox:

      Name "Name *":
      [36m<input[39m
        [33mclass[39m=[32m"input "[39m
        [33mid[39m=[32m"name"[39m
        [33mname[39m=[32m"name"[39m
        [33mplaceholder[39m=[32m"Enter patient name"[39m
        [33mtype[39m=[32m"text"[39m
        [33mvalue[39m=[32m"John Doe"[39m
      [36m/>[39m

      Name "Phone *":
      [36m<input[39m
        [33mclass[39m=[32m"input "[39m
        [33mid[39m=[32m"phone"[39m
        [33mname[39m=[32m"phone"[39m
        [33mplaceholder[39m=[32m"Enter phone number"[39m
        [33mtype[39m=[32m"tel"[39m
        [33mvalue[39m=[32m"1234567890"[39m
      [36m/>[39m

      Name "Email":
      [36m<input[39m
        [33mclass[39m=[32m"input "[39m
        [33mid[39m=[32m"email"[39m
        [33mname[39m=[32m"email"[39m
        [33mplaceholder[39m=[32m"Enter email address"[39m
        [33mtype[39m=[32m"email"[39m
        [33mvalue[39m=[32m""[39m
      [36m/>[39m

      Name "Address":
      [36m<textarea[39m
        [33mclass[39m=[32m"textarea "[39m
        [33mid[39m=[32m"address"[39m
        [33mname[39m=[32m"address"[39m
        [33mplaceholder[39m=[32m"Enter address"[39m
        [33mrows[39m=[32m"3"[39m
      [36m/>[39m

      --------------------------------------------------
      combobox:

      Name "Gender *":
      [36m<select[39m
        [33mclass[39m=[32m"input "[39m
        [33mid[39m=[32m"gender"[39m
        [33mname[39m=[32m"gender"[39m
      [36m/>[39m

      --------------------------------------------------
      option:

      Name "Male":
      [36m<option[39m
        [33mvalue[39m=[32m"M"[39m
      [36m/>[39m

      Name "Female":
      [36m<option[39m
        [33mvalue[39m=[32m"F"[39m
      [36m/>[39m

      Name "Other":
      [36m<option[39m
        [33mvalue[39m=[32m"Other"[39m
      [36m/>[39m

      --------------------------------------------------
      button:

      Name "Cancel":
      [36m<button[39m
        [33mclass[39m=[32m"cancelButton"[39m
        [33mtype[39m=[32m"button"[39m
      [36m/>[39m

      Name "Create":
      [36m<button[39m
        [33mclass[39m=[32m"submitButton"[39m
        [33mtype[39m=[32m"submit"[39m
      [36m/>[39m

      --------------------------------------------------

    Ignored nodes: comments, script, style
    [36m<body>[39m
      [36m<div>[39m
        [36m<form[39m
          [33mclass[39m=[32m"patientForm"[39m
        [36m>[39m
          [36m<div[39m
            [33mclass[39m=[32m"formHeader"[39m
          [36m>[39m
            [36m<h2>[39m
              [0mNew Patient[0m
            [36m</h2>[39m
          [36m</div>[39m
          [36m<div[39m
            [33mclass[39m=[32m"formBody"[39m
          [36m>[39m
            [36m<div[39m
              [33mclass[39m=[32m"formGroup"[39m
            [36m>[39m
              [36m<label[39m
                [33mclass[39m=[32m"label"[39m
                [33mfor[39m=[32m"name"[39m
              [36m>[39m
                [0mName [0m
                [36m<span[39m
                  [33mclass[39m=[32m"required"[39m
                [36m>[39m
                  [0m*[0m
                [36m</span>[39m
              [36m</label>[39m
              [36m<input[39m
                [33mclass[39m=[32m"input "[39m
                [33mid[39m=[32m"name"[39m
                [33mname[39m=[32m"name"[39m
                [33mplaceholder[39m=[32m"Enter patient name"[39m
                [33mtype[39m=[32m"text"[39m
                [33mvalue[39m=[32m"John Doe"[39m
              [36m/>[39m
            [36m</div>[39m
            [36m<div[39m
              [33mclass[39m=[32m"formGroup"[39m
            [36m>[39m
              [36m<label[39m
                [33mclass[39m=[32m"label"[39m
                [33mfor[39m=[32m"dob"[39m
              [36m>[39m
                [0mDate of Birth [0m
                [36m<span[39m
                  [33mclass[39m=[32m"required"[39m
                [36m>[39m
                  [0m*[0m
                [36m</span>[39m
              [36m</label>[39m
              [36m<input[39m
                [33mclass[39m=[32m"input "[39m
                [33mid[39m=[32m"dob"[39m
                [33mmax[39m=[32m"2026-05-11"[39m
                [33mname[39m=[32m"dob"[39m
                [33mtype[39m=[32m"date"[39m
                [33mvalue[39m=[32m""[39m
              [36m/>[39m
            [36m</div>[39m
            [36m<div[39m
              [33mclass[39m=[32m"formGroup"[39m
            [36m>[39m
              [36m<label[39m
                [33mclass[39m=[32m"label"[39m
                [33mfor[39m=[32m"gender"[39m
              [36m>[39m
                [0mGender [0m
                [36m<span[39m
                  [33mclass[39m=[32m"required"[39m
                [36m>[39m
                  [0m*[0m
                [36m</span>[39m
              [36m</label>[39m
              [36m<select[39m
                [33mclass[39m=[32m"input "[39m
                [33mid[39m=[32m"gender"[39m
                [33mname[39m=[32m"gender"[39m
              [36m>[39m
                [36m<option[39m
                  [33mvalue[39m=[32m"M"[39m
                [36m>[39m
                  [0mMale[0m
                [36m</option>[39m
                [36m<option[39m
                  [33mvalue[39m=[32m"F"[39m
                [36m>[39m
                  [0mFemale[0m
                [36m</option>[39m
                [36m<option[39m
                  [33mvalue[39m=[32m"Other"[39m
                [36m>[39m
                  [0mOther[0m
                [36m</option>[39m
              [36m</select>[39m
            [36m</div>[39m
            [36m<div[39m
              [33mclass[39m=[32m"formGroup"[39m
            [36m>[39m
              [36m<label[39m
                [33mclass[39m=[32m"label"[39m
                [33mfor[39m=[32m"phone"[39m
              [36m>[39m
  console.warn
    ΓÜá∩╕Å React Router Future Flag Warning: React Router will begin wrapping state updates in `React.startTransition` in v7. You can use the `v7_startTransition` future flag to opt-in early. For more information, see https://reactrouter.com/v6/upgrading/future#v7_starttransition.

    [0m [90m 27 |[39m
     [90m 28 |[39m   it([32m'should render patient information correctly'[39m[33m,[39m () [33m=>[39m {
    [31m[1m>[22m[39m[90m 29 |[39m     render(
     [90m    |[39m           [31m[1m^[22m[39m
     [90m 30 |[39m       [33m<[39m[33mBrowserRouter[39m[33m>[39m
     [90m 31 |[39m         [33m<[39m[33mPatientCard[39m patient[33m=[39m{mockPatient} [33m/[39m[33m>[39m
     [90m 32 |[39m       [33m<[39m[33m/[39m[33mBrowserRouter[39m[33m>[39m[0m

      at warn (node_modules/react-router/lib/deprecations.ts:9:13)
      at warnOnce (node_modules/react-router/lib/deprecations.ts:14:3)
      at Object.logDeprecation [as UNSAFE_logV6DeprecationWarnings] (node_modules/react-router/lib/deprecations.ts:26:5)
      at logV6DeprecationWarnings (node_modules/react-router-dom/index.tsx:816:25)
      at commitHookEffectListMount (node_modules/react-dom/cjs/react-dom.development.js:23189:26)
      at commitPassiveMountOnFiber (node_modules/react-dom/cjs/react-dom.development.js:24970:11)
      at commitPassiveMountEffects_complete (node_modules/react-dom/cjs/react-dom.development.js:24930:9)
      at commitPassiveMountEffects_begin (node_modules/react-dom/cjs/react-dom.development.js:24917:7)
      at commitPassiveMountEffects (node_modules/react-dom/cjs/react-dom.development.js:24905:3)
      at flushPassiveEffectsImpl (node_modules/react-dom/cjs/react-dom.development.js:27078:3)
      at flushPassiveEffects (node_modules/react-dom/cjs/react-dom.development.js:27023:14)
      at node_modules/react-dom/cjs/react-dom.development.js:26808:9
      at flushActQueue (node_modules/react/cjs/react.development.js:2667:24)
      at act (node_modules/react/cjs/react.development.js:2582:11)
      at node_modules/@testing-library/react/dist/act-compat.js:47:25
      at renderRoot (node_modules/@testing-library/react/dist/pure.js:180:26)
      at render (node_modules/@testing-library/react/dist/pure.js:271:10)
      at Object.<anonymous> (src/components/__tests__/PatientCard.test.tsx:29:11)

  console.warn
    ΓÜá∩╕Å React Router Future Flag Warning: Relative route resolution within Splat routes is changing in v7. You can use the `v7_relativeSplatPath` future flag to opt-in early. For more information, see https://reactrouter.com/v6/upgrading/future#v7_relativesplatpath.

    [0m [90m 27 |[39m
     [90m 28 |[39m   it([32m'should render patient information correctly'[39m[33m,[39m () [33m=>[39m {
    [31m[1m>[22m[39m[90m 29 |[39m     render(
     [90m    |[39m           [31m[1m^[22m[39m
     [90m 30 |[39m       [33m<[39m[33mBrowserRouter[39m[33m>[39m
     [90m 31 |[39m         [33m<[39m[33mPatientCard[39m patient[33m=[39m{mockPatient} [33m/[39m[33m>[39m
     [90m 32 |[39m       [33m<[39m[33m/[39m[33mBrowserRouter[39m[33m>[39m[0m

      at warn (node_modules/react-router/lib/deprecations.ts:9:13)
      at warnOnce (node_modules/react-router/lib/deprecations.ts:14:3)
                [0mPhone [0m
                [36m<span[39m
                  [33mclass[39m=[32m"required"[39m
                [36m>[39m
                  [0m*[0m
                [36m</span>[39m
              [36m</label>[39m
              [36m<input[39m
                [33mclass[39m=[32m"input "[39m
                [33mid[39m=[32m"phone"[39m
                [33mname[39m=[32m"phone"[39m
                [33mplaceholder[39m=[32m"Enter phone number"[39m
                [33mtype[39m=[32m"tel"[39m
                [33mvalue[39m=[32m"1234567890"[39m
              [36m/>[39m
            [36m</div>[39m
            [36m<div[39m
              [33mclass[39m=[32m"formGroup"[39m
      at Object.logDeprecation [as UNSAFE_logV6DeprecationWarnings] (node_modules/react-router/lib/deprecations.ts:37:5)
      at logV6DeprecationWarnings (node_modules/react-router-dom/index.tsx:816:25)
      at commitHookEffectListMount (node_modules/react-dom/cjs/react-dom.development.js:23189:26)
      at commitPassiveMountOnFiber (node_modules/react-dom/cjs/react-dom.development.js:24970:11)
      at commitPassiveMountEffects_complete (node_modules/react-dom/cjs/react-dom.development.js:24930:9)
      at commitPassiveMountEffects_begin (node_modules/react-dom/cjs/react-dom.development.js:24917:7)
      at commitPassiveMountEffects (node_modules/react-dom/cjs/react-dom.development.js:24905:3)
      at flushPassiveEffectsImpl (node_modules/react-dom/cjs/react-dom.development.js:27078:3)
      at flushPassiveEffects (node_modules/react-dom/cjs/react-dom.development.js:27023:14)
      at node_modules/react-dom/cjs/react-dom.development.js:26808:9
      at flushActQueue (node_modules/react/cjs/react.development.js:2667:24)
      at act (node_modules/react/cjs/react.development.js:2582:11)
      at node_modules/@testing-library/react/dist/act-compat.js:47:25
      at renderRoot (node_modules/@testing-library/react/dist/pure.js:180:26)
      at render (node_modules/@testing-library/react/dist/pure.js:271:10)
      at Object.<anonymous> (src/components/__tests__/PatientCard.test.tsx:29:11)
            [36m>[39m
              [36m<label[39m
                [33mclass[39m=[32m"label"[39m
                [33mfor[39m=[32m"email"[39m
              [36m>[39m
                [0mEmail[0m
              [36m</label>[39m
              [36m<input[39m
                [33mclass[39m=[32m"input "[39m
                [33mid[39m=[32m"email"[39m
                [33mname[39m=[32m"email"[39m
                [33mplaceholder[39m=[32m"Enter email address"[39m
                [33mtype[39m=[32m"email"[39m
                [33mvalue[39m=[32m""[39m
              [36m/>[39m
            [36m</div>[39m
            [36m<div[39m
              [33mclass[39m=[32m"formGroup"[39m
            [36m>[39m
              [36m<label[39m
                [33mclass[39m=[32m"label"[39m

                [33mfor[39m=[32m"address"[39m
              [36m>[39m
                [0mAddress[0m
              [36m</label>[39m
              [36m<textarea[39m
                [33mclass[39m=[32m"textarea "[39m
                [33mid[39m=[32m"address"[39m
                [33mname[39m=[32m"address"[39m
                [33mplaceholder[39m=[32m"Enter address"[39m
                [33mrows[39m=[32m"3"[39m
              [36m/>[39m
            [36m</div>[39m
          [36m</div>[39m
          [36m<div[39m
            [33mclass[39m=[32m"formFooter"[39m
          [36m>[39m
            [36m<button[39m
              [33mclass[39m=[32m"cancelButton"[39m
              [33mtype[39m=[32m"button"[39m
            [36m>[39m
              [0mCancel[0m
            [36m</button>[39m
            [36m<button[39m
              [33mclass[39m=[32m"submitButton"[39m
              [33mtype[39m=[32m"submit"[39m
            [36m>[39m
              [0mCreate[0m
            [36m</button>[39m
          [36m</div>[39m
        [36m</form>[39m
      [36m</div>[39m
    [36m</body>[39m

    [0m [90m 185 |[39m     })[33m;[39m
     [90m 186 |[39m
    [31m[1m>[22m[39m[90m 187 |[39m     [36mconst[39m submitButton 
[33m=[39m screen[33m.[39mgetByRole([32m'button'[39m[33m,[39m { 
name[33m:[39m [35m/submit/i[39m })[33m;[39m
     [90m     |[39m                                 [31m[1m^[22m[39m
     [90m 188 |[39m     fireEvent[33m.[39mclick(submitButton)[33m;[39m
     [90m 189 |[39m
     [90m 190 |[39m     [36mawait[39m waitFor(() [33m=>[39m {[0m

      at Object.getElementError (node_modules/@testing-library/react/node_modul
es/@testing-library/dom/dist/config.js:37:19)
      at node_modules/@testing-library/react/node_modules/@testing-library/dom/
dist/query-helpers.js:76:38
      at node_modules/@testing-library/react/node_modules/@testing-library/dom/
dist/query-helpers.js:52:17
      at node_modules/@testing-library/react/node_modules/@testing-library/dom/
dist/query-helpers.js:95:19
      at Object.<anonymous> 
(src/components/__tests__/PatientForm.test.tsx:187:33)

PASS src/hooks/__tests__/useAuth.test.tsx
  useAuth hook
    ΓêÜ should provide auth context (15 ms)
    ΓêÜ should login successfully (29 ms)
    ΓêÜ should handle login failure (7 ms)
    ΓêÜ should logout successfully (39 ms)

PASS src/components/__tests__/PatientCard.test.tsx
  PatientCard Component
    ΓêÜ should render patient information correctly (146 ms)
    ΓêÜ should format last visit date correctly (18 ms)
    ΓêÜ should display "No visits yet" when lastVisit is null (14 ms)
    ΓêÜ should navigate to patient profile on click (34 ms)
    ΓêÜ should render female patient correctly (18 ms)
    ΓêÜ should display correct age for different patients (15 ms)
    ΓêÜ should handle different phone formats (20 ms)

PASS src/components/__tests__/ToastContainer.test.tsx
  ToastContainer Component
    ΓêÜ should render toast container (43 ms)
    ΓêÜ should display success toast (33 ms)
    ΓêÜ should display error toast (11 ms)
    ΓêÜ should display warning toast (10 ms)
    ΓêÜ should display info toast (9 ms)
    ΓêÜ should display multiple toasts (26 ms)
    ΓêÜ should close toast when close button clicked (17 ms)
    ΓêÜ should have correct ARIA attributes (15 ms)
    ΓêÜ should handle rapid toast additions (30 ms)
    ΓêÜ should close correct toast when multiple are shown (31 ms)

PASS src/components/__tests__/DateRangeFilter.test.tsx
  DateRangeFilter Component
    ΓêÜ should render date inputs (73 ms)
    ΓêÜ should display initial date values (25 ms)
    ΓêÜ should update local state when dates change (43 ms)
    ΓêÜ should call onApply with valid dates (37 ms)
    ΓêÜ should call onReset when reset button clicked (21 ms)
    ΓêÜ should show alert when from date is after to date (21 ms)
    ΓêÜ should disable inputs when loading (28 ms)
    ΓêÜ should show "Filtering..." text when loading (17 ms)
    ΓêÜ should update local dates when props change (24 ms)

  console.error
    Warning: An update to PatientProfilePage inside a test was not wrapped in act(...).
    
    When testing, code that causes React state updates should be wrapped into act(...):
    
    act(() => {
      /* fire events that update state */
    });
    /* assert on the output */
    
    This ensures that you're testing the behavior the user would see in the browser. Learn more at https://reactjs.org/link/wrap-tests-with-act
        at PatientProfilePage (D:\vipin\projects\doc-patient\frontend\src\pages\PatientProfilePage.tsx:14:27)
        at routeContext (D:\vipin\projects\doc-patient\frontend\node_modules\react-router\lib\hooks.tsx:658:26)
        at children (D:\vipin\projects\doc-patient\frontend\node_modules\react-router\lib\components.tsx:512:3)
        at ToastProvider (D:\vipin\projects\doc-patient\frontend\src\context\ToastContext.tsx:32:63)
        at AuthProvider (D:\vipin\projects\doc-patient\frontend\src\context\AuthContext.tsx:22:67)
        at basenameProp (D:\vipin\projects\doc-patient\frontend\node_modules\react-router\lib\components.tsx:421:13)
        at basename (D:\vipin\projects\doc-patient\frontend\node_modules\react-router\lib\components.tsx:225:3)

    [0m [90m 162 |[39m             [33m<[39m[33mbutton[39m 
     [90m 163 |[39m               className[33m=[39m{styles[33m.[39meditButton}
    [31m[1m>[22m[39m[90m 164 |[39m               onClick[33m=[39m{() [33m=>[39m setShowEditForm([36mtrue[39m)}
     [90m     |[39m                              [31m[1m^[22m[39m
     [90m 165 |[39m             [33m>[39m
     [90m 166 |[39m               [33mEdit[39m
     [90m 167 |[39m             [33m<[39m[33m/[39m[33mbutton[39m[33m>[39m[0m

      at printWarning (node_modules/react-dom/cjs/react-dom.development.js:86:30)
      at error (node_modules/react-dom/cjs/react-dom.development.js:60:7)
      at warnIfUpdatesNotWrappedWithActDEV (node_modules/react-dom/cjs/react-dom.development.js:27628:9)
      at scheduleUpdateOnFiber (node_modules/react-dom/cjs/react-dom.development.js:25547:5)
      at dispatchSetState (node_modules/react-dom/cjs/react-dom.development.js:16708:7)
      at onClick (src/pages/PatientProfilePage.tsx:164:30)
      at HTMLUnknownElement.callCallback (node_modules/react-dom/cjs/react-dom.development.js:4164:14)
      at HTMLUnknownElement.callTheUserObjectsOperation (node_modules/jsdom/lib/jsdom/living/generated/EventListener.js:26:30)
      at innerInvokeEventListeners (node_modules/jsdom/lib/jsdom/living/events/EventTarget-impl.js:350:25)
      at invokeEventListeners (node_modules/jsdom/lib/jsdom/living/events/EventTarget-impl.js:286:3)
      at HTMLUnknownElementImpl._dispatch (node_modules/jsdom/lib/jsdom/living/events/EventTarget-impl.js:233:9)
      at HTMLUnknownElementImpl.dispatchEvent (node_modules/jsdom/lib/jsdom/living/events/EventTarget-impl.js:104:17)
      at HTMLUnknownElement.dispatchEvent (node_modules/jsdom/lib/jsdom/living/generated/EventTarget.js:241:34)
      at Object.invokeGuardedCallbackDev (node_modules/react-dom/cjs/react-dom.development.js:4213:16)
      at invokeGuardedCallback (node_modules/react-dom/cjs/react-dom.development.js:4277:31)
      at invokeGuardedCallbackAndCatchFirstError (node_modules/react-dom/cjs/react-dom.development.js:4291:25)
      at executeDispatch (node_modules/react-dom/cjs/react-dom.development.js:9041:3)
      at processDispatchQueueItemsInOrder (node_modules/react-dom/cjs/react-dom.development.js:9073:7)
      at processDispatchQueue (node_modules/react-dom/cjs/react-dom.development.js:9086:5)
      at dispatchEventsForPlugins (node_modules/react-dom/cjs/react-dom.development.js:9097:3)
      at node_modules/react-dom/cjs/react-dom.development.js:9288:12
      at batchedUpdates$1 (node_modules/react-dom/cjs/react-dom.development.js:26179:12)
      at batchedUpdates (node_modules/react-dom/cjs/react-dom.development.js:3991:12)
      at dispatchEventForPluginEventSystem (node_modules/react-dom/cjs/react-dom.development.js:9287:3)
      at dispatchEventWithEnableCapturePhaseSelectiveHydrationWithoutDiscreteEventReplay (node_modules/react-dom/cjs/react-dom.development.js:6465:5)
      at dispatchEvent (node_modules/react-dom/cjs/react-dom.development.js:6457:5)
      at dispatchDiscreteEvent (node_modules/react-dom/cjs/react-dom.development.js:6430:5)
      at HTMLDivElement.callTheUserObjectsOperation (node_modules/jsdom/lib/jsdom/living/generated/EventListener.js:26:30)
      at innerInvokeEventListeners (node_modules/jsdom/lib/jsdom/living/events/EventTarget-impl.js:350:25)
      at invokeEventListeners (node_modules/jsdom/lib/jsdom/living/events/EventTarget-impl.js:286:3)
      at HTMLButtonElementImpl._dispatch (node_modules/jsdom/lib/jsdom/living/events/EventTarget-impl.js:233:9)
      at fireAnEvent (node_modules/jsdom/lib/jsdom/living/helpers/events.js:18:36)
      at HTMLButtonElementImpl.click (node_modules/jsdom/lib/jsdom/living/nodes/HTMLElement-impl.js:79:5)
      at HTMLButtonElement.click (node_modules/jsdom/lib/jsdom/living/generated/HTMLElement.js:108:34)
      at Object.<anonymous> (src/pages/__tests__/PatientProfilePage.test.tsx:134:16)

PASS src/services/__tests__/prescriptionService.test.ts
  prescriptionService
    getPrescriptionById
      ΓêÜ should fetch prescription by ID (11 ms)
      ΓêÜ should throw error when prescription not found (25 ms)
    getPrescriptionHTML
      ΓêÜ should fetch prescription HTML for printing (4 ms)
      ΓêÜ should throw error on print failure (3 ms)
    markAsPrinted
      ΓêÜ should mark prescription as printed (3 ms)
      ΓêÜ should throw error on mark failure (9 ms)
    edge cases
      ΓêÜ should handle missing prescription ID (2 ms)
      ΓêÜ should handle HTML generation failure (3 ms)
      ΓêÜ should handle malformed HTML response (1 ms)
      ΓêÜ should handle print marking error for already printed prescription 
(1 ms)
      ΓêÜ should handle network timeout on getPrescriptionById (2 ms)
      ΓêÜ should handle network timeout on markAsPrinted (5 ms)
      ΓêÜ should handle 404 for non-existent prescription (3 ms)
      ΓêÜ should handle unauthorized access (2 ms)

PASS src/utils/__tests__/vitals.test.ts
  vitals util
    VITAL_RANGES
      ΓêÜ should have temperature range (2 ms)
      ΓêÜ should have blood pressure ranges (2 ms)
      ΓêÜ should have pulse range (1 ms)
    isVitalNormal
      ΓêÜ should identify normal temperature (1 ms)
      ΓêÜ should identify abnormal temperature (2 ms)
      ΓêÜ should identify normal blood pressure systolic (1 ms)
      ΓêÜ should identify abnormal blood pressure systolic (1 ms)
      ΓêÜ should identify normal blood pressure diastolic
      ΓêÜ should identify abnormal blood pressure diastolic (1 ms)
      ΓêÜ should identify normal pulse (3 ms)
      ΓêÜ should identify abnormal pulse (2 ms)
    isVitalAcceptable
      ΓêÜ should accept values within acceptable range (2 ms)
      ΓêÜ should reject values outside acceptable range (4 ms)
      ΓêÜ should return true for acceptable temperature (2 ms)
      ΓêÜ should return false for unacceptable temperature (1 ms)
      ΓêÜ should return true for acceptable pulse (1 ms)
      ΓêÜ should return false for unacceptable pulse (1 ms)
    getVitalWarning
      ΓêÜ should return null for normal vitals (3 ms)
      ΓêÜ should return warning for low vitals (3 ms)
      ΓêÜ should return warning for high vitals (3 ms)
      ΓêÜ should return elevated warning for borderline vitals (1 ms)
      ΓêÜ should include unit in warning message
      ΓêÜ should include normal range in warning (2 ms)
      ΓêÜ should return null for normal vitals (1 ms)
      ΓêÜ should return warning for high temperature (1 ms)
      ΓêÜ should return warning for low pulse
      ΓêÜ should return danger warning for very high temperature (1 ms)
    VITAL_RANGES validation
      ΓêÜ should have ranges for all vital types (2 ms)
      ΓêÜ should have valid range values (4 ms)
    isVitalNormal additional tests
      ΓêÜ should return true for normal temperature (3 ms)
      ΓêÜ should return false for abnormal temperature (3 ms)
      ΓêÜ should return true for normal blood pressure (2 ms)
      ΓêÜ should return false for high blood pressure (2 ms)
      ΓêÜ should return true for normal pulse (2 ms)
      ΓêÜ should return false for abnormal pulse (1 ms)
    getVitalWarningLevel
      ΓêÜ should return normal for healthy vitals (1 ms)
      ΓêÜ should return warning for concerning vitals (1 ms)
      ΓêÜ should return danger for critical vitals (1 ms)
    formatVital
      ΓêÜ should format temperature with unit
      ΓêÜ should format blood pressure with unit (1 ms)
      ΓêÜ should format pulse with unit (1 ms)
    getVitalsWarnings
      ΓêÜ should return empty object for normal vitals (6 ms)
      ΓêÜ should return warnings for abnormal vitals (2 ms)
      ΓêÜ should return multiple warnings (1 ms)

FAIL src/pages/__tests__/DashboardPage.test.tsx (6.987 s)
  DashboardPage
    ΓêÜ should render dashboard page (473 ms)
    ΓêÜ should load appointments on mount (74 ms)
    ΓêÜ should display appointments after loading (81 ms)
    ΓêÜ should calculate stats correctly (130 ms)
    ΓêÜ should handle loading state (21 ms)
    ΓêÜ should handle error state (94 ms)
    ΓêÜ should show new appointment button (50 ms)
    ├ù should open appointment form when button clicked (1082 ms)
    ΓêÜ should display today date (61 ms)
    ΓêÜ should refresh appointments after scheduling (48 ms)
    ├ù should display empty state when no appointments (1056 ms)
    ΓêÜ should display stats grid (51 ms)

  ΓùÅ DashboardPage ΓÇ║ should open appointment form when button clicked

    Found multiple elements with the text: /schedule/i

    Here are the matching elements:

    Ignored nodes: comments, script, style
    [36m<h1>[39m
      [0mToday's Schedule[0m
    [36m</h1>[39m

    Ignored nodes: comments, script, style
    [36m<h2[39m
      [33mclass[39m=[32m"title"[39m
    [36m>[39m
      [0mSchedule Appointment[0m
    [36m</h2>[39m

    Ignored nodes: comments, script, style
    [36m<button[39m
      [33mclass[39m=[32m"submitButton"[39m
      [33mtype[39m=[32m"submit"[39m
    [36m>[39m
      [0mSchedule Appointment[0m
    [36m</button>[39m

    Ignored nodes: comments, script, style
    [36m<span[39m
      [33mclass[39m=[32m"statusBadge statusScheduled"[39m
    [36m>[39m
      [0mScheduled[0m
    [36m</span>[39m

    Ignored nodes: comments, script, style
    [36m<button[39m
      [33mclass[39m=[32m"actionBtn"[39m
    [36m>[39m
      [0mSchedule Appointment[0m
    [36m</button>[39m

    (If this is intentional, then use the `*AllBy*` variant of the query (like 
`queryAllByText`, `getAllByText`, or `findAllByText`)).

    Ignored nodes: comments, script, style
    [36m<body>[39m
      [36m<div>[39m
        [36m<a[39m
          [33mclass[39m=[32m"skip-link"[39m
          [33mhref[39m=[32m"#main-content"[39m
        [36m>[39m
          [0mSkip to main content[0m
        [36m</a>[39m
        [36m<div[39m
          [33mclass[39m=[32m"layout"[39m
        [36m>[39m
          [36m<header[39m
            [33mclass[39m=[32m"header"[39m
            [33mrole[39m=[32m"banner"[39m
          [36m>[39m
            [36m<div[39m
              [33mclass[39m=[32m"container"[39m
            [36m>[39m
              [36m<div[39m
                [33mclass[39m=[32m"leftSection"[39m
              [36m>[39m
                [36m<button[39m
                  [33maria-expanded[39m=[32m"false"[39m
                  [33maria-label[39m=[32m"Open menu"[39m
                  [33mclass[39m=[32m"hamburger "[39m
                [36m>[39m
                  [36m<span[39m
                    [33mclass[39m=[32m"line"[39m
                  [36m/>[39m
                  [36m<span[39m
                    [33mclass[39m=[32m"line"[39m
                  [36m/>[39m
                  [36m<span[39m
                    [33mclass[39m=[32m"line"[39m
                  [36m/>[39m
                [36m</button>[39m
                [36m<div[39m
                  [33mclass[39m=[32m"logo"[39m
                [36m>[39m
                  [36m<h1>[39m
                    [0mPatient Management System[0m
                  [36m</h1>[39m
                [36m</div>[39m
              [36m</div>[39m
              [36m<div[39m
                [33mclass[39m=[32m"userSection"[39m
              [36m>[39m
                [36m<span[39m
                  [33mclass[39m=[32m"guestText"[39m
                [36m>[39m
                  [0mGuest[0m
                [36m</span>[39m
              [36m</div>[39m
            [36m</div>[39m
          [36m</header>[39m
          [36m<div[39m
            [33mclass[39m=[32m"mainContainer"[39m
          [36m>[39m
            [36m<aside[39m
              [33maria-label[39m=[32m"Main navigation"[39m
              [33mclass[39m=[32m"sidebar "[39m
              [33mrole[39m=[32m"navigation"[39m
            [36m>[39m
              [36m<nav[39m
                [33maria-label[39m=[32m"Primary"[39m
                [33mclass[39m=[32m"nav"[39m
              [36m>[39m
                [36m<a[39m
                  [33mclass[39m=[32m"navItem "[39m
                  [33mhref[39m=[32m"/dashboard"[39m
                [36m>[39m
                  [36m<span[39m
                    [33maria-hidden[39m=[32m"true"[39m
                    [33mclass[39m=[32m"icon"[39m
                  [36m>[39m
                    [0m≡ƒôè[0m
                  [36m</span>[39m
                  [36m<span[39m
                    [33mclass[39m=[32m"label"[39m
                  [36m>[39m
                    [0mDashboard[0m
                  [36m</span>[39m
                [36m</a>[39m
                [36m<a[39m
                  [33mclass[39m=[32m"navItem "[39m
                  [33mhref[39m=[32m"/patients/search"[39m
                [36m>[39m
                  [36m<span[39m
                    [33maria-hidden[39m=[32m"true"[39m
                    [33mclass[39m=[32m"icon"[39m
                  [36m>[39m
                    [0m≡ƒæÑ[0m
                  [36m</span>[39m
                  [36m<span[39m
                    [33mclass[39m=[32m"label"[39m
                  [36m>[39m
                    [0mPatients[0m
                  [36m</span>[39m
                [36m</a>[39m
                [36m<a[39m
                  [33mclass[39m=[32m"navItem "[39m
                  [33mhref[39m=[32m"/appointments"[39m
                [36m>[39m
                  [36m<span[39m
                    [33maria-hidden[39m=[32m"true"[39m
                    [33mclass[39m=[32m"icon"[39m
                  [36m>[39m
                    [0m≡ƒôà[0m
                  [36m</span>[39m
                  [36m<span[39m
                    [33mclass[39m=[32m"label"[39m
                  [36m>[39m
                    [0mAppointments[0m
                  [36m</span>[39m
                [36m</a>[39m
                [36m<a[39m
                  [33mclass[39m=[32m"navItem "[39m
                  [33mhref[39m=[32m"/consultations"[39m
                [36m>[39m
                  [36m<span[39m
                    [33maria-hidden[39m=[32m"true"[39m
                    [33mclass[39m=[32m"icon"[39m
                  [36m>[39m
                    [0m≡ƒ⌐║[0m
                  [36m</span>[39m
                  [36m<span[39m
                    [33mclass[39m=[32m"label"[39m
                  [36m>[39m
                    [0mConsultations[0m
                  [36m</span>[39m
                [36m</a>[39m
                [36m<a[39m
                  [33mclass[39m=[32m"navItem "[39m
                  [33mhref[39m=[32m"/export"[39m
                [36m>[39m
                  [36m<span[39m
                    [33maria-hidden[39m=[32m"true"[39m
                    [33mclass[39m=[32m"icon"[39m
                  [36m>[39m
                    [0m≡ƒôÑ[0m
                  [36m</span>[39m
                  [36m<span[39m
                    [33mclass[39m=[32m"label"[39m
                  [36m>[39m
                    [0mExport Data[0m
                  [36m</span>[39m
                [36m</a>[39m
                [36m<a[39m
                  [33mclass[39m=[32m"navItem "[39m
                  [33mhref[39m=[32m"/reports"[39m
                [36m>[39m
                  [36m<span[39m
                    [33maria-hidden[39m=[32m"true"[39m
                    [33mclass[39m=[32m"icon"[39m
                  [36m>[39m
                    [0m≡ƒôï[0m
                  [36m</span>[39m
                  [36m<span[39m
                    [33mclass[39m=[32m"label"[39m
                  [36m>[39m
                    [0mReports[0m
                  [36m</span>[39m
                [36m</a>[39m
              [36m</nav>[39m
            [36m</aside>[39m
            [36m<main[39m
              [33mclass[39m=[32m"mainContent"[39m
              [33mid[39m=[32m"main-content"[39m
              [33mrole[39m=[32m"main"[39m
            [36m>[39m
              [36m<div[39m
                [33mclass[39m=[32m"dashboard"[39m
              [36m>[39m
                [36m<div[39m
                  [33mclass[39m=[32m"header"[39m
                [36m>[39m
                  [36m<div>[39m
                    [36m<h1>[39m
                      [0mToday's Schedule[0m
                    [36m</h1>[39m
                    [36m<p[39m
                      [33mclass[39m=[32m"subtitle"[39m
                    [36m>[39m
                      [0mMonday, May 11, 2026[0m
                    [36m</p>[39m
                  [36m</div>[39m
                  [36m<button[39m
                    [33mclass[39m=[32m"newAppointmentBtn"[39m
                  [36m>[39m
                    [0m+ New Appointment[0m
                  [36m</button>[39m
                [36m</div>[39m
                [36m<div[39m
                  [33mclass[39m=[32m"statsGrid"[39m
                [36m>[39m
                  [36m<div[39m
                    [33mclass[39m=[32m"statCard"[39m
                  [36m>[39m
                    [36m<div[39m
                      [33mclass[39m=[32m"statValue"[39m
                    [36m>[39m
                      [0m2[0m
                    [36m</div>[39m
                    [36m<div[39m
                      [33mclass[39m=[32m"statLabel"[39m
                    [36m>[39m
                      [0mTotal Appointments[0m
                    [36m</div>[39m
                  [36m</div>[39m
                  [36m<div[39m
                    [33mclass[39m=[32m"statCard"[39m
                  [36m>[39m
                    [36m<div[39m
                      [33mclass[39m=[32m"statValue completed"[39m
                    [36m>[39m
                      [0m1[0m
                    [36m</div>[39m
                    [36m<div[39m
                      [33mclass[39m=[32m"statLabel"[39m
                    [36m>[39m
                      [0mCompleted[0m
                    [36m</div>[39m
                  [36m</div>[39m
                  [36m<div[39m
                    [33mclass[39m=[32m"statCard"[39m
                  [36m>[39m
                    [36m<div[39m
                      [33mclass[39m=[32m"statValue pending"[39m
                    [36m>[39m
                      [0m1[0m
                    [36m</div>[39m
                    [36m<div[39m
                      [33mclass[39m=[32m"statLabel"[39m
                    [36m>[39m
                      [0mPending[0m
                    [36m</div>[39m
                  [36m</div>[39m
                  [36m<div[39m
                    [33mclass[39m=[32m"statCard"[39m
                  [36m>[39m
                    [36m<div[39m
                      [33mclass[39m=[32m"statValue noShow"[39m
                    [36m>[39m
                      [0m0[0m
                    [36m</div>[39m
                    [36m<div[39m
                      [33mclass[39m=[32m"statLabel"[39m
                    [36m>[39m
                      [0mNo-show[0m
                    [36m</div>[39m
                  [36m</div>[39m
                [36m</div>[39m
                [36m<div[39m
                  [33mclass[39m=[32m"modalOverlay"[39m
                [36m>[39m
                  [36m<div[39m
                    [33mclass[39m=[32m"modalContent"[39m
                  [36m>[39m
                    [36m<div[39m
                      [33mclass[39m=[32m"formContainer"[39m
                    [36m>[39m
                      [36m<h2[39m
                        [33mclass[39m=[32m"title"[39m
                      [36m>[39m
                        [0mSchedule Appointment[0m
                      [36m</h2>[39m
                      [36m<form[39m
                        [33mclass[39m=[32m"form"[39m
                      [36m>[39m
                        [36m<div[39m
                          [33mclass[39m=[32m"formGroup"[39m
                        [36m>[39m
                          [36m<label[39m
                            [33mclass[39m=[32m"label"[39m
                          [36m>[39m
                            [0mPatient [0m
                            [36m<span[39m
                              [33mclass[39m=[32m"required"[39m
                            [36m>[39m
                              [0m*[0m
                            [36m</span>[39m
                          [36m</label>[39m
                          [36m<div[39m
                            [33mclass[39m=[32m"searchContainer"[39m
                          [36m>[39m
                            [36m<input[39m
                              [33mclass[39m=[32m"input "[39m
                              [33mplaceholder[39m=[32m"Search by name or 
phone..."[39m
                              [33mtype[39m=[32m"text"[39m
                              [33mvalue[39m=[32m""[39m
                            [36m/>[39m
                          [36m</div>[39m
                        [36m</div>[39m
                        [36m<div[39m
                          [33mclass[39m=[32m"formGroup"[39m
                        [36m>[39m
                          [36m<label[39m
                            [33mclass[39m=[32m"label"[39m
                          [36m>[39m
                            [0mDate & Time [0m
                            [36m<span[39m
                              [33mclass[39m=[32m"required"[39m
                            [36m>[39m
                              [0m*[0m
                            [36m</span>[39m
                          [36m</label>[39m
                          [36m<input[39m
                            [33mclass[39m=[32m"input "[39m
                            [33mmin[39m=[32m"2026-05-11T07:58"[39m
                            [33mtype[39m=[32m"datetime-local"[39m
                            [33mvalue[39m=[32m""[39m
                          [36m/>[39m
                          [36m<div[39m
                            [33mclass[39m=[32m"helpText"[39m
                          [36m>[39m
                            [0mClinic hours: 9 AM - 6 PM[0m
                          [36m</div>[39m
                        [36m</div>[39m
                        [36m<div[39m
                          [33mclass[39m=[32m"formGroup"[39m
                        [36m>[39m
                          [36m<label[39m
                            [33mclass[39m=[32m"label"[39m
                          [36m>[39m
                            [0mReason for Visit [0m
                            [36m<span[39m
                              [33mclass[39m=[32m"required"[39m
                            [36m>[39m
                              [0m*[0m
                            [36m</span>[39m
                          [36m</label>[39m
                          [36m<textarea[39m
                            [33mclass[39m=[32m"textarea "[39m
                            [33mplaceholder[39m=[32m"Enter reason for 
appointment..."[39m
                            [33mrows[39m=[32m"4"[39m
                          [36m/>[39m
                        [36m</div>[39m
                        [36m<div[39m
                          [33mclass[39m=[32m"actions"[39m
                        [36m>[39m
                          [36m<button[39m
                            [33mclass[39m=[32m"cancelButton"[39m
                            [33mtype[39m=[32m"button"[39m
                          [36m>[39m
                            [0mCancel[0m
                          [36m</button>[39m
                          [36m<button[39m
                            [33mclass[39m=[32m"submitButton"[39m
                            [33mtype[39m=[32m"submit"[39m
                          [36m>[39m
                            [0mSchedule Appointment[0m
                          [36m</button>[39m
                        [36m</div>[39m
                      [36m</form>[39m
                    [36m</div>[39m
                  [36m</div>[39m
                [36m</div>[39m
                [36m<div[39m
                  [33mclass[39m=[32m"section"[39m
                [36m>[39m
                  [36m<h2>[39m
                    [0mAppointments[0m
                  [36m</h2>[39m
                  [36m<div[39m
                    [33mclass[39m=[32m"appointmentListContainer"[39m
                  [36m>[39m
                    [36m<div[39m
                      [33mclass[39m=[32m"tableWrapper"[39m
                    [36m>[39m
                      [36m<table[39m
                        [33mclass[39m=[32m"table"[39m
                      [36m>[39m
                        [36m<thead>[39m
                          [36m<tr>[39m
                            [36m<th>[39m
                              [0mTime[0m
                            [36m</th>[39m
                            [36m<th>[39m
                              [0mPatient[0m
                            [36m</th>[39m
                            [36m<th>[39m
                              [0mAge/Gender[0m
                            [36m</th>[39m
                            [36m<th>[39m
                              [0mPhone[0m
                            [36m</th>[39m
                            [36m<th>[39m
                              [0mReason[0m
                            [36m</th>[39m
                            [36m<th>[39m
                              [0mStatus[0m
                            [36m</th>[39m
                            [36m<th>[39m
                              [0mActions[0m
                            [36m</th>[39m
                          [36m</tr>[39m
                        [36m</thead>[39m
                        [36m<tbody>[39m
                          [36m<tr[39m
                            [33mclass[39m=[32m"appointmentRow"[39m
                          [36m>[39m
                            [36m<td[39m
                              [33mclass[39m=[32m"timeCell"[39m
                            [36m>[39m
                              [0mInvalid Date[0m
                            [36m</td>[39m
                            [36m<td[39m
                              [33mclass[39m=[32m"patientCell"[39m
                            [36m>[39m
                              [36m<button[39m
                                [33mclass[39m=[32m"patientLink"[39m
                              [36m>[39m
                                [0mJohn Doe[0m
                              [36m</button>[39m
                            [36m</td>[39m
                            [36m<td>[39m
                              [0mΓÇö[0m
                            [36m</td>[39m
                            [36m<td>[39m
                              [0m1234567890[0m
                            [36m</td>[39m
                            [36m<td[39m
                              [33mclass[39m=[32m"reasonCell"[39m
                            [36m>[39m
                              [0mRegular checkup[0m
                            [36m</td>[39m
                            [36m<td>[39m
                              [36m<span[39m
                                [33mclass[39m=[32m"statusBadge 
statusScheduled"[39m
                              [36m>[39m
                                [0mScheduled[0m
                              [36m</span>[39m
                            [36m</td>[39m
                            [36m<td[39m
                              [33mclass[39m=[32m"actionsCell"[39m
                            [36m>[39m
                              [36m<button[39m
                                [33mclass[39m=[32m"actionBtn"[39m
                                [33mtitle[39m=[32m"Start Consultation"[39m
                              [36m>[39m
                                [0mConsult[0m
                              [36m</button>[39m
                              [36m<button[39m
                                [33mclass[39m=[32m"actionBtn 
successBtn"[39m
                                [33mtitle[39m=[32m"Mark as Completed"[39m
                              [36m>[39m
                                [0mComplete[0m
                              [36m</button>[39m
                              [36m<button[39m
                                [33mclass[39m=[32m"actionBtn 
warningBtn"[39m
                                [33mtitle[39m=[32m"Mark as No-show"[39m
                              [36m>[39m
                                [0mNo-show[0m
                              [36m</button>[39m
                              [36m<button[39m
                                [33mclass[39m=[32m"actionBtn dangerBtn"[39m
                                [33mtitle[39m=[32m"Cancel Appointment"[39m
                              [36m>[39m
                                [0mCancel[0m
                              [36m</button>[39m
                            [36m</td>[39m
                          [36m</tr>[39m
                          [36m<tr[39m
                            [33mclass[39m=[32m"appointmentRow"[39m
                          [36m>[39m
                            [36m<td[39m
                              [33mclass[39m=[32m"timeCell"[39m
                            [36m>[39m
                              [0mInvalid Date[0m
                            [36m</td>[39m
                            [36m<td[39m
                              [33mclass[39m=[32m"patientCell"[39m
                            [36m>[39m
                              [36m<button[39m
                                [33mclass[39m=[32m"patientLink"[39m
                              [36m>[39m
                                [0mJane Smith[0m
                              [36m</button>[39m
                            [36m</td>[39m
                            [36m<td>[39m
                              [0mΓÇö[0m
                            [36m</td>[39m
                            [36m<td>[39m
                              [0m0987654321[0m
                            [36m</td>[39m
                            [36m<td[39m
                              [33mclass[39m=[32m"reasonCell"[39m
                            [36m>[39m
                              [0mFollow-up[0m
                            [36m</td>[39m
                            [36m<td>[39m
                              [36m<span[39m
                                [33mclass[39m=[32m"statusBadge 
statusCompleted"[39m
                              [36m>[39m
                                [0mCompleted[0m
                              [36m</span>[39m
                            [36m</td>[39m
                            [36m<td[39m
                              [33mclass[39m=[32m"actionsCell"[39m
                            [36m/>[39m
                          [36m</tr>[39m
                        [36m</tbody>[39m
                      [36m</table>[39m
                    [36m</div>[39m
                  [36m</div>[39m
                [36m</div>[39m
                [36m<div[39m
                  [33mclass[39m=[32m"section"[39m
                [36m>[39m
                  [36m<h2>[39m
                    [0mQuick Actions[0m
                  [36m</h2>[39m
                  [36m<div[39m
                    [33mclass[39m=[32m"buttons"[39m
                  [36m>[39m
                    [36m<button[39m
                      [33mclass[39m=[32m"actionBtn"[39m
                    [36m>[39m
                      [0mSearch Patient[0m
                    [36m</button>[39m
                    [36m<button[39m
                      [33mclass[39m=[32m"actionBtn"[39m
                    [36m>[39m
                      [0mSchedule Appointment[0m
                    [36m</button>[39m
                  [36m</div>[39m
                [36m</div>[39m
              [36m</div>[39m
            [36m</main>[39m
          [36m</div>[39m
        [36m</div>[39m
      [36m</div>[39m
    [36m</body>[39m

    [0m [90m 120 |[39m     })[33m;[39m
     [90m 121 |[39m
    [31m[1m>[22m[39m[90m 122 |[39m     [36mawait[39m waitFor(() 
[33m=>[39m {
     [90m     |[39m                  [31m[1m^[22m[39m
     [90m 123 |[39m       expect(screen[33m.[39mgetByText([35m/schedule/i
[39m))[33m.[39mtoBeInTheDocument()[33m;[39m
     [90m 124 |[39m     })[33m;[39m
     [90m 125 |[39m   })[33m;[39m[0m

      at waitForWrapper (node_modules/@testing-library/react/node_modules/@test
ing-library/dom/dist/wait-for.js:163:27)
      at Object.<anonymous> (src/pages/__tests__/DashboardPage.test.tsx:122:18)

  ΓùÅ DashboardPage ΓÇ║ should display empty state when no appointments

    Found multiple elements with the text: 0

    Here are the matching elements:

    Ignored nodes: comments, script, style
    [36m<div[39m
      [33mclass[39m=[32m"statValue"[39m
    [36m>[39m
      [0m0[0m
    [36m</div>[39m

    Ignored nodes: comments, script, style
    [36m<div[39m
      [33mclass[39m=[32m"statValue completed"[39m
    [36m>[39m
      [0m0[0m
    [36m</div>[39m

    Ignored nodes: comments, script, style
    [36m<div[39m
      [33mclass[39m=[32m"statValue pending"[39m
    [36m>[39m
      [0m0[0m
    [36m</div>[39m

    Ignored nodes: comments, script, style
    [36m<div[39m
      [33mclass[39m=[32m"statValue noShow"[39m
    [36m>[39m
      [0m0[0m
    [36m</div>[39m

    (If this is intentional, then use the `*AllBy*` variant of the query (like 
`queryAllByText`, `getAllByText`, or `findAllByText`)).

    Ignored nodes: comments, script, style
    [36m<body>[39m
      [36m<div>[39m
        [36m<a[39m
          [33mclass[39m=[32m"skip-link"[39m
          [33mhref[39m=[32m"#main-content"[39m
        [36m>[39m
          [0mSkip to main content[0m
        [36m</a>[39m
        [36m<div[39m
          [33mclass[39m=[32m"layout"[39m
        [36m>[39m
          [36m<header[39m
            [33mclass[39m=[32m"header"[39m
            [33mrole[39m=[32m"banner"[39m
          [36m>[39m
            [36m<div[39m
              [33mclass[39m=[32m"container"[39m
            [36m>[39m
              [36m<div[39m
                [33mclass[39m=[32m"leftSection"[39m
              [36m>[39m
                [36m<button[39m
                  [33maria-expanded[39m=[32m"false"[39m
                  [33maria-label[39m=[32m"Open menu"[39m
                  [33mclass[39m=[32m"hamburger "[39m
                [36m>[39m
                  [36m<span[39m
                    [33mclass[39m=[32m"line"[39m
                  [36m/>[39m
                  [36m<span[39m
                    [33mclass[39m=[32m"line"[39m
                  [36m/>[39m
                  [36m<span[39m
                    [33mclass[39m=[32m"line"[39m
                  [36m/>[39m
                [36m</button>[39m
                [36m<div[39m
                  [33mclass[39m=[32m"logo"[39m
                [36m>[39m
                  [36m<h1>[39m
                    [0mPatient Management System[0m
                  [36m</h1>[39m
                [36m</div>[39m
              [36m</div>[39m
              [36m<div[39m
                [33mclass[39m=[32m"userSection"[39m
              [36m>[39m
                [36m<span[39m
                  [33mclass[39m=[32m"guestText"[39m
                [36m>[39m
                  [0mGuest[0m
                [36m</span>[39m
              [36m</div>[39m
            [36m</div>[39m
          [36m</header>[39m
          [36m<div[39m
            [33mclass[39m=[32m"mainContainer"[39m
          [36m>[39m
            [36m<aside[39m
              [33maria-label[39m=[32m"Main navigation"[39m
              [33mclass[39m=[32m"sidebar "[39m
              [33mrole[39m=[32m"navigation"[39m
            [36m>[39m
              [36m<nav[39m
                [33maria-label[39m=[32m"Primary"[39m
                [33mclass[39m=[32m"nav"[39m
              [36m>[39m
                [36m<a[39m
                  [33mclass[39m=[32m"navItem "[39m
                  [33mhref[39m=[32m"/dashboard"[39m
                [36m>[39m
                  [36m<span[39m
                    [33maria-hidden[39m=[32m"true"[39m
                    [33mclass[39m=[32m"icon"[39m
                  [36m>[39m
                    [0m≡ƒôè[0m
                  [36m</span>[39m
                  [36m<span[39m
                    [33mclass[39m=[32m"label"[39m
                  [36m>[39m
                    [0mDashboard[0m
                  [36m</span>[39m
                [36m</a>[39m
                [36m<a[39m
                  [33mclass[39m=[32m"navItem "[39m
                  [33mhref[39m=[32m"/patients/search"[39m
                [36m>[39m
                  [36m<span[39m
                    [33maria-hidden[39m=[32m"true"[39m
                    [33mclass[39m=[32m"icon"[39m
                  [36m>[39m
                    [0m≡ƒæÑ[0m
                  [36m</span>[39m
                  [36m<span[39m
                    [33mclass[39m=[32m"label"[39m
                  [36m>[39m
                    [0mPatients[0m
                  [36m</span>[39m
                [36m</a>[39m
                [36m<a[39m
                  [33mclass[39m=[32m"navItem "[39m
                  [33mhref[39m=[32m"/appointments"[39m
                [36m>[39m
                  [36m<span[39m
                    [33maria-hidden[39m=[32m"true"[39m
                    [33mclass[39m=[32m"icon"[39m
                  [36m>[39m
                    [0m≡ƒôà[0m
                  [36m</span>[39m
                  [36m<span[39m
                    [33mclass[39m=[32m"label"[39m
                  [36m>[39m
                    [0mAppointments[0m
                  [36m</span>[39m
                [36m</a>[39m
                [36m<a[39m
                  [33mclass[39m=[32m"navItem "[39m
                  [33mhref[39m=[32m"/consultations"[39m
                [36m>[39m
                  [36m<span[39m
                    [33maria-hidden[39m=[32m"true"[39m
                    [33mclass[39m=[32m"icon"[39m
                  [36m>[39m
                    [0m≡ƒ⌐║[0m
                  [36m</span>[39m
                  [36m<span[39m
                    [33mclass[39m=[32m"label"[39m
                  [36m>[39m
                    [0mConsultations[0m
                  [36m</span>[39m
                [36m</a>[39m
                [36m<a[39m
                  [33mclass[39m=[32m"navItem "[39m
                  [33mhref[39m=[32m"/export"[39m
                [36m>[39m
                  [36m<span[39m
                    [33maria-hidden[39m=[32m"true"[39m
                    [33mclass[39m=[32m"icon"[39m
                  [36m>[39m
                    [0m≡ƒôÑ[0m
                  [36m</span>[39m
                  [36m<span[39m
                    [33mclass[39m=[32m"label"[39m
                  [36m>[39m
                    [0mExport Data[0m
                  [36m</span>[39m
                [36m</a>[39m
                [36m<a[39m
                  [33mclass[39m=[32m"navItem "[39m
                  [33mhref[39m=[32m"/reports"[39m
                [36m>[39m
                  [36m<span[39m
                    [33maria-hidden[39m=[32m"true"[39m
                    [33mclass[39m=[32m"icon"[39m
                  [36m>[39m
                    [0m≡ƒôï[0m
                  [36m</span>[39m
                  [36m<span[39m
                    [33mclass[39m=[32m"label"[39m
                  [36m>[39m
                    [0mReports[0m
                  [36m</span>[39m
                [36m</a>[39m
              [36m</nav>[39m
            [36m</aside>[39m
            [36m<main[39m
              [33mclass[39m=[32m"mainContent"[39m
              [33mid[39m=[32m"main-content"[39m
              [33mrole[39m=[32m"main"[39m
            [36m>[39m
              [36m<div[39m
                [33mclass[39m=[32m"dashboard"[39m
              [36m>[39m
                [36m<div[39m
                  [33mclass[39m=[32m"header"[39m
                [36m>[39m
                  [36m<div>[39m
                    [36m<h1>[39m
                      [0mToday's Schedule[0m
                    [36m</h1>[39m
                    [36m<p[39m
                      [33mclass[39m=[32m"subtitle"[39m
                    [36m>[39m
                      [0mMonday, May 11, 2026[0m
                    [36m</p>[39m
                  [36m</div>[39m
                  [36m<button[39m
                    [33mclass[39m=[32m"newAppointmentBtn"[39m
                  [36m>[39m
                    [0m+ New Appointment[0m
                  [36m</button>[39m
                [36m</div>[39m
                [36m<div[39m
                  [33mclass[39m=[32m"statsGrid"[39m
                [36m>[39m
                  [36m<div[39m
                    [33mclass[39m=[32m"statCard"[39m
                  [36m>[39m
                    [36m<div[39m
                      [33mclass[39m=[32m"statValue"[39m
                    [36m>[39m
                      [0m0[0m
                    [36m</div>[39m
                    [36m<div[39m
                      [33mclass[39m=[32m"statLabel"[39m
                    [36m>[39m
                      [0mTotal Appointments[0m
                    [36m</div>[39m
                  [36m</div>[39m
                  [36m<div[39m
                    [33mclass[39m=[32m"statCard"[39m
                  [36m>[39m
                    [36m<div[39m
                      [33mclass[39m=[32m"statValue completed"[39m
                    [36m>[39m
                      [0m0[0m
                    [36m</div>[39m
                    [36m<div[39m
                      [33mclass[39m=[32m"statLabel"[39m
                    [36m>[39m
                      [0mCompleted[0m
                    [36m</div>[39m
                  [36m</div>[39m
                  [36m<div[39m
                    [33mclass[39m=[32m"statCard"[39m
                  [36m>[39m
                    [36m<div[39m
                      [33mclass[39m=[32m"statValue pending"[39m
                    [36m>[39m
                      [0m0[0m
                    [36m</div>[39m
                    [36m<div[39m
                      [33mclass[39m=[32m"statLabel"[39m
                    [36m>[39m
                      [0mPending[0m
                    [36m</div>[39m
                  [36m</div>[39m
                  [36m<div[39m
                    [33mclass[39m=[32m"statCard"[39m
                  [36m>[39m
                    [36m<div[39m
                      [33mclass[39m=[32m"statValue noShow"[39m
                    [36m>[39m
                      [0m0[0m
                    [36m</div>[39m
                    [36m<div[39m
                      [33mclass[39m=[32m"statLabel"[39m
                    [36m>[39m
                      [0mNo-show[0m
                    [36m</div>[39m
                  [36m</div>[39m
                [36m</div>[39m
                [36m<div[39m
                  [33mclass[39m=[32m"section"[39m
                [36m>[39m
                  [36m<h2>[39m
                    [0mAppointments[0m
                  [36m</h2>[39m
                  [36m<div[39m
                    [33mclass[39m=[32m"emptyState"[39m
                  [36m>[39m
                    [36m<p>[39m
                      [0mNo appointments scheduled for today[0m
                    [36m</p>[39m
                  [36m</div>[39m
                [36m</div>[39m
                [36m<div[39m
                  [33mclass[39m=[32m"section"[39m
                [36m>[39m
                  [36m<h2>[39m
                    [0mQuick Actions[0m
                  [36m</h2>[39m
                  [36m<div[39m
                    [33mclass[39m=[32m"buttons"[39m
                  [36m>[39m
                    [36m<button[39m
                      [33mclass[39m=[32m"actionBtn"[39m
                    [36m>[39m
                      [0mSearch Patient[0m
                    [36m</button>[39m
                    [36m<button[39m
                      [33mclass[39m=[32m"actionBtn"[39m
                    [36m>[39m
                      [0mSchedule Appointment[0m
                    [36m</button>[39m
                  [36m</div>[39m
                [36m</div>[39m
              [36m</div>[39m
            [36m</main>[39m
          [36m</div>[39m
        [36m</div>[39m
      [36m</div>[39m
    [36m</body>[39m

    [0m [90m 146 |[39m     renderDashboardPage()[33m;[39m
     [90m 147 |[39m
    [31m[1m>[22m[39m[90m 148 |[39m     [36mawait[39m waitFor(() 
[33m=>[39m {
     [90m     |[39m                  [31m[1m^[22m[39m
     [90m 149 |[39m       expect(screen[33m.[39mgetByText([32m'0'[39m))[
33m.[39mtoBeInTheDocument()[33m;[39m
     [90m 150 |[39m     })[33m;[39m
     [90m 151 |[39m   })[33m;[39m[0m

      at waitForWrapper (node_modules/@testing-library/react/node_modules/@test
ing-library/dom/dist/wait-for.js:163:27)
      at Object.<anonymous> (src/pages/__tests__/DashboardPage.test.tsx:148:18)

PASS src/context/__tests__/ToastContext.test.tsx
  ToastContext
    ΓêÜ should provide toast context (18 ms)
    ΓêÜ should throw error when useToast is used outside provider (73 ms)
    ΓêÜ should add toast when showToast is called (5 ms)
  console.warn
    No routes matched location "/dashboard"

    [0m [90m 29 |[39m
     [90m 30 |[39m   [36mconst[39m renderPrescriptionPage [33m=[39m () [33m=>[39m {
    [31m[1m>[22m[39m[90m 31 |[39m     [36mreturn[39m render(
     [90m    |[39m                  [31m[1m^[22m[39m
     [90m 32 |[39m       [33m<[39m[33mMemoryRouter[39m initialEntries[33m=[39m{[[32m'/prescriptions/1'[39m]}[33m>[39m[37m[41m[1m\[22m[49m[39mn        [33m<[39m[33mAuthProvider[39m[33m>[39m
     [90m 33 |[39m           [33m<[39m[33mToastProvider[39m[33m>[39m
     [90m 34 |[39m             [33m<[39m[33mRoutes[39m[33m>[39m[0m

      at Object.warn [as UNSAFE_warning] (node_modules/@remix-run/router/history.ts:501:49)
      at warning (node_modules/react-router/lib/hooks.tsx:451:5)
      at useRoutesImpl (node_modules/react-router/lib/hooks.tsx:344:10)
      at useRoutes (node_modules/react-router/lib/components.tsx:515:10)
      at renderWithHooks (node_modules/react-dom/cjs/react-dom.development.js:15486:18)
      at updateFunctionComponent (node_modules/react-dom/cjs/react-dom.development.js:19617:20)
      at beginWork (node_modules/react-dom/cjs/react-dom.development.js:21640:16)
      at beginWork$1 (node_modules/react-dom/cjs/react-dom.development.js:27465:14)
      at performUnitOfWork (node_modules/react-dom/cjs/react-dom.development.js:26599:12)
      at workLoopSync (node_modules/react-dom/cjs/react-dom.development.js:26505:5)
      at renderRootSync (node_modules/react-dom/cjs/react-dom.development.js:26473:7)
      at performConcurrentWorkOnRoot (node_modules/react-dom/cjs/react-dom.development.js:25777:74)
      at flushActQueue (node_modules/react/cjs/react.development.js:2667:24)
      at act (node_modules/react/cjs/react.development.js:2582:11)
      at node_modules/@testing-library/react/dist/act-compat.js:47:25
      at renderRoot (node_modules/@testing-library/react/dist/pure.js:180:26)
      at render (node_modules/@testing-library/react/dist/pure.js:271:10)
      at renderPrescriptionPage (src/pages/__tests__/PrescriptionPage.test.tsx:31:18)
      at Object.<anonymous> (src/pages/__tests__/PrescriptionPage.test.tsx:65:5)

  console.error
    Warning: An update to MemoryRouter inside a test was not wrapped in act(...).
    
    When testing, code that causes React state updates should be wrapped into act(...):
    
    act(() => {
      /* fire events that update state */
    });
    /* assert on the output */
    
    This ensures that you're testing the behavior the user would see in the browser. Learn more at https://reactjs.org/link/wrap-tests-with-act
        at basename (D:\vipin\projects\doc-patient\frontend\node_modules\react-router\lib\components.tsx:225:3)

    [0m [90m 148 |[39m       {[90m/* Header */[39m}
     [90m 149 |[39m       [33m<[39m[33mdiv[39m className[33m=[39m{styles[33m.[39mheader}[33m>[39m
    [31m[1m>[22m[39m[90m 150 |[39m         [33m<[39m[33mbutton[39m onClick[33m=[39m{() [33m=>[39m navigate([32m'/patients/search'[39m)} className[33m=[39m{styles[33m.[39mbackLink}[33m>[39m
     [90m     |[39m                                [31m[1m^[22m[39m
     [90m 151 |[39m           ΓåÉ [33mBack[39m to [33mSearch[39m
     [90m 152 |[39m         [33m<[39m[33m/[39m[33mbutton[39m[33m>[39m
     [90m 153 |[39m         [33m<[39m[33mdiv[39m className[33m=[39m{styles[33m.[39mheaderContent}[33m>[39m[0m

      at printWarning (node_modules/react-dom/cjs/react-dom.development.js:86:30)
      at error (node_modules/react-dom/cjs/react-dom.development.js:60:7)
      at warnIfUpdatesNotWrappedWithActDEV (node_modules/react-dom/cjs/react-dom.development.js:27628:9)
      at scheduleUpdateOnFiber (node_modules/react-dom/cjs/react-dom.development.js:25547:5)
      at dispatchSetState (node_modules/react-dom/cjs/react-dom.development.js:16708:7)
      at setStateImpl (node_modules/react-router/lib/components.tsx:250:11)
      at listener (node_modules/@remix-run/router/history.ts:306:9)
      at node_modules/react-router/lib/hooks.tsx:243:62
      at onClick (src/pages/PatientProfilePage.tsx:150:32)
      at HTMLUnknownElement.callCallback (node_modules/react-dom/cjs/react-dom.development.js:4164:14)
      at HTMLUnknownElement.callTheUserObjectsOperation (node_modules/jsdom/lib/jsdom/living/generated/EventListener.js:26:30)
      at innerInvokeEventListeners (node_modules/jsdom/lib/jsdom/living/events/EventTarget-impl.js:350:25)
      at invokeEventListeners (node_modules/jsdom/lib/jsdom/living/events/EventTarget-impl.js:286:3)
      at HTMLUnknownElementImpl._dispatch (node_modules/jsdom/lib/jsdom/living/events/EventTarget-impl.js:233:9)
      at HTMLUnknownElementImpl.dispatchEvent (node_modules/jsdom/lib/jsdom/living/events/EventTarget-impl.js:104:17)
      at HTMLUnknownElement.dispatchEvent (node_modules/jsdom/lib/jsdom/living/generated/EventTarget.js:241:34)
      at Object.invokeGuardedCallbackDev (node_modules/react-dom/cjs/react-dom.development.js:4213:16)
      at invokeGuardedCallback (node_modules/react-dom/cjs/react-dom.development.js:4277:31)
      at invokeGuardedCallbackAndCatchFirstError (node_modules/react-dom/cjs/react-dom.development.js:4291:25)
      at executeDispatch (node_modules/react-dom/cjs/react-dom.development.js:9041:3)
      at processDispatchQueueItemsInOrder (node_modules/react-dom/cjs/react-dom.development.js:9073:7)
      at processDispatchQueue (node_modules/react-dom/cjs/react-dom.development.js:9086:5)
      at dispatchEventsForPlugins (node_modules/react-dom/cjs/react-dom.development.js:9097:3)
      at node_modules/react-dom/cjs/react-dom.development.js:9288:12
      at batchedUpdates$1 (node_modules/react-dom/cjs/react-dom.development.js:26179:12)
      at batchedUpdates (node_modules/react-dom/cjs/react-dom.development.js:3991:12)
      at dispatchEventForPluginEventSystem (node_modules/react-dom/cjs/react-dom.development.js:9287:3)
      at dispatchEventWithEnableCapturePhaseSelectiveHydrationWithoutDiscreteEventReplay (node_modules/react-dom/cjs/react-dom.development.js:6465:5)
      at dispatchEvent (node_modules/react-dom/cjs/react-dom.development.js:6457:5)
      at dispatchDiscreteEvent (node_modules/react-dom/cjs/react-dom.development.js:6430:5)
      at HTMLDivElement.callTheUserObjectsOperation (node_modules/jsdom/lib/jsdom/living/generated/EventListener.js:26:30)
      at innerInvokeEventListeners (node_modules/jsdom/lib/jsdom/living/events/EventTarget-impl.js:350:25)
    ΓêÜ should add toast with default type (2 ms)
    ΓêÜ should add multiple toasts (3 ms)
    ΓêÜ should remove toast when removeToast is called (7 ms)
    ΓêÜ should auto-remove toast after duration (18 ms)
    ΓêÜ should not auto-remove toast with duration 0 (9 ms)
    ΓêÜ should generate unique IDs for each toast (6 ms)
    ΓêÜ should handle different toast types (4 ms)
    ΓêÜ should remove specific toast without affecting others (9 ms)

      at invokeEventListeners (node_modules/jsdom/lib/jsdom/living/events/EventTarget-impl.js:286:3)
      at HTMLButtonElementImpl._dispatch (node_modules/jsdom/lib/jsdom/living/events/EventTarget-impl.js:233:9)
      at fireAnEvent (node_modules/jsdom/lib/jsdom/living/helpers/events.js:18:36)
      at HTMLButtonElementImpl.click (node_modules/jsdom/lib/jsdom/living/nodes/HTMLElement-impl.js:79:5)
      at HTMLButtonElement.click (node_modules/jsdom/lib/jsdom/living/generated/HTMLElement.js:108:34)
      at Object.<anonymous> (src/pages/__tests__/PatientProfilePage.test.tsx:160:16)

  console.error
    Warning: An update to PatientProfilePage inside a test was not wrapped in act(...).
    
    When testing, code that causes React state updates should be wrapped into act(...):
    
    act(() => {
      /* fire events that update state */
    });
    /* assert on the output */
    
    This ensures that you're testing the behavior the user would see in the browser. Learn more at https://reactjs.org/link/wrap-tests-with-act
        at PatientProfilePage (D:\vipin\projects\doc-patient\frontend\src\pages\PatientProfilePage.tsx:14:27)
        at routeContext (D:\vipin\projects\doc-patient\frontend\node_modules\react-router\lib\hooks.tsx:658:26)
        at children (D:\vipin\projects\doc-patient\frontend\node_modules\react-router\lib\components.tsx:512:3)
        at ToastProvider (D:\vipin\projects\doc-patient\frontend\src\context\ToastContext.tsx:32:63)
        at AuthProvider (D:\vipin\projects\doc-patient\frontend\src\context\AuthContext.tsx:22:67)
        at basenameProp (D:\vipin\projects\doc-patient\frontend\node_modules\react-router\lib\components.tsx:421:13)
        at basename (D:\vipin\projects\doc-patient\frontend\node_modules\react-router\lib\components.tsx:225:3)

    [0m [90m 34 |[39m       [36mtry[39m {
     [90m 35 |[39m         [36mconst[39m patientData [33m=[39m [36mawait[39m getPatientById(id)[33m;[39m
    [31m[1m>[22m[39m[90m 36 |[39m         setPatient(patientData)[33m;[39m
     [90m    |[39m         [31m[1m^[22m[39m
     [90m 37 |[39m       } [36mcatch[39m (err[33m:[39m any) {
     [90m 38 |[39m         setError(err[33m.[39mmessage)[33m;[39m
     [90m 39 |[39m       } [36mfinally[39m {[0m

      at printWarning (node_modules/react-dom/cjs/react-dom.development.js:86:30)
      at error (node_modules/react-dom/cjs/react-dom.development.js:60:7)
      at warnIfUpdatesNotWrappedWithActDEV (node_modules/react-dom/cjs/react-dom.development.js:27628:9)
      at scheduleUpdateOnFiber (node_modules/react-dom/cjs/react-dom.development.js:25547:5)
      at dispatchSetState (node_modules/react-dom/cjs/react-dom.development.js:16708:7)
      at loadPatient (src/pages/PatientProfilePage.tsx:36:9)

  console.error
    Warning: An update to PatientProfilePage inside a test was not wrapped in act(...).
    
    When testing, code that causes React state updates should be wrapped into act(...):
    
    act(() => {
      /* fire events that update state */
    });
    /* assert on the output */
    
    This ensures that you're testing the behavior the user would see in the browser. Learn more at https://reactjs.org/link/wrap-tests-with-act
        at PatientProfilePage (D:\vipin\projects\doc-patient\frontend\src\pages\PatientProfilePage.tsx:14:27)
        at routeContext (D:\vipin\projects\doc-patient\frontend\node_modules\react-router\lib\hooks.tsx:658:26)
        at children (D:\vipin\projects\doc-patient\frontend\node_modules\react-router\lib\components.tsx:512:3)
        at ToastProvider (D:\vipin\projects\doc-patient\frontend\src\context\ToastContext.tsx:32:63)
        at AuthProvider (D:\vipin\projects\doc-patient\frontend\src\context\AuthContext.tsx:22:67)
        at basenameProp (D:\vipin\projects\doc-patient\frontend\node_modules\react-router\lib\components.tsx:421:13)
        at basename (D:\vipin\projects\doc-patient\frontend\node_modules\react-router\lib\components.tsx:225:3)

    [0m [90m 38 |[39m         setError(err[33m.[39mmessage)[33m;[39m
     [90m 39 |[39m       } [36mfinally[39m {
    [31m[1m>[22m[39m[90m 40 |[39m         setIsLoading([36mfalse[39m)[33m;[39m
     [90m    |[39m         [31m[1m^[22m[39m
     [90m 41 |[39m       }
     [90m 42 |[39m     }[33m;[39m
     [90m 43 |[39m[0m

      at printWarning (node_modules/react-dom/cjs/react-dom.development.js:86:30)
      at error (node_modules/react-dom/cjs/react-dom.development.js:60:7)
      at warnIfUpdatesNotWrappedWithActDEV (node_modules/react-dom/cjs/react-dom.development.js:27628:9)
      at scheduleUpdateOnFiber (node_modules/react-dom/cjs/react-dom.development.js:25547:5)
      at dispatchSetState (node_modules/react-dom/cjs/react-dom.development.js:16708:7)
      at loadPatient (src/pages/PatientProfilePage.tsx:40:9)

  console.warn
    ΓÜá∩╕Å React Router Future Flag Warning: React Router will begin wrapping state updates in `React.startTransition` in v7. You can use the `v7_startTransition` future flag to opt-in early. For more information, see https://reactrouter.com/v6/upgrading/future#v7_starttransition.

    [0m [90m 37 |[39m     })[33m;[39m
     [90m 38 |[39m
    [31m[1m>[22m[39m[90m 39 |[39m     render(
     [90m    |[39m           [31m[1m^[22m[39m
     [90m 40 |[39m       [33m<[39m[33mBrowserRouter[39m[33m>[39m
     [90m 41 |[39m         [33m<[39m[33mProtectedRoute[39m[33m>[39m
     [90m 42 |[39m           [33m<[39m[33mdiv[39m[33m>[39m[33mProtected[39m [33mContent[39m[33m<[39m[33m/[39m[33mdiv[39m[33m>[39m[0m

      at warn (node_modules/react-router/lib/deprecations.ts:9:13)
      at warnOnce (node_modules/react-router/lib/deprecations.ts:14:3)
      at Object.logDeprecation [as UNSAFE_logV6DeprecationWarnings] (node_modules/react-router/lib/deprecations.ts:26:5)
      at logV6DeprecationWarnings (node_modules/react-router-dom/index.tsx:816:25)
      at commitHookEffectListMount (node_modules/react-dom/cjs/react-dom.development.js:23189:26)
      at commitPassiveMountOnFiber (node_modules/react-dom/cjs/react-dom.development.js:24970:11)
      at commitPassiveMountEffects_complete (node_modules/react-dom/cjs/react-dom.development.js:24930:9)
      at commitPassiveMountEffects_begin (node_modules/react-dom/cjs/react-dom.development.js:24917:7)
      at commitPassiveMountEffects (node_modules/react-dom/cjs/react-dom.development.js:24905:3)
      at flushPassiveEffectsImpl (node_modules/react-dom/cjs/react-dom.development.js:27078:3)
      at flushPassiveEffects (node_modules/react-dom/cjs/react-dom.development.js:27023:14)
      at node_modules/react-dom/cjs/react-dom.development.js:26808:9
      at flushActQueue (node_modules/react/cjs/react.development.js:2667:24)
      at act (node_modules/react/cjs/react.development.js:2582:11)
      at node_modules/@testing-library/react/dist/act-compat.js:47:25
      at renderRoot (node_modules/@testing-library/react/dist/pure.js:180:26)
      at render (node_modules/@testing-library/react/dist/pure.js:271:10)
      at Object.<anonymous> (src/components/__tests__/ProtectedRoute.test.tsx:39:11)

  console.warn
    ΓÜá∩╕Å React Router Future Flag Warning: Relative route resolution within Splat routes is changing in v7. You can use the `v7_relativeSplatPath` future flag to opt-in early. For more information, see https://reactrouter.com/v6/upgrading/future#v7_relativesplatpath.

    [0m [90m 37 |[39m     })[33m;[39m
     [90m 38 |[39m
    [31m[1m>[22m[39m[90m 39 |[39m     render(
     [90m    |[39m           [31m[1m^[22m[39m
     [90m 40 |[39m       [33m<[39m[33mBrowserRouter[39m[33m>[39m
     [90m 41 |[39m         [33m<[39m[33mProtectedRoute[39m[33m>[39m
     [90m 42 |[39m           [33m<[39m[33mdiv[39m[33m>[39m[33mProtected[39m [33mContent[39m[33m<[39m[33m/[39m[33mdiv[39m[33m>[39m[0m

      at warn (node_modules/react-router/lib/deprecations.ts:9:13)
      at warnOnce (node_modules/react-router/lib/deprecations.ts:14:3)
      at Object.logDeprecation [as UNSAFE_logV6DeprecationWarnings] (node_modules/react-router/lib/deprecations.ts:37:5)
      at logV6DeprecationWarnings (node_modules/react-router-dom/index.tsx:816:25)
      at commitHookEffectListMount (node_modules/react-dom/cjs/react-dom.development.js:23189:26)
      at commitPassiveMountOnFiber (node_modules/react-dom/cjs/react-dom.development.js:24970:11)
      at commitPassiveMountEffects_complete (node_modules/react-dom/cjs/react-dom.development.js:24930:9)
      at commitPassiveMountEffects_begin (node_modules/react-dom/cjs/react-dom.development.js:24917:7)
      at commitPassiveMountEffects (node_modules/react-dom/cjs/react-dom.development.js:24905:3)
      at flushPassiveEffectsImpl (node_modules/react-dom/cjs/react-dom.development.js:27078:3)
      at flushPassiveEffects (node_modules/react-dom/cjs/react-dom.development.js:27023:14)
      at node_modules/react-dom/cjs/react-dom.development.js:26808:9
      at flushActQueue (node_modules/react/cjs/react.development.js:2667:24)
      at act (node_modules/react/cjs/react.development.js:2582:11)
      at node_modules/@testing-library/react/dist/act-compat.js:47:25
      at renderRoot (node_modules/@testing-library/react/dist/pure.js:180:26)
      at render (node_modules/@testing-library/react/dist/pure.js:271:10)
      at Object.<anonymous> (src/components/__tests__/ProtectedRoute.test.tsx:39:11)

PASS src/components/__tests__/ProtectedRoute.test.tsx
  ProtectedRoute Component
    ΓêÜ should render children when authenticated (161 ms)
    ΓêÜ should redirect to login when not authenticated (16 ms)
    ΓêÜ should show loading state while checking authentication (22 ms)
    ΓêÜ should not render protected content when loading (15 ms)

PASS src/hooks/__tests__/useDebounce.test.ts
  useDebounce hook
    ΓêÜ should return initial value immediately (37 ms)
    ΓêÜ should debounce value changes (18 ms)
    ΓêÜ should cancel previous timeout on rapid changes (9 ms)
    ΓêÜ should work with numeric values (10 ms)
    ΓêÜ should work with objects (10 ms)
    ΓêÜ should use default delay of 300ms (7 ms)
    ΓêÜ should handle different delay values (4 ms)

FAIL src/pages/__tests__/PatientProfilePage.test.tsx (7.483 s)
  PatientProfilePage
    ΓêÜ should render patient profile page (319 ms)
    ΓêÜ should attempt to load patient information (108 ms)
    ΓêÜ should display patient information (98 ms)
    ΓêÜ should have edit button (310 ms)
    ΓêÜ should show edit form when edit clicked (384 ms)
    ├ù should have tabs for profile, appointments, history (1577 ms)
    ΓêÜ should handle patient load error (69 ms)
    ΓêÜ should show loading state (27 ms)
    ΓêÜ should handle update patient (312 ms)
    ΓêÜ should have back button (146 ms)
    ΓêÜ should navigate to search on back click (257 ms)
    ΓêÜ should display formatted date of birth (67 ms)
    ΓêÜ should display gender as text (56 ms)

  ΓùÅ PatientProfilePage ΓÇ║ should have tabs for profile, appointments, 
history

    TestingLibraryElementError: Unable to find an accessible element with the 
role "tab" and name `/profile/i`

    Here are the accessible roles:

      link:

      Name "Skip to main content":
      [36m<a[39m
        [33mclass[39m=[32m"skip-link"[39m
        [33mhref[39m=[32m"#main-content"[39m
      [36m/>[39m

      Name "Dashboard":
      [36m<a[39m
        [33mclass[39m=[32m"navItem "[39m
        [33mhref[39m=[32m"/dashboard"[39m
      [36m/>[39m

      Name "Patients":
      [36m<a[39m
        [33mclass[39m=[32m"navItem "[39m
        [33mhref[39m=[32m"/patients/search"[39m
      [36m/>[39m

      Name "Appointments":
      [36m<a[39m
        [33mclass[39m=[32m"navItem "[39m
        [33mhref[39m=[32m"/appointments"[39m
      [36m/>[39m

      Name "Consultations":
      [36m<a[39m
        [33mclass[39m=[32m"navItem "[39m
        [33mhref[39m=[32m"/consultations"[39m
      [36m/>[39m

      Name "Export Data":
      [36m<a[39m
        [33mclass[39m=[32m"navItem "[39m
        [33mhref[39m=[32m"/export"[39m
      [36m/>[39m

      Name "Reports":
      [36m<a[39m
        [33mclass[39m=[32m"navItem "[39m
        [33mhref[39m=[32m"/reports"[39m
      [36m/>[39m

      --------------------------------------------------
      banner:

      Name "":
      [36m<header[39m
        [33mclass[39m=[32m"header"[39m
        [33mrole[39m=[32m"banner"[39m
      [36m/>[39m

      --------------------------------------------------
      button:

      Name "Open menu":
      [36m<button[39m
        [33maria-expanded[39m=[32m"false"[39m
        [33maria-label[39m=[32m"Open menu"[39m
        [33mclass[39m=[32m"hamburger "[39m
      [36m/>[39m

      Name "ΓåÉ Back to Search":
      [36m<button[39m
        [33mclass[39m=[32m"backLink"[39m
      [36m/>[39m

      Name "Edit":
      [36m<button[39m
        [33mclass[39m=[32m"editButton"[39m
      [36m/>[39m

      Name "Schedule Appointment":
      [36m<button[39m
        [33mclass[39m=[32m"actionButton"[39m
      [36m/>[39m

      Name "Start Consultation":
      [36m<button[39m
        [33mclass[39m=[32m"actionButton primaryButton"[39m
      [36m/>[39m

      Name "Profile":
      [36m<button[39m
        [33mclass[39m=[32m"tab activeTab"[39m
      [36m/>[39m

      Name "Appointments":
      [36m<button[39m
        [33mclass[39m=[32m"tab "[39m
      [36m/>[39m

      Name "History":
      [36m<button[39m
        [33mclass[39m=[32m"tab "[39m
      [36m/>[39m

      --------------------------------------------------
      heading:

      Name "Patient Management System":
      [36m<h1 />[39m

      Name "John Doe":
      [36m<h1[39m
        [33mclass[39m=[32m"patientName"[39m
      [36m/>[39m

      Name "Personal Information":
      [36m<h2 />[39m

      Name "Registration Details":
      [36m<h2 />[39m

      --------------------------------------------------
      navigation:

      Name "Main navigation":
      [36m<aside[39m
        [33maria-label[39m=[32m"Main navigation"[39m
        [33mclass[39m=[32m"sidebar "[39m
        [33mrole[39m=[32m"navigation"[39m
      [36m/>[39m

      Name "Primary":
      [36m<nav[39m
        [33maria-label[39m=[32m"Primary"[39m
        [33mclass[39m=[32m"nav"[39m
      [36m/>[39m

      --------------------------------------------------
      main:

      Name "":
      [36m<main[39m
        [33mclass[39m=[32m"mainContent"[39m
        [33mid[39m=[32m"main-content"[39m
        [33mrole[39m=[32m"main"[39m
      [36m/>[39m

      --------------------------------------------------

    Ignored nodes: comments, script, style
    [36m<body>[39m
      [36m<div>[39m
        [36m<a[39m
          [33mclass[39m=[32m"skip-link"[39m
          [33mhref[39m=[32m"#main-content"[39m
        [36m>[39m
          [0mSkip to main content[0m
        [36m</a>[39m
        [36m<div[39m
          [33mclass[39m=[32m"layout"[39m
        [36m>[39m
          [36m<header[39m
            [33mclass[39m=[32m"header"[39m
            [33mrole[39m=[32m"banner"[39m
          [36m>[39m
            [36m<div[39m
              [33mclass[39m=[32m"container"[39m
            [36m>[39m
              [36m<div[39m
                [33mclass[39m=[32m"leftSection"[39m
              [36m>[39m
                [36m<button[39m
                  [33maria-expanded[39m=[32m"false"[39m
                  [33maria-label[39m=[32m"Open menu"[39m
                  [33mclass[39m=[32m"hamburger "[39m
                [36m>[39m
                  [36m<span[39m
                    [33mclass[39m=[32m"line"[39m
                  [36m/>[39m
                  [36m<span[39m
                    [33mclass[39m=[32m"line"[39m
                  [36m/>[39m
                  [36m<span[39m
                    [33mclass[39m=[32m"line"[39m
                  [36m/>[39m
                [36m</button>[39m
                [36m<div[39m
                  [33mclass[39m=[32m"logo"[39m
                [36m>[39m
                  [36m<h1>[39m
                    [0mPatient Management System[0m
                  [36m</h1>[39m
                [36m</div>[39m
              [36m</div>[39m
              [36m<div[39m
                [33mclass[39m=[32m"userSection"[39m
              [36m>[39m
                [36m<span[39m
                  [33mclass[39m=[32m"guestText"[39m
                [36m>[39m
                  [0mGuest[0m
                [36m</span>[39m
              [36m</div>[39m
            [36m</div>[39m
          [36m</header>[39m
          [36m<div[39m
            [33mclass[39m=[32m"mainContainer"[39m
          [36m>[39m
            [36m<aside[39m
              [33maria-label[39m=[32m"Main navigation"[39m
              [33mclass[39m=[32m"sidebar "[39m
              [33mrole[39m=[32m"navigation"[39m
            [36m>[39m
              [36m<nav[39m
                [33maria-label[39m=[32m"Primary"[39m
                [33mclass[39m=[32m"nav"[39m
              [36m>[39m
                [36m<a[39m
                  [33mclass[39m=[32m"navItem "[39m
                  [33mhref[39m=[32m"/dashboard"[39m
                [36m>[39m
                  [36m<span[39m
                    [33maria-hidden[39m=[32m"true"[39m
                    [33mclass[39m=[32m"icon"[39m
                  [36m>[39m
                    [0m≡ƒôè[0m
                  [36m</span>[39m
                  [36m<span[39m
                    [33mclass[39m=[32m"label"[39m
                  [36m>[39m
                    [0mDashboard[0m
                  [36m</span>[39m
                [36m</a>[39m
                [36m<a[39m
                  [33mclass[39m=[32m"navItem "[39m
                  [33mhref[39m=[32m"/patients/search"[39m
                [36m>[39m
                  [36m<span[39m
                    [33maria-hidden[39m=[32m"true"[39m
                    [33mclass[39m=[32m"icon"[39m
                  [36m>[39m
                    [0m≡ƒæÑ[0m
                  [36m</span>[39m
                  [36m<span[39m
                    [33mclass[39m=[32m"label"[39m
                  [36m>[39m
                    [0mPatients[0m
                  [36m</span>[39m
                [36m</a>[39m
                [36m<a[39m
                  [33mclass[39m=[32m"navItem "[39m
                  [33mhref[39m=[32m"/appointments"[39m
                [36m>[39m
                  [36m<span[39m
                    [33maria-hidden[39m=[32m"true"[39m
                    [33mclass[39m=[32m"icon"[39m
                  [36m>[39m
                    [0m≡ƒôà[0m
                  [36m</span>[39m
                  [36m<span[39m
                    [33mclass[39m=[32m"label"[39m
                  [36m>[39m
                    [0mAppointments[0m
                  [36m</span>[39m
                [36m</a>[39m
                [36m<a[39m
                  [33mclass[39m=[32m"navItem "[39m
                  [33mhref[39m=[32m"/consultations"[39m
                [36m>[39m
                  [36m<span[39m
                    [33maria-hidden[39m=[32m"true"[39m
                    [33mclass[39m=[32m"icon"[39m
                  [36m>[39m
                    [0m≡ƒ⌐║[0m
                  [36m</span>[39m
                  [36m<span[39m
                    [33mclass[39m=[32m"label"[39m
                  [36m>[39m
                    [0mConsultations[0m
                  [36m</span>[39m
                [36m</a>[39m
                [36m<a[39m
                  [33mclass[39m=[32m"navItem "[39m
                  [33mhref[39m=[32m"/export"[39m
                [36m>[39m
                  [36m<span[39m
                    [33maria-hidden[39m=[32m"true"[39m
                    [33mclass[39m=[32m"icon"[39m
                  [36m>[39m
                    [0m≡ƒôÑ[0m
                  [36m</span>[39m
                  [36m<span[39m
                    [33mclass[39m=[32m"label"[39m
                  [36m>[39m
                    [0mExport Data[0m
                  [36m</span>[39m
                [36m</a>[39m
                [36m<a[39m
                  [33mclass[39m=[32m"navItem "[39m
                  [33mhref[39m=[32m"/reports"[39m
                [36m>[39m
                  [36m<span[39m
                    [33maria-hidden[39m=[32m"true"[39m
                    [33mclass[39m=[32m"icon"[39m
                  [36m>[39m
                    [0m≡ƒôï[0m
                  [36m</span>[39m
                  [36m<span[39m
                    [33mclass[39m=[32m"label"[39m
                  [36m>[39m
                    [0mReports[0m
                  [36m</span>[39m
                [36m</a>[39m
              [36m</nav>[39m
            [36m</aside>[39m
            [36m<main[39m
              [33mclass[39m=[32m"mainContent"[39m
              [33mid[39m=[32m"main-content"[39m
              [33mrole[39m=[32m"main"[39m
            [36m>[39m
              [36m<div[39m
                [33mclass[39m=[32m"profilePage"[39m
              [36m>[39m
                [36m<div[39m
                  [33mclass[39m=[32m"header"[39m
                [36m>[39m
                  [36m<button[39m
                    [33mclass[39m=[32m"backLink"[39m
                  [36m>[39m
                    [0mΓåÉ Back to Search[0m
                  [36m</button>[39m
                  [36m<div[39m
                    [33mclass[39m=[32m"headerContent"[39m
                  [36m>[39m
                    [36m<div[39m
                      [33mclass[39m=[32m"patientInfo"[39m
                    [36m>[39m
                      [36m<h1[39m
                        [33mclass[39m=[32m"patientName"[39m
                      [36m>[39m
                        [0mJohn Doe[0m
                      [36m</h1>[39m
                      [36m<div[39m
                        [33mclass[39m=[32m"badges"[39m
                      [36m>[39m
                        [36m<span[39m
                          [33mclass[39m=[32m"badge"[39m
                        [36m>[39m
                          [0m36[0m
                          [0m years[0m
                        [36m</span>[39m
                        [36m<span[39m
                          [33mclass[39m=[32m"badge"[39m
                        [36m>[39m
                          [0mMale[0m
                        [36m</span>[39m
                      [36m</div>[39m
                    [36m</div>[39m
                    [36m<div[39m
                      [33mclass[39m=[32m"actions"[39m
                    [36m>[39m
                      [36m<button[39m
                        [33mclass[39m=[32m"editButton"[39m
                      [36m>[39m
                        [0mEdit[0m
                      [36m</button>[39m
                      [36m<button[39m
                        [33mclass[39m=[32m"actionButton"[39m
                      [36m>[39m
                        [0mSchedule Appointment[0m
                      [36m</button>[39m
                      [36m<button[39m
                        [33mclass[39m=[32m"actionButton primaryButton"[39m
                      [36m>[39m
                        [0mStart Consultation[0m
                      [36m</button>[39m
                    [36m</div>[39m
                  [36m</div>[39m
                [36m</div>[39m
                [36m<div[39m
                  [33mclass[39m=[32m"tabs"[39m
                [36m>[39m
                  [36m<button[39m
                    [33mclass[39m=[32m"tab activeTab"[39m
                  [36m>[39m
                    [0mProfile[0m
                  [36m</button>[39m
                  [36m<button[39m
                    [33mclass[39m=[32m"tab "[39m
                  [36m>[39m
                    [0mAppointments[0m
                  [36m</button>[39m
                  [36m<button[39m
                    [33mclass[39m=[32m"tab "[39m
                  [36m>[39m
                    [0mHistory[0m
                  [36m</button>[39m
                [36m</div>[39m
                [36m<div[39m
                  [33mclass[39m=[32m"tabContent"[39m
                [36m>[39m
                  [36m<div[39m
                    [33mclass[39m=[32m"profileTab"[39m
                  [36m>[39m
                    [36m<div[39m
                      [33mclass[39m=[32m"infoSection"[39m
                    [36m>[39m
                      [36m<h2>[39m
                        [0mPersonal Information[0m
                      [36m</h2>[39m
                      [36m<div[39m
                        [33mclass[39m=[32m"infoGrid"[39m
                      [36m>[39m
                        [36m<div[39m
                          [33mclass[39m=[32m"infoItem"[39m
                        [36m>[39m
                          [36m<span[39m
                            [33mclass[39m=[32m"label"[39m
                          [36m>[39m
                            [0mDate of Birth[0m
                          [36m</span>[39m
                          [36m<span[39m
                            [33mclass[39m=[32m"value"[39m
                          [36m>[39m
                            [0mJanuary 1, 1990[0m
                          [36m</span>[39m
                        [36m</div>[39m
                        [36m<div[39m
                          [33mclass[39m=[32m"infoItem"[39m
                        [36m>[39m
                          [36m<span[39m
                            [33mclass[39m=[32m"label"[39m
                          [36m>[39m
                            [0mAge[0m
                          [36m</span>[39m
                          [36m<span[39m
                            [33mclass[39m=[32m"value"[39m
                          [36m>[39m
                            [0m36[0m
                            [0m years[0m
                          [36m</span>[39m
                        [36m</div>[39m
                        [36m<div[39m
                          [33mclass[39m=[32m"infoItem"[39m
                        [36m>[39m
                          [36m<span[39m
                            [33mclass[39m=[32m"label"[39m
                          [36m>[39m
                            [0mGender[0m
                          [36m</span>[39m
                          [36m<span[39m
                            [33mclass[39m=[32m"value"[39m
                          [36m>[39m
                            [0mMale[0m
                          [36m</span>[39m
                        [36m</div>[39m
                        [36m<div[39m
                          [33mclass[39m=[32m"infoItem"[39m
                        [36m>[39m
                          [36m<span[39m
                            [33mclass[39m=[32m"label"[39m
                          [36m>[39m
                            [0mPhone[0m
                          [36m</span>[39m
                          [36m<span[39m
                            [33mclass[39m=[32m"value"[39m
                          [36m>[39m
                            [0m1234567890[0m
                          [36m</span>[39m
                        [36m</div>[39m
                        [36m<div[39m
                          [33mclass[39m=[32m"infoItem"[39m
                        [36m>[39m
                          [36m<span[39m
                            [33mclass[39m=[32m"label"[39m
                          [36m>[39m
                            [0mEmail[0m
                          [36m</span>[39m
                          [36m<span[39m
                            [33mclass[39m=[32m"value"[39m
                          [36m>[39m
                            [0mjohn@example.com[0m
                          [36m</span>[39m
                        [36m</div>[39m
                        [36m<div[39m
                          [33mclass[39m=[32m"infoItem"[39m
                        [36m>[39m
                          [36m<span[39m
                            [33mclass[39m=[32m"label"[39m
                          [36m>[39m
                            [0mAddress[0m
                          [36m</span>[39m
                          [36m<span[39m
                            [33mclass[39m=[32m"value"[39m
                          [36m>[39m
                            [0m123 Main St[0m
                          [36m</span>[39m
                        [36m</div>[39m
                      [36m</div>[39m
                    [36m</div>[39m
                    [36m<div[39m
                      [33mclass[39m=[32m"infoSection"[39m
                    [36m>[39m
                      [36m<h2>[39m
                        [0mRegistration Details[0m
                      [36m</h2>[39m
                      [36m<div[39m
                        [33mclass[39m=[32m"infoGrid"[39m
                      [36m>[39m
                        [36m<div[39m
                          [33mclass[39m=[32m"infoItem"[39m
                        [36m>[39m
                          [36m<span[39m
                            [33mclass[39m=[32m"label"[39m
                          [36m>[39m
                            [0mPatient ID[0m
                          [36m</span>[39m
                          [36m<span[39m
                            [33mclass[39m=[32m"value"[39m
                          [36m>[39m
                            [0m1[0m
                          [36m</span>[39m
                        [36m</div>[39m
                      [36m</div>[39m
  console.warn
    ΓÜá∩╕Å React Router Future Flag Warning: React Router will begin wrapping state updates in `React.startTransition` in v7. You can use the `v7_startTransition` future flag to opt-in early. For more information, see https://reactrouter.com/v6/upgrading/future#v7_starttransition.

    [0m [90m 28 |[39m describe([32m'App Component'[39m[33m,[39m () [33m=>[39m {
     [90m 29 |[39m   it([32m'should render without crashing'[39m[33m,[39m () [33m=>[39m {
    [31m[1m>[22m[39m[90m 30 |[39m     render([33m<[39m[33mApp[39m [33m/[39m[33m>[39m)[33m;[39m
     [90m    |[39m           [31m[1m^[22m[39m
     [90m 31 |[39m     expect(document[33m.[39mbody)[33m.[39mtoBeInTheDocument()[33m;[39m
     [90m 32 |[39m   })[33m;[39m
     [90m 33 |[39m[0m

      at warn (node_modules/react-router/lib/deprecations.ts:9:13)
      at warnOnce (node_modules/react-router/lib/deprecations.ts:14:3)
      at Object.logDeprecation [as UNSAFE_logV6DeprecationWarnings] (node_modules/react-router/lib/deprecations.ts:26:5)
      at logV6DeprecationWarnings (node_modules/react-router-dom/index.tsx:816:25)
                    [36m</div>[39m
                  [36m</div>[39m
                [36m</div>[39m
              [36m</div>[39m
            [36m</main>[39m
          [36m</div>[39m
        [36m</div>[39m
      [36m</div>[39m
    [36m</body>[39m

    [0m [90m 93 |[39m     })[33m;[39m
     [90m 94 |[39m
    [31m[1m>[22m[39m[90m 95 |[39m     
expect(screen[33m.[39mgetByRole([32m'tab'[39m[33m,[39m { name[33m:[39m 
[35m/profile/i[39m }))[33m.[39mtoBeInTheDocument()[33m;[39m
     [90m    |[39m                   [31m[1m^[22m[39m
     [90m 96 |[39m     
expect(screen[33m.[39mgetByRole([32m'tab'[39m[33m,[39m { name[33m:[39m 
[35m/appointments/i[39m }))[33m.[39mtoBeInTheDocument()[33m;[39m
     [90m 97 |[39m   })[33m;[39m
     [90m 98 |[39m[0m

      at Object.getElementError (node_modules/@testing-library/react/node_modul
es/@testing-library/dom/dist/config.js:37:19)
      at node_modules/@testing-library/react/node_modules/@testing-library/dom/
dist/query-helpers.js:76:38
      at node_modules/@testing-library/react/node_modules/@testing-library/dom/
dist/query-helpers.js:52:17
      at node_modules/@testing-library/react/node_modules/@testing-library/dom/
dist/query-helpers.js:95:19
      at Object.<anonymous> 
(src/pages/__tests__/PatientProfilePage.test.tsx:95:19)

      at commitHookEffectListMount (node_modules/react-dom/cjs/react-dom.development.js:23189:26)
      at commitPassiveMountOnFiber (node_modules/react-dom/cjs/react-dom.development.js:24970:11)
      at commitPassiveMountEffects_complete (node_modules/react-dom/cjs/react-dom.development.js:24930:9)
      at commitPassiveMountEffects_begin (node_modules/react-dom/cjs/react-dom.development.js:24917:7)
      at commitPassiveMountEffects (node_modules/react-dom/cjs/react-dom.development.js:24905:3)
      at flushPassiveEffectsImpl (node_modules/react-dom/cjs/react-dom.development.js:27078:3)
      at flushPassiveEffects (node_modules/react-dom/cjs/react-dom.development.js:27023:14)
      at node_modules/react-dom/cjs/react-dom.development.js:26808:9
      at flushActQueue (node_modules/react/cjs/react.development.js:2667:24)
      at act (node_modules/react/cjs/react.development.js:2582:11)
      at node_modules/@testing-library/react/dist/act-compat.js:47:25
      at renderRoot (node_modules/@testing-library/react/dist/pure.js:180:26)
      at render (node_modules/@testing-library/react/dist/pure.js:271:10)
      at Object.<anonymous> (src/__tests__/App.test.tsx:30:11)

  console.warn
    ΓÜá∩╕Å React Router Future Flag Warning: Relative route resolution within Splat routes is changing in v7. You can use the `v7_relativeSplatPath` future flag to opt-in early. For more information, see https://reactrouter.com/v6/upgrading/future#v7_relativesplatpath.

    [0m [90m 28 |[39m describe([32m'App Component'[39m[33m,[39m () [33m=>[39m {
     [90m 29 |[39m   it([32m'should render without crashing'[39m[33m,[39m () [33m=>[39m {
    [31m[1m>[22m[39m[90m 30 |[39m     render([33m<[39m[33mApp[39m [33m/[39m[33m>[39m)[33m;[39m
     [90m    |[39m           [31m[1m^[22m[39m
     [90m 31 |[39m     expect(document[33m.[39mbody)[33m.[39mtoBeInTheDocument()[33m;[39m
     [90m 32 |[39m   })[33m;[39m
     [90m 33 |[39m[0m

      at warn (node_modules/react-router/lib/deprecations.ts:9:13)
      at warnOnce (node_modules/react-router/lib/deprecations.ts:14:3)
      at Object.logDeprecation [as UNSAFE_logV6DeprecationWarnings] (node_modules/react-router/lib/deprecations.ts:37:5)
      at logV6DeprecationWarnings (node_modules/react-router-dom/index.tsx:816:25)
      at commitHookEffectListMount (node_modules/react-dom/cjs/react-dom.development.js:23189:26)
      at commitPassiveMountOnFiber (node_modules/react-dom/cjs/react-dom.development.js:24970:11)
      at commitPassiveMountEffects_complete (node_modules/react-dom/cjs/react-dom.development.js:24930:9)
      at commitPassiveMountEffects_begin (node_modules/react-dom/cjs/react-dom.development.js:24917:7)
      at commitPassiveMountEffects (node_modules/react-dom/cjs/react-dom.development.js:24905:3)
      at flushPassiveEffectsImpl (node_modules/react-dom/cjs/react-dom.development.js:27078:3)
      at flushPassiveEffects (node_modules/react-dom/cjs/react-dom.development.js:27023:14)
      at node_modules/react-dom/cjs/react-dom.development.js:26808:9
      at flushActQueue (node_modules/react/cjs/react.development.js:2667:24)
      at act (node_modules/react/cjs/react.development.js:2582:11)
      at node_modules/@testing-library/react/dist/act-compat.js:47:25
      at renderRoot (node_modules/@testing-library/react/dist/pure.js:180:26)
      at render (node_modules/@testing-library/react/dist/pure.js:271:10)
      at Object.<anonymous> (src/__tests__/App.test.tsx:30:11)

  console.error
    Warning: A suspended resource finished loading inside a test, but the event was not wrapped in act(...).
    
    When testing, code that resolves suspended data should be wrapped into act(...):
    
    act(() => {
      /* finish loading suspended data */
    });
    /* assert on the output */
    
    This ensures that you're testing the behavior the user would see in the browser. Learn more at https://reactjs.org/link/wrap-tests-with-act

      at printWarning (node_modules/react-dom/cjs/react-dom.development.js:86:30)
      at error (node_modules/react-dom/cjs/react-dom.development.js:60:7)
      at warnIfSuspenseResolutionNotWrappedWithActDEV (node_modules/react-dom/cjs/react-dom.development.js:27643:7)
      at pingSuspendedRoot (node_modules/react-dom/cjs/react-dom.development.js:27228:3)

PASS src/services/__tests__/appointmentService.test.ts
  appointmentService
    getAppointmentsByDate
      ΓêÜ should fetch appointments for a specific date (5 ms)
      ΓêÜ should fetch appointments with status filter (2 ms)
      ΓêÜ should throw error on failed fetch (16 ms)
      ΓêÜ should throw generic error on network failure (1 ms)
    createAppointment
      ΓêÜ should create a new appointment (3 ms)
      ΓêÜ should throw error on creation failure (2 ms)
    updateAppointment
      ΓêÜ should update appointment status (1 ms)
      ΓêÜ should throw error on update failure (1 ms)
    getAppointmentById
      ΓêÜ should fetch appointment by ID (2 ms)
      ΓêÜ should throw error when appointment not found (1 ms)
    edge cases
      ΓêÜ should handle empty appointments list (1 ms)
      ΓêÜ should handle malformed response (2 ms)
      ΓêÜ should handle appointment time conflict (1 ms)
      ΓêÜ should handle invalid date format (2 ms)
      ΓêÜ should handle network timeout (1 ms)

PASS src/__tests__/App.test.tsx
  App Component
    ΓêÜ should render without crashing (282 ms)
    ΓêÜ should render the app container (26 ms)
    ΓêÜ should wrap app with providers (14 ms)

PASS src/services/__tests__/patientService.test.ts
  patientService
    searchPatients
      ΓêÜ should search patients by query (5 ms)
      ΓêÜ should use custom limit (3 ms)
      ΓêÜ should throw error on search failure (24 ms)
    getPatientById
      ΓêÜ should fetch patient by ID (3 ms)
      ΓêÜ should throw error when patient not found (1 ms)
    createPatient
      ΓêÜ should create new patient (1 ms)
      ΓêÜ should throw error on creation failure (2 ms)
    updatePatient
      ΓêÜ should update patient (3 ms)
      ΓêÜ should throw error on update failure (3 ms)
    getAllPatients
      ΓêÜ should fetch all patients with default pagination (5 ms)
      ΓêÜ should use custom pagination (1 ms)
      ΓêÜ should throw error on fetch failure (3 ms)
    validatePatientInput
      ΓêÜ should validate correct patient input (2 ms)
      ΓêÜ should return error for missing name (1 ms)
      ΓêÜ should return error for invalid name format (1 ms)
      ΓêÜ should return error for missing DOB (1 ms)
      ΓêÜ should return error for invalid DOB (1 ms)
      ΓêÜ should return error for future DOB (1 ms)
      ΓêÜ should return error for invalid gender (1 ms)
      ΓêÜ should return error for missing phone
      ΓêÜ should return error for invalid phone format
      ΓêÜ should return error for invalid email format (1 ms)
      ΓêÜ should allow missing email (1 ms)
      ΓêÜ should return multiple errors for invalid input (3 ms)
      ΓêÜ should validate long phone numbers (1 ms)
      ΓêÜ should reject too short phone numbers (1 ms)
      ΓêÜ should handle very long names (1 ms)
      ΓêÜ should handle names with numbers (1 ms)
      ΓêÜ should handle very old dates (1 ms)
    edge cases
      ΓêÜ should handle empty search results (1 ms)
      ΓêÜ should handle network timeout in search (1 ms)
      ΓêÜ should handle malformed response in getPatientById (1 ms)
      ΓêÜ should handle duplicate phone in createPatient (1 ms)

PASS src/utils/__tests__/medications.test.ts
  medications util
    COMMON_MEDICATIONS
      ΓêÜ should contain common pain medications (3 ms)
      ΓêÜ should contain antibiotics (1 ms)
      ΓêÜ should contain cold and cough medicines (1 ms)
      ΓêÜ should contain stomach medicines
      ΓêÜ should contain diabetes medications (1 ms)
      ΓêÜ should contain blood pressure medications
      ΓêÜ should contain vitamins and supplements
      ΓêÜ should be sorted alphabetically (1 ms)
      ΓêÜ should have no duplicates (1 ms)
      ΓêÜ should contain at least 30 medications (1 ms)
      ΓêÜ should only contain string values (10 ms)
      ΓêÜ should not contain empty strings (3 ms)
    FREQUENCY_OPTIONS
      ΓêÜ should contain daily frequency options (1 ms)
      ΓêÜ should contain hourly frequency options (1 ms)
      ΓêÜ should contain meal-related options (1 ms)
      ΓêÜ should contain as-needed option
      ΓêÜ should contain bedtime option (1 ms)
      ΓêÜ should have at least 10 options
      ΓêÜ should only contain string values (4 ms)
      ΓêÜ should not have duplicates
      ΓêÜ should not contain empty strings (2 ms)

PASS src/services/__tests__/exportService.test.ts
  exportService
    exportPatients
      ΓêÜ should export patients as CSV (8 ms)
      ΓêÜ should export patients with date range (1 ms)
      ΓêÜ should throw error on export failure (12 ms)
    exportConsultations
      ΓêÜ should export consultations as CSV (1 ms)
      ΓêÜ should export consultations as PDF (2 ms)
      ΓêÜ should throw error on export failure (2 ms)
    downloadFile
      ΓêÜ should trigger file download (2 ms)

FAIL src/config/__tests__/config.test.ts
  ΓùÅ Test suite failed to run

    Jest encountered an unexpected token

    Jest failed to parse a file. This happens e.g. when your code or its 
dependencies use non-standard JavaScript syntax, or when Jest is not 
configured to support such syntax.

    Out of the box Jest supports Babel, which will be used to transform your 
files into valid JS based on your Babel configuration.

    By default "node_modules" folder is ignored by transformers.

    Here's what you can do:
     ΓÇó If you are trying to use ECMAScript Modules, see 
https://jestjs.io/docs/ecmascript-modules for how to enable it.
     ΓÇó If you are trying to use TypeScript, see 
https://jestjs.io/docs/getting-started#using-typescript
     ΓÇó To have some of your "node_modules" files transformed, you can 
specify a custom "transformIgnorePatterns" in your config.
     ΓÇó If you need a custom transformation specify a "transform" option in 
your config.
     ΓÇó If you simply want to mock your non-JS modules (e.g. binary assets) 
you can stub them out with the "moduleNameMapper" config option.

    You'll find more details and examples of these config options in the docs:
    https://jestjs.io/docs/configuration
    For information about custom transformations, see:
    https://jestjs.io/docs/code-transformation

    Details:

    D:\vipin\projects\doc-patient\frontend\src\config\config.ts:9
        apiUrl: typeof import.meta !== 'undefined' && 
import.meta.env?.VITE_API_URL
                              ^^^^

    SyntaxError: Cannot use 'import.meta' outside a module

    [0m[31m[1m>[22m[39m[90m 1 |[39m [36mimport[39m { config } 
[36mfrom[39m [32m'../config'[39m[33m;[39m
     [90m   |[39m [31m[1m^[22m[39m
     [90m 2 |[39m
     [90m 3 |[39m describe([32m'Config'[39m[33m,[39m () [33m=>[39m {
     [90m 4 |[39m   it([32m'should have API URL configured'[39m[33m,[39m 
() [33m=>[39m {[0m

      at Runtime.createScriptFromCode 
(node_modules/jest-runtime/build/index.js:1505:14)
      at Object.<anonymous> (src/config/__tests__/config.test.ts:1:1)

  console.error
    Logout error: Error: Network error
        at Object.<anonymous> (D:\vipin\projects\doc-patient\frontend\src\services\__tests__\authService.test.ts:85:46)
        at Promise.then.completed (D:\vipin\projects\doc-patient\frontend\node_modules\jest-circus\build\utils.js:298:28)
        at new Promise (<anonymous>)
        at callAsyncCircusFn (D:\vipin\projects\doc-patient\frontend\node_modules\jest-circus\build\utils.js:231:10)
        at _callCircusTest (D:\vipin\projects\doc-patient\frontend\node_modules\jest-circus\build\run.js:316:40)
        at processTicksAndRejections (node:internal/process/task_queues:103:5)
        at _runTest (D:\vipin\projects\doc-patient\frontend\node_modules\jest-circus\build\run.js:252:3)
        at _runTestsForDescribeBlock (D:\vipin\projects\doc-patient\frontend\node_modules\jest-circus\build\run.js:126:9)
        at _runTestsForDescribeBlock (D:\vipin\projects\doc-patient\frontend\node_modules\jest-circus\build\run.js:121:9)
        at _runTestsForDescribeBlock (D:\vipin\projects\doc-patient\frontend\node_modules\jest-circus\build\run.js:121:9)
        at run (D:\vipin\projects\doc-patient\frontend\node_modules\jest-circus\build\run.js:71:3)
        at runAndTransformResultsToJestFormat (D:\vipin\projects\doc-patient\frontend\node_modules\jest-circus\build\legacy-code-todo-rewrite\jestAdapterInit.js:122:21)
        at jestAdapter (D:\vipin\projects\doc-patient\frontend\node_modules\jest-circus\build\legacy-code-todo-rewrite\jestAdapter.js:79:19)
        at runTestInternal (D:\vipin\projects\doc-patient\frontend\node_modules\jest-runner\build\runTest.js:367:16)
        at runTest (D:\vipin\projects\doc-patient\frontend\node_modules\jest-runner\build\runTest.js:444:34)
        at Object.worker (D:\vipin\projects\doc-patient\frontend\node_modules\jest-runner\build\testWorker.js:106:12)

    [0m [90m 61 |[39m     )[33m;[39m
     [90m 62 |[39m   } [36mcatch[39m (error) {
    [31m[1m>[22m[39m[90m 63 |[39m     console[33m.[39merror([32m'Logout error:'[39m[33m,[39m error)[33m;[39m
     [90m    |[39m             [31m[1m^[22m[39m
     [90m 64 |[39m     [90m// Even if logout fails, we'll clear local storage[39m
     [90m 65 |[39m   }
     [90m 66 |[39m }[33m;[39m[0m

      at logout (src/services/authService.ts:63:13)
      at Object.<anonymous> (src/services/__tests__/authService.test.ts:87:7)

PASS src/services/__tests__/authService.test.ts
  authService
    login
      ΓêÜ should send POST request with credentials (2 ms)
      ΓêÜ should throw error on failed login (8 ms)
      ΓêÜ should handle network errors (1 ms)
    logout
      ΓêÜ should send POST request to logout endpoint with token (1 ms)
      ΓêÜ should not throw error even if logout fails (10 ms)
      ΓêÜ should handle empty token in logout (1 ms)
      ΓêÜ should handle null token in logout
    edge cases
      ΓêÜ should handle malformed error response (1 ms)
      ΓêÜ should handle timeout error (1 ms)
      ΓêÜ should handle 401 unauthorized (1 ms)
      ΓêÜ should handle 500 server error (1 ms)

FAIL src/components/__tests__/ScheduleAppointmentForm.test.tsx
  ΓùÅ Test suite failed to run

    [96msrc/components/__tests__/ScheduleAppointmentForm.test.tsx[0m:[93m44
[0m:[93m20[0m - [91merror[0m[90m TS1145: [0m'{' or JSX element expected.

    [7m44[0m           onCancel=mockOnCancel}
    [7m  [0m [91m                   ~~~~~~~~~~~~[0m
    [96msrc/components/__tests__/ScheduleAppointmentForm.test.tsx[0m:[93m44
[0m:[93m32[0m - [91merror[0m[90m TS1003: [0mIdentifier expected.

    [7m44[0m           onCancel=mockOnCancel}
    [7m  [0m [91m                               ~[0m
    [96msrc/components/__tests__/ScheduleAppointmentForm.test.tsx[0m:[93m45
[0m:[93m10[0m - [91merror[0m[90m TS1382: [0mUnexpected token. Did you 
mean `{'>'}` or `&gt;`?

    [7m45[0m         />
    [7m  [0m [91m         ~[0m

FAIL src/components/__tests__/ConsultationTable.test.tsx
  ΓùÅ Test suite failed to run

    [96msrc/components/__tests__/ConsultationTable.test.tsx[0m:[93m141[0m:
[93m9[0m - [91merror[0m[90m TS1005: [0m',' expected.

    [7m141[0m       />queryAllByText(/reuse/i);
    [7m   [0m [91m        ~~~~~~~~~~~~~~[0m
    [96msrc/components/__tests__/ConsultationTable.test.tsx[0m:[93m141[0m:
[93m33[0m - [91merror[0m[90m TS1005: [0m')' expected.

    [7m141[0m       />queryAllByText(/reuse/i);
    [7m   [0m [91m                                ~[0m
    [96msrc/components/__tests__/ConsultationTable.test.tsx[0m:[93m148[0m:
[93m5[0m - [91merror[0m[90m TS1005: [0m',' expected.

    [7m148[0m     if (reuseButtons.length > 0) {
    [7m   [0m [91m    ~~[0m
    [96msrc/components/__tests__/ConsultationTable.test.tsx[0m:[93m152[0m:
[93m4[0m - [91merror[0m[90m TS1128: [0mDeclaration or statement expected.

    [7m152[0m   });
    [7m   [0m [91m   ~[0m
    [96msrc/components/__tests__/ConsultationTable.test.tsx[0m:[93m200[0m:
[93m9[0m - [91merror[0m[90m TS1005: [0m',' expected.

    [7m200[0m       />(may vary based on locale)
    [7m   [0m [91m        ~[0m
    [96msrc/components/__tests__/ConsultationTable.test.tsx[0m:[93m200[0m:
[93m14[0m - [91merror[0m[90m TS1005: [0m')' expected.

    [7m200[0m       />(may vary based on locale)
    [7m   [0m [91m             ~~~~[0m
    [96msrc/components/__tests__/ConsultationTable.test.tsx[0m:[93m200[0m:
[93m19[0m - [91merror[0m[90m TS1005: [0m',' expected.

    [7m200[0m       />(may vary based on locale)
    [7m   [0m [91m                  ~~~~~[0m
    [96msrc/components/__tests__/ConsultationTable.test.tsx[0m:[93m200[0m:
[93m25[0m - [91merror[0m[90m TS1005: [0m',' expected.

    [7m200[0m       />(may vary based on locale)
    [7m   [0m [91m                        ~~[0m
    [96msrc/components/__tests__/ConsultationTable.test.tsx[0m:[93m200[0m:
[93m28[0m - [91merror[0m[90m TS1005: [0m',' expected.

    [7m200[0m       />(may vary based on locale)
    [7m   [0m [91m                           ~~~~~~[0m

FAIL src/components/__tests__/AppointmentList.test.tsx
  ΓùÅ Test suite failed to run

    [96msrc/components/__tests__/AppointmentList.test.tsx[0m:[93m157[0m:[9
3m23[0m - [91merror[0m[90m TS1005: [0m',' expected.

    [7m157[0m       </BrowserRouter>queryAllByText(/cancel/i);
    [7m   [0m [91m                      ~~~~~~~~~~~~~~[0m
    [96msrc/components/__tests__/AppointmentList.test.tsx[0m:[93m157[0m:[9
3m48[0m - [91merror[0m[90m TS1005: [0m')' expected.

    [7m157[0m       </BrowserRouter>queryAllByText(/cancel/i);
    [7m   [0m [91m                                               ~[0m
    [96msrc/components/__tests__/AppointmentList.test.tsx[0m:[93m166[0m:[9
3m41[0m - [91merror[0m[90m TS1005: [0m',' expected.

    [7m166[0m       expect(screen.getByText('John Doe'yText(/cancel/i);
    [7m   [0m [91m                                        ~~~~~[0m
    [96msrc/components/__tests__/AppointmentList.test.tsx[0m:[93m166[0m:[9
3m57[0m - [91merror[0m[90m TS1005: [0m')' expected.

    [7m166[0m       expect(screen.getByText('John Doe'yText(/cancel/i);
    [7m   [0m [91m                                                        
~[0m
    [96msrc/components/__tests__/AppointmentList.test.tsx[0m:[93m171[0m:[9
3m4[0m - [91merror[0m[90m TS1128: [0mDeclaration or statement expected.

    [7m171[0m   });
    [7m   [0m [91m   ~[0m
    [96msrc/components/__tests__/AppointmentList.test.tsx[0m:[93m177[0m:[9
3m8[0m - [91merror[0m[90m TS17008: [0mJSX element 'BrowserRouter' has no 
corresponding closing tag.

    [7m177[0m       <BrowserRouter>
    [7m   [0m [91m       ~~~~~~~~~~~~~[0m
    [96msrc/components/__tests__/AppointmentList.test.tsx[0m:[93m178[0m:[9
3m10[0m - [91merror[0m[90m TS17008: [0mJSX element 'ToastProvider' has no 
corresponding closing tag.

    [7m178[0m         <ToastProvider>queryAllByText(/cancel/i);
    [7m   [0m [91m         ~~~~~~~~~~~~~[0m
    [96msrc/components/__tests__/AppointmentList.test.tsx[0m:[93m179[0m:[9
3m30[0m - [91merror[0m[90m TS1382: [0mUnexpected token. Did you mean 
`{'>'}` or `&gt;`?

    [7m179[0m     if (cancelButtons.length > 0) {
    [7m   [0m [91m                             ~[0m
    [96msrc/components/__tests__/AppointmentList.test.tsx[0m:[93m180[0m:[9
3m40[0m - [91merror[0m[90m TS1005: [0m'}' expected.

    [7m180[0m       fireEvent.click(cancelButtons[0]);
    [7m   [0m [91m                                       ~[0m
    [96msrc/components/__tests__/AppointmentList.test.tsx[0m:[93m184[0m:[9
3m39[0m - [91merror[0m[90m TS1005: [0m'}' expected.

    [7m184[0m         fireEvent.click(confirmButton);
    [7m   [0m [91m                                      ~[0m
    [96msrc/components/__tests__/AppointmentList.test.tsx[0m:[93m186[0m:[9
3m27[0m - [91merror[0m[90m TS1382: [0mUnexpected token. Did you mean 
`{'>'}` or `&gt;`?

    [7m186[0m         await waitFor(() => {
    [7m   [0m [91m                          ~[0m
    [96msrc/components/__tests__/AppointmentList.test.tsx[0m:[93m189[0m:[9
3m13[0m - [91merror[0m[90m TS1005: [0m'}' expected.

    [7m189[0m           });
    [7m   [0m [91m            ~[0m
    [96msrc/components/__tests__/AppointmentList.test.tsx[0m:[93m190[0m:[9
3m9[0m - [91merror[0m[90m TS1381: [0mUnexpected token. Did you mean 
`{'}'}` or `&rbrace;`?

    [7m190[0m         });
    [7m   [0m [91m        ~[0m
    [96msrc/components/__tests__/AppointmentList.test.tsx[0m:[93m191[0m:[9
3m7[0m - [91merror[0m[90m TS1381: [0mUnexpected token. Did you mean 
`{'}'}` or `&rbrace;`?

    [7m191[0m       }
    [7m   [0m [91m      ~[0m
    [96msrc/components/__tests__/AppointmentList.test.tsx[0m:[93m192[0m:[9
3m5[0m - [91merror[0m[90m TS1381: [0mUnexpected token. Did you mean 
`{'}'}` or `&rbrace;`?

    [7m192[0m     } else {
    [7m   [0m [91m    ~[0m
    [96msrc/components/__tests__/AppointmentList.test.tsx[0m:[93m194[0m:[9
3m91[0m - [91merror[0m[90m TS1005: [0m')' expected.

    [7m194[0m       expect(screen.getByText('John 
Doe')).toBeInTheDocument(ireEvent.click(confirmButton);
    [7m   [0m [91m                                                          
                                ~[0m
    [96msrc/components/__tests__/AppointmentList.test.tsx[0m:[93m196[0m:[9
3m25[0m - [91merror[0m[90m TS1382: [0mUnexpected token. Did you mean 
`{'>'}` or `&gt;`?

    [7m196[0m       await waitFor(() => {
    [7m   [0m [91m                        ~[0m
    [96msrc/components/__tests__/AppointmentList.test.tsx[0m:[93m199[0m:[9
3m11[0m - [91merror[0m[90m TS1005: [0m'}' expected.

    [7m199[0m         });
    [7m   [0m [91m          ~[0m
    [96msrc/components/__tests__/AppointmentList.test.tsx[0m:[93m200[0m:[9
3m7[0m - [91merror[0m[90m TS1381: [0mUnexpected token. Did you mean 
`{'}'}` or `&rbrace;`?

    [7m200[0m       });
    [7m   [0m [91m      ~[0m
    [96msrc/components/__tests__/AppointmentList.test.tsx[0m:[93m201[0m:[9
3m5[0m - [91merror[0m[90m TS1381: [0mUnexpected token. Did you mean 
`{'}'}` or `&rbrace;`?

    [7m201[0m     }
    [7m   [0m [91m    ~[0m
    [96msrc/components/__tests__/AppointmentList.test.tsx[0m:[93m202[0m:[9
3m3[0m - [91merror[0m[90m TS1381: [0mUnexpected token. Did you mean 
`{'}'}` or `&rbrace;`?

    [7m202[0m   });
    [7m   [0m [91m  ~[0m
    [96msrc/components/__tests__/AppointmentList.test.tsx[0m:[93m204[0m:[9
3m61[0m - [91merror[0m[90m TS1382: [0mUnexpected token. Did you mean 
`{'>'}` or `&gt;`?

    [7m204[0m   it('should display empty state when no appointments', () => {
    [7m   [0m [91m                                                          
  ~[0m
    [96msrc/components/__tests__/AppointmentList.test.tsx[0m:[93m210[0m:[9
3m47[0m - [91merror[0m[90m TS1005: [0m'}' expected.

    [7m210[0m       expect(emptyElement).toBeInTheDocument();
    [7m   [0m [91m                                              ~[0m
    [96msrc/components/__tests__/AppointmentList.test.tsx[0m:[93m211[0m:[9
3m5[0m - [91merror[0m[90m TS1381: [0mUnexpected token. Did you mean 
`{'}'}` or `&rbrace;`?

    [7m211[0m     } else {
    [7m   [0m [91m    ~[0m
    [96msrc/components/__tests__/AppointmentList.test.tsx[0m:[93m213[0m:[9
3m30[0m - [91merror[0m[90m TS1005: [0m'}' expected.

    [7m213[0m       expect(true).toBe(true);
    [7m   [0m [91m                             ~[0m
    [96msrc/components/__tests__/AppointmentList.test.tsx[0m:[93m214[0m:[9
3m5[0m - [91merror[0m[90m TS1381: [0mUnexpected token. Did you mean 
`{'}'}` or `&rbrace;`?

    [7m214[0m     }/>
    [7m   [0m [91m    ~[0m
    [96msrc/components/__tests__/AppointmentList.test.tsx[0m:[93m214[0m:[9
3m7[0m - [91merror[0m[90m TS1382: [0mUnexpected token. Did you mean 
`{'>'}` or `&gt;`?

    [7m214[0m     }/>
    [7m   [0m [91m      ~[0m
    [96msrc/components/__tests__/AppointmentList.test.tsx[0m:[93m217[0m:[9
3m6[0m - [91merror[0m[90m TS1005: [0m'}' expected.

    [7m217[0m     );
    [7m   [0m [91m     ~[0m
    [96msrc/components/__tests__/AppointmentList.test.tsx[0m:[93m220[0m:[9
3m3[0m - [91merror[0m[90m TS1381: [0mUnexpected token. Did you mean 
`{'}'}` or `&rbrace;`?

    [7m220[0m   });
    [7m   [0m [91m  ~[0m
    [96msrc/components/__tests__/AppointmentList.test.tsx[0m:[93m222[0m:[9
3m55[0m - [91merror[0m[90m TS1382: [0mUnexpected token. Did you mean 
`{'>'}` or `&gt;`?

    [7m222[0m   it('should apply correct status badge classes', () => {
    [7m   [0m [91m                                                      
~[0m
    [96msrc/components/__tests__/AppointmentList.test.tsx[0m:[93m229[0m:[9
3m6[0m - [91merror[0m[90m TS1005: [0m'}' expected.

    [7m229[0m     );
    [7m   [0m [91m     ~[0m
    [96msrc/components/__tests__/AppointmentList.test.tsx[0m:[93m236[0m:[9
3m3[0m - [91merror[0m[90m TS1381: [0mUnexpected token. Did you mean 
`{'}'}` or `&rbrace;`?

    [7m236[0m   });
    [7m   [0m [91m  ~[0m
    [96msrc/components/__tests__/AppointmentList.test.tsx[0m:[93m238[0m:[9
3m46[0m - [91merror[0m[90m TS1382: [0mUnexpected token. Did you mean 
`{'>'}` or `&gt;`?

    [7m238[0m   it('should handle update error', async () => {
    [7m   [0m [91m                                             ~[0m
    [96msrc/components/__tests__/AppointmentList.test.tsx[0m:[93m241[0m:[9
3m6[0m - [91merror[0m[90m TS1005: [0m'}' expected.

    [7m241[0m     );
    [7m   [0m [91m     ~[0m
    [96msrc/components/__tests__/AppointmentList.test.tsx[0m:[93m244[0m:[9
3m8[0m - [91merror[0m[90m TS17008: [0mJSX element 'BrowserRouter' has no 
corresponding closing tag.

    [7m244[0m       <BrowserRouter>
    [7m   [0m [91m       ~~~~~~~~~~~~~[0m
    [96msrc/components/__tests__/AppointmentList.test.tsx[0m:[93m245[0m:[9
3m10[0m - [91merror[0m[90m TS17008: [0mJSX element 'ToastProvider' has no 
corresponding closing tag.

    [7m245[0m         <ToastProvider>queryAllByText(/mark as completed/i);
    [7m   [0m [91m         ~~~~~~~~~~~~~[0m
    [96msrc/components/__tests__/AppointmentList.test.tsx[0m:[93m246[0m:[9
3m32[0m - [91merror[0m[90m TS1382: [0mUnexpected token. Did you mean 
`{'>'}` or `&gt;`?

    [7m246[0m     if (completeButtons.length > 0) {
    [7m   [0m [91m                               ~[0m
    [96msrc/components/__tests__/AppointmentList.test.tsx[0m:[93m247[0m:[9
3m42[0m - [91merror[0m[90m TS1005: [0m'}' expected.

    [7m247[0m       fireEvent.click(completeButtons[0]);
    [7m   [0m [91m                                         ~[0m
    [96msrc/components/__tests__/AppointmentList.test.tsx[0m:[93m249[0m:[9
3m25[0m - [91merror[0m[90m TS1382: [0mUnexpected token. Did you mean 
`{'>'}` or `&gt;`?

    [7m249[0m       await waitFor(() => {
    [7m   [0m [91m                        ~[0m
    [96msrc/components/__tests__/AppointmentList.test.tsx[0m:[93m250[0m:[9
3m9[0m - [91merror[0m[90m TS1109: [0mExpression expected.

    [7m250[0m         const errorElement = screen.queryByText(/failed to 
update/i);
    [7m   [0m [91m        ~~~~~[0m
    [96msrc/components/__tests__/AppointmentList.test.tsx[0m:[93m252[0m:[9
3m51[0m - [91merror[0m[90m TS1005: [0m'}' expected.

    [7m252[0m           expect(errorElement).toBeInTheDocument();
    [7m   [0m [91m                                                  ~[0m
    [96msrc/components/__tests__/AppointmentList.test.tsx[0m:[93m253[0m:[9
3m9[0m - [91merror[0m[90m TS1381: [0mUnexpected token. Did you mean 
`{'}'}` or `&rbrace;`?

    [7m253[0m         }
    [7m   [0m [91m        ~[0m
    [96msrc/components/__tests__/AppointmentList.test.tsx[0m:[93m254[0m:[9
3m7[0m - [91merror[0m[90m TS1381: [0mUnexpected token. Did you mean 
`{'}'}` or `&rbrace;`?

    [7m254[0m       });
    [7m   [0m [91m      ~[0m
    [96msrc/components/__tests__/AppointmentList.test.tsx[0m:[93m255[0m:[9
3m5[0m - [91merror[0m[90m TS1381: [0mUnexpected token. Did you mean 
`{'}'}` or `&rbrace;`?

    [7m255[0m     } else {
    [7m   [0m [91m    ~[0m
    [96msrc/components/__tests__/AppointmentList.test.tsx[0m:[93m257[0m:[9
3m65[0m - [91merror[0m[90m TS1005: [0m',' expected.

    [7m257[0m       expect(screen.getByText('John 
Doe')).toBeInTheDocument(st completeButtons = screen.getAllByText(/mark as 
completed/i);
    [7m   [0m [91m                                                          
      ~~~~~~~~~~~~~~~[0m
    [96msrc/components/__tests__/AppointmentList.test.tsx[0m:[93m257[0m:[9
3m124[0m - [91merror[0m[90m TS1005: [0m')' expected.

    [7m257[0m       expect(screen.getByText('John 
Doe')).toBeInTheDocument(st completeButtons = screen.getAllByText(/mark as 
completed/i);
    [7m   [0m [91m                                                          
                                                                 ~[0m
    [96msrc/components/__tests__/AppointmentList.test.tsx[0m:[93m258[0m:[9
3m32[0m - [91merror[0m[90m TS1382: [0mUnexpected token. Did you mean 
`{'>'}` or `&gt;`?

    [7m258[0m     if (completeButtons.length > 0) {
    [7m   [0m [91m                               ~[0m
    [96msrc/components/__tests__/AppointmentList.test.tsx[0m:[93m259[0m:[9
3m42[0m - [91merror[0m[90m TS1005: [0m'}' expected.

    [7m259[0m       fireEvent.click(completeButtons[0]);
    [7m   [0m [91m                                         ~[0m
    [96msrc/components/__tests__/AppointmentList.test.tsx[0m:[93m261[0m:[9
3m25[0m - [91merror[0m[90m TS1382: [0mUnexpected token. Did you mean 
`{'>'}` or `&gt;`?

    [7m261[0m       await waitFor(() => {
    [7m   [0m [91m                        ~[0m
    [96msrc/components/__tests__/AppointmentList.test.tsx[0m:[93m262[0m:[9
3m74[0m - [91merror[0m[90m TS1005: [0m'}' expected.

    [7m262[0m         expect(screen.getByText(/failed to 
update/i)).toBeInTheDocument();
    [7m   [0m [91m                                                          
               ~[0m
    [96msrc/components/__tests__/AppointmentList.test.tsx[0m:[93m263[0m:[9
3m7[0m - [91merror[0m[90m TS1381: [0mUnexpected token. Did you mean 
`{'}'}` or `&rbrace;`?

    [7m263[0m       });
    [7m   [0m [91m      ~[0m
    [96msrc/components/__tests__/AppointmentList.test.tsx[0m:[93m264[0m:[9
3m5[0m - [91merror[0m[90m TS1381: [0mUnexpected token. Did you mean 
`{'}'}` or `&rbrace;`?

    [7m264[0m     }
    [7m   [0m [91m    ~[0m
    [96msrc/components/__tests__/AppointmentList.test.tsx[0m:[93m265[0m:[9
3m3[0m - [91merror[0m[90m TS1381: [0mUnexpected token. Did you mean 
`{'}'}` or `&rbrace;`?

    [7m265[0m   });
    [7m   [0m [91m  ~[0m
    [96msrc/components/__tests__/AppointmentList.test.tsx[0m:[93m267[0m:[9
3m57[0m - [91merror[0m[90m TS1382: [0mUnexpected token. Did you mean 
`{'>'}` or `&gt;`?

    [7m267[0m   it('should disable buttons while updating', async () => {
    [7m   [0m [91m                                                        
~[0m
    [96msrc/components/__tests__/AppointmentList.test.tsx[0m:[93m270[0m:[9
3m6[0m - [91merror[0m[90m TS1005: [0m'}' expected.

    [7m270[0m     );
    [7m   [0m [91m     ~[0m
    [96msrc/components/__tests__/AppointmentList.test.tsx[0m:[93m273[0m:[9
3m8[0m - [91merror[0m[90m TS17008: [0mJSX element 'BrowserRouter' has no 
corresponding closing tag.

    [7m273[0m       <BrowserRouter>
    [7m   [0m [91m       ~~~~~~~~~~~~~[0m
    [96msrc/components/__tests__/AppointmentList.test.tsx[0m:[93m274[0m:[9
3m10[0m - [91merror[0m[90m TS17008: [0mJSX element 'ToastProvider' has no 
corresponding closing tag.

    [7m274[0m         <ToastProvider>queryAllByText(/mark as completed/i);
    [7m   [0m [91m         ~~~~~~~~~~~~~[0m
    [96msrc/components/__tests__/AppointmentList.test.tsx[0m:[93m275[0m:[9
3m32[0m - [91merror[0m[90m TS1382: [0mUnexpected token. Did you mean 
`{'>'}` or `&gt;`?

    [7m275[0m     if (completeButtons.length > 0) {
    [7m   [0m [91m                               ~[0m
    [96msrc/components/__tests__/AppointmentList.test.tsx[0m:[93m276[0m:[9
3m42[0m - [91merror[0m[90m TS1005: [0m'}' expected.

    [7m276[0m       fireEvent.click(completeButtons[0]);
    [7m   [0m [91m                                         ~[0m
    [96msrc/components/__tests__/AppointmentList.test.tsx[0m:[93m278[0m:[9
3m5[0m - [91merror[0m[90m TS1381: [0mUnexpected token. Did you mean 
`{'}'}` or `&rbrace;`?

    [7m278[0m     } else {
    [7m   [0m [91m    ~[0m
    [96msrc/components/__tests__/AppointmentList.test.tsx[0m:[93m280[0m:[9
3m63[0m - [91merror[0m[90m TS1005: [0m'}' expected.

    [7m280[0m       expect(screen.getByText('John Doe')).toBeInTheDocument();
    [7m   [0m [91m                                                          
    ~[0m
    [96msrc/components/__tests__/AppointmentList.test.tsx[0m:[93m281[0m:[9
3m5[0m - [91merror[0m[90m TS1381: [0mUnexpected token. Did you mean 
`{'}'}` or `&rbrace;`?

    [7m281[0m     }
    [7m   [0m [91m    ~[0m
    [96msrc/components/__tests__/AppointmentList.test.tsx[0m:[93m282[0m:[9
3m3[0m - [91merror[0m[90m TS1381: [0mUnexpected token. Did you mean 
`{'}'}` or `&rbrace;`?

    [7m282[0m   });
    [7m   [0m [91m  ~[0m
    [96msrc/components/__tests__/AppointmentList.test.tsx[0m:[93m283[0m:[9
3m1[0m - [91merror[0m[90m TS1381: [0mUnexpected token. Did you mean 
`{'}'}` or `&rbrace;`?

    [7m283[0m });
    [7m   [0m [91m~[0m
    [96msrc/components/__tests__/AppointmentList.test.tsx[0m:[93m284[0m:[9
3m1[0m - [91merror[0m[90m TS1005: [0m'</' expected.

    [7m284[0m 
    [7m   [0m [91m[0m

PASS src/pages/__tests__/PatientSearchPage.test.tsx (8.409 s)
  PatientSearchPage
    ΓêÜ should render search input (333 ms)
    ΓêÜ should render new patient button (139 ms)
    ΓêÜ should accept search input (92 ms)
    ΓêÜ should call searchPatients when typing (429 ms)
    ΓêÜ should clear results when search is empty (370 ms)
    ΓêÜ should show error message on search failure (386 ms)
    ΓêÜ should open create form when clicking new patient button (113 ms)
    ΓêÜ should display search results (464 ms)
    ΓêÜ should navigate to patient profile on card click (435 ms)
    ΓêÜ should show empty state message when no results (409 ms)
    ΓêÜ should debounce search input (394 ms)
    ΓêÜ should handle loading state (63 ms)
    ΓêÜ should display patient count when results found (383 ms)
    ΓêÜ should clear error after successful search (699 ms)
    ΓêÜ should support keyboard navigation (5 ms)

  console.warn
    No routes matched location "/dashboard"

    [0m [90m 29 |[39m
     [90m 30 |[39m   [36mconst[39m renderPrescriptionPage [33m=[39m () [33m=>[39m {
    [31m[1m>[22m[39m[90m 31 |[39m     [36mreturn[39m render(
     [90m    |[39m                  [31m[1m^[22m[39m
     [90m 32 |[39m       [33m<[39m[33mMemoryRouter[39m initialEntries[33m=[39m{[[32m'/prescriptions/1'[39m]}[33m>[39m[37m[41m[1m\[22m[49m[39mn        [33m<[39m[33mAuthProvider[39m[33m>[39m
     [90m 33 |[39m           [33m<[39m[33mToastProvider[39m[33m>[39m
     [90m 34 |[39m             [33m<[39m[33mRoutes[39m[33m>[39m[0m

      at Object.warn [as UNSAFE_warning] (node_modules/@remix-run/router/history.ts:501:49)
      at warning (node_modules/react-router/lib/hooks.tsx:451:5)
      at useRoutesImpl (node_modules/react-router/lib/hooks.tsx:344:10)
      at useRoutes (node_modules/react-router/lib/components.tsx:515:10)
      at renderWithHooks (node_modules/react-dom/cjs/react-dom.development.js:15486:18)
      at updateFunctionComponent (node_modules/react-dom/cjs/react-dom.development.js:19617:20)
      at beginWork (node_modules/react-dom/cjs/react-dom.development.js:21640:16)
      at beginWork$1 (node_modules/react-dom/cjs/react-dom.development.js:27465:14)
      at performUnitOfWork (node_modules/react-dom/cjs/react-dom.development.js:26599:12)
      at workLoopSync (node_modules/react-dom/cjs/react-dom.development.js:26505:5)
      at renderRootSync (node_modules/react-dom/cjs/react-dom.development.js:26473:7)
      at performConcurrentWorkOnRoot (node_modules/react-dom/cjs/react-dom.development.js:25777:74)
      at flushActQueue (node_modules/react/cjs/react.development.js:2667:24)
      at act (node_modules/react/cjs/react.development.js:2582:11)
      at node_modules/@testing-library/react/dist/act-compat.js:47:25
      at renderRoot (node_modules/@testing-library/react/dist/pure.js:180:26)
      at render (node_modules/@testing-library/react/dist/pure.js:271:10)
      at renderPrescriptionPage (src/pages/__tests__/PrescriptionPage.test.tsx:31:18)
      at Object.<anonymous> (src/pages/__tests__/PrescriptionPage.test.tsx:77:5)

  console.warn
    No routes matched location "/dashboard"

    [0m [90m 29 |[39m
     [90m 30 |[39m   [36mconst[39m renderPrescriptionPage [33m=[39m () [33m=>[39m {
    [31m[1m>[22m[39m[90m 31 |[39m     [36mreturn[39m render(
     [90m    |[39m                  [31m[1m^[22m[39m
     [90m 32 |[39m       [33m<[39m[33mMemoryRouter[39m initialEntries[33m=[39m{[[32m'/prescriptions/1'[39m]}[33m>[39m[37m[41m[1m\[22m[49m[39mn        [33m<[39m[33mAuthProvider[39m[33m>[39m
     [90m 33 |[39m           [33m<[39m[33mToastProvider[39m[33m>[39m
     [90m 34 |[39m             [33m<[39m[33mRoutes[39m[33m>[39m[0m

      at Object.warn [as UNSAFE_warning] (node_modules/@remix-run/router/history.ts:501:49)
      at warning (node_modules/react-router/lib/hooks.tsx:451:5)
      at useRoutesImpl (node_modules/react-router/lib/hooks.tsx:344:10)
      at useRoutes (node_modules/react-router/lib/components.tsx:515:10)
      at renderWithHooks (node_modules/react-dom/cjs/react-dom.development.js:15486:18)
      at updateFunctionComponent (node_modules/react-dom/cjs/react-dom.development.js:19617:20)
      at beginWork (node_modules/react-dom/cjs/react-dom.development.js:21640:16)
      at beginWork$1 (node_modules/react-dom/cjs/react-dom.development.js:27465:14)
      at performUnitOfWork (node_modules/react-dom/cjs/react-dom.development.js:26599:12)
      at workLoopSync (node_modules/react-dom/cjs/react-dom.development.js:26505:5)
      at renderRootSync (node_modules/react-dom/cjs/react-dom.development.js:26473:7)
      at performConcurrentWorkOnRoot (node_modules/react-dom/cjs/react-dom.development.js:25777:74)
      at flushActQueue (node_modules/react/cjs/react.development.js:2667:24)
      at act (node_modules/react/cjs/react.development.js:2582:11)
      at node_modules/@testing-library/react/dist/act-compat.js:47:25
      at renderRoot (node_modules/@testing-library/react/dist/pure.js:180:26)
      at render (node_modules/@testing-library/react/dist/pure.js:271:10)
      at renderPrescriptionPage (src/pages/__tests__/PrescriptionPage.test.tsx:31:18)
      at Object.<anonymous> (src/pages/__tests__/PrescriptionPage.test.tsx:89:5)

  console.warn
    No routes matched location "/dashboard"

      at Object.warn [as UNSAFE_warning] (node_modules/@remix-run/router/history.ts:501:49)
      at warning (node_modules/react-router/lib/hooks.tsx:451:5)
      at useRoutesImpl (node_modules/react-router/lib/hooks.tsx:344:10)
      at useRoutes (node_modules/react-router/lib/components.tsx:515:10)
      at renderWithHooks (node_modules/react-dom/cjs/react-dom.development.js:15486:18)
      at updateFunctionComponent (node_modules/react-dom/cjs/react-dom.development.js:19617:20)
      at beginWork (node_modules/react-dom/cjs/react-dom.development.js:21640:16)
      at beginWork$1 (node_modules/react-dom/cjs/react-dom.development.js:27465:14)
      at performUnitOfWork (node_modules/react-dom/cjs/react-dom.development.js:26599:12)
      at workLoopSync (node_modules/react-dom/cjs/react-dom.development.js:26505:5)
      at renderRootSync (node_modules/react-dom/cjs/react-dom.development.js:26473:7)
      at performConcurrentWorkOnRoot (node_modules/react-dom/cjs/react-dom.development.js:25777:74)
      at workLoop (node_modules/scheduler/cjs/scheduler.development.js:266:34)
      at flushWork (node_modules/scheduler/cjs/scheduler.development.js:239:14)
      at performWorkUntilDeadline (node_modules/scheduler/cjs/scheduler.development.js:533:21)
      at Timeout.task [as _onTimeout] (node_modules/jsdom/lib/jsdom/browser/Window.js:520:19)

FAIL src/pages/__tests__/ConsultationPage.test.tsx (14.505 s)
  ConsultationPage
    ΓêÜ should render consultation page (469 ms)
    ΓêÜ should attempt to load patient information (75 ms)
    ΓêÜ should display patient information when loaded (83 ms)
    ΓêÜ should allow entering vital signs (269 ms)
    ΓêÜ should allow entering complaints and diagnosis (125 ms)
    ΓêÜ should open medication form when add medication clicked (353 ms)
    ├ù should add medication to list (3085 ms)
    ├ù should validate required fields on submit (3042 ms)
    ├ù should validate medication fields (1041 ms)
    ├ù should submit consultation with valid data (1067 ms)
    ΓêÜ should handle cancel button (21 ms)
    ΓêÜ should handle patient load error (33 ms)
    ├ù should handle consultation save error (1063 ms)

  ΓùÅ ConsultationPage ΓÇ║ should add medication to list

    TestingLibraryElementError: Unable to find an accessible element with the 
role "button" and name `/save medication/i`

    Here are the accessible roles:

      link:

      Name "Skip to main content":
      [36m<a[39m
        [33mclass[39m=[32m"skip-link"[39m
        [33mhref[39m=[32m"#main-content"[39m
      [36m/>[39m

      Name "Dashboard":
      [36m<a[39m
        [33mclass[39m=[32m"navItem "[39m
        [33mhref[39m=[32m"/dashboard"[39m
      [36m/>[39m

      Name "Patients":
      [36m<a[39m
        [33mclass[39m=[32m"navItem "[39m
        [33mhref[39m=[32m"/patients/search"[39m
      [36m/>[39m

      Name "Appointments":
      [36m<a[39m
        [33mclass[39m=[32m"navItem "[39m
        [33mhref[39m=[32m"/appointments"[39m
      [36m/>[39m

      Name "Consultations":
      [36m<a[39m
        [33mclass[39m=[32m"navItem active"[39m
        [33mhref[39m=[32m"/consultations"[39m
      [36m/>[39m

      Name "Export Data":
      [36m<a[39m
        [33mclass[39m=[32m"navItem "[39m
        [33mhref[39m=[32m"/export"[39m
      [36m/>[39m

      Name "Reports":
      [36m<a[39m
        [33mclass[39m=[32m"navItem "[39m
        [33mhref[39m=[32m"/reports"[39m
      [36m/>[39m

      --------------------------------------------------
      banner:

      Name "":
      [36m<header[39m
        [33mclass[39m=[32m"header"[39m
        [33mrole[39m=[32m"banner"[39m
      [36m/>[39m

      --------------------------------------------------
      button:

      Name "Open menu":
      [36m<button[39m
        [33maria-expanded[39m=[32m"false"[39m
        [33maria-label[39m=[32m"Open menu"[39m
        [33mclass[39m=[32m"hamburger "[39m
      [36m/>[39m

      Name "+ Add Medication":
      [36m<button[39m
        [33mclass[39m=[32m"addMedicationBtn"[39m
        [33mtype[39m=[32m"button"[39m
      [36m/>[39m

      Name "Cancel":
      [36m<button[39m
        [33mclass[39m=[32m"cancelBtn"[39m
        [33mtype[39m=[32m"button"[39m
      [36m/>[39m

      Name "Add":
      [36m<button[39m
        [33mclass[39m=[32m"addBtn"[39m
        [33mtype[39m=[32m"button"[39m
      [36m/>[39m

      Name "Cancel":
      [36m<button[39m
        [33mclass[39m=[32m"cancelButton"[39m
        [33mtype[39m=[32m"button"[39m
      [36m/>[39m

      Name "Save & Generate Prescription":
      [36m<button[39m
        [33mclass[39m=[32m"saveButton"[39m
        [33mtype[39m=[32m"submit"[39m
      [36m/>[39m

      --------------------------------------------------
      heading:

      Name "Patient Management System":
      [36m<h1 />[39m

      Name "John Doe":
      [36m<h2 />[39m

      Name "Vitals":
      [36m<h3[39m
        [33mclass[39m=[32m"sectionTitle"[39m
      [36m/>[39m

      Name "Complaints":
      [36m<h3[39m
        [33mclass[39m=[32m"sectionTitle"[39m
      [36m/>[39m

      Name "Diagnosis":
      [36m<h3[39m
        [33mclass[39m=[32m"sectionTitle"[39m
      [36m/>[39m

      Name "Medications":
      [36m<h3[39m
        [33mclass[39m=[32m"sectionTitle"[39m
      [36m/>[39m

      --------------------------------------------------
      navigation:

      Name "Main navigation":
      [36m<aside[39m
        [33maria-label[39m=[32m"Main navigation"[39m
        [33mclass[39m=[32m"sidebar "[39m
        [33mrole[39m=[32m"navigation"[39m
      [36m/>[39m

      Name "Primary":
      [36m<nav[39m
        [33maria-label[39m=[32m"Primary"[39m
        [33mclass[39m=[32m"nav"[39m
      [36m/>[39m

      --------------------------------------------------
      main:

      Name "":
      [36m<main[39m
        [33mclass[39m=[32m"mainContent"[39m
        [33mid[39m=[32m"main-content"[39m
        [33mrole[39m=[32m"main"[39m
      [36m/>[39m

      --------------------------------------------------
      spinbutton:

      Name "":
      [36m<input[39m
        [33mclass[39m=[32m"vitalInput  "[39m
        [33mplaceholder[39m=[32m"98.6"[39m
        [33mstep[39m=[32m"0.1"[39m
        [33mtype[39m=[32m"number"[39m
        [33mvalue[39m=[32m""[39m
      [36m/>[39m

      Name "":
      [36m<input[39m
        [33mclass[39m=[32m"vitalInput  "[39m
        [33mplaceholder[39m=[32m"120"[39m
        [33mtype[39m=[32m"number"[39m
        [33mvalue[39m=[32m""[39m
      [36m/>[39m

      Name "":
      [36m<input[39m
        [33mclass[39m=[32m"vitalInput  "[39m
        [33mplaceholder[39m=[32m"80"[39m
        [33mtype[39m=[32m"number"[39m
        [33mvalue[39m=[32m""[39m
      [36m/>[39m

      Name "":
      [36m<input[39m
        [33mclass[39m=[32m"vitalInput  "[39m
        [33mplaceholder[39m=[32m"72"[39m
        [33mtype[39m=[32m"number"[39m
        [33mvalue[39m=[32m""[39m
      [36m/>[39m

      --------------------------------------------------
      textbox:

      Name "":
      [36m<textarea[39m
        [33mclass[39m=[32m"textarea"[39m
        [33mplaceholder[39m=[32m"e.g., Fever, cough, body ache for 3 
days"[39m
        [33mrows[39m=[32m"4"[39m
      [36m/>[39m

      Name "":
      [36m<textarea[39m
        [33mclass[39m=[32m"textarea"[39m
        [33mplaceholder[39m=[32m"e.g., Viral fever with URI symptoms"[39m
        [33mrows[39m=[32m"4"[39m
      [36m/>[39m

      Name "":
      [36m<input[39m
        [33mplaceholder[39m=[32m"e.g., Paracetamol"[39m
        [33mtype[39m=[32m"text"[39m
        [33mvalue[39m=[32m""[39m
      [36m/>[39m

      Name "":
      [36m<input[39m
        [33mplaceholder[39m=[32m"e.g., 500mg"[39m
        [33mtype[39m=[32m"text"[39m
        [33mvalue[39m=[32m"Paracetamol"[39m
      [36m/>[39m

      Name "":
      [36m<input[39m
        [33mplaceholder[39m=[32m"e.g., 5 days"[39m
        [33mtype[39m=[32m"text"[39m
        [33mvalue[39m=[32m"500mg"[39m
      [36m/>[39m

      Name "":
      [36m<input[39m
        [33mplaceholder[39m=[32m"e.g., After food"[39m
        [33mtype[39m=[32m"text"[39m
        [33mvalue[39m=[32m"5 days"[39m
      [36m/>[39m

      --------------------------------------------------
      combobox:

      Name "":
      [36m<select />[39m

      --------------------------------------------------
      option:

      Name "Once daily":
      [36m<option[39m
        [33mvalue[39m=[32m"Once daily"[39m
      [36m/>[39m

      Name "Twice daily":
      [36m<option[39m
        [33mvalue[39m=[32m"Twice daily"[39m
      [36m/>[39m

      Name "Thrice daily":
      [36m<option[39m
        [33mvalue[39m=[32m"Thrice daily"[39m
      [36m/>[39m

      Name "Four times daily":
      [36m<option[39m
        [33mvalue[39m=[32m"Four times daily"[39m
      [36m/>[39m

      Name "Every 4 hours":
      [36m<option[39m
        [33mvalue[39m=[32m"Every 4 hours"[39m
      [36m/>[39m

      Name "Every 6 hours":
      [36m<option[39m
        [33mvalue[39m=[32m"Every 6 hours"[39m
      [36m/>[39m

      Name "Every 8 hours":
      [36m<option[39m
        [33mvalue[39m=[32m"Every 8 hours"[39m
      [36m/>[39m

      Name "Every 12 hours":
      [36m<option[39m
        [33mvalue[39m=[32m"Every 12 hours"[39m
      [36m/>[39m

      Name "As needed":
      [36m<option[39m
        [33mvalue[39m=[32m"As needed"[39m
      [36m/>[39m

      Name "Before meals":
      [36m<option[39m
        [33mvalue[39m=[32m"Before meals"[39m
      [36m/>[39m

      Name "After meals":
      [36m<option[39m
        [33mvalue[39m=[32m"After meals"[39m
      [36m/>[39m

      Name "At bedtime":
      [36m<option[39m
        [33mvalue[39m=[32m"At bedtime"[39m
      [36m/>[39m

      --------------------------------------------------

    Ignored nodes: comments, script, style
    [36m<body>[39m
      [36m<div>[39m
        [36m<a[39m
          [33mclass[39m=[32m"skip-link"[39m
          [33mhref[39m=[32m"#main-content"[39m
        [36m>[39m
          [0mSkip to main content[0m
        [36m</a>[39m
        [36m<div[39m
          [33mclass[39m=[32m"layout"[39m
        [36m>[39m
          [36m<header[39m
            [33mclass[39m=[32m"header"[39m
            [33mrole[39m=[32m"banner"[39m
          [36m>[39m
            [36m<div[39m
              [33mclass[39m=[32m"container"[39m
            [36m>[39m
              [36m<div[39m
                [33mclass[39m=[32m"leftSection"[39m
              [36m>[39m
                [36m<button[39m
                  [33maria-expanded[39m=[32m"false"[39m
                  [33maria-label[39m=[32m"Open menu"[39m
                  [33mclass[39m=[32m"hamburger "[39m
                [36m>[39m
                  [36m<span[39m
                    [33mclass[39m=[32m"line"[39m
                  [36m/>[39m
                  [36m<span[39m
                    [33mclass[39m=[32m"line"[39m
                  [36m/>[39m
                  [36m<span[39m
                    [33mclass[39m=[32m"line"[39m
                  [36m/>[39m
                [36m</button>[39m
                [36m<div[39m
                  [33mclass[39m=[32m"logo"[39m
                [36m>[39m
                  [36m<h1>[39m
                    [0mPatient Management System[0m
                  [36m</h1>[39m
                [36m</div>[39m
              [36m</div>[39m
              [36m<div[39m
                [33mclass[39m=[32m"userSection"[39m
              [36m>[39m
                [36m<span[39m
                  [33mclass[39m=[32m"guestText"[39m
                [36m>[39m
                  [0mGuest[0m
                [36m</span>[39m
              [36m</div>[39m
            [36m</div>[39m
          [36m</header>[39m
          [36m<div[39m
            [33mclass[39m=[32m"mainContainer"[39m
          [36m>[39m
            [36m<aside[39m
              [33maria-label[39m=[32m"Main navigation"[39m
              [33mclass[39m=[32m"sidebar "[39m
              [33mrole[39m=[32m"navigation"[39m
            [36m>[39m
              [36m<nav[39m
                [33maria-label[39m=[32m"Primary"[39m
                [33mclass[39m=[32m"nav"[39m
              [36m>[39m
                [36m<a[39m
                  [33mclass[39m=[32m"navItem "[39m
                  [33mhref[39m=[32m"/dashboard"[39m
                [36m>[39m
                  [36m<span[39m
                    [33maria-hidden[39m=[32m"true"[39m
                    [33mclass[39m=[32m"icon"[39m
                  [36m>[39m
                    [0m≡ƒôè[0m
                  [36m</span>[39m
                  [36m<span[39m
                    [33mclass[39m=[32m"label"[39m
                  [36m>[39m
                    [0mDashboard[0m
                  [36m</span>[39m
                [36m</a>[39m
                [36m<a[39m
                  [33mclass[39m=[32m"navItem "[39m
                  [33mhref[39m=[32m"/patients/search"[39m
                [36m>[39m
                  [36m<span[39m
                    [33maria-hidden[39m=[32m"true"[39m
                    [33mclass[39m=[32m"icon"[39m
                  [36m>[39m
                    [0m≡ƒæÑ[0m
                  [36m</span>[39m
                  [36m<span[39m
                    [33mclass[39m=[32m"label"[39m
                  [36m>[39m
                    [0mPatients[0m
                  [36m</span>[39m
                [36m</a>[39m
                [36m<a[39m
                  [33mclass[39m=[32m"navItem "[39m
                  [33mhref[39m=[32m"/appointments"[39m
                [36m>[39m
                  [36m<span[39m
                    [33maria-hidden[39m=[32m"true"[39m
                    [33mclass[39m=[32m"icon"[39m
                  [36m>[39m
                    [0m≡ƒôà[0m
                  [36m</span>[39m
                  [36m<span[39m
                    [33mclass[39m=[32m"label"[39m
                  [36m>[39m
                    [0mAppointments[0m
                  [36m</span>[39m
                [36m</a>[39m
                [36m<a[39m
                  [33mclass[39m=[32m"navItem active"[39m
                  [33mhref[39m=[32m"/consultations"[39m
                [36m>[39m
                  [36m<span[39m
                    [33maria-hidden[39m=[32m"true"[39m
                    [33mclass[39m=[32m"icon"[39m
                  [36m>[39m
                    [0m≡ƒ⌐║[0m
                  [36m</span>[39m
                  [36m<span[39m
                    [33mclass[39m=[32m"label"[39m
                  [36m>[39m
                    [0mConsultations[0m
                  [36m</span>[39m
                [36m</a>[39m
                [36m<a[39m
                  [33mclass[39m=[32m"navItem "[39m
                  [33mhref[39m=[32m"/export"[39m
                [36m>[39m
                  [36m<span[39m
                    [33maria-hidden[39m=[32m"true"[39m
                    [33mclass[39m=[32m"icon"[39m
                  [36m>[39m
                    [0m≡ƒôÑ[0m
                  [36m</span>[39m
                  [36m<span[39m
                    [33mclass[39m=[32m"label"[39m
                  [36m>[39m
                    [0mExport Data[0m
                  [36m</span>[39m
                [36m</a>[39m
                [36m<a[39m
                  [33mclass[39m=[32m"navItem "[39m
                  [33mhref[39m=[32m"/reports"[39m
                [36m>[39m
                  [36m<span[39m
                    [33maria-hidden[39m=[32m"true"[39m
                    [33mclass[39m=[32m"icon"[39m
                  [36m>[39m
                    [0m≡ƒôï[0m
                  [36m</span>[39m
                  [36m<span[39m
                    [33mclass[39m=[32m"label"[39m
                  [36m>[39m
                    [0mReports[0m
                  [36m</span>[39m
                [36m</a>[39m
              [36m</nav>[39m
            [36m</aside>[39m
            [36m<main[39m
              [33mclass[39m=[32m"mainContent"[39m
              [33mid[39m=[32m"main-content"[39m
              [33mrole[39m=[32m"main"[39m
            [36m>[39m
              [36m<div[39m
                [33mclass[39m=[32m"consultationPage"[39m
              [36m>[39m
                [36m<div[39m
                  [33mclass[39m=[32m"patientHeader"[39m
                [36m>[39m
                  [36m<div[39m
                    [33mclass[39m=[32m"patientInfo"[39m
                  [36m>[39m
                    [36m<h2>[39m
                      [0mJohn Doe[0m
                    [36m</h2>[39m
                    [36m<div[39m
                      [33mclass[39m=[32m"patientDetails"[39m
                    [36m>[39m
                      [36m<span>[39m
                        [0mAge: [0m
                        [0m36[0m
                      [36m</span>[39m
                      [36m<span>[39m
                        [0mΓÇó[0m
                      [36m</span>[39m
                      [36m<span>[39m
                        [0mGender: [0m
                        [0mM[0m
                      [36m</span>[39m
                      [36m<span>[39m
                        [0mΓÇó[0m
                      [36m</span>[39m
                      [36m<span>[39m
                        [0mPhone: [0m
                        [0m1234567890[0m
                      [36m</span>[39m
                    [36m</div>[39m
                  [36m</div>[39m
                [36m</div>[39m
                [36m<form[39m
                  [33mclass[39m=[32m"consultationForm"[39m
                [36m>[39m
                  [36m<div[39m
                    [33mclass[39m=[32m"section"[39m
                  [36m>[39m
                    [36m<h3[39m
                      [33mclass[39m=[32m"sectionTitle"[39m
                    [36m>[39m
                      [0mVitals[0m
                    [36m</h3>[39m
                    [36m<div[39m
                      [33mclass[39m=[32m"vitalsGrid"[39m
                    [36m>[39m
                      [36m<div[39m
                        [33mclass[39m=[32m"vitalField"[39m
                      [36m>[39m
                        [36m<label>[39m
                          [0mTemperature ([0m
                          [0m┬░F[0m
                          [0m)[0m
                        [36m</label>[39m
                        [36m<input[39m
                          [33mclass[39m=[32m"vitalInput  "[39m
                          [33mplaceholder[39m=[32m"98.6"[39m
                          [33mstep[39m=[32m"0.1"[39m
                          [33mtype[39m=[32m"number"[39m
                          [33mvalue[39m=[32m""[39m
                        [36m/>[39m
                        [36m<div[39m
                          [33mclass[39m=[32m"normalRange"[39m
                        [36m>[39m
                          [0mNormal: [0m
                          [0m98.6[0m
                          [0m┬░F[0m
                        [36m</div>[39m
                      [36m</div>[39m
                      [36m<div[39m
                        [33mclass[39m=[32m"vitalField"[39m
                      [36m>[39m
                        [36m<label>[39m
                          [0mBP Systolic ([0m
                          [0mmmHg[0m
                          [0m)[0m
                        [36m</label>[39m
                        [36m<input[39m
                          [33mclass[39m=[32m"vitalInput  "[39m
                          [33mplaceholder[39m=[32m"120"[39m
                          [33mtype[39m=[32m"number"[39m
                          [33mvalue[39m=[32m""[39m
                        [36m/>[39m
                        [36m<div[39m
                          [33mclass[39m=[32m"normalRange"[39m
                        [36m>[39m
                          [0mNormal: [0m
                          [0m120[0m
                          [0m mmHg[0m
                        [36m</div>[39m
                      [36m</div>[39m
                      [36m<div[39m
                        [33mclass[39m=[32m"vitalField"[39m
                      [36m>[39m
                        [36m<label>[39m
                          [0mBP Diastolic ([0m
                          [0mmmHg[0m
                          [0m)[0m
                        [36m</label>[39m
                        [36m<input[39m
                          [33mclass[39m=[32m"vitalInput  "[39m
                          [33mplaceholder[39m=[32m"80"[39m
                          [33mtype[39m=[32m"number"[39m
                          [33mvalue[39m=[32m""[39m
                        [36m/>[39m
                        [36m<div[39m
                          [33mclass[39m=[32m"normalRange"[39m
                        [36m>[39m
                          [0mNormal: [0m
                          [0m80[0m
                          [0m mmHg[0m
                        [36m</div>[39m
                      [36m</div>[39m
                      [36m<div[39m
                        [33mclass[39m=[32m"vitalField"[39m
                      [36m>[39m
                        [36m<label>[39m
                          [0mPulse ([0m
                          [0mBPM[0m
                          [0m)[0m
                        [36m</label>[39m
                        [36m<input[39m
                          [33mclass[39m=[32m"vitalInput  "[39m
                          [33mplaceholder[39m=[32m"72"[39m
                          [33mtype[39m=[32m"number"[39m
                          [33mvalue[39m=[32m""[39m
                        [36m/>[39m
                        [36m<div[39m
                          [33mclass[39m=[32m"normalRange"[39m
                        [36m>[39m
                          [0mNormal: [0m
                          [0m60-100[0m
                          [0m BPM[0m
                        [36m</div>[39m
                      [36m</div>[39m
                    [36m</div>[39m
                  [36m</div>[39m
                  [36m<div[39m
                    [33mclass[39m=[32m"section"[39m
                  [36m>[39m
                    [36m<h3[39m
                      [33mclass[39m=[32m"sectionTitle"[39m
                    [36m>[39m
                      [0mComplaints[0m
                    [36m</h3>[39m
                    [36m<textarea[39m
                      [33mclass[39m=[32m"textarea"[39m
                      [33mplaceholder[39m=[32m"e.g., Fever, cough, body 
ache for 3 days"[39m
                      [33mrows[39m=[32m"4"[39m
                    [36m/>[39m
                  [36m</div>[39m
                  [36m<div[39m
                    [33mclass[39m=[32m"section"[39m
                  [36m>[39m
                    [36m<h3[39m
                      [33mclass[39m=[32m"sectionTitle"[39m
                    [36m>[39m
                      [0mDiagnosis[0m
                    [36m</h3>[39m
                    [36m<textarea[39m
                      [33mclass[39m=[32m"textarea"[39m
                      [33mplaceholder[39m=[32m"e.g., Viral fever with URI 
symptoms"[39m
                      [33mrows[39m=[32m"4"[39m
                    [36m/>[39m
                  [36m</div>[39m
                  [36m<div[39m
                    [33mclass[39m=[32m"section"[39m
                  [36m>[39m
                    [36m<div[39m
                      [33mclass[39m=[32m"sectionHeader"[39m
                    [36m>[39m
                      [36m<h3[39m
                        [33mclass[39m=[32m"sectionTitle"[39m
                      [36m>[39m
                        [0mMedications[0m
                      [36m</h3>[39m
                      [36m<button[39m
                        [33mclass[39m=[32m"addMedicationBtn"[39m
                        [33mtype[39m=[32m"button"[39m
                      [36m>[39m
                        [0m+ Add Medication[0m
                      [36m</button>[39m
                    [36m</div>[39m
                    [36m<div[39m
                      [33mclass[39m=[32m"medicationForm"[39m
                    [36m>[39m
                      [36m<div[39m
                        [33mclass[39m=[32m"medicationFormGrid"[39m
                      [36m>[39m
                        [36m<div[39m
                          [33mclass[39m=[32m"medicationFormField"[39m
                        [36m>[39m
                          [36m<label>[39m
                            [0mMedication Name *[0m
                          [36m</label>[39m
                          [36m<div[39m
                            [33mclass[39m=[32m"autocompleteWrapper"[39m
                          [36m>[39m
                            [36m<input[39m
                              [33mplaceholder[39m=[32m"e.g., 
Paracetamol"[39m
                              [33mtype[39m=[32m"text"[39m
                              [33mvalue[39m=[32m""[39m
                            [36m/>[39m
                          [36m</div>[39m
                        [36m</div>[39m
                        [36m<div[39m
                          [33mclass[39m=[32m"medicationFormField"[39m
                        [36m>[39m
                          [36m<label>[39m
                            [0mDosage *[0m
                          [36m</label>[39m
                          [36m<input[39m
                            [33mplaceholder[39m=[32m"e.g., 500mg"[39m
                            [33mtype[39m=[32m"text"[39m
                            [33mvalue[39m=[32m"Paracetamol"[39m
                          [36m/>[39m
                        [36m</div>[39m
                        [36m<div[39m
                          [33mclass[39m=[32m"medicationFormField"[39m
                        [36m>[39m
                          [36m<label>[39m
                            [0mFrequency *[0m
                          [36m</label>[39m
                          [36m<select>[39m
                            [36m<option[39m
                              [33mvalue[39m=[32m"Once daily"[39m
                            [36m>[39m
                              [0mOnce daily[0m
                            [36m</option>[39m
                            [36m<option[39m
                              [33mvalue[39m=[32m"Twice daily"[39m
                            [36m>[39m
                              [0mTwice daily[0m
                            [36m</option>[39m
                            [36m<option[39m
                              [33mvalue[39m=[32m"Thrice daily"[39m
                            [36m>[39m
                              [0mThrice daily[0m
                            [36m</option>[39m
                            [36m<option[39m
                              [33mvalue[39m=[32m"Four times daily"[39m
                            [36m>[39m
                              [0mFour times daily[0m
                            [36m</option>[39m
                            [36m<option[39m
                              [33mvalue[39m=[32m"Every 4 hours"[39m
                            [36m>[39m
                              [0mEvery 4 hours[0m
                            [36m</option>[39m
                            [36m<option[39m
                              [33mvalue[39m=[32m"Every 6 hours"[39m
                            [36m>[39m
                              [0mEvery 6 hours[0m
                            [36m</option>[39m
                            [36m<option[39m
                              [33mvalue[39m=[32m"Every 8 hours"[39m
                            [36m>[39m
                              [0mEvery 8 hours[0m
                            [36m</option>[39m
                            [36m<option[39m
                              [33mvalue[39m=[32m"Every 12 hours"[39m
                            [36m>[39m
                              [0mEvery 12 hours[0m
                            [36m</option>[39m
                            [36m<option[39m
                              [33mvalue[39m=[32m"As needed"[39m
                            [36m>[39m
                              [0mAs needed[0m
                            [36m</option>[39m
                            [36m<option[39m
                              [33mvalue[39m=[32m"Before meals"[39m
                            [36m>[39m
                              [0mBefore meals[0m
                            [36m</option>[39m
                            [36m<option[39m
                              [33mvalue[39m=[32m"After meals"[39m
                            [36m>[39m
                              [0mAfter meals[0m
                            [36m</option>[39m
                            [36m<option[39m
                              [33mvalue[39m=[32m"At bedtime"[39m
                            [36m>[39m
                              [0mAt bedtime[0m
                            [36m</option>[39m
                          [36m</select>[39m
                        [36m</div>[39m
                        [36m<div[39m
                          [33mclass[39m=[32m"medicationFormField"[39m
                        [36m>[39m
                          [36m<label>[39m
                            [0mDuration *[0m
                          [36m</label>[39m
                          [36m<input[39m
                            [33mplaceholder[39m=[32m"e.g., 5 days"[39m
                            [33mtype[39m=[32m"text"[39m
                            [33mvalue[39m=[32m"500mg"[39m
                          [36m/>[39m
                        [36m</div>[39m
                        [36m<div[39m
                          [33mclass[39m=[32m"medicationFormField"[39m
                        [36m>[39m
                          [36m<label>[39m
                            [0mInstructions[0m
                          [36m</label>[39m
                          [36m<input[39m
                            [33mplaceholder[39m=[32m"e.g., After food"[39m
                            [33mtype[39m=[32m"text"[39m
                            [33mvalue[39m=[32m"5 days"[39m
                          [36m/>[39m
                        [36m</div>[39m
                      [36m</div>[39m
                      [36m<div[39m
                        [33mclass[39m=[32m"medicationFormActions"[39m
                      [36m>[39m
                        [36m<button[39m
                          [33mclass[39m=[32m"cancelBtn"[39m
                          [33mtype[39m=[32m"button"[39m
                        [36m>[39m
                          [0mCancel[0m
                        [36m</button>[39m
                        [36m<button[39m
                          [33mclass[39m=[32m"addBtn"[39m
                          [33mtype[39m=[32m"button"[39m
                        [36m>[39m
                          [0mAdd[0m
                        [36m</button>[39m
                      [36m</div>[39m
                    [36m</div>[39m
                  [36m</div>[39m
                  [36m<div[39m
                    [33mclass[39m=[32m"formActions"[39m
                  [36m>[39m
                    [36m<button[39m
                      [33mclass[39m=[32m"cancelButton"[39m
                      [33mtype[39m=[32m"button"[39m
                    [36m>[39m
                      [0mCancel[0m
                    [36m</button>[39m
                    [36m<button[39m
                      [33mclass[39m=[32m"saveButton"[39m
                      [33mtype[39m=[32m"submit"[39m
                    [36m>[39m
                      [0mSave & Generate Prescription[0m
                    [36m</button>[39m
                  [36m</div>[39m
                [36m</form>[39m
              [36m</div>[39m
            [36m</main>[39m
          [36m</div>[39m
        [36m</div>[39m
      [36m</div>[39m
    [36m</body>[39m

    [0m [90m 141 |[39m
     [90m 142 |[39m     [90m// Submit medication[39m
    [31m[1m>[22m[39m[90m 143 |[39m     [36mconst[39m saveMedButton 
[33m=[39m screen[33m.[39mgetByRole([32m'button'[39m[33m,[39m { 
name[33m:[39m [35m/save medication/i[39m })[33m;[39m
     [90m     |[39m                                  [31m[1m^[22m[39m
     [90m 144 |[39m     fireEvent[33m.[39mclick(saveMedButton)[33m;[39m
     [90m 145 |[39m
     [90m 146 |[39m     [90m// Medication should be in list[39m[0m

      at Object.getElementError (node_modules/@testing-library/react/node_modul
es/@testing-library/dom/dist/config.js:37:19)
      at node_modules/@testing-library/react/node_modules/@testing-library/dom/
dist/query-helpers.js:76:38
      at node_modules/@testing-library/react/node_modules/@testing-library/dom/
dist/query-helpers.js:52:17
      at node_modules/@testing-library/react/node_modules/@testing-library/dom/
dist/query-helpers.js:95:19
      at Object.<anonymous> 
(src/pages/__tests__/ConsultationPage.test.tsx:143:34)

  ΓùÅ ConsultationPage ΓÇ║ should validate required fields on submit

    expect(received).toBeGreaterThan(expected)

    Expected: > 0
    Received:   0

    Ignored nodes: comments, script, style
    [36m<html>[39m
      [36m<head />[39m
      [36m<body>[39m
        [36m<div>[39m
          [36m<a[39m
            [33mclass[39m=[32m"skip-link"[39m
            [33mhref[39m=[32m"#main-content"[39m
          [36m>[39m
            [0mSkip to main content[0m
          [36m</a>[39m
          [36m<div[39m
            [33mclass[39m=[32m"layout"[39m
          [36m>[39m
            [36m<header[39m
              [33mclass[39m=[32m"header"[39m
              [33mrole[39m=[32m"banner"[39m
            [36m>[39m
              [36m<div[39m
                [33mclass[39m=[32m"container"[39m
              [36m>[39m
                [36m<div[39m
                  [33mclass[39m=[32m"leftSection"[39m
                [36m>[39m
                  [36m<button[39m
                    [33maria-expanded[39m=[32m"false"[39m
                    [33maria-label[39m=[32m"Open menu"[39m
                    [33mclass[39m=[32m"hamburger "[39m
                  [36m>[39m
                    [36m<span[39m
                      [33mclass[39m=[32m"line"[39m
                    [36m/>[39m
                    [36m<span[39m
                      [33mclass[39m=[32m"line"[39m
                    [36m/>[39m
                    [36m<span[39m
                      [33mclass[39m=[32m"line"[39m
                    [36m/>[39m
                  [36m</button>[39m
                  [36m<div[39m
                    [33mclass[39m=[32m"logo"[39m
                  [36m>[39m
                    [36m<h1>[39m
                      [0mPatient Management System[0m
                    [36m</h1>[39m
                  [36m</div>[39m
                [36m</div>[39m
                [36m<div[39m
                  [33mclass[39m=[32m"userSection"[39m
                [36m>[39m
                  [36m<span[39m
                    [33mclass[39m=[32m"guestText"[39m
                  [36m>[39m
                    [0mGuest[0m
                  [36m</span>[39m
                [36m</div>[39m
              [36m</div>[39m
            [36m</header>[39m
            [36m<div[39m
              [33mclass[39m=[32m"mainContainer"[39m
            [36m>[39m
              [36m<aside[39m
                [33maria-label[39m=[32m"Main navigation"[39m
                [33mclass[39m=[32m"sidebar "[39m
                [33mrole[39m=[32m"navigation"[39m
              [36m>[39m
                [36m<nav[39m
                  [33maria-label[39m=[32m"Primary"[39m
                  [33mclass[39m=[32m"nav"[39m
                [36m>[39m
                  [36m<a[39m
                    [33mclass[39m=[32m"navItem "[39m
                    [33mhref[39m=[32m"/dashboard"[39m
                  [36m>[39m
                    [36m<span[39m
                      [33maria-hidden[39m=[32m"true"[39m
                      [33mclass[39m=[32m"icon"[39m
                    [36m>[39m
                      [0m≡ƒôè[0m
                    [36m</span>[39m
                    [36m<span[39m
                      [33mclass[39m=[32m"label"[39m
                    [36m>[39m
                      [0mDashboard[0m
                    [36m</span>[39m
                  [36m</a>[39m
                  [36m<a[39m
                    [33mclass[39m=[32m"navItem "[39m
                    [33mhref[39m=[32m"/patients/search"[39m
                  [36m>[39m
                    [36m<span[39m
                      [33maria-hidden[39m=[32m"true"[39m
                      [33mclass[39m=[32m"icon"[39m
                    [36m>[39m
                      [0m≡ƒæÑ[0m
                    [36m</span>[39m
                    [36m<span[39m
                      [33mclass[39m=[32m"label"[39m
                    [36m>[39m
                      [0mPatients[0m
                    [36m</span>[39m
                  [36m</a>[39m
                  [36m<a[39m
                    [33mclass[39m=[32m"navItem "[39m
                    [33mhref[39m=[32m"/appointments"[39m
                  [36m>[39m
                    [36m<span[39m
                      [33maria-hidden[39m=[32m"true"[39m
                      [33mclass[39m=[32m"icon"[39m
                    [36m>[39m
                      [0m≡ƒôà[0m
                    [36m</span>[39m
                    [36m<span[39m
                      [33mclass[39m=[32m"label"[39m
                    [36m>[39m
                      [0mAppointments[0m
                    [36m</span>[39m
                  [36m</a>[39m
                  [36m<a[39m
                    [33mclass[39m=[32m"navItem active"[39m
                    [33mhref[39m=[32m"/consultations"[39m
                  [36m>[39m
                    [36m<span[39m
                      [33maria-hidden[39m=[32m"true"[39m
                      [33mclass[39m=[32m"icon"[39m
                    [36m>[39m
                      [0m≡ƒ⌐║[0m
                    [36m</span>[39m
                    [36m<span[39m
                      [33mclass[39m=[32m"label"[39m
                    [36m>[39m
                      [0mConsultations[0m
                    [36m</span>[39m
                  [36m</a>[39m
                  [36m<a[39m
                    [33mclass[39m=[32m"navItem "[39m
                    [33mhref[39m=[32m"/export"[39m
                  [36m>[39m
                    [36m<span[39m
                      [33maria-hidden[39m=[32m"true"[39m
                      [33mclass[39m=[32m"icon"[39m
                    [36m>[39m
                      [0m≡ƒôÑ[0m
                    [36m</span>[39m
                    [36m<span[39m
                      [33mclass[39m=[32m"label"[39m
                    [36m>[39m
                      [0mExport Data[0m
                    [36m</span>[39m
                  [36m</a>[39m
                  [36m<a[39m
                    [33mclass[39m=[32m"navItem "[39m
                    [33mhref[39m=[32m"/reports"[39m
                  [36m>[39m
                    [36m<span[39m
                      [33maria-hidden[39m=[32m"true"[39m
                      [33mclass[39m=[32m"icon"[39m
                    [36m>[39m
                      [0m≡ƒôï[0m
                    [36m</span>[39m
                    [36m<span[39m
                      [33mclass[39m=[32m"label"[39m
                    [36m>[39m
                      [0mReports[0m
                    [36m</span>[39m
                  [36m</a>[39m
                [36m</nav>[39m
              [36m</aside>[39m
              [36m<main[39m
                [33mclass[39m=[32m"mainContent"[39m
                [33mid[39m=[32m"main-content"[39m
                [33mrole[39m=[32m"main"[39m
              [36m>[39m
                [36m<div[39m
                  [33mclass[39m=[32m"consultationPage"[39m
                [36m>[39m
                  [36m<div[39m
                    [33mclass[39m=[32m"patientHeader"[39m
                  [36m>[39m
                    [36m<div[39m
                      [33mclass[39m=[32m"patientInfo"[39m
                    [36m>[39m
                      [36m<h2>[39m
                        [0mJohn Doe[0m
                      [36m</h2>[39m
                      [36m<div[39m
                        [33mclass[39m=[32m"patientDetails"[39m
                      [36m>[39m
                        [36m<span>[39m
                          [0mAge: [0m
                          [0m36[0m
                        [36m</span>[39m
                        [36m<span>[39m
                          [0mΓÇó[0m
                        [36m</span>[39m
                        [36m<span>[39m
                          [0mGender: [0m
                          [0mM[0m
                        [36m</span>[39m
                        [36m<span>[39m
                          [0mΓÇó[0m
                        [36m</span>[39m
                        [36m<span>[39m
                          [0mPhone: [0m
                          [0m1234567890[0m
                        [36m</span>[39m
                      [36m</div>[39m
                    [36m</div>[39m
                  [36m</div>[39m
                  [36m<form[39m
                    [33mclass[39m=[32m"consultationForm"[39m
                  [36m>[39m
                    [36m<div[39m
                      [33mclass[39m=[32m"section"[39m
                    [36m>[39m
                      [36m<h3[39m
                        [33mclass[39m=[32m"sectionTitle"[39m
                      [36m>[39m
                        [0mVitals[0m
                      [36m</h3>[39m
                      [36m<div[39m
                        [33mclass[39m=[32m"vitalsGrid"[39m
                      [36m>[39m
                        [36m<div[39m
                          [33mclass[39m=[32m"vitalField"[39m
                        [36m>[39m
                          [36m<label>[39m
                            [0mTemperature ([0m
                            [0m┬░F[0m
                            [0m)[0m
                          [36m</label>[39m
                          [36m<input[39m
                            [33mclass[39m=[32m"vitalInput  "[39m
                            [33mplaceholder[39m=[32m"98.6"[39m
                            [33mstep[39m=[32m"0.1"[39m
                            [33mtype[39m=[32m"number"[39m
                            [33mvalue[39m=[32m""[39m
                          [36m/>[39m
                          [36m<div[39m
                            [33mclass[39m=[32m"normalRange"[39m
                          [36m>[39m
                            [0mNormal: [0m
                            [0m98.6[0m
                            [0m┬░F[0m
                          [36m</div>[39m
                          [36m<div[39m
                            [33mclass[39m=[32m"error"[39m
                          [36m>[39m
                            [0mTemperature is required[0m
                          [36m</div>[39m
                        [36m</div>[39m
                        [36m<div[39m
                          [33mclass[39m=[32m"vitalField"[39m
                        [36m>[39m
                          [36m<label>[39m
                            [0mBP Systolic ([0m
                            [0mmmHg[0m
                            [0m)[0m
                          [36m</label>[39m
                          [36m<input[39m
                            [33mclass[39m=[32m"vitalInput  "[39m
                            [33mplaceholder[39m=[32m"120"[39m
                            [33mtype[39m=[32m"number"[39m
                            [33mvalue[39m=[32m""[39m
                          [36m/>[39m
                          [36m<div[39m
                            [33mclass[39m=[32m"normalRange"[39m
                          [36m>[39m
                            [0mNormal: [0m
                            [0m120[0m
                            [0m mmHg[0m
                          [36m</div>[39m
                          [36m<div[39m
                            [33mclass[39m=[32m"error"[39m
                          [36m>[39m
                            [0mBP Systolic is required[0m
                          [36m</div>[39m
                        [36m</div>[39m
                        [36m<div[39m
                          [33mclass[39m=[32m"vitalField"[39m
                        [36m>[39m
                          [36m<label>[39m
                            [0mBP Diastolic ([0m
                            [0mmmHg[0m
                            [0m)[0m
                          [36m</label>[39m
                          [36m<input[39m
                            [33mclass[39m=[32m"vitalInput  "[39m
                            [33mplaceholder[39m=[32m"80"[39m
                            [33mtype[39m=[32m"number"[39m
                            [33mvalue[39m=[32m""[39m
                          [36m/>[39m
                          [36m<div[39m
                            [33mclass[39m=[32m"normalRange"[39m
                          [36m>[39m
                            [0mNormal: [0m
                            [0m80[0m
                            [0m mmHg[0m
                          [36m</div>[39m
                          [36m<div[39m
                            [33mclass[39m=[32m"error"[39m
                          [36m>[39m
                            [0mBP Diastolic is required[0m
                          [36m</div>[39m
                        [36m</div>[39m
                        [36m<div[39m
                          [33mclass[39m=[32m"vitalField"[39m
                        [36m>[39m
                          [36m<label>[39m
                            [0mPulse ([0m
                            [0mBPM[0m
                            [0m)[0m
                          [36m</label>[39m
                          [36m<input[39m
                            [33mclass[39m=[32m"vitalInput  "[39m
                            [33mplaceholder[39m=[32m"72"[39m
                            [33mtype[39m=[32m"number"[39m
                            [33mvalue[39m=[32m""[39m
                          [36m/>[39m
                          [36m<div[39m
                            [33mclass[39m=[32m"normalRange"[39m
                          [36m>[39m
                            [0mNormal: [0m
                            [0m60-100[0m
                            [0m BPM[0m
                          [36m</div>[39m
                          [36m<div[39m
                            [33mclass[39m=[32m"error"[39m
                          [36m>[39m
                            [0mPulse is required[0m
                          [36m</div>[39m
                        [36m</div>[39m
                      [36m</div>[39m
                    [36m</div>[39m
                    [36m<div[39m
                      [33mclass[39m=[32m"section"[39m
                    [36m>[39m
                      [36m<h3[39m
                        [33mclass[39m=[32m"sectionTitle"[39m
                      [36m>[39m
                        [0mComplaints[0m
                      [36m</h3>[39m
                      [36m<textarea[39m
                        [33mclass[39m=[32m"textarea"[39m
                        [33mplaceholder[39m=[32m"e.g., Fever, cough, body 
ache for 3 days"[39m
                        [33mrows[39m=[32m"4"[39m
                      [36m/>[39m
                      [36m<div[39m
                        [33mclass[39m=[32m"error"[39m
                      [36m>[39m
                        [0mComplaints are required[0m
                      [36m</div>[39m
                    [36m</div>[39m
                    [36m<div[39m
                      [33mclass[39m=[32m"section"[39m
                    [36m>[39m
                      [36m<h3[39m
                        [33mclass[39m=[32m"sectionTitle"[39m
                      [36m>[39m
                        [0mDiagnosis[0m
                      [36m</h3>[39m
                      [36m<textarea[39m
                        [33mclass[39m=[32m"textarea"[39m
                        [33mplaceholder[39m=[32m"e.g., Viral fever with URI 
symptoms"[39m
                        [33mrows[39m=[32m"4"[39m
                      [36m/>[39m
                      [36m<div[39m
                        [33mclass[39m=[32m"error"[39m
                      [36m>[39m
                        [0mDiagnosis is required[0m
                      [36m</div>[39m
                    [36m</div>[39m
                    [36m<div[39m
                      [33mclass[39m=[32m"section"[39m
                    [36m>[39m
                      [36m<div[39m
                        [33mclass[39m=[32m"sectionHeader"[39m
                      [36m>[39m
                        [36m<h3[39m
                          [33mclass[39m=[32m"sectionTitle"[39m
                        [36m>[39m
                          [0mMedications[0m
                        [36m</h3>[39m
                        [36m<button[39m
                          [33mclass[39m=[32m"addMedicationBtn"[39m
                          [33mtype[39m=[32m"button"[39m
                        [36m>[39m
                          [0m+ Add Medication[0m
                        [36m</button>[39m
                      [36m</div>[39m
                      [36m<div[39m
                        [33mclass[39m=[32m"error"[39m
                      [36m>[39m
                        [0mAt least 1 medication is required[0m
                      [36m</div>[39m
                    [36m</div>[39m
                    [36m<div[39m
                      [33mclass[39m=[32m"formActions"[39m
                    [36m>[39m
                      [36m<button[39m
                        [33mclass[39m=[32m"cancelButton"[39m
                        [33mtype[39m=[32m"button"[39m
                      [36m>[39m
                        [0mCancel[0m
                      [36m</button>[39m
                      [36m<button[39m
                        [33mclass[39m=[32m"saveButton"[39m
                        [33mtype[39m=[32m"submit"[39m
                      [36m>[39m
                        [0mSave & Generate Prescription[0m
                      [36m</button>[39m
                    [36m</div>[39m
                  [36m</form>[39m
                [36m</div>[39m
              [36m</main>[39m
            [36m</div>[39m
          [36m</div>[39m
        [36m</div>[39m
      [36m</body>[39m
    [36m</html>[39m

    [0m [90m 163 |[39m     [36mawait[39m waitFor(() [33m=>[39m {
     [90m 164 |[39m       [36mconst[39m alerts [33m=[39m 
screen[33m.[39mqueryAllByRole([32m'alert'[39m)[33m;[39m
    [31m[1m>[22m[39m[90m 165 |[39m       expect(alerts[33m.[39mlength)
[33m.[39mtoBeGreaterThan([35m0[39m)[33m;[39m
     [90m     |[39m                             [31m[1m^[22m[39m
     [90m 166 |[39m     }[33m,[39m { timeout[33m:[39m [35m3000[39m 
})[33m;[39m
     [90m 167 |[39m   })[33m;[39m
     [90m 168 |[39m[0m

      at timeout (src/pages/__tests__/ConsultationPage.test.tsx:165:29)
      at runWithExpensiveErrorDiagnosticsDisabled (node_modules/@testing-librar
y/react/node_modules/@testing-library/dom/dist/config.js:47:12)
      at checkCallback (node_modules/@testing-library/react/node_modules/@testi
ng-library/dom/dist/wait-for.js:124:77)
      at checkRealTimersCallback (node_modules/@testing-library/react/node_modu
les/@testing-library/dom/dist/wait-for.js:118:16)
      at Timeout.task [as _onTimeout] 
(node_modules/jsdom/lib/jsdom/browser/Window.js:520:19)

  ΓùÅ ConsultationPage ΓÇ║ should validate medication fields

    Unable to find role="button" and name `/save medication/i`

    Ignored nodes: comments, script, style
    [36m<body>[39m
      [36m<div>[39m
        [36m<a[39m
          [33mclass[39m=[32m"skip-link"[39m
          [33mhref[39m=[32m"#main-content"[39m
        [36m>[39m
          [0mSkip to main content[0m
        [36m</a>[39m
        [36m<div[39m
          [33mclass[39m=[32m"layout"[39m
        [36m>[39m
          [36m<header[39m
            [33mclass[39m=[32m"header"[39m
            [33mrole[39m=[32m"banner"[39m
          [36m>[39m
            [36m<div[39m
              [33mclass[39m=[32m"container"[39m
            [36m>[39m
              [36m<div[39m
                [33mclass[39m=[32m"leftSection"[39m
              [36m>[39m
                [36m<button[39m
                  [33maria-expanded[39m=[32m"false"[39m
                  [33maria-label[39m=[32m"Open menu"[39m
                  [33mclass[39m=[32m"hamburger "[39m
                [36m>[39m
                  [36m<span[39m
                    [33mclass[39m=[32m"line"[39m
                  [36m/>[39m
                  [36m<span[39m
                    [33mclass[39m=[32m"line"[39m
                  [36m/>[39m
                  [36m<span[39m
                    [33mclass[39m=[32m"line"[39m
                  [36m/>[39m
                [36m</button>[39m
                [36m<div[39m
                  [33mclass[39m=[32m"logo"[39m
                [36m>[39m
                  [36m<h1>[39m
                    [0mPatient Management System[0m
                  [36m</h1>[39m
                [36m</div>[39m
              [36m</div>[39m
              [36m<div[39m
                [33mclass[39m=[32m"userSection"[39m
              [36m>[39m
                [36m<span[39m
                  [33mclass[39m=[32m"guestText"[39m
                [36m>[39m
                  [0mGuest[0m
                [36m</span>[39m
              [36m</div>[39m
            [36m</div>[39m
          [36m</header>[39m
          [36m<div[39m
            [33mclass[39m=[32m"mainContainer"[39m
          [36m>[39m
            [36m<aside[39m
              [33maria-label[39m=[32m"Main navigation"[39m
              [33mclass[39m=[32m"sidebar "[39m
              [33mrole[39m=[32m"navigation"[39m
            [36m>[39m
              [36m<nav[39m
                [33maria-label[39m=[32m"Primary"[39m
                [33mclass[39m=[32m"nav"[39m
              [36m>[39m
                [36m<a[39m
                  [33mclass[39m=[32m"navItem "[39m
                  [33mhref[39m=[32m"/dashboard"[39m
                [36m>[39m
                  [36m<span[39m
                    [33maria-hidden[39m=[32m"true"[39m
                    [33mclass[39m=[32m"icon"[39m
                  [36m>[39m
                    [0m≡ƒôè[0m
                  [36m</span>[39m
                  [36m<span[39m
                    [33mclass[39m=[32m"label"[39m
                  [36m>[39m
                    [0mDashboard[0m
                  [36m</span>[39m
                [36m</a>[39m
                [36m<a[39m
                  [33mclass[39m=[32m"navItem "[39m
                  [33mhref[39m=[32m"/patients/search"[39m
                [36m>[39m
                  [36m<span[39m
                    [33maria-hidden[39m=[32m"true"[39m
                    [33mclass[39m=[32m"icon"[39m
                  [36m>[39m
                    [0m≡ƒæÑ[0m
                  [36m</span>[39m
                  [36m<span[39m
                    [33mclass[39m=[32m"label"[39m
                  [36m>[39m
                    [0mPatients[0m
                  [36m</span>[39m
                [36m</a>[39m
                [36m<a[39m
                  [33mclass[39m=[32m"navItem "[39m
                  [33mhref[39m=[32m"/appointments"[39m
                [36m>[39m
                  [36m<span[39m
                    [33maria-hidden[39m=[32m"true"[39m
                    [33mclass[39m=[32m"icon"[39m
                  [36m>[39m
                    [0m≡ƒôà[0m
                  [36m</span>[39m
                  [36m<span[39m
                    [33mclass[39m=[32m"label"[39m
                  [36m>[39m
                    [0mAppointments[0m
                  [36m</span>[39m
                [36m</a>[39m
                [36m<a[39m
                  [33mclass[39m=[32m"navItem active"[39m
                  [33mhref[39m=[32m"/consultations"[39m
                [36m>[39m
                  [36m<span[39m
                    [33maria-hidden[39m=[32m"true"[39m
                    [33mclass[39m=[32m"icon"[39m
                  [36m>[39m
                    [0m≡ƒ⌐║[0m
                  [36m</span>[39m
                  [36m<span[39m
                    [33mclass[39m=[32m"label"[39m
                  [36m>[39m
                    [0mConsultations[0m
                  [36m</span>[39m
                [36m</a>[39m
                [36m<a[39m
                  [33mclass[39m=[32m"navItem "[39m
                  [33mhref[39m=[32m"/export"[39m
                [36m>[39m
                  [36m<span[39m
                    [33maria-hidden[39m=[32m"true"[39m
                    [33mclass[39m=[32m"icon"[39m
                  [36m>[39m
                    [0m≡ƒôÑ[0m
                  [36m</span>[39m
                  [36m<span[39m
                    [33mclass[39m=[32m"label"[39m
                  [36m>[39m
                    [0mExport Data[0m
                  [36m</span>[39m
                [36m</a>[39m
                [36m<a[39m
                  [33mclass[39m=[32m"navItem "[39m
                  [33mhref[39m=[32m"/reports"[39m
                [36m>[39m
                  [36m<span[39m
                    [33maria-hidden[39m=[32m"true"[39m
                    [33mclass[39m=[32m"icon"[39m
                  [36m>[39m
                    [0m≡ƒôï[0m
                  [36m</span>[39m
                  [36m<span[39m
                    [33mclass[39m=[32m"label"[39m
                  [36m>[39m
                    [0mReports[0m
                  [36m</span>[39m
                [36m</a>[39m
              [36m</nav>[39m
            [36m</aside>[39m
            [36m<main[39m
              [33mclass[39m=[32m"mainContent"[39m
              [33mid[39m=[32m"main-content"[39m
              [33mrole[39m=[32m"main"[39m
            [36m>[39m
              [36m<div[39m
                [33mclass[39m=[32m"consultationPage"[39m
              [36m>[39m
                [36m<div[39m
                  [33mclass[39m=[32m"patientHeader"[39m
                [36m>[39m
                  [36m<div[39m
                    [33mclass[39m=[32m"patientInfo"[39m
                  [36m>[39m
                    [36m<h2>[39m
                      [0mJohn Doe[0m
                    [36m</h2>[39m
                    [36m<div[39m
                      [33mclass[39m=[32m"patientDetails"[39m
                    [36m>[39m
                      [36m<span>[39m
                        [0mAge: [0m
                        [0m36[0m
                      [36m</span>[39m
                      [36m<span>[39m
                        [0mΓÇó[0m
                      [36m</span>[39m
                      [36m<span>[39m
                        [0mGender: [0m
                        [0mM[0m
                      [36m</span>[39m
                      [36m<span>[39m
                        [0mΓÇó[0m
                      [36m</span>[39m
                      [36m<span>[39m
                        [0mPhone: [0m
                        [0m1234567890[0m
                      [36m</span>[39m
                    [36m</div>[39m
                  [36m</div>[39m
                [36m</div>[39m
                [36m<form[39m
                  [33mclass[39m=[32m"consultationForm"[39m
                [36m>[39m
                  [36m<div[39m
                    [33mclass[39m=[32m"section"[39m
                  [36m>[39m
                    [36m<h3[39m
                      [33mclass[39m=[32m"sectionTitle"[39m
                    [36m>[39m
                      [0mVitals[0m
                    [36m</h3>[39m
                    [36m<div[39m
                      [33mclass[39m=[32m"vitalsGrid"[39m
                    [36m>[39m
                      [36m<div[39m
                        [33mclass[39m=[32m"vitalField"[39m
                      [36m>[39m
                        [36m<label>[39m
                          [0mTemperature ([0m
                          [0m┬░F[0m
                          [0m)[0m
                        [36m</label>[39m
                        [36m<input[39m
                          [33mclass[39m=[32m"vitalInput  "[39m
                          [33mplaceholder[39m=[32m"98.6"[39m
                          [33mstep[39m=[32m"0.1"[39m
                          [33mtype[39m=[32m"number"[39m
                          [33mvalue[39m=[32m""[39m
                        [36m/>[39m
                        [36m<div[39m
                          [33mclass[39m=[32m"normalRange"[39m
                        [36m>[39m
                          [0mNormal: [0m
                          [0m98.6[0m
                          [0m┬░F[0m
                        [36m</div>[39m
                      [36m</div>[39m
                      [36m<div[39m
                        [33mclass[39m=[32m"vitalField"[39m
                      [36m>[39m
                        [36m<label>[39m
                          [0mBP Systolic ([0m
                          [0mmmHg[0m
                          [0m)[0m
                        [36m</label>[39m
                        [36m<input[39m
                          [33mclass[39m=[32m"vitalInput  "[39m
                          [33mplaceholder[39m=[32m"120"[39m
                          [33mtype[39m=[32m"number"[39m
                          [33mvalue[39m=[32m""[39m
                        [36m/>[39m
                        [36m<div[39m
                          [33mclass[39m=[32m"normalRange"[39m
                        [36m>[39m
                          [0mNormal: [0m
                          [0m120[0m
                          [0m mmHg[0m
                        [36m</div>[39m
                      [36m</div>[39m
                      [36m<div[39m
                        [33mclass[39m=[32m"vitalField"[39m
                      [36m>[39m
                        [36m<label>[39m
                          [0mBP Diastolic ([0m
                          [0mmmHg[0m
                          [0m)[0m
                        [36m</label>[39m
                        [36m<input[39m
                          [33mclass[39m=[32m"vitalInput  "[39m
                          [33mplaceholder[39m=[32m"80"[39m
                          [33mtype[39m=[32m"number"[39m
                          [33mvalue[39m=[32m""[39m
                        [36m/>[39m
                        [36m<div[39m
                          [33mclass[39m=[32m"normalRange"[39m
                        [36m>[39m
                          [0mNormal: [0m
                          [0m80[0m
                          [0m mmHg[0m
                        [36m</div>[39m
                      [36m</div>[39m
                      [36m<div[39m
                        [33mclass[39m=[32m"vitalField"[39m
                      [36m>[39m
                        [36m<label>[39m
                          [0mPulse ([0m
                          [0mBPM[0m
                          [0m)[0m
                        [36m</label>[39m
                        [36m<input[39m
                          [33mclass[39m=[32m"vitalInput  "[39m
                          [33mplaceholder[39m=[32m"72"[39m
                          [33mtype[39m=[32m"number"[39m
                          [33mvalue[39m=[32m""[39m
                        [36m/>[39m
                        [36m<div[39m
                          [33mclass[39m=[32m"normalRange"[39m
                        [36m>[39m
                          [0mNormal: [0m
                          [0m60-100[0m
                          [0m BPM[0m
                        [36m</div>[39m
                      [36m</div>[39m
                    [36m</div>[39m
                  [36m</div>[39m
                  [36m<div[39m
                    [33mclass[39m=[32m"section"[39m
                  [36m>[39m
                    [36m<h3[39m
                      [33mclass[39m=[32m"sectionTitle"[39m
                    [36m>[39m
                      [0mComplaints[0m
                    [36m</h3>[39m
                    [36m<textarea[39m
                      [33mclass[39m=[32m"textarea"[39m
                      [33mplaceholder[39m=[32m"e.g., Fever, cough, body 
ache for 3 days"[39m
                      [33mrows[39m=[32m"4"[39m
                    [36m/>[39m
                  [36m</div>[39m
                  [36m<div[39m
                    [33mclass[39m=[32m"section"[39m
                  [36m>[39m
                    [36m<h3[39m
                      [33mclass[39m=[32m"sectionTitle"[39m
                    [36m>[39m
                      [0mDiagnosis[0m
                    [36m</h3>[39m
                    [36m<textarea[39m
                      [33mclass[39m=[32m"textarea"[39m
                      [33mplaceholder[39m=[32m"e.g., Viral fever with URI 
symptoms"[39m
                      [33mrows[39m=[32m"4"[39m
                    [36m/>[39m
                  [36m</div>[39m
                  [36m<div[39m
                    [33mclass[39m=[32m"section"[39m
                  [36m>[39m
                    [36m<div[39m
                      [33mclass[39m=[32m"sectionHeader"[39m
                    [36m>[39m
                      [36m<h3[39m
                        [33mclass[39m=[32m"sectionTitle"[39m
                      [36m>[39m
                        [0mMedications[0m
                      [36m</h3>[39m
                      [36m<button[39m
                        [33mclass[39m=[32m"addMedicationBtn"[39m
                        [33mtype[39m=[32m"button"[39m
                      [36m>[39m
                        [0m+ Add Medication[0m
                      [36m</button>[39m
                    [36m</div>[39m
                    [36m<div[39m
                      [33mclass[39m=[32m"medicationForm"[39m
                    [36m>[39m
                      [36m<div[39m
                        [33mclass[39m=[32m"medicationFormGrid"[39m
                      [36m>[39m
                        [36m<div[39m
                          [33mclass[39m=[32m"medicationFormField"[39m
                        [36m>[39m
                          [36m<label>[39m
                            [0mMedication Name *[0m
                          [36m</label>[39m
                          [36m<div[39m
                            [33mclass[39m=[32m"autocompleteWrapper"[39m
                          [36m>[39m
                            [36m<input[39m
                              [33mplaceholder[39m=[32m"e.g., 
Paracetamol"[39m
                              [33mtype[39m=[32m"text"[39m
                              [33mvalue[39m=[32m""[39m
                            [36m/>[39m
                          [36m</div>[39m
                        [36m</div>[39m
                        [36m<div[39m
                          [33mclass[39m=[32m"medicationFormField"[39m
                        [36m>[39m
                          [36m<label>[39m
                            [0mDosage *[0m
                          [36m</label>[39m
                          [36m<input[39m
                            [33mplaceholder[39m=[32m"e.g., 500mg"[39m
                            [33mtype[39m=[32m"text"[39m
                            [33mvalue[39m=[32m""[39m
                          [36m/>[39m
                        [36m</div>[39m
                        [36m<div[39m
                          [33mclass[39m=[32m"medicationFormField"[39m
                        [36m>[39m
                          [36m<label>[39m
                            [0mFrequency *[0m
                          [36m</label>[39m
                          [36m<select>[39m
                            [36m<option[39m
                              [33mvalue[39m=[32m"Once daily"[39m
                            [36m>[39m
                              [0mOnce daily[0m
                            [36m</option>[39m
                            [36m<option[39m
                              [33mvalue[39m=[32m"Twice daily"[39m
                            [36m>[39m
                              [0mTwice daily[0m
                            [36m</option>[39m
                            [36m<option[39m
                              [33mvalue[39m=[32m"Thrice daily"[39m
                            [36m>[39m
                              [0mThrice daily[0m
                            [36m</option>[39m
                            [36m<option[39m
                              [33mvalue[39m=[32m"Four times daily"[39m
                            [36m>[39m
                              [0mFour times daily[0m
                            [36m</option>[39m
                            [36m<option[39m
                              [33mvalue[39m=[32m"Every 4 hours"[39m
                            [36m>[39m
                              [0mEvery 4 hours[0m
                            [36m</option>[39m
                            [36m<option[39m
                              [33mvalue[39m=[32m"Every 6 hours"[39m
                            [36m>[39m
                              [0mEvery 6 hours[0m
                            [36m</option>[39m
                            [36m<option[39m
                              [33mvalue[39m=[32m"Every 8 hours"[39m
                            [36m>[39m
                              [0mEvery 8 hours[0m
                            [36m</option>[39m
                            [36m<option[39m
                              [33mvalue[39m=[32m"Every 12 hours"[39m
                            [36m>[39m
                              [0mEvery 12 hours[0m
                            [36m</option>[39m
                            [36m<option[39m
                              [33mvalue[39m=[32m"As needed"[39m
                            [36m>[39m
                              [0mAs needed[0m
                            [36m</option>[39m
                            [36m<option[39m
                              [33mvalue[39m=[32m"Before meals"[39m
                            [36m>[39m
                              [0mBefore meals[0m
                            [36m</option>[39m
                            [36m<option[39m
                              [33mvalue[39m=[32m"After meals"[39m
                            [36m>[39m
                              [0mAfter meals[0m
                            [36m</option>[39m
                            [36m<option[39m
                              [33mvalue[39m=[32m"At bedtime"[39m
                            [36m>[39m
                              [0mAt bedtime[0m
                            [36m</option>[39m
                          [36m</select>[39m
                        [36m</div>[39m
                        [36m<div[39m
                          [33mclass[39m=[32m"medicationFormField"[39m
                        [36m>[39m
                          [36m<label>[39m
                            [0mDuration *[0m
                          [36m</label>[39m
                          [36m<input[39m
                            [33mplaceholder[39m=[32m"e.g., 5 days"[39m
                            [33mtype[39m=[32m"text"[39m
                            [33mvalue[39m=[32m""[39m
                          [36m/>[39m
                        [36m</div>[39m
                        [36m<div[39m
                          [33mclass[39m=[32m"medicationFormField"[39m
                        [36m>[39m
                          [36m<label>[39m
                            [0mInstructions[0m
                          [36m</label>[39m
                          [36m<input[39m
                            [33mplaceholder[39m=[32m"e.g., After food"[39m
                            [33mtype[39m=[32m"text"[39m
                            [33mvalue[39m=[32m"After food"[39m
                          [36m/>[39m
                        [36m</div>[39m
                      [36m</div>[39m
                      [36m<div[39m
                        [33mclass[39m=[32m"medicationFormActions"[39m
                      [36m>[39m
                        [36m<button[39m
                          [33mclass[39m=[32m"cancelBtn"[39m
                          [33mtype[39m=[32m"button"[39m
                        [36m>[39m
                          [0mCancel[0m
                        [36m</button>[39m
                        [36m<button[39m
                          [33mclass[39m=[32m"addBtn"[39m
                          [33mtype[39m=[32m"button"[39m
                        [36m>[39m
                          [0mAdd[0m
                        [36m</button>[39m
                      [36m</div>[39m
                    [36m</div>[39m
                  [36m</div>[39m
                  [36m<div[39m
                    [33mclass[39m=[32m"formActions"[39m
                  [36m>[39m
                    [36m<button[39m
                      [33mclass[39m=[32m"cancelButton"[39m
                      [33mtype[39m=[32m"button"[39m
                    [36m>[39m
                      [0mCancel[0m
                    [36m</button>[39m
                    [36m<button[39m
                      [33mclass[39m=[32m"saveButton"[39m
                      [33mtype[39m=[32m"submit"[39m
                    [36m>[39m
                      [0mSave & Generate Prescription[0m
                    [36m</button>[39m
                  [36m</div>[39m
                [36m</form>[39m
              [36m</div>[39m
            [36m</main>[39m
          [36m</div>[39m
        [36m</div>[39m
      [36m</div>[39m
    [36m</body>[39m

    [0m [90m 178 |[39m     
fireEvent[33m.[39mclick(addMedButton)[33m;[39m
     [90m 179 |[39m
    [31m[1m>[22m[39m[90m 180 |[39m     [36mawait[39m waitFor(() 
[33m=>[39m {
     [90m     |[39m                  [31m[1m^[22m[39m
     [90m 181 |[39m       
expect(screen[33m.[39mgetByRole([32m'button'[39m[33m,[39m { 
name[33m:[39m [35m/save medication/i[39m 
}))[33m.[39mtoBeInTheDocument()[33m;[39m
     [90m 182 |[39m     })[33m;[39m
     [90m 183 |[39m[0m

      at waitForWrapper (node_modules/@testing-library/react/node_modules/@test
ing-library/dom/dist/wait-for.js:163:27)
      at Object.<anonymous> 
(src/pages/__tests__/ConsultationPage.test.tsx:180:18)

  ΓùÅ ConsultationPage ΓÇ║ should submit consultation with valid data

    Unable to find role="button" and name `/save medication/i`

    Ignored nodes: comments, script, style
    [36m<body>[39m
      [36m<div>[39m
        [36m<a[39m
          [33mclass[39m=[32m"skip-link"[39m
          [33mhref[39m=[32m"#main-content"[39m
        [36m>[39m
          [0mSkip to main content[0m
        [36m</a>[39m
        [36m<div[39m
          [33mclass[39m=[32m"layout"[39m
        [36m>[39m
          [36m<header[39m
            [33mclass[39m=[32m"header"[39m
            [33mrole[39m=[32m"banner"[39m
          [36m>[39m
            [36m<div[39m
              [33mclass[39m=[32m"container"[39m
            [36m>[39m
              [36m<div[39m
                [33mclass[39m=[32m"leftSection"[39m
              [36m>[39m
                [36m<button[39m
                  [33maria-expanded[39m=[32m"false"[39m
                  [33maria-label[39m=[32m"Open menu"[39m
                  [33mclass[39m=[32m"hamburger "[39m
                [36m>[39m
                  [36m<span[39m
                    [33mclass[39m=[32m"line"[39m
                  [36m/>[39m
                  [36m<span[39m
                    [33mclass[39m=[32m"line"[39m
                  [36m/>[39m
                  [36m<span[39m
                    [33mclass[39m=[32m"line"[39m
                  [36m/>[39m
                [36m</button>[39m
                [36m<div[39m
                  [33mclass[39m=[32m"logo"[39m
                [36m>[39m
                  [36m<h1>[39m
                    [0mPatient Management System[0m
                  [36m</h1>[39m
                [36m</div>[39m
              [36m</div>[39m
              [36m<div[39m
                [33mclass[39m=[32m"userSection"[39m
              [36m>[39m
                [36m<span[39m
                  [33mclass[39m=[32m"guestText"[39m
                [36m>[39m
                  [0mGuest[0m
                [36m</span>[39m
              [36m</div>[39m
            [36m</div>[39m
          [36m</header>[39m
          [36m<div[39m
            [33mclass[39m=[32m"mainContainer"[39m
          [36m>[39m
            [36m<aside[39m
              [33maria-label[39m=[32m"Main navigation"[39m
              [33mclass[39m=[32m"sidebar "[39m
              [33mrole[39m=[32m"navigation"[39m
            [36m>[39m
              [36m<nav[39m
                [33maria-label[39m=[32m"Primary"[39m
                [33mclass[39m=[32m"nav"[39m
              [36m>[39m
                [36m<a[39m
                  [33mclass[39m=[32m"navItem "[39m
                  [33mhref[39m=[32m"/dashboard"[39m
                [36m>[39m
                  [36m<span[39m
                    [33maria-hidden[39m=[32m"true"[39m
                    [33mclass[39m=[32m"icon"[39m
                  [36m>[39m
                    [0m≡ƒôè[0m
                  [36m</span>[39m
                  [36m<span[39m
                    [33mclass[39m=[32m"label"[39m
                  [36m>[39m
                    [0mDashboard[0m
                  [36m</span>[39m
                [36m</a>[39m
                [36m<a[39m
                  [33mclass[39m=[32m"navItem "[39m
                  [33mhref[39m=[32m"/patients/search"[39m
                [36m>[39m
                  [36m<span[39m
                    [33maria-hidden[39m=[32m"true"[39m
                    [33mclass[39m=[32m"icon"[39m
                  [36m>[39m
                    [0m≡ƒæÑ[0m
                  [36m</span>[39m
                  [36m<span[39m
                    [33mclass[39m=[32m"label"[39m
                  [36m>[39m
                    [0mPatients[0m
                  [36m</span>[39m
                [36m</a>[39m
                [36m<a[39m
                  [33mclass[39m=[32m"navItem "[39m
                  [33mhref[39m=[32m"/appointments"[39m
                [36m>[39m
                  [36m<span[39m
                    [33maria-hidden[39m=[32m"true"[39m
                    [33mclass[39m=[32m"icon"[39m
                  [36m>[39m
                    [0m≡ƒôà[0m
                  [36m</span>[39m
                  [36m<span[39m
                    [33mclass[39m=[32m"label"[39m
                  [36m>[39m
                    [0mAppointments[0m
                  [36m</span>[39m
                [36m</a>[39m
                [36m<a[39m
                  [33mclass[39m=[32m"navItem active"[39m
                  [33mhref[39m=[32m"/consultations"[39m
                [36m>[39m
                  [36m<span[39m
                    [33maria-hidden[39m=[32m"true"[39m
                    [33mclass[39m=[32m"icon"[39m
                  [36m>[39m
                    [0m≡ƒ⌐║[0m
                  [36m</span>[39m
                  [36m<span[39m
                    [33mclass[39m=[32m"label"[39m
                  [36m>[39m
                    [0mConsultations[0m
                  [36m</span>[39m
                [36m</a>[39m
                [36m<a[39m
                  [33mclass[39m=[32m"navItem "[39m
                  [33mhref[39m=[32m"/export"[39m
                [36m>[39m
                  [36m<span[39m
                    [33maria-hidden[39m=[32m"true"[39m
                    [33mclass[39m=[32m"icon"[39m
                  [36m>[39m
                    [0m≡ƒôÑ[0m
                  [36m</span>[39m
                  [36m<span[39m
                    [33mclass[39m=[32m"label"[39m
                  [36m>[39m
                    [0mExport Data[0m
                  [36m</span>[39m
                [36m</a>[39m
                [36m<a[39m
                  [33mclass[39m=[32m"navItem "[39m
                  [33mhref[39m=[32m"/reports"[39m
                [36m>[39m
                  [36m<span[39m
                    [33maria-hidden[39m=[32m"true"[39m
                    [33mclass[39m=[32m"icon"[39m
                  [36m>[39m
                    [0m≡ƒôï[0m
                  [36m</span>[39m
                  [36m<span[39m
                    [33mclass[39m=[32m"label"[39m
                  [36m>[39m
                    [0mReports[0m
                  [36m</span>[39m
                [36m</a>[39m
              [36m</nav>[39m
            [36m</aside>[39m
            [36m<main[39m
              [33mclass[39m=[32m"mainContent"[39m
              [33mid[39m=[32m"main-content"[39m
              [33mrole[39m=[32m"main"[39m
            [36m>[39m
              [36m<div[39m
                [33mclass[39m=[32m"consultationPage"[39m
              [36m>[39m
                [36m<div[39m
                  [33mclass[39m=[32m"patientHeader"[39m
                [36m>[39m
                  [36m<div[39m
                    [33mclass[39m=[32m"patientInfo"[39m
                  [36m>[39m
                    [36m<h2>[39m
                      [0mJohn Doe[0m
                    [36m</h2>[39m
                    [36m<div[39m
                      [33mclass[39m=[32m"patientDetails"[39m
                    [36m>[39m
                      [36m<span>[39m
                        [0mAge: [0m
                        [0m36[0m
                      [36m</span>[39m
                      [36m<span>[39m
                        [0mΓÇó[0m
                      [36m</span>[39m
                      [36m<span>[39m
                        [0mGender: [0m
                        [0mM[0m
                      [36m</span>[39m
                      [36m<span>[39m
                        [0mΓÇó[0m
                      [36m</span>[39m
                      [36m<span>[39m
                        [0mPhone: [0m
                        [0m1234567890[0m
                      [36m</span>[39m
                    [36m</div>[39m
                  [36m</div>[39m
                [36m</div>[39m
                [36m<form[39m
                  [33mclass[39m=[32m"consultationForm"[39m
                [36m>[39m
                  [36m<div[39m
                    [33mclass[39m=[32m"section"[39m
                  [36m>[39m
                    [36m<h3[39m
                      [33mclass[39m=[32m"sectionTitle"[39m
                    [36m>[39m
                      [0mVitals[0m
                    [36m</h3>[39m
                    [36m<div[39m
                      [33mclass[39m=[32m"vitalsGrid"[39m
                    [36m>[39m
                      [36m<div[39m
                        [33mclass[39m=[32m"vitalField"[39m
                      [36m>[39m
                        [36m<label>[39m
                          [0mTemperature ([0m
                          [0m┬░F[0m
                          [0m)[0m
                        [36m</label>[39m
                        [36m<input[39m
                          [33mclass[39m=[32m"vitalInput  "[39m
                          [33mplaceholder[39m=[32m"98.6"[39m
                          [33mstep[39m=[32m"0.1"[39m
                          [33mtype[39m=[32m"number"[39m
                          [33mvalue[39m=[32m"98.6"[39m
                        [36m/>[39m
                        [36m<div[39m
                          [33mclass[39m=[32m"normalRange"[39m
                        [36m>[39m
                          [0mNormal: [0m
                          [0m98.6[0m
                          [0m┬░F[0m
                        [36m</div>[39m
                      [36m</div>[39m
                      [36m<div[39m
                        [33mclass[39m=[32m"vitalField"[39m
                      [36m>[39m
                        [36m<label>[39m
                          [0mBP Systolic ([0m
                          [0mmmHg[0m
                          [0m)[0m
                        [36m</label>[39m
                        [36m<input[39m
                          [33mclass[39m=[32m"vitalInput  "[39m
                          [33mplaceholder[39m=[32m"120"[39m
                          [33mtype[39m=[32m"number"[39m
                          [33mvalue[39m=[32m"120"[39m
                        [36m/>[39m
                        [36m<div[39m
                          [33mclass[39m=[32m"normalRange"[39m
                        [36m>[39m
                          [0mNormal: [0m
                          [0m120[0m
                          [0m mmHg[0m
                        [36m</div>[39m
                      [36m</div>[39m
                      [36m<div[39m
                        [33mclass[39m=[32m"vitalField"[39m
                      [36m>[39m
                        [36m<label>[39m
                          [0mBP Diastolic ([0m
                          [0mmmHg[0m
                          [0m)[0m
                        [36m</label>[39m
                        [36m<input[39m
                          [33mclass[39m=[32m"vitalInput  "[39m
                          [33mplaceholder[39m=[32m"80"[39m
                          [33mtype[39m=[32m"number"[39m
                          [33mvalue[39m=[32m"80"[39m
                        [36m/>[39m
                        [36m<div[39m
                          [33mclass[39m=[32m"normalRange"[39m
                        [36m>[39m
                          [0mNormal: [0m
                          [0m80[0m
                          [0m mmHg[0m
                        [36m</div>[39m
                      [36m</div>[39m
                      [36m<div[39m
                        [33mclass[39m=[32m"vitalField"[39m
                      [36m>[39m
                        [36m<label>[39m
                          [0mPulse ([0m
                          [0mBPM[0m
                          [0m)[0m
                        [36m</label>[39m
                        [36m<input[39m
                          [33mclass[39m=[32m"vitalInput  "[39m
                          [33mplaceholder[39m=[32m"72"[39m
                          [33mtype[39m=[32m"number"[39m
                          [33mvalue[39m=[32m"72"[39m
                        [36m/>[39m
                        [36m<div[39m
                          [33mclass[39m=[32m"normalRange"[39m
                        [36m>[39m
                          [0mNormal: [0m
                          [0m60-100[0m
                          [0m BPM[0m
                        [36m</div>[39m
                      [36m</div>[39m
                    [36m</div>[39m
                  [36m</div>[39m
                  [36m<div[39m
                    [33mclass[39m=[32m"section"[39m
                  [36m>[39m
                    [36m<h3[39m
                      [33mclass[39m=[32m"sectionTitle"[39m
                    [36m>[39m
                      [0mComplaints[0m
                    [36m</h3>[39m
                    [36m<textarea[39m
                      [33mclass[39m=[32m"textarea"[39m
                      [33mplaceholder[39m=[32m"e.g., Fever, cough, body 
ache for 3 days"[39m
                      [33mrows[39m=[32m"4"[39m
                    [36m>[39m
                      [0mFever[0m
                    [36m</textarea>[39m
                  [36m</div>[39m
                  [36m<div[39m
                    [33mclass[39m=[32m"section"[39m
                  [36m>[39m
                    [36m<h3[39m
                      [33mclass[39m=[32m"sectionTitle"[39m
                    [36m>[39m
                      [0mDiagnosis[0m
                    [36m</h3>[39m
                    [36m<textarea[39m
                      [33mclass[39m=[32m"textarea"[39m
                      [33mplaceholder[39m=[32m"e.g., Viral fever with URI 
symptoms"[39m
                      [33mrows[39m=[32m"4"[39m
                    [36m>[39m
                      [0mViral fever[0m
                    [36m</textarea>[39m
                  [36m</div>[39m
                  [36m<div[39m
                    [33mclass[39m=[32m"section"[39m
                  [36m>[39m
                    [36m<div[39m
                      [33mclass[39m=[32m"sectionHeader"[39m
                    [36m>[39m
                      [36m<h3[39m
                        [33mclass[39m=[32m"sectionTitle"[39m
                      [36m>[39m
                        [0mMedications[0m
                      [36m</h3>[39m
                      [36m<button[39m
                        [33mclass[39m=[32m"addMedicationBtn"[39m
                        [33mtype[39m=[32m"button"[39m
                      [36m>[39m
                        [0m+ Add Medication[0m
                      [36m</button>[39m
                    [36m</div>[39m
                    [36m<div[39m
                      [33mclass[39m=[32m"medicationForm"[39m
                    [36m>[39m
                      [36m<div[39m
                        [33mclass[39m=[32m"medicationFormGrid"[39m
                      [36m>[39m
                        [36m<div[39m
                          [33mclass[39m=[32m"medicationFormField"[39m
                        [36m>[39m
                          [36m<label>[39m
                            [0mMedication Name *[0m
                          [36m</label>[39m
                          [36m<div[39m
                            [33mclass[39m=[32m"autocompleteWrapper"[39m
                          [36m>[39m
                            [36m<input[39m
                              [33mplaceholder[39m=[32m"e.g., 
Paracetamol"[39m
                              [33mtype[39m=[32m"text"[39m
                              [33mvalue[39m=[32m""[39m
                            [36m/>[39m
                          [36m</div>[39m
                        [36m</div>[39m
                        [36m<div[39m
                          [33mclass[39m=[32m"medicationFormField"[39m
                        [36m>[39m
                          [36m<label>[39m
                            [0mDosage *[0m
                          [36m</label>[39m
                          [36m<input[39m
                            [33mplaceholder[39m=[32m"e.g., 500mg"[39m
                            [33mtype[39m=[32m"text"[39m
                            [33mvalue[39m=[32m""[39m
                          [36m/>[39m
                        [36m</div>[39m
                        [36m<div[39m
                          [33mclass[39m=[32m"medicationFormField"[39m
                        [36m>[39m
                          [36m<label>[39m
                            [0mFrequency *[0m
                          [36m</label>[39m
                          [36m<select>[39m
                            [36m<option[39m
                              [33mvalue[39m=[32m"Once daily"[39m
                            [36m>[39m
                              [0mOnce daily[0m
                            [36m</option>[39m
                            [36m<option[39m
                              [33mvalue[39m=[32m"Twice daily"[39m
                            [36m>[39m
                              [0mTwice daily[0m
                            [36m</option>[39m
                            [36m<option[39m
                              [33mvalue[39m=[32m"Thrice daily"[39m
                            [36m>[39m
                              [0mThrice daily[0m
                            [36m</option>[39m
                            [36m<option[39m
                              [33mvalue[39m=[32m"Four times daily"[39m
                            [36m>[39m
                              [0mFour times daily[0m
                            [36m</option>[39m
                            [36m<option[39m
                              [33mvalue[39m=[32m"Every 4 hours"[39m
                            [36m>[39m
                              [0mEvery 4 hours[0m
                            [36m</option>[39m
                            [36m<option[39m
                              [33mvalue[39m=[32m"Every 6 hours"[39m
                            [36m>[39m
                              [0mEvery 6 hours[0m
                            [36m</option>[39m
                            [36m<option[39m
                              [33mvalue[39m=[32m"Every 8 hours"[39m
                            [36m>[39m
                              [0mEvery 8 hours[0m
                            [36m</option>[39m
                            [36m<option[39m
                              [33mvalue[39m=[32m"Every 12 hours"[39m
                            [36m>[39m
                              [0mEvery 12 hours[0m
                            [36m</option>[39m
                            [36m<option[39m
                              [33mvalue[39m=[32m"As needed"[39m
                            [36m>[39m
                              [0mAs needed[0m
                            [36m</option>[39m
                            [36m<option[39m
                              [33mvalue[39m=[32m"Before meals"[39m
                            [36m>[39m
                              [0mBefore meals[0m
                            [36m</option>[39m
                            [36m<option[39m
                              [33mvalue[39m=[32m"After meals"[39m
                            [36m>[39m
                              [0mAfter meals[0m
                            [36m</option>[39m
                            [36m<option[39m
                              [33mvalue[39m=[32m"At bedtime"[39m
                            [36m>[39m
                              [0mAt bedtime[0m
                            [36m</option>[39m
                          [36m</select>[39m
                        [36m</div>[39m
                        [36m<div[39m
                          [33mclass[39m=[32m"medicationFormField"[39m
                        [36m>[39m
                          [36m<label>[39m
                            [0mDuration *[0m
                          [36m</label>[39m
                          [36m<input[39m
                            [33mplaceholder[39m=[32m"e.g., 5 days"[39m
                            [33mtype[39m=[32m"text"[39m
                            [33mvalue[39m=[32m""[39m
                          [36m/>[39m
                        [36m</div>[39m
                        [36m<div[39m
                          [33mclass[39m=[32m"medicationFormField"[39m
                        [36m>[39m
                          [36m<label>[39m
                            [0mInstructions[0m
                          [36m</label>[39m
                          [36m<input[39m
                            [33mplaceholder[39m=[32m"e.g., After food"[39m
                            [33mtype[39m=[32m"text"[39m
                            [33mvalue[39m=[32m"After food"[39m
                          [36m/>[39m
                        [36m</div>[39m
                      [36m</div>[39m
                      [36m<div[39m
                        [33mclass[39m=[32m"medicationFormActions"[39m
                      [36m>[39m
                        [36m<button[39m
                          [33mclass[39m=[32m"cancelBtn"[39m
                          [33mtype[39m=[32m"button"[39m
                        [36m>[39m
                          [0mCancel[0m
                        [36m</button>[39m
                        [36m<button[39m
                          [33mclass[39m=[32m"addBtn"[39m
                          [33mtype[39m=[32m"button"[39m
                        [36m>[39m
                          [0mAdd[0m
                        [36m</button>[39m
                      [36m</div>[39m
                    [36m</div>[39m
                  [36m</div>[39m
                  [36m<div[39m
                    [33mclass[39m=[32m"formActions"[39m
                  [36m>[39m
                    [36m<button[39m
                      [33mclass[39m=[32m"cancelButton"[39m
                      [33mtype[39m=[32m"button"[39m
                    [36m>[39m
                      [0mCancel[0m
                    [36m</button>[39m
                    [36m<button[39m
                      [33mclass[39m=[32m"saveButton"[39m
                      [33mtype[39m=[32m"submit"[39m
                    [36m>[39m
                      [0mSave & Generate Prescription[0m
                    [36m</button>[39m
                  [36m</div>[39m
                [36m</form>[39m
              [36m</div>[39m
            [36m</main>[39m
          [36m</div>[39m
        [36m</div>[39m
      [36m</div>[39m
    [36m</body>[39m

    [0m [90m 212 |[39m     fireEvent[33m.[39mclick(screen[33m.[39mgetByR
ole([32m'button'[39m[33m,[39m { name[33m:[39m [35m/add 
medication/i[39m }))[33m;[39m
     [90m 213 |[39m     
    [31m[1m>[22m[39m[90m 214 |[39m     [36mawait[39m waitFor(() 
[33m=>[39m {
     [90m     |[39m                  [31m[1m^[22m[39m
     [90m 215 |[39m       
expect(screen[33m.[39mgetByRole([32m'button'[39m[33m,[39m { 
name[33m:[39m [35m/save medication/i[39m 
}))[33m.[39mtoBeInTheDocument()[33m;[39m
     [90m 216 |[39m     })[33m;[39m
     [90m 217 |[39m[0m

      at waitForWrapper (node_modules/@testing-library/react/node_modules/@test
ing-library/dom/dist/wait-for.js:163:27)
      at Object.<anonymous> 
(src/pages/__tests__/ConsultationPage.test.tsx:214:18)

  ΓùÅ ConsultationPage ΓÇ║ should handle consultation save error

    Unable to find role="button" and name `/save medication/i`

    Ignored nodes: comments, script, style
    [36m<body>[39m
      [36m<div>[39m
        [36m<a[39m
          [33mclass[39m=[32m"skip-link"[39m
          [33mhref[39m=[32m"#main-content"[39m
        [36m>[39m
          [0mSkip to main content[0m
        [36m</a>[39m
        [36m<div[39m
          [33mclass[39m=[32m"layout"[39m
        [36m>[39m
          [36m<header[39m
            [33mclass[39m=[32m"header"[39m
            [33mrole[39m=[32m"banner"[39m
          [36m>[39m
            [36m<div[39m
              [33mclass[39m=[32m"container"[39m
            [36m>[39m
              [36m<div[39m
                [33mclass[39m=[32m"leftSection"[39m
              [36m>[39m
                [36m<button[39m
                  [33maria-expanded[39m=[32m"false"[39m
                  [33maria-label[39m=[32m"Open menu"[39m
                  [33mclass[39m=[32m"hamburger "[39m
                [36m>[39m
                  [36m<span[39m
                    [33mclass[39m=[32m"line"[39m
                  [36m/>[39m
                  [36m<span[39m
                    [33mclass[39m=[32m"line"[39m
                  [36m/>[39m
                  [36m<span[39m
                    [33mclass[39m=[32m"line"[39m
                  [36m/>[39m
                [36m</button>[39m
                [36m<div[39m
                  [33mclass[39m=[32m"logo"[39m
                [36m>[39m
                  [36m<h1>[39m
                    [0mPatient Management System[0m
                  [36m</h1>[39m
                [36m</div>[39m
              [36m</div>[39m
              [36m<div[39m
                [33mclass[39m=[32m"userSection"[39m
              [36m>[39m
                [36m<span[39m
                  [33mclass[39m=[32m"guestText"[39m
                [36m>[39m
                  [0mGuest[0m
                [36m</span>[39m
              [36m</div>[39m
            [36m</div>[39m
          [36m</header>[39m
          [36m<div[39m
            [33mclass[39m=[32m"mainContainer"[39m
          [36m>[39m
            [36m<aside[39m
              [33maria-label[39m=[32m"Main navigation"[39m
              [33mclass[39m=[32m"sidebar "[39m
              [33mrole[39m=[32m"navigation"[39m
            [36m>[39m
              [36m<nav[39m
                [33maria-label[39m=[32m"Primary"[39m
                [33mclass[39m=[32m"nav"[39m
              [36m>[39m
                [36m<a[39m
                  [33mclass[39m=[32m"navItem "[39m
                  [33mhref[39m=[32m"/dashboard"[39m
                [36m>[39m
                  [36m<span[39m
                    [33maria-hidden[39m=[32m"true"[39m
                    [33mclass[39m=[32m"icon"[39m
                  [36m>[39m
                    [0m≡ƒôè[0m
                  [36m</span>[39m
                  [36m<span[39m
                    [33mclass[39m=[32m"label"[39m
                  [36m>[39m
                    [0mDashboard[0m
                  [36m</span>[39m
                [36m</a>[39m
                [36m<a[39m
                  [33mclass[39m=[32m"navItem "[39m
                  [33mhref[39m=[32m"/patients/search"[39m
                [36m>[39m
                  [36m<span[39m
                    [33maria-hidden[39m=[32m"true"[39m
                    [33mclass[39m=[32m"icon"[39m
                  [36m>[39m
                    [0m≡ƒæÑ[0m
                  [36m</span>[39m
                  [36m<span[39m
                    [33mclass[39m=[32m"label"[39m
                  [36m>[39m
                    [0mPatients[0m
                  [36m</span>[39m
                [36m</a>[39m
                [36m<a[39m
                  [33mclass[39m=[32m"navItem "[39m
                  [33mhref[39m=[32m"/appointments"[39m
                [36m>[39m
                  [36m<span[39m
                    [33maria-hidden[39m=[32m"true"[39m
                    [33mclass[39m=[32m"icon"[39m
                  [36m>[39m
                    [0m≡ƒôà[0m
                  [36m</span>[39m
                  [36m<span[39m
                    [33mclass[39m=[32m"label"[39m
                  [36m>[39m
                    [0mAppointments[0m
                  [36m</span>[39m
                [36m</a>[39m
                [36m<a[39m
                  [33mclass[39m=[32m"navItem active"[39m
                  [33mhref[39m=[32m"/consultations"[39m
                [36m>[39m
                  [36m<span[39m
                    [33maria-hidden[39m=[32m"true"[39m
                    [33mclass[39m=[32m"icon"[39m
                  [36m>[39m
                    [0m≡ƒ⌐║[0m
                  [36m</span>[39m
                  [36m<span[39m
                    [33mclass[39m=[32m"label"[39m
                  [36m>[39m
                    [0mConsultations[0m
                  [36m</span>[39m
                [36m</a>[39m
                [36m<a[39m
                  [33mclass[39m=[32m"navItem "[39m
                  [33mhref[39m=[32m"/export"[39m
                [36m>[39m
                  [36m<span[39m
                    [33maria-hidden[39m=[32m"true"[39m
                    [33mclass[39m=[32m"icon"[39m
                  [36m>[39m
                    [0m≡ƒôÑ[0m
                  [36m</span>[39m
                  [36m<span[39m
                    [33mclass[39m=[32m"label"[39m
                  [36m>[39m
                    [0mExport Data[0m
                  [36m</span>[39m
                [36m</a>[39m
                [36m<a[39m
                  [33mclass[39m=[32m"navItem "[39m
                  [33mhref[39m=[32m"/reports"[39m
                [36m>[39m
                  [36m<span[39m
                    [33maria-hidden[39m=[32m"true"[39m
                    [33mclass[39m=[32m"icon"[39m
                  [36m>[39m
                    [0m≡ƒôï[0m
                  [36m</span>[39m
                  [36m<span[39m
                    [33mclass[39m=[32m"label"[39m
                  [36m>[39m
                    [0mReports[0m
                  [36m</span>[39m
                [36m</a>[39m
              [36m</nav>[39m
            [36m</aside>[39m
            [36m<main[39m
              [33mclass[39m=[32m"mainContent"[39m
              [33mid[39m=[32m"main-content"[39m
              [33mrole[39m=[32m"main"[39m
            [36m>[39m
              [36m<div[39m
                [33mclass[39m=[32m"consultationPage"[39m
              [36m>[39m
                [36m<div[39m
                  [33mclass[39m=[32m"patientHeader"[39m
                [36m>[39m
                  [36m<div[39m
                    [33mclass[39m=[32m"patientInfo"[39m
                  [36m>[39m
                    [36m<h2>[39m
                      [0mJohn Doe[0m
                    [36m</h2>[39m
                    [36m<div[39m
                      [33mclass[39m=[32m"patientDetails"[39m
                    [36m>[39m
                      [36m<span>[39m
                        [0mAge: [0m
                        [0m36[0m
                      [36m</span>[39m
                      [36m<span>[39m
                        [0mΓÇó[0m
                      [36m</span>[39m
                      [36m<span>[39m
                        [0mGender: [0m
                        [0mM[0m
                      [36m</span>[39m
                      [36m<span>[39m
                        [0mΓÇó[0m
                      [36m</span>[39m
                      [36m<span>[39m
                        [0mPhone: [0m
                        [0m1234567890[0m
                      [36m</span>[39m
                    [36m</div>[39m
                  [36m</div>[39m
                [36m</div>[39m
                [36m<form[39m
                  [33mclass[39m=[32m"consultationForm"[39m
                [36m>[39m
                  [36m<div[39m
                    [33mclass[39m=[32m"section"[39m
                  [36m>[39m
                    [36m<h3[39m
                      [33mclass[39m=[32m"sectionTitle"[39m
                    [36m>[39m
                      [0mVitals[0m
                    [36m</h3>[39m
                    [36m<div[39m
                      [33mclass[39m=[32m"vitalsGrid"[39m
                    [36m>[39m
                      [36m<div[39m
                        [33mclass[39m=[32m"vitalField"[39m
                      [36m>[39m
                        [36m<label>[39m
                          [0mTemperature ([0m
                          [0m┬░F[0m
                          [0m)[0m
                        [36m</label>[39m
                        [36m<input[39m
                          [33mclass[39m=[32m"vitalInput  "[39m
                          [33mplaceholder[39m=[32m"98.6"[39m
                          [33mstep[39m=[32m"0.1"[39m
                          [33mtype[39m=[32m"number"[39m
                          [33mvalue[39m=[32m"98.6"[39m
                        [36m/>[39m
                        [36m<div[39m
                          [33mclass[39m=[32m"normalRange"[39m
                        [36m>[39m
                          [0mNormal: [0m
                          [0m98.6[0m
                          [0m┬░F[0m
                        [36m</div>[39m
                      [36m</div>[39m
                      [36m<div[39m
                        [33mclass[39m=[32m"vitalField"[39m
                      [36m>[39m
                        [36m<label>[39m
                          [0mBP Systolic ([0m
                          [0mmmHg[0m
                          [0m)[0m
                        [36m</label>[39m
                        [36m<input[39m
                          [33mclass[39m=[32m"vitalInput  "[39m
                          [33mplaceholder[39m=[32m"120"[39m
                          [33mtype[39m=[32m"number"[39m
                          [33mvalue[39m=[32m"120"[39m
                        [36m/>[39m
                        [36m<div[39m
                          [33mclass[39m=[32m"normalRange"[39m
                        [36m>[39m
                          [0mNormal: [0m
                          [0m120[0m
                          [0m mmHg[0m
                        [36m</div>[39m
                      [36m</div>[39m
                      [36m<div[39m
                        [33mclass[39m=[32m"vitalField"[39m
                      [36m>[39m
                        [36m<label>[39m
                          [0mBP Diastolic ([0m
                          [0mmmHg[0m
                          [0m)[0m
                        [36m</label>[39m
                        [36m<input[39m
                          [33mclass[39m=[32m"vitalInput  "[39m
                          [33mplaceholder[39m=[32m"80"[39m
                          [33mtype[39m=[32m"number"[39m
                          [33mvalue[39m=[32m"80"[39m
                        [36m/>[39m
                        [36m<div[39m
                          [33mclass[39m=[32m"normalRange"[39m
                        [36m>[39m
                          [0mNormal: [0m
                          [0m80[0m
                          [0m mmHg[0m
                        [36m</div>[39m
                      [36m</div>[39m
                      [36m<div[39m
                        [33mclass[39m=[32m"vitalField"[39m
                      [36m>[39m
                        [36m<label>[39m
                          [0mPulse ([0m
                          [0mBPM[0m
                          [0m)[0m
                        [36m</label>[39m
                        [36m<input[39m
                          [33mclass[39m=[32m"vitalInput  "[39m
                          [33mplaceholder[39m=[32m"72"[39m
                          [33mtype[39m=[32m"number"[39m
                          [33mvalue[39m=[32m"72"[39m
                        [36m/>[39m
                        [36m<div[39m
                          [33mclass[39m=[32m"normalRange"[39m
                        [36m>[39m
                          [0mNormal: [0m
                          [0m60-100[0m
                          [0m BPM[0m
                        [36m</div>[39m
                      [36m</div>[39m
                    [36m</div>[39m
                  [36m</div>[39m
                  [36m<div[39m
                    [33mclass[39m=[32m"section"[39m
                  [36m>[39m
                    [36m<h3[39m
                      [33mclass[39m=[32m"sectionTitle"[39m
                    [36m>[39m
                      [0mComplaints[0m
                    [36m</h3>[39m
                    [36m<textarea[39m
                      [33mclass[39m=[32m"textarea"[39m
                      [33mplaceholder[39m=[32m"e.g., Fever, cough, body 
ache for 3 days"[39m
                      [33mrows[39m=[32m"4"[39m
                    [36m>[39m
                      [0mFever[0m
                    [36m</textarea>[39m
                  [36m</div>[39m
                  [36m<div[39m
                    [33mclass[39m=[32m"section"[39m
                  [36m>[39m
                    [36m<h3[39m
                      [33mclass[39m=[32m"sectionTitle"[39m
                    [36m>[39m
                      [0mDiagnosis[0m
                    [36m</h3>[39m
                    [36m<textarea[39m
                      [33mclass[39m=[32m"textarea"[39m
                      [33mplaceholder[39m=[32m"e.g., Viral fever with URI 
symptoms"[39m
                      [33mrows[39m=[32m"4"[39m
                    [36m>[39m
                      [0mViral fever[0m
                    [36m</textarea>[39m
                  [36m</div>[39m
                  [36m<div[39m
                    [33mclass[39m=[32m"section"[39m
                  [36m>[39m
                    [36m<div[39m
                      [33mclass[39m=[32m"sectionHeader"[39m
                    [36m>[39m
                      [36m<h3[39m
                        [33mclass[39m=[32m"sectionTitle"[39m
                      [36m>[39m
                        [0mMedications[0m
                      [36m</h3>[39m
                      [36m<button[39m
                        [33mclass[39m=[32m"addMedicationBtn"[39m
                        [33mtype[39m=[32m"button"[39m
                      [36m>[39m
                        [0m+ Add Medication[0m
                      [36m</button>[39m
                    [36m</div>[39m
                    [36m<div[39m
                      [33mclass[39m=[32m"medicationForm"[39m
                    [36m>[39m
                      [36m<div[39m
                        [33mclass[39m=[32m"medicationFormGrid"[39m
                      [36m>[39m
                        [36m<div[39m
                          [33mclass[39m=[32m"medicationFormField"[39m
                        [36m>[39m
                          [36m<label>[39m
                            [0mMedication Name *[0m
                          [36m</label>[39m
                          [36m<div[39m
                            [33mclass[39m=[32m"autocompleteWrapper"[39m
                          [36m>[39m
                            [36m<input[39m
                              [33mplaceholder[39m=[32m"e.g., 
Paracetamol"[39m
                              [33mtype[39m=[32m"text"[39m
                              [33mvalue[39m=[32m""[39m
                            [36m/>[39m
                          [36m</div>[39m
                        [36m</div>[39m
                        [36m<div[39m
                          [33mclass[39m=[32m"medicationFormField"[39m
                        [36m>[39m
                          [36m<label>[39m
                            [0mDosage *[0m
                          [36m</label>[39m
                          [36m<input[39m
                            [33mplaceholder[39m=[32m"e.g., 500mg"[39m
                            [33mtype[39m=[32m"text"[39m
                            [33mvalue[39m=[32m""[39m
                          [36m/>[39m
                        [36m</div>[39m
                        [36m<div[39m
                          [33mclass[39m=[32m"medicationFormField"[39m
                        [36m>[39m
                          [36m<label>[39m
                            [0mFrequency *[0m
                          [36m</label>[39m
                          [36m<select>[39m
                            [36m<option[39m
                              [33mvalue[39m=[32m"Once daily"[39m
                            [36m>[39m
                              [0mOnce daily[0m
                            [36m</option>[39m
                            [36m<option[39m
                              [33mvalue[39m=[32m"Twice daily"[39m
                            [36m>[39m
                              [0mTwice daily[0m
                            [36m</option>[39m
                            [36m<option[39m
                              [33mvalue[39m=[32m"Thrice daily"[39m
                            [36m>[39m
                              [0mThrice daily[0m
                            [36m</option>[39m
                            [36m<option[39m
                              [33mvalue[39m=[32m"Four times daily"[39m
                            [36m>[39m
                              [0mFour times daily[0m
                            [36m</option>[39m
                            [36m<option[39m
                              [33mvalue[39m=[32m"Every 4 hours"[39m
                            [36m>[39m
                              [0mEvery 4 hours[0m
                            [36m</option>[39m
                            [36m<option[39m
                              [33mvalue[39m=[32m"Every 6 hours"[39m
                            [36m>[39m
                              [0mEvery 6 hours[0m
                            [36m</option>[39m
                            [36m<option[39m
                              [33mvalue[39m=[32m"Every 8 hours"[39m
                            [36m>[39m
                              [0mEvery 8 hours[0m
                            [36m</option>[39m
                            [36m<option[39m
                              [33mvalue[39m=[32m"Every 12 hours"[39m
                            [36m>[39m
                              [0mEvery 12 hours[0m
                            [36m</option>[39m
                            [36m<option[39m
                              [33mvalue[39m=[32m"As needed"[39m
                            [36m>[39m
                              [0mAs needed[0m
                            [36m</option>[39m
                            [36m<option[39m
                              [33mvalue[39m=[32m"Before meals"[39m
                            [36m>[39m
                              [0mBefore meals[0m
                            [36m</option>[39m
                            [36m<option[39m
                              [33mvalue[39m=[32m"After meals"[39m
                            [36m>[39m
                              [0mAfter meals[0m
                            [36m</option>[39m
                            [36m<option[39m
                              [33mvalue[39m=[32m"At bedtime"[39m
                            [36m>[39m
                              [0mAt bedtime[0m
                            [36m</option>[39m
                          [36m</select>[39m
                        [36m</div>[39m
                        [36m<div[39m
                          [33mclass[39m=[32m"medicationFormField"[39m
                        [36m>[39m
                          [36m<label>[39m
                            [0mDuration *[0m
                          [36m</label>[39m
                          [36m<input[39m
                            [33mplaceholder[39m=[32m"e.g., 5 days"[39m
                            [33mtype[39m=[32m"text"[39m
                            [33mvalue[39m=[32m""[39m
                          [36m/>[39m
                        [36m</div>[39m
                        [36m<div[39m
                          [33mclass[39m=[32m"medicationFormField"[39m
                        [36m>[39m
                          [36m<label>[39m
                            [0mInstructions[0m
                          [36m</label>[39m
                          [36m<input[39m
                            [33mplaceholder[39m=[32m"e.g., After food"[39m
                            [33mtype[39m=[32m"text"[39m
                            [33mvalue[39m=[32m"After food"[39m
                          [36m/>[39m
                        [36m</div>[39m
                      [36m</div>[39m
                      [36m<div[39m
                        [33mclass[39m=[32m"medicationFormActions"[39m
                      [36m>[39m
                        [36m<button[39m
                          [33mclass[39m=[32m"cancelBtn"[39m
                          [33mtype[39m=[32m"button"[39m
                        [36m>[39m
                          [0mCancel[0m
                        [36m</button>[39m
                        [36m<button[39m
                          [33mclass[39m=[32m"addBtn"[39m
                          [33mtype[39m=[32m"button"[39m
                        [36m>[39m
                          [0mAdd[0m
                        [36m</button>[39m
                      [36m</div>[39m
                    [36m</div>[39m
                  [36m</div>[39m
                  [36m<div[39m
                    [33mclass[39m=[32m"formActions"[39m
                  [36m>[39m
                    [36m<button[39m
                      [33mclass[39m=[32m"cancelButton"[39m
                      [33mtype[39m=[32m"button"[39m
                    [36m>[39m
                      [0mCancel[0m
                    [36m</button>[39m
                    [36m<button[39m
                      [33mclass[39m=[32m"saveButton"[39m
                      [33mtype[39m=[32m"submit"[39m
                    [36m>[39m
                      [0mSave & Generate Prescription[0m
                    [36m</button>[39m
                  [36m</div>[39m
                [36m</form>[39m
              [36m</div>[39m
            [36m</main>[39m
          [36m</div>[39m
        [36m</div>[39m
      [36m</div>[39m
    [36m</body>[39m

    [0m [90m 282 |[39m     fireEvent[33m.[39mclick(screen[33m.[39mgetByR
ole([32m'button'[39m[33m,[39m { name[33m:[39m [35m/add 
medication/i[39m }))[33m;[39m
     [90m 283 |[39m     
    [31m[1m>[22m[39m[90m 284 |[39m     [36mawait[39m waitFor(() 
[33m=>[39m {
     [90m     |[39m                  [31m[1m^[22m[39m
     [90m 285 |[39m       
expect(screen[33m.[39mgetByRole([32m'button'[39m[33m,[39m { 
name[33m:[39m [35m/save medication/i[39m 
}))[33m.[39mtoBeInTheDocument()[33m;[39m
     [90m 286 |[39m     })[33m;[39m
     [90m 287 |[39m[0m

      at waitForWrapper (node_modules/@testing-library/react/node_modules/@test
ing-library/dom/dist/wait-for.js:163:27)
      at Object.<anonymous> 
(src/pages/__tests__/ConsultationPage.test.tsx:284:18)

  console.warn
    No routes matched location "/dashboard"

    [0m [90m 29 |[39m
     [90m 30 |[39m   [36mconst[39m renderPrescriptionPage [33m=[39m () [33m=>[39m {
    [31m[1m>[22m[39m[90m 31 |[39m     [36mreturn[39m render(
     [90m    |[39m                  [31m[1m^[22m[39m
     [90m 32 |[39m       [33m<[39m[33mMemoryRouter[39m initialEntries[33m=[39m{[[32m'/prescriptions/1'[39m]}[33m>[39m[37m[41m[1m\[22m[49m[39mn        [33m<[39m[33mAuthProvider[39m[33m>[39m
     [90m 33 |[39m           [33m<[39m[33mToastProvider[39m[33m>[39m
     [90m 34 |[39m             [33m<[39m[33mRoutes[39m[33m>[39m[0m

      at Object.warn [as UNSAFE_warning] (node_modules/@remix-run/router/history.ts:501:49)
      at warning (node_modules/react-router/lib/hooks.tsx:451:5)
      at useRoutesImpl (node_modules/react-router/lib/hooks.tsx:344:10)
      at useRoutes (node_modules/react-router/lib/components.tsx:515:10)
      at renderWithHooks (node_modules/react-dom/cjs/react-dom.development.js:15486:18)
      at updateFunctionComponent (node_modules/react-dom/cjs/react-dom.development.js:19617:20)
      at beginWork (node_modules/react-dom/cjs/react-dom.development.js:21640:16)
      at beginWork$1 (node_modules/react-dom/cjs/react-dom.development.js:27465:14)
      at performUnitOfWork (node_modules/react-dom/cjs/react-dom.development.js:26599:12)
      at workLoopSync (node_modules/react-dom/cjs/react-dom.development.js:26505:5)
      at renderRootSync (node_modules/react-dom/cjs/react-dom.development.js:26473:7)
      at performConcurrentWorkOnRoot (node_modules/react-dom/cjs/react-dom.development.js:25777:74)
      at flushActQueue (node_modules/react/cjs/react.development.js:2667:24)
      at act (node_modules/react/cjs/react.development.js:2582:11)
      at node_modules/@testing-library/react/dist/act-compat.js:47:25
      at renderRoot (node_modules/@testing-library/react/dist/pure.js:180:26)
      at render (node_modules/@testing-library/react/dist/pure.js:271:10)
      at renderPrescriptionPage (src/pages/__tests__/PrescriptionPage.test.tsx:31:18)
      at Object.<anonymous> (src/pages/__tests__/PrescriptionPage.test.tsx:101:5)

  console.warn
    No routes matched location "/dashboard"

    [0m [90m 29 |[39m
     [90m 30 |[39m   [36mconst[39m renderPrescriptionPage [33m=[39m () [33m=>[39m {
    [31m[1m>[22m[39m[90m 31 |[39m     [36mreturn[39m render(
     [90m    |[39m                  [31m[1m^[22m[39m
     [90m 32 |[39m       [33m<[39m[33mMemoryRouter[39m initialEntries[33m=[39m{[[32m'/prescriptions/1'[39m]}[33m>[39m[37m[41m[1m\[22m[49m[39mn        [33m<[39m[33mAuthProvider[39m[33m>[39m
     [90m 33 |[39m           [33m<[39m[33mToastProvider[39m[33m>[39m
     [90m 34 |[39m             [33m<[39m[33mRoutes[39m[33m>[39m[0m

      at Object.warn [as UNSAFE_warning] (node_modules/@remix-run/router/history.ts:501:49)
      at warning (node_modules/react-router/lib/hooks.tsx:451:5)
      at useRoutesImpl (node_modules/react-router/lib/hooks.tsx:344:10)
      at useRoutes (node_modules/react-router/lib/components.tsx:515:10)
      at renderWithHooks (node_modules/react-dom/cjs/react-dom.development.js:15486:18)
      at updateFunctionComponent (node_modules/react-dom/cjs/react-dom.development.js:19617:20)
      at beginWork (node_modules/react-dom/cjs/react-dom.development.js:21640:16)
      at beginWork$1 (node_modules/react-dom/cjs/react-dom.development.js:27465:14)
      at performUnitOfWork (node_modules/react-dom/cjs/react-dom.development.js:26599:12)
      at workLoopSync (node_modules/react-dom/cjs/react-dom.development.js:26505:5)
      at renderRootSync (node_modules/react-dom/cjs/react-dom.development.js:26473:7)
      at performConcurrentWorkOnRoot (node_modules/react-dom/cjs/react-dom.development.js:25777:74)
      at flushActQueue (node_modules/react/cjs/react.development.js:2667:24)
      at act (node_modules/react/cjs/react.development.js:2582:11)
      at node_modules/@testing-library/react/dist/act-compat.js:47:25
      at renderRoot (node_modules/@testing-library/react/dist/pure.js:180:26)
      at render (node_modules/@testing-library/react/dist/pure.js:271:10)
      at renderPrescriptionPage (src/pages/__tests__/PrescriptionPage.test.tsx:31:18)
      at Object.<anonymous> (src/pages/__tests__/PrescriptionPage.test.tsx:116:5)

  console.warn
    No routes matched location "/dashboard"

    [0m [90m 29 |[39m
     [90m 30 |[39m   [36mconst[39m renderPrescriptionPage [33m=[39m () [33m=>[39m {
    [31m[1m>[22m[39m[90m 31 |[39m     [36mreturn[39m render(
     [90m    |[39m                  [31m[1m^[22m[39m
     [90m 32 |[39m       [33m<[39m[33mMemoryRouter[39m initialEntries[33m=[39m{[[32m'/prescriptions/1'[39m]}[33m>[39m[37m[41m[1m\[22m[49m[39mn        [33m<[39m[33mAuthProvider[39m[33m>[39m
     [90m 33 |[39m           [33m<[39m[33mToastProvider[39m[33m>[39m
     [90m 34 |[39m             [33m<[39m[33mRoutes[39m[33m>[39m[0m

      at Object.warn [as UNSAFE_warning] (node_modules/@remix-run/router/history.ts:501:49)
      at warning (node_modules/react-router/lib/hooks.tsx:451:5)
      at useRoutesImpl (node_modules/react-router/lib/hooks.tsx:344:10)
      at useRoutes (node_modules/react-router/lib/components.tsx:515:10)
      at renderWithHooks (node_modules/react-dom/cjs/react-dom.development.js:15486:18)
      at updateFunctionComponent (node_modules/react-dom/cjs/react-dom.development.js:19617:20)
      at beginWork (node_modules/react-dom/cjs/react-dom.development.js:21640:16)
      at beginWork$1 (node_modules/react-dom/cjs/react-dom.development.js:27465:14)
      at performUnitOfWork (node_modules/react-dom/cjs/react-dom.development.js:26599:12)
      at workLoopSync (node_modules/react-dom/cjs/react-dom.development.js:26505:5)
      at renderRootSync (node_modules/react-dom/cjs/react-dom.development.js:26473:7)
      at performConcurrentWorkOnRoot (node_modules/react-dom/cjs/react-dom.development.js:25777:74)
      at flushActQueue (node_modules/react/cjs/react.development.js:2667:24)
      at act (node_modules/react/cjs/react.development.js:2582:11)
      at node_modules/@testing-library/react/dist/act-compat.js:47:25
      at renderRoot (node_modules/@testing-library/react/dist/pure.js:180:26)
      at render (node_modules/@testing-library/react/dist/pure.js:271:10)
      at renderPrescriptionPage (src/pages/__tests__/PrescriptionPage.test.tsx:31:18)
      at Object.<anonymous> (src/pages/__tests__/PrescriptionPage.test.tsx:139:5)

  console.warn
    No routes matched location "/dashboard"

    [0m [90m 29 |[39m
     [90m 30 |[39m   [36mconst[39m renderPrescriptionPage [33m=[39m () [33m=>[39m {
    [31m[1m>[22m[39m[90m 31 |[39m     [36mreturn[39m render(
     [90m    |[39m                  [31m[1m^[22m[39m
     [90m 32 |[39m       [33m<[39m[33mMemoryRouter[39m initialEntries[33m=[39m{[[32m'/prescriptions/1'[39m]}[33m>[39m[37m[41m[1m\[22m[49m[39mn        [33m<[39m[33mAuthProvider[39m[33m>[39m
     [90m 33 |[39m           [33m<[39m[33mToastProvider[39m[33m>[39m
     [90m 34 |[39m             [33m<[39m[33mRoutes[39m[33m>[39m[0m

      at Object.warn [as UNSAFE_warning] (node_modules/@remix-run/router/history.ts:501:49)
      at warning (node_modules/react-router/lib/hooks.tsx:451:5)
      at useRoutesImpl (node_modules/react-router/lib/hooks.tsx:344:10)
      at useRoutes (node_modules/react-router/lib/components.tsx:515:10)
      at renderWithHooks (node_modules/react-dom/cjs/react-dom.development.js:15486:18)
      at updateFunctionComponent (node_modules/react-dom/cjs/react-dom.development.js:19617:20)
      at beginWork (node_modules/react-dom/cjs/react-dom.development.js:21640:16)
      at beginWork$1 (node_modules/react-dom/cjs/react-dom.development.js:27465:14)
      at performUnitOfWork (node_modules/react-dom/cjs/react-dom.development.js:26599:12)
      at workLoopSync (node_modules/react-dom/cjs/react-dom.development.js:26505:5)
      at renderRootSync (node_modules/react-dom/cjs/react-dom.development.js:26473:7)
      at performConcurrentWorkOnRoot (node_modules/react-dom/cjs/react-dom.development.js:25777:74)
      at flushActQueue (node_modules/react/cjs/react.development.js:2667:24)
      at act (node_modules/react/cjs/react.development.js:2582:11)
      at node_modules/@testing-library/react/dist/act-compat.js:47:25
      at renderRoot (node_modules/@testing-library/react/dist/pure.js:180:26)
      at render (node_modules/@testing-library/react/dist/pure.js:271:10)
      at renderPrescriptionPage (src/pages/__tests__/PrescriptionPage.test.tsx:31:18)
      at Object.<anonymous> (src/pages/__tests__/PrescriptionPage.test.tsx:153:5)

  console.warn
    No routes matched location "/dashboard"

    [0m [90m 29 |[39m
     [90m 30 |[39m   [36mconst[39m renderPrescriptionPage [33m=[39m () [33m=>[39m {
    [31m[1m>[22m[39m[90m 31 |[39m     [36mreturn[39m render(
     [90m    |[39m                  [31m[1m^[22m[39m
     [90m 32 |[39m       [33m<[39m[33mMemoryRouter[39m initialEntries[33m=[39m{[[32m'/prescriptions/1'[39m]}[33m>[39m[37m[41m[1m\[22m[49m[39mn        [33m<[39m[33mAuthProvider[39m[33m>[39m
     [90m 33 |[39m           [33m<[39m[33mToastProvider[39m[33m>[39m
     [90m 34 |[39m             [33m<[39m[33mRoutes[39m[33m>[39m[0m

      at Object.warn [as UNSAFE_warning] (node_modules/@remix-run/router/history.ts:501:49)
      at warning (node_modules/react-router/lib/hooks.tsx:451:5)
      at useRoutesImpl (node_modules/react-router/lib/hooks.tsx:344:10)
      at useRoutes (node_modules/react-router/lib/components.tsx:515:10)
      at renderWithHooks (node_modules/react-dom/cjs/react-dom.development.js:15486:18)
      at updateFunctionComponent (node_modules/react-dom/cjs/react-dom.development.js:19617:20)
      at beginWork (node_modules/react-dom/cjs/react-dom.development.js:21640:16)
      at beginWork$1 (node_modules/react-dom/cjs/react-dom.development.js:27465:14)
      at performUnitOfWork (node_modules/react-dom/cjs/react-dom.development.js:26599:12)
      at workLoopSync (node_modules/react-dom/cjs/react-dom.development.js:26505:5)
      at renderRootSync (node_modules/react-dom/cjs/react-dom.development.js:26473:7)
      at performConcurrentWorkOnRoot (node_modules/react-dom/cjs/react-dom.development.js:25777:74)
      at flushActQueue (node_modules/react/cjs/react.development.js:2667:24)
      at act (node_modules/react/cjs/react.development.js:2582:11)
      at node_modules/@testing-library/react/dist/act-compat.js:47:25
      at renderRoot (node_modules/@testing-library/react/dist/pure.js:180:26)
      at render (node_modules/@testing-library/react/dist/pure.js:271:10)
      at renderPrescriptionPage (src/pages/__tests__/PrescriptionPage.test.tsx:31:18)
      at Object.<anonymous> (src/pages/__tests__/PrescriptionPage.test.tsx:172:5)

  console.warn
    No routes matched location "/dashboard"

    [0m [90m 29 |[39m
     [90m 30 |[39m   [36mconst[39m renderPrescriptionPage [33m=[39m () [33m=>[39m {
    [31m[1m>[22m[39m[90m 31 |[39m     [36mreturn[39m render(
     [90m    |[39m                  [31m[1m^[22m[39m
     [90m 32 |[39m       [33m<[39m[33mMemoryRouter[39m initialEntries[33m=[39m{[[32m'/prescriptions/1'[39m]}[33m>[39m[37m[41m[1m\[22m[49m[39mn        [33m<[39m[33mAuthProvider[39m[33m>[39m
     [90m 33 |[39m           [33m<[39m[33mToastProvider[39m[33m>[39m
     [90m 34 |[39m             [33m<[39m[33mRoutes[39m[33m>[39m[0m

      at Object.warn [as UNSAFE_warning] (node_modules/@remix-run/router/history.ts:501:49)
      at warning (node_modules/react-router/lib/hooks.tsx:451:5)
      at useRoutesImpl (node_modules/react-router/lib/hooks.tsx:344:10)
      at useRoutes (node_modules/react-router/lib/components.tsx:515:10)
      at renderWithHooks (node_modules/react-dom/cjs/react-dom.development.js:15486:18)
      at updateFunctionComponent (node_modules/react-dom/cjs/react-dom.development.js:19617:20)
      at beginWork (node_modules/react-dom/cjs/react-dom.development.js:21640:16)
      at beginWork$1 (node_modules/react-dom/cjs/react-dom.development.js:27465:14)
      at performUnitOfWork (node_modules/react-dom/cjs/react-dom.development.js:26599:12)
      at workLoopSync (node_modules/react-dom/cjs/react-dom.development.js:26505:5)
      at renderRootSync (node_modules/react-dom/cjs/react-dom.development.js:26473:7)
      at performConcurrentWorkOnRoot (node_modules/react-dom/cjs/react-dom.development.js:25777:74)
      at flushActQueue (node_modules/react/cjs/react.development.js:2667:24)
      at act (node_modules/react/cjs/react.development.js:2582:11)
      at node_modules/@testing-library/react/dist/act-compat.js:47:25
      at renderRoot (node_modules/@testing-library/react/dist/pure.js:180:26)
      at render (node_modules/@testing-library/react/dist/pure.js:271:10)
      at renderPrescriptionPage (src/pages/__tests__/PrescriptionPage.test.tsx:31:18)
      at Object.<anonymous> (src/pages/__tests__/PrescriptionPage.test.tsx:179:5)

  console.warn
    No routes matched location "/dashboard"

    [0m [90m 29 |[39m
     [90m 30 |[39m   [36mconst[39m renderPrescriptionPage [33m=[39m () [33m=>[39m {
    [31m[1m>[22m[39m[90m 31 |[39m     [36mreturn[39m render(
     [90m    |[39m                  [31m[1m^[22m[39m
     [90m 32 |[39m       [33m<[39m[33mMemoryRouter[39m initialEntries[33m=[39m{[[32m'/prescriptions/1'[39m]}[33m>[39m[37m[41m[1m\[22m[49m[39mn        [33m<[39m[33mAuthProvider[39m[33m>[39m
     [90m 33 |[39m           [33m<[39m[33mToastProvider[39m[33m>[39m
     [90m 34 |[39m             [33m<[39m[33mRoutes[39m[33m>[39m[0m

      at Object.warn [as UNSAFE_warning] (node_modules/@remix-run/router/history.ts:501:49)
      at warning (node_modules/react-router/lib/hooks.tsx:451:5)
      at useRoutesImpl (node_modules/react-router/lib/hooks.tsx:344:10)
      at useRoutes (node_modules/react-router/lib/components.tsx:515:10)
      at renderWithHooks (node_modules/react-dom/cjs/react-dom.development.js:15486:18)
      at updateFunctionComponent (node_modules/react-dom/cjs/react-dom.development.js:19617:20)
      at beginWork (node_modules/react-dom/cjs/react-dom.development.js:21640:16)
      at beginWork$1 (node_modules/react-dom/cjs/react-dom.development.js:27465:14)
      at performUnitOfWork (node_modules/react-dom/cjs/react-dom.development.js:26599:12)
      at workLoopSync (node_modules/react-dom/cjs/react-dom.development.js:26505:5)
      at renderRootSync (node_modules/react-dom/cjs/react-dom.development.js:26473:7)
      at performConcurrentWorkOnRoot (node_modules/react-dom/cjs/react-dom.development.js:25777:74)
      at flushActQueue (node_modules/react/cjs/react.development.js:2667:24)
      at act (node_modules/react/cjs/react.development.js:2582:11)
      at node_modules/@testing-library/react/dist/act-compat.js:47:25
      at renderRoot (node_modules/@testing-library/react/dist/pure.js:180:26)
      at render (node_modules/@testing-library/react/dist/pure.js:271:10)
      at renderPrescriptionPage (src/pages/__tests__/PrescriptionPage.test.tsx:31:18)
      at Object.<anonymous> (src/pages/__tests__/PrescriptionPage.test.tsx:191:5)

FAIL src/pages/__tests__/PrescriptionPage.test.tsx (34.582 s)
  PrescriptionPage
    ΓêÜ should render prescription page (549 ms)
    ├ù should load prescription data (3070 ms)
    ├ù should display prescription information (3058 ms)
    ├ù should display medications (3027 ms)
    ├ù should have print button (3047 ms)
    ├ù should have download button (3029 ms)
    ├ù should call print service when print clicked (3019 ms)
    ├ù should handle prescription load error (3027 ms)
    ├ù should handle print error (3019 ms)
    ΓêÜ should show loading state (20 ms)
    ├ù should have back button (3014 ms)
    ├ù should navigate back when back clicked (3028 ms)

  ΓùÅ PrescriptionPage ΓÇ║ should load prescription data

    expect(jest.fn()).toHaveBeenCalledWith(...expected)

    Expected: "1"

    Number of calls: 0

    Ignored nodes: comments, script, style
    [36m<html>[39m
      [36m<head />[39m
      [36m<body>[39m
        [36m<div>[39m
          [0m\n        [0m
        [36m</div>[39m
      [36m</body>[39m
    [36m</html>[39m

    [0m [90m 58 |[39m
     [90m 59 |[39m     [36mawait[39m waitFor(() [33m=>[39m {
    [31m[1m>[22m[39m[90m 60 |[39m       expect(prescriptionService[33m.
[39mgetPrescriptionById)[33m.[39mtoHaveBeenCalledWith([32m'1'[39m)[33m;[3
9m
     [90m    |[39m                                                       
[31m[1m^[22m[39m
     [90m 61 |[39m     }[33m,[39m { timeout[33m:[39m [35m3000[39m 
})[33m;[39m
     [90m 62 |[39m   })[33m;[39m
     [90m 63 |[39m[0m

      at timeout (src/pages/__tests__/PrescriptionPage.test.tsx:60:55)
      at runWithExpensiveErrorDiagnosticsDisabled (node_modules/@testing-librar
y/react/node_modules/@testing-library/dom/dist/config.js:47:12)
      at checkCallback (node_modules/@testing-library/react/node_modules/@testi
ng-library/dom/dist/wait-for.js:124:77)
      at checkRealTimersCallback (node_modules/@testing-library/react/node_modu
les/@testing-library/dom/dist/wait-for.js:118:16)
      at Timeout.task [as _onTimeout] 
(node_modules/jsdom/lib/jsdom/browser/Window.js:520:19)

  ΓùÅ PrescriptionPage ΓÇ║ should display prescription information

    expect(jest.fn()).toHaveBeenCalled()

    Expected number of calls: >= 1
    Received number of calls:    0

    Ignored nodes: comments, script, style
    [36m<html>[39m
      [36m<head />[39m
      [36m<body>[39m
        [36m<div>[39m
          [0m\n        [0m
        [36m</div>[39m
      [36m</body>[39m
    [36m</html>[39m

    [0m [90m 66 |[39m
     [90m 67 |[39m     [36mawait[39m waitFor(() [33m=>[39m {
    [31m[1m>[22m[39m[90m 68 |[39m       expect(prescriptionService[33m.
[39mgetPrescriptionById)[33m.[39mtoHaveBeenCalled()[33m;[39m
     [90m    |[39m                                                       
[31m[1m^[22m[39m
     [90m 69 |[39m     }[33m,[39m { timeout[33m:[39m [35m3000[39m 
})[33m;[39m
     [90m 70 |[39m
     [90m 71 |[39m     [36mawait[39m waitFor(() [33m=>[39m {[0m

      at timeout (src/pages/__tests__/PrescriptionPage.test.tsx:68:55)
      at runWithExpensiveErrorDiagnosticsDisabled (node_modules/@testing-librar
y/react/node_modules/@testing-library/dom/dist/config.js:47:12)
      at checkCallback (node_modules/@testing-library/react/node_modules/@testi
ng-library/dom/dist/wait-for.js:124:77)
      at checkRealTimersCallback (node_modules/@testing-library/react/node_modu
les/@testing-library/dom/dist/wait-for.js:118:16)
      at Timeout.task [as _onTimeout] 
(node_modules/jsdom/lib/jsdom/browser/Window.js:520:19)

  ΓùÅ PrescriptionPage ΓÇ║ should display medications

    expect(jest.fn()).toHaveBeenCalled()

    Expected number of calls: >= 1
    Received number of calls:    0

    Ignored nodes: comments, script, style
    [36m<html>[39m
      [36m<head />[39m
      [36m<body>[39m
        [36m<div>[39m
          [0m\n        [0m
        [36m</div>[39m
      [36m</body>[39m
    [36m</html>[39m

    [0m [90m 78 |[39m
     [90m 79 |[39m     [36mawait[39m waitFor(() [33m=>[39m {
    [31m[1m>[22m[39m[90m 80 |[39m       expect(prescriptionService[33m.
[39mgetPrescriptionById)[33m.[39mtoHaveBeenCalled()[33m;[39m
     [90m    |[39m                                                       
[31m[1m^[22m[39m
     [90m 81 |[39m     }[33m,[39m { timeout[33m:[39m [35m3000[39m 
})[33m;[39m
     [90m 82 |[39m
     [90m 83 |[39m     [36mawait[39m waitFor(() [33m=>[39m {[0m

      at timeout (src/pages/__tests__/PrescriptionPage.test.tsx:80:55)
      at runWithExpensiveErrorDiagnosticsDisabled (node_modules/@testing-librar
y/react/node_modules/@testing-library/dom/dist/config.js:47:12)
      at checkCallback (node_modules/@testing-library/react/node_modules/@testi
ng-library/dom/dist/wait-for.js:124:77)
      at checkRealTimersCallback (node_modules/@testing-library/react/node_modu
les/@testing-library/dom/dist/wait-for.js:118:16)
      at Timeout.task [as _onTimeout] 
(node_modules/jsdom/lib/jsdom/browser/Window.js:520:19)

  ΓùÅ PrescriptionPage ΓÇ║ should have print button

    expect(jest.fn()).toHaveBeenCalled()

    Expected number of calls: >= 1
    Received number of calls:    0

    Ignored nodes: comments, script, style
    [36m<html>[39m
      [36m<head />[39m
      [36m<body>[39m
        [36m<div>[39m
          [0m\n        [0m
        [36m</div>[39m
      [36m</body>[39m
    [36m</html>[39m

    [0m [90m 90 |[39m
     [90m 91 |[39m     [36mawait[39m waitFor(() [33m=>[39m {
    [31m[1m>[22m[39m[90m 92 |[39m       expect(prescriptionService[33m.
[39mgetPrescriptionById)[33m.[39mtoHaveBeenCalled()[33m;[39m
     [90m    |[39m                                                       
[31m[1m^[22m[39m
     [90m 93 |[39m     }[33m,[39m { timeout[33m:[39m [35m3000[39m 
})[33m;[39m
     [90m 94 |[39m
     [90m 95 |[39m     [36mawait[39m waitFor(() [33m=>[39m {[0m

      at timeout (src/pages/__tests__/PrescriptionPage.test.tsx:92:55)
      at runWithExpensiveErrorDiagnosticsDisabled (node_modules/@testing-librar
y/react/node_modules/@testing-library/dom/dist/config.js:47:12)
      at checkCallback (node_modules/@testing-library/react/node_modules/@testi
ng-library/dom/dist/wait-for.js:124:77)
      at checkRealTimersCallback (node_modules/@testing-library/react/node_modu
les/@testing-library/dom/dist/wait-for.js:118:16)
      at Timeout.task [as _onTimeout] 
(node_modules/jsdom/lib/jsdom/browser/Window.js:520:19)

  ΓùÅ PrescriptionPage ΓÇ║ should have download button

    expect(jest.fn()).toHaveBeenCalled()

    Expected number of calls: >= 1
    Received number of calls:    0

    Ignored nodes: comments, script, style
    [36m<html>[39m
      [36m<head />[39m
      [36m<body>[39m
        [36m<div>[39m
          [0m\n        [0m
        [36m</div>[39m
      [36m</body>[39m
    [36m</html>[39m

    [0m [90m 102 |[39m
     [90m 103 |[39m     [36mawait[39m waitFor(() [33m=>[39m {
    [31m[1m>[22m[39m[90m 104 |[39m       expect(prescriptionService[33m.
[39mgetPrescriptionById)[33m.[39mtoHaveBeenCalled()[33m;[39m
     [90m     |[39m                                                       
[31m[1m^[22m[39m
     [90m 105 |[39m     }[33m,[39m { timeout[33m:[39m [35m3000[39m 
})[33m;[39m
     [90m 106 |[39m
     [90m 107 |[39m     [36mawait[39m waitFor(() [33m=>[39m {[0m

      at timeout (src/pages/__tests__/PrescriptionPage.test.tsx:104:55)
      at runWithExpensiveErrorDiagnosticsDisabled (node_modules/@testing-librar
y/react/node_modules/@testing-library/dom/dist/config.js:47:12)
      at checkCallback (node_modules/@testing-library/react/node_modules/@testi
ng-library/dom/dist/wait-for.js:124:77)
      at checkRealTimersCallback (node_modules/@testing-library/react/node_modu
les/@testing-library/dom/dist/wait-for.js:118:16)
      at Timeout.task [as _onTimeout] 
(node_modules/jsdom/lib/jsdom/browser/Window.js:520:19)

  ΓùÅ PrescriptionPage ΓÇ║ should call print service when print clicked

    expect(jest.fn()).toHaveBeenCalled()

    Expected number of calls: >= 1
    Received number of calls:    0

    Ignored nodes: comments, script, style
    [36m<html>[39m
      [36m<head />[39m
      [36m<body>[39m
        [36m<div>[39m
          [0m\n        [0m
        [36m</div>[39m
      [36m</body>[39m
    [36m</html>[39m

    [0m [90m 117 |[39m
     [90m 118 |[39m     [36mawait[39m waitFor(() [33m=>[39m {
    [31m[1m>[22m[39m[90m 119 |[39m       expect(prescriptionService[33m.
[39mgetPrescriptionById)[33m.[39mtoHaveBeenCalled()[33m;[39m
     [90m     |[39m                                                       
[31m[1m^[22m[39m
     [90m 120 |[39m     }[33m,[39m { timeout[33m:[39m [35m3000[39m 
})[33m;[39m
     [90m 121 |[39m
     [90m 122 |[39m     [36mawait[39m waitFor(() [33m=>[39m {[0m

      at timeout (src/pages/__tests__/PrescriptionPage.test.tsx:119:55)
      at runWithExpensiveErrorDiagnosticsDisabled (node_modules/@testing-librar
y/react/node_modules/@testing-library/dom/dist/config.js:47:12)
      at checkCallback (node_modules/@testing-library/react/node_modules/@testi
ng-library/dom/dist/wait-for.js:124:77)
      at checkRealTimersCallback (node_modules/@testing-library/react/node_modu
les/@testing-library/dom/dist/wait-for.js:118:16)
      at Timeout.task [as _onTimeout] 
(node_modules/jsdom/lib/jsdom/browser/Window.js:520:19)

  ΓùÅ PrescriptionPage ΓÇ║ should handle prescription load error

    expect(jest.fn()).toHaveBeenCalled()

    Expected number of calls: >= 1
    Received number of calls:    0

    Ignored nodes: comments, script, style
    [36m<html>[39m
      [36m<head />[39m
      [36m<body>[39m
        [36m<div>[39m
          [0m\n        [0m
        [36m</div>[39m
      [36m</body>[39m
    [36m</html>[39m

    [0m [90m 140 |[39m
     [90m 141 |[39m     [36mawait[39m waitFor(() [33m=>[39m {
    [31m[1m>[22m[39m[90m 142 |[39m       expect(prescriptionService[33m.
[39mgetPrescriptionById)[33m.[39mtoHaveBeenCalled()[33m;[39m
     [90m     |[39m                                                       
[31m[1m^[22m[39m
     [90m 143 |[39m     }[33m,[39m { timeout[33m:[39m [35m3000[39m 
})[33m;[39m
     [90m 144 |[39m   })[33m;[39m
     [90m 145 |[39m[0m

      at timeout (src/pages/__tests__/PrescriptionPage.test.tsx:142:55)
      at runWithExpensiveErrorDiagnosticsDisabled (node_modules/@testing-librar
y/react/node_modules/@testing-library/dom/dist/config.js:47:12)
      at checkCallback (node_modules/@testing-library/react/node_modules/@testi
ng-library/dom/dist/wait-for.js:124:77)
      at checkRealTimersCallback (node_modules/@testing-library/react/node_modu
les/@testing-library/dom/dist/wait-for.js:118:16)
      at Timeout.task [as _onTimeout] 
(node_modules/jsdom/lib/jsdom/browser/Window.js:520:19)

  ΓùÅ PrescriptionPage ΓÇ║ should handle print error

    expect(jest.fn()).toHaveBeenCalled()

    Expected number of calls: >= 1
    Received number of calls:    0

    Ignored nodes: comments, script, style
    [36m<html>[39m
      [36m<head />[39m
      [36m<body>[39m
        [36m<div>[39m
          [0m\n        [0m
        [36m</div>[39m
      [36m</body>[39m
    [36m</html>[39m

    [0m [90m 154 |[39m
     [90m 155 |[39m     [36mawait[39m waitFor(() [33m=>[39m {
    [31m[1m>[22m[39m[90m 156 |[39m       expect(prescriptionService[33m.
[39mgetPrescriptionById)[33m.[39mtoHaveBeenCalled()[33m;[39m
     [90m     |[39m                                                       
[31m[1m^[22m[39m
     [90m 157 |[39m     }[33m,[39m { timeout[33m:[39m [35m3000[39m 
})[33m;[39m
     [90m 158 |[39m
     [90m 159 |[39m     [36mawait[39m waitFor(() [33m=>[39m {[0m

      at timeout (src/pages/__tests__/PrescriptionPage.test.tsx:156:55)
      at runWithExpensiveErrorDiagnosticsDisabled (node_modules/@testing-librar
y/react/node_modules/@testing-library/dom/dist/config.js:47:12)
      at checkCallback (node_modules/@testing-library/react/node_modules/@testi
ng-library/dom/dist/wait-for.js:124:77)
      at checkRealTimersCallback (node_modules/@testing-library/react/node_modu
les/@testing-library/dom/dist/wait-for.js:118:16)
      at Timeout.task [as _onTimeout] 
(node_modules/jsdom/lib/jsdom/browser/Window.js:520:19)

  ΓùÅ PrescriptionPage ΓÇ║ should have back button

    expect(jest.fn()).toHaveBeenCalled()

    Expected number of calls: >= 1
    Received number of calls:    0

    Ignored nodes: comments, script, style
    [36m<html>[39m
      [36m<head />[39m
      [36m<body>[39m
        [36m<div>[39m
          [0m\n        [0m
        [36m</div>[39m
      [36m</body>[39m
    [36m</html>[39m

    [0m [90m 180 |[39m
     [90m 181 |[39m     [36mawait[39m waitFor(() [33m=>[39m {
    [31m[1m>[22m[39m[90m 182 |[39m       expect(prescriptionService[33m.
[39mgetPrescriptionById)[33m.[39mtoHaveBeenCalled()[33m;[39m
     [90m     |[39m                                                       
[31m[1m^[22m[39m
     [90m 183 |[39m     }[33m,[39m { timeout[33m:[39m [35m3000[39m 
})[33m;[39m
     [90m 184 |[39m
     [90m 185 |[39m     [36mawait[39m waitFor(() [33m=>[39m {[0m

      at timeout (src/pages/__tests__/PrescriptionPage.test.tsx:182:55)
      at runWithExpensiveErrorDiagnosticsDisabled (node_modules/@testing-librar
y/react/node_modules/@testing-library/dom/dist/config.js:47:12)
      at checkCallback (node_modules/@testing-library/react/node_modules/@testi
ng-library/dom/dist/wait-for.js:124:77)
      at checkRealTimersCallback (node_modules/@testing-library/react/node_modu
les/@testing-library/dom/dist/wait-for.js:118:16)
      at Timeout.task [as _onTimeout] 
(node_modules/jsdom/lib/jsdom/browser/Window.js:520:19)

  ΓùÅ PrescriptionPage ΓÇ║ should navigate back when back clicked

    expect(jest.fn()).toHaveBeenCalled()

    Expected number of calls: >= 1
    Received number of calls:    0

    Ignored nodes: comments, script, style
    [36m<html>[39m
      [36m<head />[39m
      [36m<body>[39m
        [36m<div>[39m
          [0m\n        [0m
        [36m</div>[39m
      [36m</body>[39m
    [36m</html>[39m

    [0m [90m 192 |[39m
     [90m 193 |[39m     [36mawait[39m waitFor(() [33m=>[39m {
    [31m[1m>[22m[39m[90m 194 |[39m       expect(prescriptionService[33m.
[39mgetPrescriptionById)[33m.[39mtoHaveBeenCalled()[33m;[39m
     [90m     |[39m                                                       
[31m[1m^[22m[39m
     [90m 195 |[39m     }[33m,[39m { timeout[33m:[39m [35m3000[39m 
})[33m;[39m
     [90m 196 |[39m
     [90m 197 |[39m     [36mawait[39m waitFor(() [33m=>[39m {[0m

      at timeout (src/pages/__tests__/PrescriptionPage.test.tsx:194:55)
      at runWithExpensiveErrorDiagnosticsDisabled (node_modules/@testing-librar
y/react/node_modules/@testing-library/dom/dist/config.js:47:12)
      at checkCallback (node_modules/@testing-library/react/node_modules/@testi
ng-library/dom/dist/wait-for.js:124:77)
      at checkRealTimersCallback (node_modules/@testing-library/react/node_modu
les/@testing-library/dom/dist/wait-for.js:118:16)
      at Timeout.task [as _onTimeout] 
(node_modules/jsdom/lib/jsdom/browser/Window.js:520:19)

Summary of all failing tests
FAIL src/services/__tests__/consultationService.test.ts
  ΓùÅ consultationService ΓÇ║ getPatientConsultations ΓÇ║ should fetch all 
consultations for a patient

    expect(received).toEqual(expected) // deep equality

    Expected: [{"diagnosis": "Test 1", "id": "c1", "patientId": "p1"}, 
{"diagnosis": "Test 2", "id": "c2", "patientId": "p1"}]
    Received: {"consultations": [{"diagnosis": "Test 1", "id": "c1", 
"patientId": "p1"}, {"diagnosis": "Test 2", "id": "c2", "patientId": "p1"}], 
"currentPage": 1, "pages": undefined, "total": undefined}

    [0m [90m 165 |[39m         expect[33m.[39many([33mObject[39m)
     [90m 166 |[39m       )[33m;[39m
    [31m[1m>[22m[39m[90m 167 |[39m       
expect(result)[33m.[39mtoEqual(mockConsultations)[33m;[39m
     [90m     |[39m                      [31m[1m^[22m[39m
     [90m 168 |[39m     })[33m;[39m
     [90m 169 |[39m
     [90m 170 |[39m     it([32m'should return empty array for patient with 
no consultations'[39m[33m,[39m [36masync[39m () [33m=>[39m {[0m

      at Object.<anonymous> 
(src/services/__tests__/consultationService.test.ts:167:22)

  ΓùÅ consultationService ΓÇ║ getPatientConsultations ΓÇ║ should return empty 
array for patient with no consultations

    expect(received).toEqual(expected) // deep equality

    Expected: []
    Received: {"consultations": [], "currentPage": 1, "pages": undefined, 
"total": undefined}

    [0m [90m 178 |[39m       [36mconst[39m result [33m=[39m 
[36mawait[39m getPatientConsultations([32m'p1'[39m)[33m;[39m
     [90m 179 |[39m
    [31m[1m>[22m[39m[90m 180 |[39m       
expect(result)[33m.[39mtoEqual([])[33m;[39m
     [90m     |[39m                      [31m[1m^[22m[39m
     [90m 181 |[39m     })[33m;[39m
     [90m 182 |[39m
     [90m 183 |[39m     it([32m'should handle fetch errors'[39m[33m,[39m 
[36masync[39m () [33m=>[39m {[0m

      at Object.<anonymous> 
(src/services/__tests__/consultationService.test.ts:180:22)

FAIL src/components/__tests__/PatientForm.test.tsx (5.723 s)
  ΓùÅ PatientForm Component ΓÇ║ should call onSubmit with valid data

    TestingLibraryElementError: Unable to find an accessible element with the 
role "button" and name `/submit/i`

    Here are the accessible roles:

      heading:

      Name "New Patient":
      [36m<h2 />[39m

      --------------------------------------------------
      textbox:

      Name "Name *":
      [36m<input[39m
        [33mclass[39m=[32m"input "[39m
        [33mid[39m=[32m"name"[39m
        [33mname[39m=[32m"name"[39m
        [33mplaceholder[39m=[32m"Enter patient name"[39m
        [33mtype[39m=[32m"text"[39m
        [33mvalue[39m=[32m"John Doe"[39m
      [36m/>[39m

      Name "Phone *":
      [36m<input[39m
        [33mclass[39m=[32m"input "[39m
        [33mid[39m=[32m"phone"[39m
        [33mname[39m=[32m"phone"[39m
        [33mplaceholder[39m=[32m"Enter phone number"[39m
        [33mtype[39m=[32m"tel"[39m
        [33mvalue[39m=[32m"1234567890"[39m
      [36m/>[39m

      Name "Email":
      [36m<input[39m
        [33mclass[39m=[32m"input "[39m
        [33mid[39m=[32m"email"[39m
        [33mname[39m=[32m"email"[39m
        [33mplaceholder[39m=[32m"Enter email address"[39m
        [33mtype[39m=[32m"email"[39m
        [33mvalue[39m=[32m""[39m
      [36m/>[39m

      Name "Address":
      [36m<textarea[39m
        [33mclass[39m=[32m"textarea "[39m
        [33mid[39m=[32m"address"[39m
        [33mname[39m=[32m"address"[39m
        [33mplaceholder[39m=[32m"Enter address"[39m
        [33mrows[39m=[32m"3"[39m
      [36m/>[39m

      --------------------------------------------------
      combobox:

      Name "Gender *":
      [36m<select[39m
        [33mclass[39m=[32m"input "[39m
        [33mid[39m=[32m"gender"[39m
        [33mname[39m=[32m"gender"[39m
      [36m/>[39m

      --------------------------------------------------
      option:

      Name "Male":
      [36m<option[39m
        [33mvalue[39m=[32m"M"[39m
      [36m/>[39m

      Name "Female":
      [36m<option[39m
        [33mvalue[39m=[32m"F"[39m
      [36m/>[39m

      Name "Other":
      [36m<option[39m
        [33mvalue[39m=[32m"Other"[39m
      [36m/>[39m

      --------------------------------------------------
      button:

      Name "Cancel":
      [36m<button[39m
        [33mclass[39m=[32m"cancelButton"[39m
        [33mtype[39m=[32m"button"[39m
      [36m/>[39m

      Name "Create":
      [36m<button[39m
        [33mclass[39m=[32m"submitButton"[39m
        [33mtype[39m=[32m"submit"[39m
      [36m/>[39m

      --------------------------------------------------

    Ignored nodes: comments, script, style
    [36m<body>[39m
      [36m<div>[39m
        [36m<form[39m
          [33mclass[39m=[32m"patientForm"[39m
        [36m>[39m
          [36m<div[39m
            [33mclass[39m=[32m"formHeader"[39m
          [36m>[39m
            [36m<h2>[39m
              [0mNew Patient[0m
            [36m</h2>[39m
          [36m</div>[39m
          [36m<div[39m
            [33mclass[39m=[32m"formBody"[39m
          [36m>[39m
            [36m<div[39m
              [33mclass[39m=[32m"formGroup"[39m
            [36m>[39m
              [36m<label[39m
                [33mclass[39m=[32m"label"[39m
                [33mfor[39m=[32m"name"[39m
              [36m>[39m
                [0mName [0m
                [36m<span[39m
                  [33mclass[39m=[32m"required"[39m
                [36m>[39m
                  [0m*[0m
                [36m</span>[39m
              [36m</label>[39m
              [36m<input[39m
                [33mclass[39m=[32m"input "[39m
                [33mid[39m=[32m"name"[39m
                [33mname[39m=[32m"name"[39m
                [33mplaceholder[39m=[32m"Enter patient name"[39m
                [33mtype[39m=[32m"text"[39m
                [33mvalue[39m=[32m"John Doe"[39m
              [36m/>[39m
            [36m</div>[39m
            [36m<div[39m
              [33mclass[39m=[32m"formGroup"[39m
            [36m>[39m
              [36m<label[39m
                [33mclass[39m=[32m"label"[39m
                [33mfor[39m=[32m"dob"[39m
              [36m>[39m
                [0mDate of Birth [0m
                [36m<span[39m
                  [33mclass[39m=[32m"required"[39m
                [36m>[39m
                  [0m*[0m
                [36m</span>[39m
              [36m</label>[39m
              [36m<input[39m
                [33mclass[39m=[32m"input "[39m
                [33mid[39m=[32m"dob"[39m
                [33mmax[39m=[32m"2026-05-11"[39m
                [33mname[39m=[32m"dob"[39m
                [33mtype[39m=[32m"date"[39m
                [33mvalue[39m=[32m""[39m
              [36m/>[39m
            [36m</div>[39m
            [36m<div[39m
              [33mclass[39m=[32m"formGroup"[39m
            [36m>[39m
              [36m<label[39m
                [33mclass[39m=[32m"label"[39m
                [33mfor[39m=[32m"gender"[39m
              [36m>[39m
                [0mGender [0m
                [36m<span[39m
                  [33mclass[39m=[32m"required"[39m
                [36m>[39m
                  [0m*[0m
                [36m</span>[39m
              [36m</label>[39m
              [36m<select[39m
                [33mclass[39m=[32m"input "[39m
                [33mid[39m=[32m"gender"[39m
                [33mname[39m=[32m"gender"[39m
              [36m>[39m
                [36m<option[39m
                  [33mvalue[39m=[32m"M"[39m
                [36m>[39m
                  [0mMale[0m
                [36m</option>[39m
                [36m<option[39m
                  [33mvalue[39m=[32m"F"[39m
                [36m>[39m
                  [0mFemale[0m
                [36m</option>[39m
                [36m<option[39m
                  [33mvalue[39m=[32m"Other"[39m
                [36m>[39m
                  [0mOther[0m
                [36m</option>[39m
              [36m</select>[39m
            [36m</div>[39m
            [36m<div[39m
              [33mclass[39m=[32m"formGroup"[39m
            [36m>[39m
              [36m<label[39m
                [33mclass[39m=[32m"label"[39m
                [33mfor[39m=[32m"phone"[39m
              [36m>[39m
                [0mPhone [0m
                [36m<span[39m
                  [33mclass[39m=[32m"required"[39m
                [36m>[39m
                  [0m*[0m
                [36m</span>[39m
              [36m</label>[39m
              [36m<input[39m
                [33mclass[39m=[32m"input "[39m
                [33mid[39m=[32m"phone"[39m
                [33mname[39m=[32m"phone"[39m
                [33mplaceholder[39m=[32m"Enter phone number"[39m
                [33mtype[39m=[32m"tel"[39m
                [33mvalue[39m=[32m"1234567890"[39m
              [36m/>[39m
            [36m</div>[39m
            [36m<div[39m
              [33mclass[39m=[32m"formGroup"[39m
            [36m>[39m
              [36m<label[39m
                [33mclass[39m=[32m"label"[39m
                [33mfor[39m=[32m"email"[39m
              [36m>[39m
                [0mEmail[0m
              [36m</label>[39m
              [36m<input[39m
                [33mclass[39m=[32m"input "[39m
                [33mid[39m=[32m"email"[39m
                [33mname[39m=[32m"email"[39m
                [33mplaceholder[39m=[32m"Enter email address"[39m
                [33mtype[39m=[32m"email"[39m
                [33mvalue[39m=[32m""[39m
              [36m/>[39m
            [36m</div>[39m
            [36m<div[39m
              [33mclass[39m=[32m"formGroup"[39m
            [36m>[39m
              [36m<label[39m
                [33mclass[39m=[32m"label"[39m
                [33mfor[39m=[32m"address"[39m
              [36m>[39m
                [0mAddress[0m
              [36m</label>[39m
              [36m<textarea[39m
                [33mclass[39m=[32m"textarea "[39m
                [33mid[39m=[32m"address"[39m
                [33mname[39m=[32m"address"[39m
                [33mplaceholder[39m=[32m"Enter address"[39m
                [33mrows[39m=[32m"3"[39m
              [36m/>[39m
            [36m</div>[39m
          [36m</div>[39m
          [36m<div[39m
            [33mclass[39m=[32m"formFooter"[39m
          [36m>[39m
            [36m<button[39m
              [33mclass[39m=[32m"cancelButton"[39m
              [33mtype[39m=[32m"button"[39m
            [36m>[39m
              [0mCancel[0m
            [36m</button>[39m
            [36m<button[39m
              [33mclass[39m=[32m"submitButton"[39m
              [33mtype[39m=[32m"submit"[39m
            [36m>[39m
              [0mCreate[0m
            [36m</button>[39m
          [36m</div>[39m
        [36m</form>[39m
      [36m</div>[39m
    [36m</body>[39m

    [0m [90m 56 |[39m     })[33m;[39m
     [90m 57 |[39m
    [31m[1m>[22m[39m[90m 58 |[39m     [36mconst[39m submitButton 
[33m=[39m screen[33m.[39mgetByRole([32m'button'[39m[33m,[39m { 
name[33m:[39m [35m/submit/i[39m })[33m;[39m
     [90m    |[39m                                 [31m[1m^[22m[39m
     [90m 59 |[39m     fireEvent[33m.[39mclick(submitButton)[33m;[39m
     [90m 60 |[39m
     [90m 61 |[39m     [36mawait[39m waitFor(() [33m=>[39m {[0m

      at Object.getElementError (node_modules/@testing-library/react/node_modul
es/@testing-library/dom/dist/config.js:37:19)
      at node_modules/@testing-library/react/node_modules/@testing-library/dom/
dist/query-helpers.js:76:38
      at node_modules/@testing-library/react/node_modules/@testing-library/dom/
dist/query-helpers.js:52:17
      at node_modules/@testing-library/react/node_modules/@testing-library/dom/
dist/query-helpers.js:95:19
      at Object.<anonymous> 
(src/components/__tests__/PatientForm.test.tsx:58:33)

  ΓùÅ PatientForm Component ΓÇ║ should display validation errors

    TestingLibraryElementError: Unable to find an accessible element with the 
role "button" and name `/submit/i`

    Here are the accessible roles:

      heading:

      Name "New Patient":
      [36m<h2 />[39m

      --------------------------------------------------
      textbox:

      Name "Name *":
      [36m<input[39m
        [33mclass[39m=[32m"input "[39m
        [33mid[39m=[32m"name"[39m
        [33mname[39m=[32m"name"[39m
        [33mplaceholder[39m=[32m"Enter patient name"[39m
        [33mtype[39m=[32m"text"[39m
        [33mvalue[39m=[32m""[39m
      [36m/>[39m

      Name "Phone *":
      [36m<input[39m
        [33mclass[39m=[32m"input "[39m
        [33mid[39m=[32m"phone"[39m
        [33mname[39m=[32m"phone"[39m
        [33mplaceholder[39m=[32m"Enter phone number"[39m
        [33mtype[39m=[32m"tel"[39m
        [33mvalue[39m=[32m""[39m
      [36m/>[39m

      Name "Email":
      [36m<input[39m
        [33mclass[39m=[32m"input "[39m
        [33mid[39m=[32m"email"[39m
        [33mname[39m=[32m"email"[39m
        [33mplaceholder[39m=[32m"Enter email address"[39m
        [33mtype[39m=[32m"email"[39m
        [33mvalue[39m=[32m""[39m
      [36m/>[39m

      Name "Address":
      [36m<textarea[39m
        [33mclass[39m=[32m"textarea "[39m
        [33mid[39m=[32m"address"[39m
        [33mname[39m=[32m"address"[39m
        [33mplaceholder[39m=[32m"Enter address"[39m
        [33mrows[39m=[32m"3"[39m
      [36m/>[39m

      --------------------------------------------------
      combobox:

      Name "Gender *":
      [36m<select[39m
        [33mclass[39m=[32m"input "[39m
        [33mid[39m=[32m"gender"[39m
        [33mname[39m=[32m"gender"[39m
      [36m/>[39m

      --------------------------------------------------
      option:

      Name "Male":
      [36m<option[39m
        [33mvalue[39m=[32m"M"[39m
      [36m/>[39m

      Name "Female":
      [36m<option[39m
        [33mvalue[39m=[32m"F"[39m
      [36m/>[39m

      Name "Other":
      [36m<option[39m
        [33mvalue[39m=[32m"Other"[39m
      [36m/>[39m

      --------------------------------------------------
      button:

      Name "Cancel":
      [36m<button[39m
        [33mclass[39m=[32m"cancelButton"[39m
        [33mtype[39m=[32m"button"[39m
      [36m/>[39m

      Name "Create":
      [36m<button[39m
        [33mclass[39m=[32m"submitButton"[39m
        [33mtype[39m=[32m"submit"[39m
      [36m/>[39m

      --------------------------------------------------

    Ignored nodes: comments, script, style
    [36m<body>[39m
      [36m<div>[39m
        [36m<form[39m
          [33mclass[39m=[32m"patientForm"[39m
        [36m>[39m
          [36m<div[39m
            [33mclass[39m=[32m"formHeader"[39m
          [36m>[39m
            [36m<h2>[39m
              [0mNew Patient[0m
            [36m</h2>[39m
          [36m</div>[39m
          [36m<div[39m
            [33mclass[39m=[32m"formBody"[39m
          [36m>[39m
            [36m<div[39m
              [33mclass[39m=[32m"formGroup"[39m
            [36m>[39m
              [36m<label[39m
                [33mclass[39m=[32m"label"[39m
                [33mfor[39m=[32m"name"[39m
              [36m>[39m
                [0mName [0m
                [36m<span[39m
                  [33mclass[39m=[32m"required"[39m
                [36m>[39m
                  [0m*[0m
                [36m</span>[39m
              [36m</label>[39m
              [36m<input[39m
                [33mclass[39m=[32m"input "[39m
                [33mid[39m=[32m"name"[39m
                [33mname[39m=[32m"name"[39m
                [33mplaceholder[39m=[32m"Enter patient name"[39m
                [33mtype[39m=[32m"text"[39m
                [33mvalue[39m=[32m""[39m
              [36m/>[39m
            [36m</div>[39m
            [36m<div[39m
              [33mclass[39m=[32m"formGroup"[39m
            [36m>[39m
              [36m<label[39m
                [33mclass[39m=[32m"label"[39m
                [33mfor[39m=[32m"dob"[39m
              [36m>[39m
                [0mDate of Birth [0m
                [36m<span[39m
                  [33mclass[39m=[32m"required"[39m
                [36m>[39m
                  [0m*[0m
                [36m</span>[39m
              [36m</label>[39m
              [36m<input[39m
                [33mclass[39m=[32m"input "[39m
                [33mid[39m=[32m"dob"[39m
                [33mmax[39m=[32m"2026-05-11"[39m
                [33mname[39m=[32m"dob"[39m
                [33mtype[39m=[32m"date"[39m
                [33mvalue[39m=[32m""[39m
              [36m/>[39m
            [36m</div>[39m
            [36m<div[39m
              [33mclass[39m=[32m"formGroup"[39m
            [36m>[39m
              [36m<label[39m
                [33mclass[39m=[32m"label"[39m
                [33mfor[39m=[32m"gender"[39m
              [36m>[39m
                [0mGender [0m
                [36m<span[39m
                  [33mclass[39m=[32m"required"[39m
                [36m>[39m
                  [0m*[0m
                [36m</span>[39m
              [36m</label>[39m
              [36m<select[39m
                [33mclass[39m=[32m"input "[39m
                [33mid[39m=[32m"gender"[39m
                [33mname[39m=[32m"gender"[39m
              [36m>[39m
                [36m<option[39m
                  [33mvalue[39m=[32m"M"[39m
                [36m>[39m
                  [0mMale[0m
                [36m</option>[39m
                [36m<option[39m
                  [33mvalue[39m=[32m"F"[39m
                [36m>[39m
                  [0mFemale[0m
                [36m</option>[39m
                [36m<option[39m
                  [33mvalue[39m=[32m"Other"[39m
                [36m>[39m
                  [0mOther[0m
                [36m</option>[39m
              [36m</select>[39m
            [36m</div>[39m
            [36m<div[39m
              [33mclass[39m=[32m"formGroup"[39m
            [36m>[39m
              [36m<label[39m
                [33mclass[39m=[32m"label"[39m
                [33mfor[39m=[32m"phone"[39m
              [36m>[39m
                [0mPhone [0m
                [36m<span[39m
                  [33mclass[39m=[32m"required"[39m
                [36m>[39m
                  [0m*[0m
                [36m</span>[39m
              [36m</label>[39m
              [36m<input[39m
                [33mclass[39m=[32m"input "[39m
                [33mid[39m=[32m"phone"[39m
                [33mname[39m=[32m"phone"[39m
                [33mplaceholder[39m=[32m"Enter phone number"[39m
                [33mtype[39m=[32m"tel"[39m
                [33mvalue[39m=[32m""[39m
              [36m/>[39m
            [36m</div>[39m
            [36m<div[39m
              [33mclass[39m=[32m"formGroup"[39m
            [36m>[39m
              [36m<label[39m
                [33mclass[39m=[32m"label"[39m
                [33mfor[39m=[32m"email"[39m
              [36m>[39m
                [0mEmail[0m
              [36m</label>[39m
              [36m<input[39m
                [33mclass[39m=[32m"input "[39m
                [33mid[39m=[32m"email"[39m
                [33mname[39m=[32m"email"[39m
                [33mplaceholder[39m=[32m"Enter email address"[39m
                [33mtype[39m=[32m"email"[39m
                [33mvalue[39m=[32m""[39m
              [36m/>[39m
            [36m</div>[39m
            [36m<div[39m
              [33mclass[39m=[32m"formGroup"[39m
            [36m>[39m
              [36m<label[39m
                [33mclass[39m=[32m"label"[39m
                [33mfor[39m=[32m"address"[39m
              [36m>[39m
                [0mAddress[0m
              [36m</label>[39m
              [36m<textarea[39m
                [33mclass[39m=[32m"textarea "[39m
                [33mid[39m=[32m"address"[39m
                [33mname[39m=[32m"address"[39m
                [33mplaceholder[39m=[32m"Enter address"[39m
                [33mrows[39m=[32m"3"[39m
              [36m/>[39m
            [36m</div>[39m
          [36m</div>[39m
          [36m<div[39m
            [33mclass[39m=[32m"formFooter"[39m
          [36m>[39m
            [36m<button[39m
              [33mclass[39m=[32m"cancelButton"[39m
              [33mtype[39m=[32m"button"[39m
            [36m>[39m
              [0mCancel[0m
            [36m</button>[39m
            [36m<button[39m
              [33mclass[39m=[32m"submitButton"[39m
              [33mtype[39m=[32m"submit"[39m
            [36m>[39m
              [0mCreate[0m
            [36m</button>[39m
          [36m</div>[39m
        [36m</form>[39m
      [36m</div>[39m
    [36m</body>[39m

    [0m [90m 74 |[39m     )[33m;[39m
     [90m 75 |[39m
    [31m[1m>[22m[39m[90m 76 |[39m     [36mconst[39m submitButton 
[33m=[39m screen[33m.[39mgetByRole([32m'button'[39m[33m,[39m { 
name[33m:[39m [35m/submit/i[39m })[33m;[39m
     [90m    |[39m                                 [31m[1m^[22m[39m
     [90m 77 |[39m     fireEvent[33m.[39mclick(submitButton)[33m;[39m
     [90m 78 |[39m
     [90m 79 |[39m     [36mawait[39m waitFor(() [33m=>[39m {[0m

      at Object.getElementError (node_modules/@testing-library/react/node_modul
es/@testing-library/dom/dist/config.js:37:19)
      at node_modules/@testing-library/react/node_modules/@testing-library/dom/
dist/query-helpers.js:76:38
      at node_modules/@testing-library/react/node_modules/@testing-library/dom/
dist/query-helpers.js:52:17
      at node_modules/@testing-library/react/node_modules/@testing-library/dom/
dist/query-helpers.js:95:19
      at Object.<anonymous> 
(src/components/__tests__/PatientForm.test.tsx:76:33)

  ΓùÅ PatientForm Component ΓÇ║ should disable submit button when loading

    TestingLibraryElementError: Unable to find an element with the text: 
/submit/i. This could be because the text is broken up by multiple elements. 
In this case, you can provide a function for your text matcher to make your 
matcher more flexible.

    Ignored nodes: comments, script, style
    [36m<body>[39m
      [36m<div>[39m
        [36m<form[39m
          [33mclass[39m=[32m"patientForm"[39m
        [36m>[39m
          [36m<div[39m
            [33mclass[39m=[32m"formHeader"[39m
          [36m>[39m
            [36m<h2>[39m
              [0mNew Patient[0m
            [36m</h2>[39m
          [36m</div>[39m
          [36m<div[39m
            [33mclass[39m=[32m"formBody"[39m
          [36m>[39m
            [36m<div[39m
              [33mclass[39m=[32m"formGroup"[39m
            [36m>[39m
              [36m<label[39m
                [33mclass[39m=[32m"label"[39m
                [33mfor[39m=[32m"name"[39m
              [36m>[39m
                [0mName [0m
                [36m<span[39m
                  [33mclass[39m=[32m"required"[39m
                [36m>[39m
                  [0m*[0m
                [36m</span>[39m
              [36m</label>[39m
              [36m<input[39m
                [33mclass[39m=[32m"input "[39m
                [33mdisabled[39m=[32m""[39m
                [33mid[39m=[32m"name"[39m
                [33mname[39m=[32m"name"[39m
                [33mplaceholder[39m=[32m"Enter patient name"[39m
                [33mtype[39m=[32m"text"[39m
                [33mvalue[39m=[32m""[39m
              [36m/>[39m
            [36m</div>[39m
            [36m<div[39m
              [33mclass[39m=[32m"formGroup"[39m
            [36m>[39m
              [36m<label[39m
                [33mclass[39m=[32m"label"[39m
                [33mfor[39m=[32m"dob"[39m
              [36m>[39m
                [0mDate of Birth [0m
                [36m<span[39m
                  [33mclass[39m=[32m"required"[39m
                [36m>[39m
                  [0m*[0m
                [36m</span>[39m
              [36m</label>[39m
              [36m<input[39m
                [33mclass[39m=[32m"input "[39m
                [33mdisabled[39m=[32m""[39m
                [33mid[39m=[32m"dob"[39m
                [33mmax[39m=[32m"2026-05-11"[39m
                [33mname[39m=[32m"dob"[39m
                [33mtype[39m=[32m"date"[39m
                [33mvalue[39m=[32m""[39m
              [36m/>[39m
            [36m</div>[39m
            [36m<div[39m
              [33mclass[39m=[32m"formGroup"[39m
            [36m>[39m
              [36m<label[39m
                [33mclass[39m=[32m"label"[39m
                [33mfor[39m=[32m"gender"[39m
              [36m>[39m
                [0mGender [0m
                [36m<span[39m
                  [33mclass[39m=[32m"required"[39m
                [36m>[39m
                  [0m*[0m
                [36m</span>[39m
              [36m</label>[39m
              [36m<select[39m
                [33mclass[39m=[32m"input "[39m
                [33mdisabled[39m=[32m""[39m
                [33mid[39m=[32m"gender"[39m
                [33mname[39m=[32m"gender"[39m
              [36m>[39m
                [36m<option[39m
                  [33mvalue[39m=[32m"M"[39m
                [36m>[39m
                  [0mMale[0m
                [36m</option>[39m
                [36m<option[39m
                  [33mvalue[39m=[32m"F"[39m
                [36m>[39m
                  [0mFemale[0m
                [36m</option>[39m
                [36m<option[39m
                  [33mvalue[39m=[32m"Other"[39m
                [36m>[39m
                  [0mOther[0m
                [36m</option>[39m
              [36m</select>[39m
            [36m</div>[39m
            [36m<div[39m
              [33mclass[39m=[32m"formGroup"[39m
            [36m>[39m
              [36m<label[39m
                [33mclass[39m=[32m"label"[39m
                [33mfor[39m=[32m"phone"[39m
              [36m>[39m
                [0mPhone [0m
                [36m<span[39m
                  [33mclass[39m=[32m"required"[39m
                [36m>[39m
                  [0m*[0m
                [36m</span>[39m
              [36m</label>[39m
              [36m<input[39m
                [33mclass[39m=[32m"input "[39m
                [33mdisabled[39m=[32m""[39m
                [33mid[39m=[32m"phone"[39m
                [33mname[39m=[32m"phone"[39m
                [33mplaceholder[39m=[32m"Enter phone number"[39m
                [33mtype[39m=[32m"tel"[39m
                [33mvalue[39m=[32m""[39m
              [36m/>[39m
            [36m</div>[39m
            [36m<div[39m
              [33mclass[39m=[32m"formGroup"[39m
            [36m>[39m
              [36m<label[39m
                [33mclass[39m=[32m"label"[39m
                [33mfor[39m=[32m"email"[39m
              [36m>[39m
                [0mEmail[0m
              [36m</label>[39m
              [36m<input[39m
                [33mclass[39m=[32m"input "[39m
                [33mdisabled[39m=[32m""[39m
                [33mid[39m=[32m"email"[39m
                [33mname[39m=[32m"email"[39m
                [33mplaceholder[39m=[32m"Enter email address"[39m
                [33mtype[39m=[32m"email"[39m
                [33mvalue[39m=[32m""[39m
              [36m/>[39m
            [36m</div>[39m
            [36m<div[39m
              [33mclass[39m=[32m"formGroup"[39m
            [36m>[39m
              [36m<label[39m
                [33mclass[39m=[32m"label"[39m
                [33mfor[39m=[32m"address"[39m
              [36m>[39m
                [0mAddress[0m
              [36m</label>[39m
              [36m<textarea[39m
                [33mclass[39m=[32m"textarea "[39m
                [33mdisabled[39m=[32m""[39m
                [33mid[39m=[32m"address"[39m
                [33mname[39m=[32m"address"[39m
                [33mplaceholder[39m=[32m"Enter address"[39m
                [33mrows[39m=[32m"3"[39m
              [36m/>[39m
            [36m</div>[39m
          [36m</div>[39m
          [36m<div[39m
            [33mclass[39m=[32m"formFooter"[39m
          [36m>[39m
            [36m<button[39m
              [33mclass[39m=[32m"cancelButton"[39m
              [33mdisabled[39m=[32m""[39m
              [33mtype[39m=[32m"button"[39m
            [36m>[39m
              [0mCancel[0m
            [36m</button>[39m
            [36m<button[39m
              [33mclass[39m=[32m"submitButton"[39m
              [33mdisabled[39m=[32m""[39m
              [33mtype[39m=[32m"submit"[39m
            [36m>[39m
              [0mSaving...[0m
            [36m</button>[39m
          [36m</div>[39m
        [36m</form>[39m
      [36m</div>[39m
    [36m</body>[39m

    [0m [90m 130 |[39m     )[33m;[39m
     [90m 131 |[39m
    [31m[1m>[22m[39m[90m 132 |[39m     [36mconst[39m submitButton 
[33m=[39m screen[33m.[39mgetByText([35m/submit/i[39m)[33m;[39m
     [90m     |[39m                                 [31m[1m^[22m[39m
     [90m 133 |[39m     
expect(submitButton)[33m.[39mtoBeDisabled()[33m;[39m
     [90m 134 |[39m   })[33m;[39m
     [90m 135 |[39m[0m

      at Object.getElementError (node_modules/@testing-library/react/node_modul
es/@testing-library/dom/dist/config.js:37:19)
      at node_modules/@testing-library/react/node_modules/@testing-library/dom/
dist/query-helpers.js:76:38
      at node_modules/@testing-library/react/node_modules/@testing-library/dom/
dist/query-helpers.js:52:17
      at node_modules/@testing-library/react/node_modules/@testing-library/dom/
dist/query-helpers.js:95:19
      at Object.<anonymous> 
(src/components/__tests__/PatientForm.test.tsx:132:33)

  ΓùÅ PatientForm Component ΓÇ║ should clear errors when user types

    TestingLibraryElementError: Unable to find an accessible element with the 
role "button" and name `/submit/i`

    Here are the accessible roles:

      heading:

      Name "New Patient":
      [36m<h2 />[39m

      --------------------------------------------------
      textbox:

      Name "Name *":
      [36m<input[39m
        [33mclass[39m=[32m"input "[39m
        [33mid[39m=[32m"name"[39m
        [33mname[39m=[32m"name"[39m
        [33mplaceholder[39m=[32m"Enter patient name"[39m
        [33mtype[39m=[32m"text"[39m
        [33mvalue[39m=[32m""[39m
      [36m/>[39m

      Name "Phone *":
      [36m<input[39m
        [33mclass[39m=[32m"input "[39m
        [33mid[39m=[32m"phone"[39m
        [33mname[39m=[32m"phone"[39m
        [33mplaceholder[39m=[32m"Enter phone number"[39m
        [33mtype[39m=[32m"tel"[39m
        [33mvalue[39m=[32m""[39m
      [36m/>[39m

      Name "Email":
      [36m<input[39m
        [33mclass[39m=[32m"input "[39m
        [33mid[39m=[32m"email"[39m
        [33mname[39m=[32m"email"[39m
        [33mplaceholder[39m=[32m"Enter email address"[39m
        [33mtype[39m=[32m"email"[39m
        [33mvalue[39m=[32m""[39m
      [36m/>[39m

      Name "Address":
      [36m<textarea[39m
        [33mclass[39m=[32m"textarea "[39m
        [33mid[39m=[32m"address"[39m
        [33mname[39m=[32m"address"[39m
        [33mplaceholder[39m=[32m"Enter address"[39m
        [33mrows[39m=[32m"3"[39m
      [36m/>[39m

      --------------------------------------------------
      combobox:

      Name "Gender *":
      [36m<select[39m
        [33mclass[39m=[32m"input "[39m
        [33mid[39m=[32m"gender"[39m
        [33mname[39m=[32m"gender"[39m
      [36m/>[39m

      --------------------------------------------------
      option:

      Name "Male":
      [36m<option[39m
        [33mvalue[39m=[32m"M"[39m
      [36m/>[39m

      Name "Female":
      [36m<option[39m
        [33mvalue[39m=[32m"F"[39m
      [36m/>[39m

      Name "Other":
      [36m<option[39m
        [33mvalue[39m=[32m"Other"[39m
      [36m/>[39m

      --------------------------------------------------
      button:

      Name "Cancel":
      [36m<button[39m
        [33mclass[39m=[32m"cancelButton"[39m
        [33mtype[39m=[32m"button"[39m
      [36m/>[39m

      Name "Create":
      [36m<button[39m
        [33mclass[39m=[32m"submitButton"[39m
        [33mtype[39m=[32m"submit"[39m
      [36m/>[39m

      --------------------------------------------------

    Ignored nodes: comments, script, style
    [36m<body>[39m
      [36m<div>[39m
        [36m<form[39m
          [33mclass[39m=[32m"patientForm"[39m
        [36m>[39m
          [36m<div[39m
            [33mclass[39m=[32m"formHeader"[39m
          [36m>[39m
            [36m<h2>[39m
              [0mNew Patient[0m
            [36m</h2>[39m
          [36m</div>[39m
          [36m<div[39m
            [33mclass[39m=[32m"formBody"[39m
          [36m>[39m
            [36m<div[39m
              [33mclass[39m=[32m"formGroup"[39m
            [36m>[39m
              [36m<label[39m
                [33mclass[39m=[32m"label"[39m
                [33mfor[39m=[32m"name"[39m
              [36m>[39m
                [0mName [0m
                [36m<span[39m
                  [33mclass[39m=[32m"required"[39m
                [36m>[39m
                  [0m*[0m
                [36m</span>[39m
              [36m</label>[39m
              [36m<input[39m
                [33mclass[39m=[32m"input "[39m
                [33mid[39m=[32m"name"[39m
                [33mname[39m=[32m"name"[39m
                [33mplaceholder[39m=[32m"Enter patient name"[39m
                [33mtype[39m=[32m"text"[39m
                [33mvalue[39m=[32m""[39m
              [36m/>[39m
            [36m</div>[39m
            [36m<div[39m
              [33mclass[39m=[32m"formGroup"[39m
            [36m>[39m
              [36m<label[39m
                [33mclass[39m=[32m"label"[39m
                [33mfor[39m=[32m"dob"[39m
              [36m>[39m
                [0mDate of Birth [0m
                [36m<span[39m
                  [33mclass[39m=[32m"required"[39m
                [36m>[39m
                  [0m*[0m
                [36m</span>[39m
              [36m</label>[39m
              [36m<input[39m
                [33mclass[39m=[32m"input "[39m
                [33mid[39m=[32m"dob"[39m
                [33mmax[39m=[32m"2026-05-11"[39m
                [33mname[39m=[32m"dob"[39m
                [33mtype[39m=[32m"date"[39m
                [33mvalue[39m=[32m""[39m
              [36m/>[39m
            [36m</div>[39m
            [36m<div[39m
              [33mclass[39m=[32m"formGroup"[39m
            [36m>[39m
              [36m<label[39m
                [33mclass[39m=[32m"label"[39m
                [33mfor[39m=[32m"gender"[39m
              [36m>[39m
                [0mGender [0m
                [36m<span[39m
                  [33mclass[39m=[32m"required"[39m
                [36m>[39m
                  [0m*[0m
                [36m</span>[39m
              [36m</label>[39m
              [36m<select[39m
                [33mclass[39m=[32m"input "[39m
                [33mid[39m=[32m"gender"[39m
                [33mname[39m=[32m"gender"[39m
              [36m>[39m
                [36m<option[39m
                  [33mvalue[39m=[32m"M"[39m
                [36m>[39m
                  [0mMale[0m
                [36m</option>[39m
                [36m<option[39m
                  [33mvalue[39m=[32m"F"[39m
                [36m>[39m
                  [0mFemale[0m
                [36m</option>[39m
                [36m<option[39m
                  [33mvalue[39m=[32m"Other"[39m
                [36m>[39m
                  [0mOther[0m
                [36m</option>[39m
              [36m</select>[39m
            [36m</div>[39m
            [36m<div[39m
              [33mclass[39m=[32m"formGroup"[39m
            [36m>[39m
              [36m<label[39m
                [33mclass[39m=[32m"label"[39m
                [33mfor[39m=[32m"phone"[39m
              [36m>[39m
                [0mPhone [0m
                [36m<span[39m
                  [33mclass[39m=[32m"required"[39m
                [36m>[39m
                  [0m*[0m
                [36m</span>[39m
              [36m</label>[39m
              [36m<input[39m
                [33mclass[39m=[32m"input "[39m
                [33mid[39m=[32m"phone"[39m
                [33mname[39m=[32m"phone"[39m
                [33mplaceholder[39m=[32m"Enter phone number"[39m
                [33mtype[39m=[32m"tel"[39m
                [33mvalue[39m=[32m""[39m
              [36m/>[39m
            [36m</div>[39m
            [36m<div[39m
              [33mclass[39m=[32m"formGroup"[39m
            [36m>[39m
              [36m<label[39m
                [33mclass[39m=[32m"label"[39m
                [33mfor[39m=[32m"email"[39m
              [36m>[39m
                [0mEmail[0m
              [36m</label>[39m
              [36m<input[39m
                [33mclass[39m=[32m"input "[39m
                [33mid[39m=[32m"email"[39m
                [33mname[39m=[32m"email"[39m
                [33mplaceholder[39m=[32m"Enter email address"[39m
                [33mtype[39m=[32m"email"[39m
                [33mvalue[39m=[32m""[39m
              [36m/>[39m
            [36m</div>[39m
            [36m<div[39m
              [33mclass[39m=[32m"formGroup"[39m
            [36m>[39m
              [36m<label[39m
                [33mclass[39m=[32m"label"[39m
                [33mfor[39m=[32m"address"[39m
              [36m>[39m
                [0mAddress[0m
              [36m</label>[39m
              [36m<textarea[39m
                [33mclass[39m=[32m"textarea "[39m
                [33mid[39m=[32m"address"[39m
                [33mname[39m=[32m"address"[39m
                [33mplaceholder[39m=[32m"Enter address"[39m
                [33mrows[39m=[32m"3"[39m
              [36m/>[39m
            [36m</div>[39m
          [36m</div>[39m
          [36m<div[39m
            [33mclass[39m=[32m"formFooter"[39m
          [36m>[39m
            [36m<button[39m
              [33mclass[39m=[32m"cancelButton"[39m
              [33mtype[39m=[32m"button"[39m
            [36m>[39m
              [0mCancel[0m
            [36m</button>[39m
            [36m<button[39m
              [33mclass[39m=[32m"submitButton"[39m
              [33mtype[39m=[32m"submit"[39m
            [36m>[39m
              [0mCreate[0m
            [36m</button>[39m
          [36m</div>[39m
        [36m</form>[39m
      [36m</div>[39m
    [36m</body>[39m

    [0m [90m 149 |[39m     )[33m;[39m
     [90m 150 |[39m
    [31m[1m>[22m[39m[90m 151 |[39m     [36mconst[39m submitButton 
[33m=[39m screen[33m.[39mgetByRole([32m'button'[39m[33m,[39m { 
name[33m:[39m [35m/submit/i[39m })[33m;[39m
     [90m     |[39m                                 [31m[1m^[22m[39m
     [90m 152 |[39m     fireEvent[33m.[39mclick(submitButton)[33m;[39m
     [90m 153 |[39m
     [90m 154 |[39m     [36mawait[39m waitFor(() [33m=>[39m {[0m

      at Object.getElementError (node_modules/@testing-library/react/node_modul
es/@testing-library/dom/dist/config.js:37:19)
      at node_modules/@testing-library/react/node_modules/@testing-library/dom/
dist/query-helpers.js:76:38
      at node_modules/@testing-library/react/node_modules/@testing-library/dom/
dist/query-helpers.js:52:17
      at node_modules/@testing-library/react/node_modules/@testing-library/dom/
dist/query-helpers.js:95:19
      at Object.<anonymous> 
(src/components/__tests__/PatientForm.test.tsx:151:33)

  ΓùÅ PatientForm Component ΓÇ║ should handle server-side duplicate phone error

    TestingLibraryElementError: Unable to find an accessible element with the 
role "button" and name `/submit/i`

    Here are the accessible roles:

      heading:

      Name "New Patient":
      [36m<h2 />[39m

      --------------------------------------------------
      textbox:

      Name "Name *":
      [36m<input[39m
        [33mclass[39m=[32m"input "[39m
        [33mid[39m=[32m"name"[39m
        [33mname[39m=[32m"name"[39m
        [33mplaceholder[39m=[32m"Enter patient name"[39m
        [33mtype[39m=[32m"text"[39m
        [33mvalue[39m=[32m"John Doe"[39m
      [36m/>[39m

      Name "Phone *":
      [36m<input[39m
        [33mclass[39m=[32m"input "[39m
        [33mid[39m=[32m"phone"[39m
        [33mname[39m=[32m"phone"[39m
        [33mplaceholder[39m=[32m"Enter phone number"[39m
        [33mtype[39m=[32m"tel"[39m
        [33mvalue[39m=[32m"1234567890"[39m
      [36m/>[39m

      Name "Email":
      [36m<input[39m
        [33mclass[39m=[32m"input "[39m
        [33mid[39m=[32m"email"[39m
        [33mname[39m=[32m"email"[39m
        [33mplaceholder[39m=[32m"Enter email address"[39m
        [33mtype[39m=[32m"email"[39m
        [33mvalue[39m=[32m""[39m
      [36m/>[39m

      Name "Address":
      [36m<textarea[39m
        [33mclass[39m=[32m"textarea "[39m
        [33mid[39m=[32m"address"[39m
        [33mname[39m=[32m"address"[39m
        [33mplaceholder[39m=[32m"Enter address"[39m
        [33mrows[39m=[32m"3"[39m
      [36m/>[39m

      --------------------------------------------------
      combobox:

      Name "Gender *":
      [36m<select[39m
        [33mclass[39m=[32m"input "[39m
        [33mid[39m=[32m"gender"[39m
        [33mname[39m=[32m"gender"[39m
      [36m/>[39m

      --------------------------------------------------
      option:

      Name "Male":
      [36m<option[39m
        [33mvalue[39m=[32m"M"[39m
      [36m/>[39m

      Name "Female":
      [36m<option[39m
        [33mvalue[39m=[32m"F"[39m
      [36m/>[39m

      Name "Other":
      [36m<option[39m
        [33mvalue[39m=[32m"Other"[39m
      [36m/>[39m

      --------------------------------------------------
      button:

      Name "Cancel":
      [36m<button[39m
        [33mclass[39m=[32m"cancelButton"[39m
        [33mtype[39m=[32m"button"[39m
      [36m/>[39m

      Name "Create":
      [36m<button[39m
        [33mclass[39m=[32m"submitButton"[39m
        [33mtype[39m=[32m"submit"[39m
      [36m/>[39m

      --------------------------------------------------

    Ignored nodes: comments, script, style
    [36m<body>[39m
      [36m<div>[39m
        [36m<form[39m
          [33mclass[39m=[32m"patientForm"[39m
        [36m>[39m
          [36m<div[39m
            [33mclass[39m=[32m"formHeader"[39m
          [36m>[39m
            [36m<h2>[39m
              [0mNew Patient[0m
            [36m</h2>[39m
          [36m</div>[39m
          [36m<div[39m
            [33mclass[39m=[32m"formBody"[39m
          [36m>[39m
            [36m<div[39m
              [33mclass[39m=[32m"formGroup"[39m
            [36m>[39m
              [36m<label[39m
                [33mclass[39m=[32m"label"[39m
                [33mfor[39m=[32m"name"[39m
              [36m>[39m
                [0mName [0m
                [36m<span[39m
                  [33mclass[39m=[32m"required"[39m
                [36m>[39m
                  [0m*[0m
                [36m</span>[39m
              [36m</label>[39m
              [36m<input[39m
                [33mclass[39m=[32m"input "[39m
                [33mid[39m=[32m"name"[39m
                [33mname[39m=[32m"name"[39m
                [33mplaceholder[39m=[32m"Enter patient name"[39m
                [33mtype[39m=[32m"text"[39m
                [33mvalue[39m=[32m"John Doe"[39m
              [36m/>[39m
            [36m</div>[39m
            [36m<div[39m
              [33mclass[39m=[32m"formGroup"[39m
            [36m>[39m
              [36m<label[39m
                [33mclass[39m=[32m"label"[39m
                [33mfor[39m=[32m"dob"[39m
              [36m>[39m
                [0mDate of Birth [0m
                [36m<span[39m
                  [33mclass[39m=[32m"required"[39m
                [36m>[39m
                  [0m*[0m
                [36m</span>[39m
              [36m</label>[39m
              [36m<input[39m
                [33mclass[39m=[32m"input "[39m
                [33mid[39m=[32m"dob"[39m
                [33mmax[39m=[32m"2026-05-11"[39m
                [33mname[39m=[32m"dob"[39m
                [33mtype[39m=[32m"date"[39m
                [33mvalue[39m=[32m""[39m
              [36m/>[39m
            [36m</div>[39m
            [36m<div[39m
              [33mclass[39m=[32m"formGroup"[39m
            [36m>[39m
              [36m<label[39m
                [33mclass[39m=[32m"label"[39m
                [33mfor[39m=[32m"gender"[39m
              [36m>[39m
                [0mGender [0m
                [36m<span[39m
                  [33mclass[39m=[32m"required"[39m
                [36m>[39m
                  [0m*[0m
                [36m</span>[39m
              [36m</label>[39m
              [36m<select[39m
                [33mclass[39m=[32m"input "[39m
                [33mid[39m=[32m"gender"[39m
                [33mname[39m=[32m"gender"[39m
              [36m>[39m
                [36m<option[39m
                  [33mvalue[39m=[32m"M"[39m
                [36m>[39m
                  [0mMale[0m
                [36m</option>[39m
                [36m<option[39m
                  [33mvalue[39m=[32m"F"[39m
                [36m>[39m
                  [0mFemale[0m
                [36m</option>[39m
                [36m<option[39m
                  [33mvalue[39m=[32m"Other"[39m
                [36m>[39m
                  [0mOther[0m
                [36m</option>[39m
              [36m</select>[39m
            [36m</div>[39m
            [36m<div[39m
              [33mclass[39m=[32m"formGroup"[39m
            [36m>[39m
              [36m<label[39m
                [33mclass[39m=[32m"label"[39m
                [33mfor[39m=[32m"phone"[39m
              [36m>[39m
                [0mPhone [0m
                [36m<span[39m
                  [33mclass[39m=[32m"required"[39m
                [36m>[39m
                  [0m*[0m
                [36m</span>[39m
              [36m</label>[39m
              [36m<input[39m
                [33mclass[39m=[32m"input "[39m
                [33mid[39m=[32m"phone"[39m
                [33mname[39m=[32m"phone"[39m
                [33mplaceholder[39m=[32m"Enter phone number"[39m
                [33mtype[39m=[32m"tel"[39m
                [33mvalue[39m=[32m"1234567890"[39m
              [36m/>[39m
            [36m</div>[39m
            [36m<div[39m
              [33mclass[39m=[32m"formGroup"[39m
            [36m>[39m
              [36m<label[39m
                [33mclass[39m=[32m"label"[39m
                [33mfor[39m=[32m"email"[39m
              [36m>[39m
                [0mEmail[0m
              [36m</label>[39m
              [36m<input[39m
                [33mclass[39m=[32m"input "[39m
                [33mid[39m=[32m"email"[39m
                [33mname[39m=[32m"email"[39m
                [33mplaceholder[39m=[32m"Enter email address"[39m
                [33mtype[39m=[32m"email"[39m
                [33mvalue[39m=[32m""[39m
              [36m/>[39m
            [36m</div>[39m
            [36m<div[39m
              [33mclass[39m=[32m"formGroup"[39m
            [36m>[39m
              [36m<label[39m
                [33mclass[39m=[32m"label"[39m
                [33mfor[39m=[32m"address"[39m
              [36m>[39m
                [0mAddress[0m
              [36m</label>[39m
              [36m<textarea[39m
                [33mclass[39m=[32m"textarea "[39m
                [33mid[39m=[32m"address"[39m
                [33mname[39m=[32m"address"[39m
                [33mplaceholder[39m=[32m"Enter address"[39m
                [33mrows[39m=[32m"3"[39m
              [36m/>[39m
            [36m</div>[39m
          [36m</div>[39m
          [36m<div[39m
            [33mclass[39m=[32m"formFooter"[39m
          [36m>[39m
            [36m<button[39m
              [33mclass[39m=[32m"cancelButton"[39m
              [33mtype[39m=[32m"button"[39m
            [36m>[39m
              [0mCancel[0m
            [36m</button>[39m
            [36m<button[39m
              [33mclass[39m=[32m"submitButton"[39m
              [33mtype[39m=[32m"submit"[39m
            [36m>[39m
              [0mCreate[0m
            [36m</button>[39m
          [36m</div>[39m
        [36m</form>[39m
      [36m</div>[39m
    [36m</body>[39m

    [0m [90m 185 |[39m     })[33m;[39m
     [90m 186 |[39m
    [31m[1m>[22m[39m[90m 187 |[39m     [36mconst[39m submitButton 
[33m=[39m screen[33m.[39mgetByRole([32m'button'[39m[33m,[39m { 
name[33m:[39m [35m/submit/i[39m })[33m;[39m
     [90m     |[39m                                 [31m[1m^[22m[39m
     [90m 188 |[39m     fireEvent[33m.[39mclick(submitButton)[33m;[39m
     [90m 189 |[39m
     [90m 190 |[39m     [36mawait[39m waitFor(() [33m=>[39m {[0m

      at Object.getElementError (node_modules/@testing-library/react/node_modul
es/@testing-library/dom/dist/config.js:37:19)
      at node_modules/@testing-library/react/node_modules/@testing-library/dom/
dist/query-helpers.js:76:38
      at node_modules/@testing-library/react/node_modules/@testing-library/dom/
dist/query-helpers.js:52:17
      at node_modules/@testing-library/react/node_modules/@testing-library/dom/
dist/query-helpers.js:95:19
      at Object.<anonymous> 
(src/components/__tests__/PatientForm.test.tsx:187:33)

FAIL src/pages/__tests__/DashboardPage.test.tsx (6.987 s)
  ΓùÅ DashboardPage ΓÇ║ should open appointment form when button clicked

    Found multiple elements with the text: /schedule/i

    Here are the matching elements:

    Ignored nodes: comments, script, style
    [36m<h1>[39m
      [0mToday's Schedule[0m
    [36m</h1>[39m

    Ignored nodes: comments, script, style
    [36m<h2[39m
      [33mclass[39m=[32m"title"[39m
    [36m>[39m
      [0mSchedule Appointment[0m
    [36m</h2>[39m

    Ignored nodes: comments, script, style
    [36m<button[39m
      [33mclass[39m=[32m"submitButton"[39m
      [33mtype[39m=[32m"submit"[39m
    [36m>[39m
      [0mSchedule Appointment[0m
    [36m</button>[39m

    Ignored nodes: comments, script, style
    [36m<span[39m
      [33mclass[39m=[32m"statusBadge statusScheduled"[39m
    [36m>[39m
      [0mScheduled[0m
    [36m</span>[39m

    Ignored nodes: comments, script, style
    [36m<button[39m
      [33mclass[39m=[32m"actionBtn"[39m
    [36m>[39m
      [0mSchedule Appointment[0m
    [36m</button>[39m

    (If this is intentional, then use the `*AllBy*` variant of the query (like 
`queryAllByText`, `getAllByText`, or `findAllByText`)).

    Ignored nodes: comments, script, style
    [36m<body>[39m
      [36m<div>[39m
        [36m<a[39m
          [33mclass[39m=[32m"skip-link"[39m
          [33mhref[39m=[32m"#main-content"[39m
        [36m>[39m
          [0mSkip to main content[0m
        [36m</a>[39m
        [36m<div[39m
          [33mclass[39m=[32m"layout"[39m
        [36m>[39m
          [36m<header[39m
            [33mclass[39m=[32m"header"[39m
            [33mrole[39m=[32m"banner"[39m
          [36m>[39m
            [36m<div[39m
              [33mclass[39m=[32m"container"[39m
            [36m>[39m
              [36m<div[39m
                [33mclass[39m=[32m"leftSection"[39m
              [36m>[39m
                [36m<button[39m
                  [33maria-expanded[39m=[32m"false"[39m
                  [33maria-label[39m=[32m"Open menu"[39m
                  [33mclass[39m=[32m"hamburger "[39m
                [36m>[39m
                  [36m<span[39m
                    [33mclass[39m=[32m"line"[39m
                  [36m/>[39m
                  [36m<span[39m
                    [33mclass[39m=[32m"line"[39m
                  [36m/>[39m
                  [36m<span[39m
                    [33mclass[39m=[32m"line"[39m
                  [36m/>[39m
                [36m</button>[39m
                [36m<div[39m
                  [33mclass[39m=[32m"logo"[39m
                [36m>[39m
                  [36m<h1>[39m
                    [0mPatient Management System[0m
                  [36m</h1>[39m
                [36m</div>[39m
              [36m</div>[39m
              [36m<div[39m
                [33mclass[39m=[32m"userSection"[39m
              [36m>[39m
                [36m<span[39m
                  [33mclass[39m=[32m"guestText"[39m
                [36m>[39m
                  [0mGuest[0m
                [36m</span>[39m
              [36m</div>[39m
            [36m</div>[39m
          [36m</header>[39m
          [36m<div[39m
            [33mclass[39m=[32m"mainContainer"[39m
          [36m>[39m
            [36m<aside[39m
              [33maria-label[39m=[32m"Main navigation"[39m
              [33mclass[39m=[32m"sidebar "[39m
              [33mrole[39m=[32m"navigation"[39m
            [36m>[39m
              [36m<nav[39m
                [33maria-label[39m=[32m"Primary"[39m
                [33mclass[39m=[32m"nav"[39m
              [36m>[39m
                [36m<a[39m
                  [33mclass[39m=[32m"navItem "[39m
                  [33mhref[39m=[32m"/dashboard"[39m
                [36m>[39m
                  [36m<span[39m
                    [33maria-hidden[39m=[32m"true"[39m
                    [33mclass[39m=[32m"icon"[39m
                  [36m>[39m
                    [0m∩┐╜∩┐╜[0m
                  [36m</span>[39m
                  [36m<span[39m
                    [33mclass[39m=[32m"label"[39m
                  [36m>[39m
                    [0mDashboard[0m
                  [36m</span>[39m
                [36m</a>[39m
                [36m<a[39m
                  [33mclass[39m=[32m"navItem "[39m
                  [33mhref[39m=[32m"/patients/search"[39m
                [36m>[39m
                  [36m<span[39m
                    [33maria-hidden[39m=[32m"true"[39m
                    [33mclass[39m=[32m"icon"[39m
                  [36m>[39m
                    [0m∩┐╜∩┐╜[0m
                  [36m</span>[39m
                  [36m<span[39m
                    [33mclass[39m=[32m"label"[39m
                  [36m>[39m
                    [0mPatients[0m
                  [36m</span>[39m
                [36m</a>[39m
                [36m<a[39m
                  [33mclass[39m=[32m"navItem "[39m
                  [33mhref[39m=[32m"/appointments"[39m
                [36m>[39m
                  [36m<span[39m
                    [33maria-hidden[39m=[32m"true"[39m
                    [33mclass[39m=[32m"icon"[39m
                  [36m>[39m
                    [0m∩┐╜∩┐╜[0m
                  [36m</span>[39m
                  [36m<span[39m
                    [33mclass[39m=[32m"label"[39m
                  [36m>[39m
                    [0mAppointments[0m
                  [36m</span>[39m
                [36m</a>[39m
                [36m<a[39m
                  [33mclass[39m=[32m"navItem "[39m
                  [33mhref[39m=[32m"/consultations"[39m
                [36m>[39m
                  [36m<span[39m
                    [33maria-hidden[39m=[32m"true"[39m
                    [33mclass[39m=[32m"icon"[39m
                  [36m>[39m
                    [0m∩┐╜∩┐╜[0m
                  [36m</span>[39m
                  [36m<span[39m
                    [33mclass[39m=[32m"label"[39m
                  [36m>[39m
                    [0mConsultations[0m
                  [36m</span>[39m
                [36m</a>[39m
                [36m<a[39m
                  [33mclass[39m=[32m"navItem "[39m
                  [33mhref[39m=[32m"/export"[39m
                [36m>[39m
                  [36m<span[39m
                    [33maria-hidden[39m=[32m"true"[39m
                    [33mclass[39m=[32m"icon"[39m
                  [36m>[39m
                    [0m∩┐╜∩┐╜[0m
                  [36m</span>[39m
                  [36m<span[39m
                    [33mclass[39m=[32m"label"[39m
                  [36m>[39m
                    [0mExport Data[0m
                  [36m</span>[39m
                [36m</a>[39m
                [36m<a[39m
                  [33mclass[39m=[32m"navItem "[39m
                  [33mhref[39m=[32m"/reports"[39m
                [36m>[39m
                  [36m<span[39m
                    [33maria-hidden[39m=[32m"true"[39m
                    [33mclass[39m=[32m"icon"[39m
                  [36m>[39m
                    [0m∩┐╜∩┐╜[0m
                  [36m</span>[39m
                  [36m<span[39m
                    [33mclass[39m=[32m"label"[39m
                  [36m>[39m
                    [0mReports[0m
                  [36m</span>[39m
                [36m</a>[39m
              [36m</nav>[39m
            [36m</aside>[39m
            [36m<main[39m
              [33mclass[39m=[32m"mainContent"[39m
              [33mid[39m=[32m"main-content"[39m
              [33mrole[39m=[32m"main"[39m
            [36m>[39m
              [36m<div[39m
                [33mclass[39m=[32m"dashboard"[39m
              [36m>[39m
                [36m<div[39m
                  [33mclass[39m=[32m"header"[39m
                [36m>[39m
                  [36m<div>[39m
                    [36m<h1>[39m
                      [0mToday's Schedule[0m
                    [36m</h1>[39m
                    [36m<p[39m
                      [33mclass[39m=[32m"subtitle"[39m
                    [36m>[39m
                      [0mMonday, May 11, 2026[0m
                    [36m</p>[39m
                  [36m</div>[39m
                  [36m<button[39m
                    [33mclass[39m=[32m"newAppointmentBtn"[39m
                  [36m>[39m
                    [0m+ New Appointment[0m
                  [36m</button>[39m
                [36m</div>[39m
                [36m<div[39m
                  [33mclass[39m=[32m"statsGrid"[39m
                [36m>[39m
                  [36m<div[39m
                    [33mclass[39m=[32m"statCard"[39m
                  [36m>[39m
                    [36m<div[39m
                      [33mclass[39m=[32m"statValue"[39m
                    [36m>[39m
                      [0m2[0m
                    [36m</div>[39m
                    [36m<div[39m
                      [33mclass[39m=[32m"statLabel"[39m
                    [36m>[39m
                      [0mTotal Appointments[0m
                    [36m</div>[39m
                  [36m</div>[39m
                  [36m<div[39m
                    [33mclass[39m=[32m"statCard"[39m
                  [36m>[39m
                    [36m<div[39m
                      [33mclass[39m=[32m"statValue completed"[39m
                    [36m>[39m
                      [0m1[0m
                    [36m</div>[39m
                    [36m<div[39m
                      [33mclass[39m=[32m"statLabel"[39m
                    [36m>[39m
                      [0mCompleted[0m
                    [36m</div>[39m
                  [36m</div>[39m
                  [36m<div[39m
                    [33mclass[39m=[32m"statCard"[39m
                  [36m>[39m
                    [36m<div[39m
                      [33mclass[39m=[32m"statValue pending"[39m
                    [36m>[39m
                      [0m1[0m
                    [36m</div>[39m
                    [36m<div[39m
                      [33mclass[39m=[32m"statLabel"[39m
                    [36m>[39m
                      [0mPending[0m
                    [36m</div>[39m
                  [36m</div>[39m
                  [36m<div[39m
                    [33mclass[39m=[32m"statCard"[39m
                  [36m>[39m
                    [36m<div[39m
                      [33mclass[39m=[32m"statValue noShow"[39m
                    [36m>[39m
                      [0m0[0m
                    [36m</div>[39m
                    [36m<div[39m
                      [33mclass[39m=[32m"statLabel"[39m
                    [36m>[39m
                      [0mNo-show[0m
                    [36m</div>[39m
                  [36m</div>[39m
                [36m</div>[39m
                [36m<div[39m
                  [33mclass[39m=[32m"modalOverlay"[39m
                [36m>[39m
                  [36m<div[39m
                    [33mclass[39m=[32m"modalContent"[39m
                  [36m>[39m
                    [36m<div[39m
                      [33mclass[39m=[32m"formContainer"[39m
                    [36m>[39m
                      [36m<h2[39m
                        [33mclass[39m=[32m"title"[39m
                      [36m>[39m
                        [0mSchedule Appointment[0m
                      [36m</h2>[39m
                      [36m<form[39m
                        [33mclass[39m=[32m"form"[39m
                      [36m>[39m
                        [36m<div[39m
                          [33mclass[39m=[32m"formGroup"[39m
                        [36m>[39m
                          [36m<label[39m
                            [33mclass[39m=[32m"label"[39m
                          [36m>[39m
                            [0mPatient [0m
                            [36m<span[39m
                              [33mclass[39m=[32m"required"[39m
                            [36m>[39m
                              [0m*[0m
                            [36m</span>[39m
                          [36m</label>[39m
                          [36m<div[39m
                            [33mclass[39m=[32m"searchContainer"[39m
                          [36m>[39m
                            [36m<input[39m
                              [33mclass[39m=[32m"input "[39m
                              [33mplaceholder[39m=[32m"Search by name or 
phone..."[39m
                              [33mtype[39m=[32m"text"[39m
                              [33mvalue[39m=[32m""[39m
                            [36m/>[39m
                          [36m</div>[39m
                        [36m</div>[39m
                        [36m<div[39m
                          [33mclass[39m=[32m"formGroup"[39m
                        [36m>[39m
                          [36m<label[39m
                            [33mclass[39m=[32m"label"[39m
                          [36m>[39m
                            [0mDate & Time [0m
                            [36m<span[39m
                              [33mclass[39m=[32m"required"[39m
                            [36m>[39m
                              [0m*[0m
                            [36m</span>[39m
                          [36m</label>[39m
                          [36m<input[39m
                            [33mclass[39m=[32m"input "[39m
                            [33mmin[39m=[32m"2026-05-11T07:58"[39m
                            [33mtype[39m=[32m"datetime-local"[39m
                            [33mvalue[39m=[32m""[39m
                          [36m/>[39m
                          [36m<div[39m
                            [33mclass[39m=[32m"helpText"[39m
                          [36m>[39m
                            [0mClinic hours: 9 AM - 6 PM[0m
                          [36m</div>[39m
                        [36m</div>[39m
                        [36m<div[39m
                          [33mclass[39m=[32m"formGroup"[39m
                        [36m>[39m
                          [36m<label[39m
                            [33mclass[39m=[32m"label"[39m
                          [36m>[39m
                            [0mReason for Visit [0m
                            [36m<span[39m
                              [33mclass[39m=[32m"required"[39m
                            [36m>[39m
                              [0m*[0m
                            [36m</span>[39m
                          [36m</label>[39m
                          [36m<textarea[39m
                            [33mclass[39m=[32m"textarea "[39m
                            [33mplaceholder[39m=[32m"Enter reason for 
appointment..."[39m
                            [33mrows[39m=[32m"4"[39m
                          [36m/>[39m
                        [36m</div>[39m
                        [36m<div[39m
                          [33mclass[39m=[32m"actions"[39m
                        [36m>[39m
                          [36m<button[39m
                            [33mclass[39m=[32m"cancelButton"[39m
                            [33mtype[39m=[32m"button"[39m
                          [36m>[39m
                            [0mCancel[0m
                          [36m</button>[39m
                          [36m<button[39m
                            [33mclass[39m=[32m"submitButton"[39m
                            [33mtype[39m=[32m"submit"[39m
                          [36m>[39m
                            [0mSchedule Appointment[0m
                          [36m</button>[39m
                        [36m</div>[39m
                      [36m</form>[39m
                    [36m</div>[39m
                  [36m</div>[39m
                [36m</div>[39m
                [36m<div[39m
                  [33mclass[39m=[32m"section"[39m
                [36m>[39m
                  [36m<h2>[39m
                    [0mAppointments[0m
                  [36m</h2>[39m
                  [36m<div[39m
                    [33mclass[39m=[32m"appointmentListContainer"[39m
                  [36m>[39m
                    [36m<div[39m
                      [33mclass[39m=[32m"tableWrapper"[39m
                    [36m>[39m
                      [36m<table[39m
                        [33mclass[39m=[32m"table"[39m
                      [36m>[39m
                        [36m<thead>[39m
                          [36m<tr>[39m
                            [36m<th>[39m
                              [0mTime[0m
                            [36m</th>[39m
                            [36m<th>[39m
                              [0mPatient[0m
                            [36m</th>[39m
                            [36m<th>[39m
                              [0mAge/Gender[0m
                            [36m</th>[39m
                            [36m<th>[39m
                              [0mPhone[0m
                            [36m</th>[39m
                            [36m<th>[39m
                              [0mReason[0m
                            [36m</th>[39m
                            [36m<th>[39m
                              [0mStatus[0m
                            [36m</th>[39m
                            [36m<th>[39m
                              [0mActions[0m
                            [36m</th>[39m
                          [36m</tr>[39m
                        [36m</thead>[39m
                        [36m<tbody>[39m
                          [36m<tr[39m
                            [33mclass[39m=[32m"appointmentRow"[39m
                          [36m>[39m
                            [36m<td[39m
                              [33mclass[39m=[32m"timeCell"[39m
                            [36m>[39m
                              [0mInvalid Date[0m
                            [36m</td>[39m
                            [36m<td[39m
                              [33mclass[39m=[32m"patientCell"[39m
                            [36m>[39m
                              [36m<button[39m
                                [33mclass[39m=[32m"patientLink"[39m
                              [36m>[39m
                                [0mJohn Doe[0m
                              [36m</button>[39m
                            [36m</td>[39m
                            [36m<td>[39m
                              [0mΓÇö[0m
                            [36m</td>[39m
                            [36m<td>[39m
                              [0m1234567890[0m
                            [36m</td>[39m
                            [36m<td[39m
                              [33mclass[39m=[32m"reasonCell"[39m
                            [36m>[39m
                              [0mRegular checkup[0m
                            [36m</td>[39m
                            [36m<td>[39m
                              [36m<span[39m
                                [33mclass[39m=[32m"statusBadge 
statusScheduled"[39m
                              [36m>[39m
                                [0mScheduled[0m
                              [36m</span>[39m
                            [36m</td>[39m
                            [36m<td[39m
                              [33mclass[39m=[32m"actionsCell"[39m
                            [36m>[39m
                              [36m<button[39m
                                [33mclass[39m=[32m"actionBtn"[39m
                                [33mtitle[39m=[32m"Start Consultation"[39m
                              [36m>[39m
                                [0mConsult[0m
                              [36m</button>[39m
                              [36m<button[39m
                                [33mclass[39m=[32m"actionBtn 
successBtn"[39m
                                [33mtitle[39m=[32m"Mark as Completed"[39m
                              [36m>[39m
                                [0mComplete[0m
                              [36m</button>[39m
                              [36m<button[39m
                                [33mclass[39m=[32m"actionBtn 
warningBtn"[39m
                                [33mtitle[39m=[32m"Mark as No-show"[39m
                              [36m>[39m
                                [0mNo-show[0m
                              [36m</button>[39m
                              [36m<button[39m
                                [33mclass[39m=[32m"actionBtn dangerBtn"[39m
                                [33mtitle[39m=[32m"Cancel Appointment"[39m
                              [36m>[39m
                                [0mCancel[0m
                              [36m</button>[39m
                            [36m</td>[39m
                          [36m</tr>[39m
                          [36m<tr[39m
                            [33mclass[39m=[32m"appointmentRow"[39m
                          [36m>[39m
                            [36m<td[39m
                              [33mclass[39m=[32m"timeCell"[39m
                            [36m>[39m
                              [0mInvalid Date[0m
                            [36m</td>[39m
                            [36m<td[39m
                              [33mclass[39m=[32m"patientCell"[39m
                            [36m>[39m
                              [36m<button[39m
                                [33mclass[39m=[32m"patientLink"[39m
                              [36m>[39m
                                [0mJane Smith[0m
                              [36m</button>[39m
                            [36m</td>[39m
                            [36m<td>[39m
                              [0mΓÇö[0m
                            [36m</td>[39m
                            [36m<td>[39m
                              [0m0987654321[0m
                            [36m</td>[39m
                            [36m<td[39m
                              [33mclass[39m=[32m"reasonCell"[39m
                            [36m>[39m
                              [0mFollow-up[0m
                            [36m</td>[39m
                            [36m<td>[39m
                              [36m<span[39m
                                [33mclass[39m=[32m"statusBadge 
statusCompleted"[39m
                              [36m>[39m
                                [0mCompleted[0m
                              [36m</span>[39m
                            [36m</td>[39m
                            [36m<td[39m
                              [33mclass[39m=[32m"actionsCell"[39m
                            [36m/>[39m
                          [36m</tr>[39m
                        [36m</tbody>[39m
                      [36m</table>[39m
                    [36m</div>[39m
                  [36m</div>[39m
                [36m</div>[39m
                [36m<div[39m
                  [33mclass[39m=[32m"section"[39m
                [36m>[39m
                  [36m<h2>[39m
                    [0mQuick Actions[0m
                  [36m</h2>[39m
                  [36m<div[39m
                    [33mclass[39m=[32m"buttons"[39m
                  [36m>[39m
                    [36m<button[39m
                      [33mclass[39m=[32m"actionBtn"[39m
                    [36m>[39m
                      [0mSearch Patient[0m
                    [36m</button>[39m
                    [36m<button[39m
                      [33mclass[39m=[32m"actionBtn"[39m
                    [36m>[39m
                      [0mSchedule Appointment[0m
                    [36m</button>[39m
                  [36m</div>[39m
                [36m</div>[39m
              [36m</div>[39m
            [36m</main>[39m
          [36m</div>[39m
        [36m</div>[39m
      [36m</div>[39m
    [36m</body>[39m

    [0m [90m 120 |[39m     })[33m;[39m
     [90m 121 |[39m
    [31m[1m>[22m[39m[90m 122 |[39m     [36mawait[39m waitFor(() 
[33m=>[39m {
     [90m     |[39m                  [31m[1m^[22m[39m
     [90m 123 |[39m       expect(screen[33m.[39mgetByText([35m/schedule/i
[39m))[33m.[39mtoBeInTheDocument()[33m;[39m
     [90m 124 |[39m     })[33m;[39m
     [90m 125 |[39m   })[33m;[39m[0m

      at waitForWrapper (node_modules/@testing-library/react/node_modules/@test
ing-library/dom/dist/wait-for.js:163:27)
      at Object.<anonymous> (src/pages/__tests__/DashboardPage.test.tsx:122:18)

  ΓùÅ DashboardPage ΓÇ║ should display empty state when no appointments

    Found multiple elements with the text: 0

    Here are the matching elements:

    Ignored nodes: comments, script, style
    [36m<div[39m
      [33mclass[39m=[32m"statValue"[39m
    [36m>[39m
      [0m0[0m
    [36m</div>[39m

    Ignored nodes: comments, script, style
    [36m<div[39m
      [33mclass[39m=[32m"statValue completed"[39m
    [36m>[39m
      [0m0[0m
    [36m</div>[39m

    Ignored nodes: comments, script, style
    [36m<div[39m
      [33mclass[39m=[32m"statValue pending"[39m
    [36m>[39m
      [0m0[0m
    [36m</div>[39m

    Ignored nodes: comments, script, style
    [36m<div[39m
      [33mclass[39m=[32m"statValue noShow"[39m
    [36m>[39m
      [0m0[0m
    [36m</div>[39m

    (If this is intentional, then use the `*AllBy*` variant of the query (like 
`queryAllByText`, `getAllByText`, or `findAllByText`)).

    Ignored nodes: comments, script, style
    [36m<body>[39m
      [36m<div>[39m
        [36m<a[39m
          [33mclass[39m=[32m"skip-link"[39m
          [33mhref[39m=[32m"#main-content"[39m
        [36m>[39m
          [0mSkip to main content[0m
        [36m</a>[39m
        [36m<div[39m
          [33mclass[39m=[32m"layout"[39m
        [36m>[39m
          [36m<header[39m
            [33mclass[39m=[32m"header"[39m
            [33mrole[39m=[32m"banner"[39m
          [36m>[39m
            [36m<div[39m
              [33mclass[39m=[32m"container"[39m
            [36m>[39m
              [36m<div[39m
                [33mclass[39m=[32m"leftSection"[39m
              [36m>[39m
                [36m<button[39m
                  [33maria-expanded[39m=[32m"false"[39m
                  [33maria-label[39m=[32m"Open menu"[39m
                  [33mclass[39m=[32m"hamburger "[39m
                [36m>[39m
                  [36m<span[39m
                    [33mclass[39m=[32m"line"[39m
                  [36m/>[39m
                  [36m<span[39m
                    [33mclass[39m=[32m"line"[39m
                  [36m/>[39m
                  [36m<span[39m
                    [33mclass[39m=[32m"line"[39m
                  [36m/>[39m
                [36m</button>[39m
                [36m<div[39m
                  [33mclass[39m=[32m"logo"[39m
                [36m>[39m
                  [36m<h1>[39m
                    [0mPatient Management System[0m
                  [36m</h1>[39m
                [36m</div>[39m
              [36m</div>[39m
              [36m<div[39m
                [33mclass[39m=[32m"userSection"[39m
              [36m>[39m
                [36m<span[39m
                  [33mclass[39m=[32m"guestText"[39m
                [36m>[39m
                  [0mGuest[0m
                [36m</span>[39m
              [36m</div>[39m
            [36m</div>[39m
          [36m</header>[39m
          [36m<div[39m
            [33mclass[39m=[32m"mainContainer"[39m
          [36m>[39m
            [36m<aside[39m
              [33maria-label[39m=[32m"Main navigation"[39m
              [33mclass[39m=[32m"sidebar "[39m
              [33mrole[39m=[32m"navigation"[39m
            [36m>[39m
              [36m<nav[39m
                [33maria-label[39m=[32m"Primary"[39m
                [33mclass[39m=[32m"nav"[39m
              [36m>[39m
                [36m<a[39m
                  [33mclass[39m=[32m"navItem "[39m
                  [33mhref[39m=[32m"/dashboard"[39m
                [36m>[39m
                  [36m<span[39m
                    [33maria-hidden[39m=[32m"true"[39m
                    [33mclass[39m=[32m"icon"[39m
                  [36m>[39m
                    [0m∩┐╜∩┐╜[0m
                  [36m</span>[39m
                  [36m<span[39m
                    [33mclass[39m=[32m"label"[39m
                  [36m>[39m
                    [0mDashboard[0m
                  [36m</span>[39m
                [36m</a>[39m
                [36m<a[39m
                  [33mclass[39m=[32m"navItem "[39m
                  [33mhref[39m=[32m"/patients/search"[39m
                [36m>[39m
                  [36m<span[39m
                    [33maria-hidden[39m=[32m"true"[39m
                    [33mclass[39m=[32m"icon"[39m
                  [36m>[39m
                    [0m∩┐╜∩┐╜[0m
                  [36m</span>[39m
                  [36m<span[39m
                    [33mclass[39m=[32m"label"[39m
                  [36m>[39m
                    [0mPatients[0m
                  [36m</span>[39m
                [36m</a>[39m
                [36m<a[39m
                  [33mclass[39m=[32m"navItem "[39m
                  [33mhref[39m=[32m"/appointments"[39m
                [36m>[39m
                  [36m<span[39m
                    [33maria-hidden[39m=[32m"true"[39m
                    [33mclass[39m=[32m"icon"[39m
                  [36m>[39m
                    [0m∩┐╜∩┐╜[0m
                  [36m</span>[39m
                  [36m<span[39m
                    [33mclass[39m=[32m"label"[39m
                  [36m>[39m
                    [0mAppointments[0m
                  [36m</span>[39m
                [36m</a>[39m
                [36m<a[39m
                  [33mclass[39m=[32m"navItem "[39m
                  [33mhref[39m=[32m"/consultations"[39m
                [36m>[39m
                  [36m<span[39m
                    [33maria-hidden[39m=[32m"true"[39m
                    [33mclass[39m=[32m"icon"[39m
                  [36m>[39m
                    [0m∩┐╜∩┐╜[0m
                  [36m</span>[39m
                  [36m<span[39m
                    [33mclass[39m=[32m"label"[39m
                  [36m>[39m
                    [0mConsultations[0m
                  [36m</span>[39m
                [36m</a>[39m
                [36m<a[39m
                  [33mclass[39m=[32m"navItem "[39m
                  [33mhref[39m=[32m"/export"[39m
                [36m>[39m
                  [36m<span[39m
                    [33maria-hidden[39m=[32m"true"[39m
                    [33mclass[39m=[32m"icon"[39m
                  [36m>[39m
                    [0m∩┐╜∩┐╜[0m
                  [36m</span>[39m
                  [36m<span[39m
                    [33mclass[39m=[32m"label"[39m
                  [36m>[39m
                    [0mExport Data[0m
                  [36m</span>[39m
                [36m</a>[39m
                [36m<a[39m
                  [33mclass[39m=[32m"navItem "[39m
                  [33mhref[39m=[32m"/reports"[39m
                [36m>[39m
                  [36m<span[39m
                    [33maria-hidden[39m=[32m"true"[39m
                    [33mclass[39m=[32m"icon"[39m
                  [36m>[39m
                    [0m∩┐╜∩┐╜[0m
                  [36m</span>[39m
                  [36m<span[39m
                    [33mclass[39m=[32m"label"[39m
                  [36m>[39m
                    [0mReports[0m
                  [36m</span>[39m
                [36m</a>[39m
              [36m</nav>[39m
            [36m</aside>[39m
            [36m<main[39m
              [33mclass[39m=[32m"mainContent"[39m
              [33mid[39m=[32m"main-content"[39m
              [33mrole[39m=[32m"main"[39m
            [36m>[39m
              [36m<div[39m
                [33mclass[39m=[32m"dashboard"[39m
              [36m>[39m
                [36m<div[39m
                  [33mclass[39m=[32m"header"[39m
                [36m>[39m
                  [36m<div>[39m
                    [36m<h1>[39m
                      [0mToday's Schedule[0m
                    [36m</h1>[39m
                    [36m<p[39m
                      [33mclass[39m=[32m"subtitle"[39m
                    [36m>[39m
                      [0mMonday, May 11, 2026[0m
                    [36m</p>[39m
                  [36m</div>[39m
                  [36m<button[39m
                    [33mclass[39m=[32m"newAppointmentBtn"[39m
                  [36m>[39m
                    [0m+ New Appointment[0m
                  [36m</button>[39m
                [36m</div>[39m
                [36m<div[39m
                  [33mclass[39m=[32m"statsGrid"[39m
                [36m>[39m
                  [36m<div[39m
                    [33mclass[39m=[32m"statCard"[39m
                  [36m>[39m
                    [36m<div[39m
                      [33mclass[39m=[32m"statValue"[39m
                    [36m>[39m
                      [0m0[0m
                    [36m</div>[39m
                    [36m<div[39m
                      [33mclass[39m=[32m"statLabel"[39m
                    [36m>[39m
                      [0mTotal Appointments[0m
                    [36m</div>[39m
                  [36m</div>[39m
                  [36m<div[39m
                    [33mclass[39m=[32m"statCard"[39m
                  [36m>[39m
                    [36m<div[39m
                      [33mclass[39m=[32m"statValue completed"[39m
                    [36m>[39m
                      [0m0[0m
                    [36m</div>[39m
                    [36m<div[39m
                      [33mclass[39m=[32m"statLabel"[39m
                    [36m>[39m
                      [0mCompleted[0m
                    [36m</div>[39m
                  [36m</div>[39m
                  [36m<div[39m
                    [33mclass[39m=[32m"statCard"[39m
                  [36m>[39m
                    [36m<div[39m
                      [33mclass[39m=[32m"statValue pending"[39m
                    [36m>[39m
                      [0m0[0m
                    [36m</div>[39m
                    [36m<div[39m
                      [33mclass[39m=[32m"statLabel"[39m
                    [36m>[39m
                      [0mPending[0m
                    [36m</div>[39m
                  [36m</div>[39m
                  [36m<div[39m
                    [33mclass[39m=[32m"statCard"[39m
                  [36m>[39m
                    [36m<div[39m
                      [33mclass[39m=[32m"statValue noShow"[39m
                    [36m>[39m
                      [0m0[0m
                    [36m</div>[39m
                    [36m<div[39m
                      [33mclass[39m=[32m"statLabel"[39m
                    [36m>[39m
                      [0mNo-show[0m
                    [36m</div>[39m
                  [36m</div>[39m
                [36m</div>[39m
                [36m<div[39m
                  [33mclass[39m=[32m"section"[39m
                [36m>[39m
                  [36m<h2>[39m
                    [0mAppointments[0m
                  [36m</h2>[39m
                  [36m<div[39m
                    [33mclass[39m=[32m"emptyState"[39m
                  [36m>[39m
                    [36m<p>[39m
                      [0mNo appointments scheduled for today[0m
                    [36m</p>[39m
                  [36m</div>[39m
                [36m</div>[39m
                [36m<div[39m
                  [33mclass[39m=[32m"section"[39m
                [36m>[39m
                  [36m<h2>[39m
                    [0mQuick Actions[0m
                  [36m</h2>[39m
                  [36m<div[39m
                    [33mclass[39m=[32m"buttons"[39m
                  [36m>[39m
                    [36m<button[39m
                      [33mclass[39m=[32m"actionBtn"[39m
                    [36m>[39m
                      [0mSearch Patient[0m
                    [36m</button>[39m
                    [36m<button[39m
                      [33mclass[39m=[32m"actionBtn"[39m
                    [36m>[39m
                      [0mSchedule Appointment[0m
                    [36m</button>[39m
                  [36m</div>[39m
                [36m</div>[39m
              [36m</div>[39m
            [36m</main>[39m
          [36m</div>[39m
        [36m</div>[39m
      [36m</div>[39m
    [36m</body>[39m

    [0m [90m 146 |[39m     renderDashboardPage()[33m;[39m
     [90m 147 |[39m
    [31m[1m>[22m[39m[90m 148 |[39m     [36mawait[39m waitFor(() 
[33m=>[39m {
     [90m     |[39m                  [31m[1m^[22m[39m
     [90m 149 |[39m       expect(screen[33m.[39mgetByText([32m'0'[39m))[
33m.[39mtoBeInTheDocument()[33m;[39m
     [90m 150 |[39m     })[33m;[39m
     [90m 151 |[39m   })[33m;[39m[0m

      at waitForWrapper (node_modules/@testing-library/react/node_modules/@test
ing-library/dom/dist/wait-for.js:163:27)
      at Object.<anonymous> (src/pages/__tests__/DashboardPage.test.tsx:148:18)

FAIL src/pages/__tests__/PatientProfilePage.test.tsx (7.483 s)
  ΓùÅ PatientProfilePage ΓÇ║ should have tabs for profile, appointments, 
history

    TestingLibraryElementError: Unable to find an accessible element with the 
role "tab" and name `/profile/i`

    Here are the accessible roles:

      link:

      Name "Skip to main content":
      [36m<a[39m
        [33mclass[39m=[32m"skip-link"[39m
        [33mhref[39m=[32m"#main-content"[39m
      [36m/>[39m

      Name "Dashboard":
      [36m<a[39m
        [33mclass[39m=[32m"navItem "[39m
        [33mhref[39m=[32m"/dashboard"[39m
      [36m/>[39m

      Name "Patients":
      [36m<a[39m
        [33mclass[39m=[32m"navItem "[39m
        [33mhref[39m=[32m"/patients/search"[39m
      [36m/>[39m

      Name "Appointments":
      [36m<a[39m
        [33mclass[39m=[32m"navItem "[39m
        [33mhref[39m=[32m"/appointments"[39m
      [36m/>[39m

      Name "Consultations":
      [36m<a[39m
        [33mclass[39m=[32m"navItem "[39m
        [33mhref[39m=[32m"/consultations"[39m
      [36m/>[39m

      Name "Export Data":
      [36m<a[39m
        [33mclass[39m=[32m"navItem "[39m
        [33mhref[39m=[32m"/export"[39m
      [36m/>[39m

      Name "Reports":
      [36m<a[39m
        [33mclass[39m=[32m"navItem "[39m
        [33mhref[39m=[32m"/reports"[39m
      [36m/>[39m

      --------------------------------------------------
      banner:

      Name "":
      [36m<header[39m
        [33mclass[39m=[32m"header"[39m
        [33mrole[39m=[32m"banner"[39m
      [36m/>[39m

      --------------------------------------------------
      button:

      Name "Open menu":
      [36m<button[39m
        [33maria-expanded[39m=[32m"false"[39m
        [33maria-label[39m=[32m"Open menu"[39m
        [33mclass[39m=[32m"hamburger "[39m
      [36m/>[39m

      Name "ΓåÉ Back to Search":
      [36m<button[39m
        [33mclass[39m=[32m"backLink"[39m
      [36m/>[39m

      Name "Edit":
      [36m<button[39m
        [33mclass[39m=[32m"editButton"[39m
      [36m/>[39m

      Name "Schedule Appointment":
      [36m<button[39m
        [33mclass[39m=[32m"actionButton"[39m
      [36m/>[39m

      Name "Start Consultation":
      [36m<button[39m
        [33mclass[39m=[32m"actionButton primaryButton"[39m
      [36m/>[39m

      Name "Profile":
      [36m<button[39m
        [33mclass[39m=[32m"tab activeTab"[39m
      [36m/>[39m

      Name "Appointments":
      [36m<button[39m
        [33mclass[39m=[32m"tab "[39m
      [36m/>[39m

      Name "History":
      [36m<button[39m
        [33mclass[39m=[32m"tab "[39m
      [36m/>[39m

      --------------------------------------------------
      heading:

      Name "Patient Management System":
      [36m<h1 />[39m

      Name "John Doe":
      [36m<h1[39m
        [33mclass[39m=[32m"patientName"[39m
      [36m/>[39m

      Name "Personal Information":
      [36m<h2 />[39m

      Name "Registration Details":
      [36m<h2 />[39m

      --------------------------------------------------
      navigation:

      Name "Main navigation":
      [36m<aside[39m
        [33maria-label[39m=[32m"Main navigation"[39m
        [33mclass[39m=[32m"sidebar "[39m
        [33mrole[39m=[32m"navigation"[39m
      [36m/>[39m

      Name "Primary":
      [36m<nav[39m
        [33maria-label[39m=[32m"Primary"[39m
        [33mclass[39m=[32m"nav"[39m
      [36m/>[39m

      --------------------------------------------------
      main:

      Name "":
      [36m<main[39m
        [33mclass[39m=[32m"mainContent"[39m
        [33mid[39m=[32m"main-content"[39m
        [33mrole[39m=[32m"main"[39m
      [36m/>[39m

      --------------------------------------------------

    Ignored nodes: comments, script, style
    [36m<body>[39m
      [36m<div>[39m
        [36m<a[39m
          [33mclass[39m=[32m"skip-link"[39m
          [33mhref[39m=[32m"#main-content"[39m
        [36m>[39m
          [0mSkip to main content[0m
        [36m</a>[39m
        [36m<div[39m
          [33mclass[39m=[32m"layout"[39m
        [36m>[39m
          [36m<header[39m
            [33mclass[39m=[32m"header"[39m
            [33mrole[39m=[32m"banner"[39m
          [36m>[39m
            [36m<div[39m
              [33mclass[39m=[32m"container"[39m
            [36m>[39m
              [36m<div[39m
                [33mclass[39m=[32m"leftSection"[39m
              [36m>[39m
                [36m<button[39m
                  [33maria-expanded[39m=[32m"false"[39m
                  [33maria-label[39m=[32m"Open menu"[39m
                  [33mclass[39m=[32m"hamburger "[39m
                [36m>[39m
                  [36m<span[39m
                    [33mclass[39m=[32m"line"[39m
                  [36m/>[39m
                  [36m<span[39m
                    [33mclass[39m=[32m"line"[39m
                  [36m/>[39m
                  [36m<span[39m
                    [33mclass[39m=[32m"line"[39m
                  [36m/>[39m
                [36m</button>[39m
                [36m<div[39m
                  [33mclass[39m=[32m"logo"[39m
                [36m>[39m
                  [36m<h1>[39m
                    [0mPatient Management System[0m
                  [36m</h1>[39m
                [36m</div>[39m
              [36m</div>[39m
              [36m<div[39m
                [33mclass[39m=[32m"userSection"[39m
              [36m>[39m
                [36m<span[39m
                  [33mclass[39m=[32m"guestText"[39m
                [36m>[39m
                  [0mGuest[0m
                [36m</span>[39m
              [36m</div>[39m
            [36m</div>[39m
          [36m</header>[39m
          [36m<div[39m
            [33mclass[39m=[32m"mainContainer"[39m
          [36m>[39m
            [36m<aside[39m
              [33maria-label[39m=[32m"Main navigation"[39m
              [33mclass[39m=[32m"sidebar "[39m
              [33mrole[39m=[32m"navigation"[39m
            [36m>[39m
              [36m<nav[39m
                [33maria-label[39m=[32m"Primary"[39m
                [33mclass[39m=[32m"nav"[39m
              [36m>[39m
                [36m<a[39m
                  [33mclass[39m=[32m"navItem "[39m
                  [33mhref[39m=[32m"/dashboard"[39m
                [36m>[39m
                  [36m<span[39m
                    [33maria-hidden[39m=[32m"true"[39m
                    [33mclass[39m=[32m"icon"[39m
                  [36m>[39m
                    [0m∩┐╜∩┐╜[0m
                  [36m</span>[39m
                  [36m<span[39m
                    [33mclass[39m=[32m"label"[39m
                  [36m>[39m
                    [0mDashboard[0m
                  [36m</span>[39m
                [36m</a>[39m
                [36m<a[39m
                  [33mclass[39m=[32m"navItem "[39m
                  [33mhref[39m=[32m"/patients/search"[39m
                [36m>[39m
                  [36m<span[39m
                    [33maria-hidden[39m=[32m"true"[39m
                    [33mclass[39m=[32m"icon"[39m
                  [36m>[39m
                    [0m∩┐╜∩┐╜[0m
                  [36m</span>[39m
                  [36m<span[39m
                    [33mclass[39m=[32m"label"[39m
                  [36m>[39m
                    [0mPatients[0m
                  [36m</span>[39m
                [36m</a>[39m
                [36m<a[39m
                  [33mclass[39m=[32m"navItem "[39m
                  [33mhref[39m=[32m"/appointments"[39m
                [36m>[39m
                  [36m<span[39m
                    [33maria-hidden[39m=[32m"true"[39m
                    [33mclass[39m=[32m"icon"[39m
                  [36m>[39m
                    [0m∩┐╜∩┐╜[0m
                  [36m</span>[39m
                  [36m<span[39m
                    [33mclass[39m=[32m"label"[39m
                  [36m>[39m
                    [0mAppointments[0m
                  [36m</span>[39m
                [36m</a>[39m
                [36m<a[39m
                  [33mclass[39m=[32m"navItem "[39m
                  [33mhref[39m=[32m"/consultations"[39m
                [36m>[39m
                  [36m<span[39m
                    [33maria-hidden[39m=[32m"true"[39m
                    [33mclass[39m=[32m"icon"[39m
                  [36m>[39m
                    [0m∩┐╜∩┐╜[0m
                  [36m</span>[39m
                  [36m<span[39m
                    [33mclass[39m=[32m"label"[39m
                  [36m>[39m
                    [0mConsultations[0m
                  [36m</span>[39m
                [36m</a>[39m
                [36m<a[39m
                  [33mclass[39m=[32m"navItem "[39m
                  [33mhref[39m=[32m"/export"[39m
                [36m>[39m
                  [36m<span[39m
                    [33maria-hidden[39m=[32m"true"[39m
                    [33mclass[39m=[32m"icon"[39m
                  [36m>[39m
                    [0m∩┐╜∩┐╜[0m
                  [36m</span>[39m
                  [36m<span[39m
                    [33mclass[39m=[32m"label"[39m
                  [36m>[39m
                    [0mExport Data[0m
                  [36m</span>[39m
                [36m</a>[39m
                [36m<a[39m
                  [33mclass[39m=[32m"navItem "[39m
                  [33mhref[39m=[32m"/reports"[39m
                [36m>[39m
                  [36m<span[39m
                    [33maria-hidden[39m=[32m"true"[39m
                    [33mclass[39m=[32m"icon"[39m
                  [36m>[39m
                    [0m∩┐╜∩┐╜[0m
                  [36m</span>[39m
                  [36m<span[39m
                    [33mclass[39m=[32m"label"[39m
                  [36m>[39m
                    [0mReports[0m
                  [36m</span>[39m
                [36m</a>[39m
              [36m</nav>[39m
            [36m</aside>[39m
            [36m<main[39m
              [33mclass[39m=[32m"mainContent"[39m
              [33mid[39m=[32m"main-content"[39m
              [33mrole[39m=[32m"main"[39m
            [36m>[39m
              [36m<div[39m
                [33mclass[39m=[32m"profilePage"[39m
              [36m>[39m
                [36m<div[39m
                  [33mclass[39m=[32m"header"[39m
                [36m>[39m
                  [36m<button[39m
                    [33mclass[39m=[32m"backLink"[39m
                  [36m>[39m
                    [0mΓåÉ Back to Search[0m
                  [36m</button>[39m
                  [36m<div[39m
                    [33mclass[39m=[32m"headerContent"[39m
                  [36m>[39m
                    [36m<div[39m
                      [33mclass[39m=[32m"patientInfo"[39m
                    [36m>[39m
                      [36m<h1[39m
                        [33mclass[39m=[32m"patientName"[39m
                      [36m>[39m
                        [0mJohn Doe[0m
                      [36m</h1>[39m
                      [36m<div[39m
                        [33mclass[39m=[32m"badges"[39m
                      [36m>[39m
                        [36m<span[39m
                          [33mclass[39m=[32m"badge"[39m
                        [36m>[39m
                          [0m36[0m
                          [0m years[0m
                        [36m</span>[39m
                        [36m<span[39m
                          [33mclass[39m=[32m"badge"[39m
                        [36m>[39m
                          [0mMale[0m
                        [36m</span>[39m
                      [36m</div>[39m
                    [36m</div>[39m
                    [36m<div[39m
                      [33mclass[39m=[32m"actions"[39m
                    [36m>[39m
                      [36m<button[39m
                        [33mclass[39m=[32m"editButton"[39m
                      [36m>[39m
                        [0mEdit[0m
                      [36m</button>[39m
                      [36m<button[39m
                        [33mclass[39m=[32m"actionButton"[39m
                      [36m>[39m
                        [0mSchedule Appointment[0m
                      [36m</button>[39m
                      [36m<button[39m
                        [33mclass[39m=[32m"actionButton primaryButton"[39m
                      [36m>[39m
                        [0mStart Consultation[0m
                      [36m</button>[39m
                    [36m</div>[39m
                  [36m</div>[39m
                [36m</div>[39m
                [36m<div[39m
                  [33mclass[39m=[32m"tabs"[39m
                [36m>[39m
                  [36m<button[39m
                    [33mclass[39m=[32m"tab activeTab"[39m
                  [36m>[39m
                    [0mProfile[0m
                  [36m</button>[39m
                  [36m<button[39m
                    [33mclass[39m=[32m"tab "[39m
                  [36m>[39m
                    [0mAppointments[0m
                  [36m</button>[39m
                  [36m<button[39m
                    [33mclass[39m=[32m"tab "[39m
                  [36m>[39m
                    [0mHistory[0m
                  [36m</button>[39m
                [36m</div>[39m
                [36m<div[39m
                  [33mclass[39m=[32m"tabContent"[39m
                [36m>[39m
                  [36m<div[39m
                    [33mclass[39m=[32m"profileTab"[39m
                  [36m>[39m
                    [36m<div[39m
                      [33mclass[39m=[32m"infoSection"[39m
                    [36m>[39m
                      [36m<h2>[39m
                        [0mPersonal Information[0m
                      [36m</h2>[39m
                      [36m<div[39m
                        [33mclass[39m=[32m"infoGrid"[39m
                      [36m>[39m
                        [36m<div[39m
                          [33mclass[39m=[32m"infoItem"[39m
                        [36m>[39m
                          [36m<span[39m
                            [33mclass[39m=[32m"label"[39m
                          [36m>[39m
                            [0mDate of Birth[0m
                          [36m</span>[39m
                          [36m<span[39m
                            [33mclass[39m=[32m"value"[39m
                          [36m>[39m
                            [0mJanuary 1, 1990[0m
                          [36m</span>[39m
                        [36m</div>[39m
                        [36m<div[39m
                          [33mclass[39m=[32m"infoItem"[39m
                        [36m>[39m
                          [36m<span[39m
                            [33mclass[39m=[32m"label"[39m
                          [36m>[39m
                            [0mAge[0m
                          [36m</span>[39m
                          [36m<span[39m
                            [33mclass[39m=[32m"value"[39m
                          [36m>[39m
                            [0m36[0m
                            [0m years[0m
                          [36m</span>[39m
                        [36m</div>[39m
                        [36m<div[39m
                          [33mclass[39m=[32m"infoItem"[39m
                        [36m>[39m
                          [36m<span[39m
                            [33mclass[39m=[32m"label"[39m
                          [36m>[39m
                            [0mGender[0m
                          [36m</span>[39m
                          [36m<span[39m
                            [33mclass[39m=[32m"value"[39m
                          [36m>[39m
                            [0mMale[0m
                          [36m</span>[39m
                        [36m</div>[39m
                        [36m<div[39m
                          [33mclass[39m=[32m"infoItem"[39m
                        [36m>[39m
                          [36m<span[39m
                            [33mclass[39m=[32m"label"[39m
                          [36m>[39m
                            [0mPhone[0m
                          [36m</span>[39m
                          [36m<span[39m
                            [33mclass[39m=[32m"value"[39m
                          [36m>[39m
                            [0m1234567890[0m
                          [36m</span>[39m
                        [36m</div>[39m
                        [36m<div[39m
                          [33mclass[39m=[32m"infoItem"[39m
                        [36m>[39m
                          [36m<span[39m
                            [33mclass[39m=[32m"label"[39m
                          [36m>[39m
                            [0mEmail[0m
                          [36m</span>[39m
                          [36m<span[39m
                            [33mclass[39m=[32m"value"[39m
                          [36m>[39m
                            [0mjohn@example.com[0m
                          [36m</span>[39m
                        [36m</div>[39m
                        [36m<div[39m
                          [33mclass[39m=[32m"infoItem"[39m
                        [36m>[39m
                          [36m<span[39m
                            [33mclass[39m=[32m"label"[39m
                          [36m>[39m
                            [0mAddress[0m
                          [36m</span>[39m
                          [36m<span[39m
                            [33mclass[39m=[32m"value"[39m
                          [36m>[39m
                            [0m123 Main St[0m
                          [36m</span>[39m
                        [36m</div>[39m
                      [36m</div>[39m
                    [36m</div>[39m
                    [36m<div[39m
                      [33mclass[39m=[32m"infoSection"[39m
                    [36m>[39m
                      [36m<h2>[39m
                        [0mRegistration Details[0m
                      [36m</h2>[39m
                      [36m<div[39m
                        [33mclass[39m=[32m"infoGrid"[39m
                      [36m>[39m
                        [36m<div[39m
                          [33mclass[39m=[32m"infoItem"[39m
                        [36m>[39m
                          [36m<span[39m
                            [33mclass[39m=[32m"label"[39m
                          [36m>[39m
                            [0mPatient ID[0m
                          [36m</span>[39m
                          [36m<span[39m
                            [33mclass[39m=[32m"value"[39m
                          [36m>[39m
                            [0m1[0m
                          [36m</span>[39m
                        [36m</div>[39m
                      [36m</div>[39m
                    [36m</div>[39m
                  [36m</div>[39m
                [36m</div>[39m
              [36m</div>[39m
            [36m</main>[39m
          [36m</div>[39m
        [36m</div>[39m
      [36m</div>[39m
    [36m</body>[39m

    [0m [90m 93 |[39m     })[33m;[39m
     [90m 94 |[39m
    [31m[1m>[22m[39m[90m 95 |[39m     
expect(screen[33m.[39mgetByRole([32m'tab'[39m[33m,[39m { name[33m:[39m 
[35m/profile/i[39m }))[33m.[39mtoBeInTheDocument()[33m;[39m
     [90m    |[39m                   [31m[1m^[22m[39m
     [90m 96 |[39m     
expect(screen[33m.[39mgetByRole([32m'tab'[39m[33m,[39m { name[33m:[39m 
[35m/appointments/i[39m }))[33m.[39mtoBeInTheDocument()[33m;[39m
     [90m 97 |[39m   })[33m;[39m
     [90m 98 |[39m[0m

      at Object.getElementError (node_modules/@testing-library/react/node_modul
es/@testing-library/dom/dist/config.js:37:19)
      at node_modules/@testing-library/react/node_modules/@testing-library/dom/
dist/query-helpers.js:76:38
      at node_modules/@testing-library/react/node_modules/@testing-library/dom/
dist/query-helpers.js:52:17
      at node_modules/@testing-library/react/node_modules/@testing-library/dom/
dist/query-helpers.js:95:19
      at Object.<anonymous> 
(src/pages/__tests__/PatientProfilePage.test.tsx:95:19)

FAIL src/config/__tests__/config.test.ts
  ΓùÅ Test suite failed to run

    Jest encountered an unexpected token

    Jest failed to parse a file. This happens e.g. when your code or its 
dependencies use non-standard JavaScript syntax, or when Jest is not 
configured to support such syntax.

    Out of the box Jest supports Babel, which will be used to transform your 
files into valid JS based on your Babel configuration.

    By default "node_modules" folder is ignored by transformers.

    Here's what you can do:
     ΓÇó If you are trying to use ECMAScript Modules, see 
https://jestjs.io/docs/ecmascript-modules for how to enable it.
     ΓÇó If you are trying to use TypeScript, see 
https://jestjs.io/docs/getting-started#using-typescript
     ΓÇó To have some of your "node_modules" files transformed, you can 
specify a custom "transformIgnorePatterns" in your config.
     ΓÇó If you need a custom transformation specify a "transform" option in 
your config.
     ΓÇó If you simply want to mock your non-JS modules (e.g. binary assets) 
you can stub them out with the "moduleNameMapper" config option.

    You'll find more details and examples of these config options in the docs:
    https://jestjs.io/docs/configuration
    For information about custom transformations, see:
    https://jestjs.io/docs/code-transformation

    Details:

    D:\vipin\projects\doc-patient\frontend\src\config\config.ts:9
        apiUrl: typeof import.meta !== 'undefined' && 
import.meta.env?.VITE_API_URL
                              ^^^^

    SyntaxError: Cannot use 'import.meta' outside a module

    [0m[31m[1m>[22m[39m[90m 1 |[39m [36mimport[39m { config } 
[36mfrom[39m [32m'../config'[39m[33m;[39m
     [90m   |[39m [31m[1m^[22m[39m
     [90m 2 |[39m
     [90m 3 |[39m describe([32m'Config'[39m[33m,[39m () [33m=>[39m {
     [90m 4 |[39m   it([32m'should have API URL configured'[39m[33m,[39m 
() [33m=>[39m {[0m

      at Runtime.createScriptFromCode 
(node_modules/jest-runtime/build/index.js:1505:14)
      at Object.<anonymous> (src/config/__tests__/config.test.ts:1:1)

FAIL src/components/__tests__/ScheduleAppointmentForm.test.tsx
  ΓùÅ Test suite failed to run

    [96msrc/components/__tests__/ScheduleAppointmentForm.test.tsx[0m:[93m44
[0m:[93m20[0m - [91merror[0m[90m TS1145: [0m'{' or JSX element expected.

    [7m44[0m           onCancel=mockOnCancel}
    [7m  [0m [91m                   ~~~~~~~~~~~~[0m
    [96msrc/components/__tests__/ScheduleAppointmentForm.test.tsx[0m:[93m44
[0m:[93m32[0m - [91merror[0m[90m TS1003: [0mIdentifier expected.

    [7m44[0m           onCancel=mockOnCancel}
    [7m  [0m [91m                               ~[0m
    [96msrc/components/__tests__/ScheduleAppointmentForm.test.tsx[0m:[93m45
[0m:[93m10[0m - [91merror[0m[90m TS1382: [0mUnexpected token. Did you 
mean `{'>'}` or `&gt;`?

    [7m45[0m         />
    [7m  [0m [91m         ~[0m

FAIL src/components/__tests__/ConsultationTable.test.tsx
  ΓùÅ Test suite failed to run

    [96msrc/components/__tests__/ConsultationTable.test.tsx[0m:[93m141[0m:
[93m9[0m - [91merror[0m[90m TS1005: [0m',' expected.

    [7m141[0m       />queryAllByText(/reuse/i);
    [7m   [0m [91m        ~~~~~~~~~~~~~~[0m
    [96msrc/components/__tests__/ConsultationTable.test.tsx[0m:[93m141[0m:
[93m33[0m - [91merror[0m[90m TS1005: [0m')' expected.

    [7m141[0m       />queryAllByText(/reuse/i);
    [7m   [0m [91m                                ~[0m
    [96msrc/components/__tests__/ConsultationTable.test.tsx[0m:[93m148[0m:
[93m5[0m - [91merror[0m[90m TS1005: [0m',' expected.

    [7m148[0m     if (reuseButtons.length > 0) {
    [7m   [0m [91m    ~~[0m
    [96msrc/components/__tests__/ConsultationTable.test.tsx[0m:[93m152[0m:
[93m4[0m - [91merror[0m[90m TS1128: [0mDeclaration or statement expected.

    [7m152[0m   });
    [7m   [0m [91m   ~[0m
    [96msrc/components/__tests__/ConsultationTable.test.tsx[0m:[93m200[0m:
[93m9[0m - [91merror[0m[90m TS1005: [0m',' expected.

    [7m200[0m       />(may vary based on locale)
    [7m   [0m [91m        ~[0m
    [96msrc/components/__tests__/ConsultationTable.test.tsx[0m:[93m200[0m:
[93m14[0m - [91merror[0m[90m TS1005: [0m')' expected.

    [7m200[0m       />(may vary based on locale)
    [7m   [0m [91m             ~~~~[0m
    [96msrc/components/__tests__/ConsultationTable.test.tsx[0m:[93m200[0m:
[93m19[0m - [91merror[0m[90m TS1005: [0m',' expected.

    [7m200[0m       />(may vary based on locale)
    [7m   [0m [91m                  ~~~~~[0m
    [96msrc/components/__tests__/ConsultationTable.test.tsx[0m:[93m200[0m:
[93m25[0m - [91merror[0m[90m TS1005: [0m',' expected.

    [7m200[0m       />(may vary based on locale)
    [7m   [0m [91m                        ~~[0m
    [96msrc/components/__tests__/ConsultationTable.test.tsx[0m:[93m200[0m:
[93m28[0m - [91merror[0m[90m TS1005: [0m',' expected.

    [7m200[0m       />(may vary based on locale)
    [7m   [0m [91m                           ~~~~~~[0m

FAIL src/components/__tests__/AppointmentList.test.tsx
  ΓùÅ Test suite failed to run

    [96msrc/components/__tests__/AppointmentList.test.tsx[0m:[93m157[0m:[9
3m23[0m - [91merror[0m[90m TS1005: [0m',' expected.

    [7m157[0m       </BrowserRouter>queryAllByText(/cancel/i);
    [7m   [0m [91m                      ~~~~~~~~~~~~~~[0m
    [96msrc/components/__tests__/AppointmentList.test.tsx[0m:[93m157[0m:[9
3m48[0m - [91merror[0m[90m TS1005: [0m')' expected.

    [7m157[0m       </BrowserRouter>queryAllByText(/cancel/i);
    [7m   [0m [91m                                               ~[0m
    [96msrc/components/__tests__/AppointmentList.test.tsx[0m:[93m166[0m:[9
3m41[0m - [91merror[0m[90m TS1005: [0m',' expected.

    [7m166[0m       expect(screen.getByText('John Doe'yText(/cancel/i);
    [7m   [0m [91m                                        ~~~~~[0m
    [96msrc/components/__tests__/AppointmentList.test.tsx[0m:[93m166[0m:[9
3m57[0m - [91merror[0m[90m TS1005: [0m')' expected.

    [7m166[0m       expect(screen.getByText('John Doe'yText(/cancel/i);
    [7m   [0m [91m                                                        
~[0m
    [96msrc/components/__tests__/AppointmentList.test.tsx[0m:[93m171[0m:[9
3m4[0m - [91merror[0m[90m TS1128: [0mDeclaration or statement expected.

    [7m171[0m   });
    [7m   [0m [91m   ~[0m
    [96msrc/components/__tests__/AppointmentList.test.tsx[0m:[93m177[0m:[9
3m8[0m - [91merror[0m[90m TS17008: [0mJSX element 'BrowserRouter' has no 
corresponding closing tag.

    [7m177[0m       <BrowserRouter>
    [7m   [0m [91m       ~~~~~~~~~~~~~[0m
    [96msrc/components/__tests__/AppointmentList.test.tsx[0m:[93m178[0m:[9
3m10[0m - [91merror[0m[90m TS17008: [0mJSX element 'ToastProvider' has no 
corresponding closing tag.

    [7m178[0m         <ToastProvider>queryAllByText(/cancel/i);
    [7m   [0m [91m         ~~~~~~~~~~~~~[0m
    [96msrc/components/__tests__/AppointmentList.test.tsx[0m:[93m179[0m:[9
3m30[0m - [91merror[0m[90m TS1382: [0mUnexpected token. Did you mean 
`{'>'}` or `&gt;`?

    [7m179[0m     if (cancelButtons.length > 0) {
    [7m   [0m [91m                             ~[0m
    [96msrc/components/__tests__/AppointmentList.test.tsx[0m:[93m180[0m:[9
3m40[0m - [91merror[0m[90m TS1005: [0m'}' expected.

    [7m180[0m       fireEvent.click(cancelButtons[0]);
    [7m   [0m [91m                                       ~[0m
    [96msrc/components/__tests__/AppointmentList.test.tsx[0m:[93m184[0m:[9
3m39[0m - [91merror[0m[90m TS1005: [0m'}' expected.

    [7m184[0m         fireEvent.click(confirmButton);
    [7m   [0m [91m                                      ~[0m
    [96msrc/components/__tests__/AppointmentList.test.tsx[0m:[93m186[0m:[9
3m27[0m - [91merror[0m[90m TS1382: [0mUnexpected token. Did you mean 
`{'>'}` or `&gt;`?

    [7m186[0m         await waitFor(() => {
    [7m   [0m [91m                          ~[0m
    [96msrc/components/__tests__/AppointmentList.test.tsx[0m:[93m189[0m:[9
3m13[0m - [91merror[0m[90m TS1005: [0m'}' expected.

    [7m189[0m           });
    [7m   [0m [91m            ~[0m
    [96msrc/components/__tests__/AppointmentList.test.tsx[0m:[93m190[0m:[9
3m9[0m - [91merror[0m[90m TS1381: [0mUnexpected token. Did you mean 
`{'}'}` or `&rbrace;`?

    [7m190[0m         });
    [7m   [0m [91m        ~[0m
    [96msrc/components/__tests__/AppointmentList.test.tsx[0m:[93m191[0m:[9
3m7[0m - [91merror[0m[90m TS1381: [0mUnexpected token. Did you mean 
`{'}'}` or `&rbrace;`?

    [7m191[0m       }
    [7m   [0m [91m      ~[0m
    [96msrc/components/__tests__/AppointmentList.test.tsx[0m:[93m192[0m:[9
3m5[0m - [91merror[0m[90m TS1381: [0mUnexpected token. Did you mean 
`{'}'}` or `&rbrace;`?

    [7m192[0m     } else {
    [7m   [0m [91m    ~[0m
    [96msrc/components/__tests__/AppointmentList.test.tsx[0m:[93m194[0m:[9
3m91[0m - [91merror[0m[90m TS1005: [0m')' expected.

    [7m194[0m       expect(screen.getByText('John 
Doe')).toBeInTheDocument(ireEvent.click(confirmButton);
    [7m   [0m [91m                                                          
                                ~[0m
    [96msrc/components/__tests__/AppointmentList.test.tsx[0m:[93m196[0m:[9
3m25[0m - [91merror[0m[90m TS1382: [0mUnexpected token. Did you mean 
`{'>'}` or `&gt;`?

    [7m196[0m       await waitFor(() => {
    [7m   [0m [91m                        ~[0m
    [96msrc/components/__tests__/AppointmentList.test.tsx[0m:[93m199[0m:[9
3m11[0m - [91merror[0m[90m TS1005: [0m'}' expected.

    [7m199[0m         });
    [7m   [0m [91m          ~[0m
    [96msrc/components/__tests__/AppointmentList.test.tsx[0m:[93m200[0m:[9
3m7[0m - [91merror[0m[90m TS1381: [0mUnexpected token. Did you mean 
`{'}'}` or `&rbrace;`?

    [7m200[0m       });
    [7m   [0m [91m      ~[0m
    [96msrc/components/__tests__/AppointmentList.test.tsx[0m:[93m201[0m:[9
3m5[0m - [91merror[0m[90m TS1381: [0mUnexpected token. Did you mean 
`{'}'}` or `&rbrace;`?

    [7m201[0m     }
    [7m   [0m [91m    ~[0m
    [96msrc/components/__tests__/AppointmentList.test.tsx[0m:[93m202[0m:[9
3m3[0m - [91merror[0m[90m TS1381: [0mUnexpected token. Did you mean 
`{'}'}` or `&rbrace;`?

    [7m202[0m   });
    [7m   [0m [91m  ~[0m
    [96msrc/components/__tests__/AppointmentList.test.tsx[0m:[93m204[0m:[9
3m61[0m - [91merror[0m[90m TS1382: [0mUnexpected token. Did you mean 
`{'>'}` or `&gt;`?

    [7m204[0m   it('should display empty state when no appointments', () => {
    [7m   [0m [91m                                                          
  ~[0m
    [96msrc/components/__tests__/AppointmentList.test.tsx[0m:[93m210[0m:[9
3m47[0m - [91merror[0m[90m TS1005: [0m'}' expected.

    [7m210[0m       expect(emptyElement).toBeInTheDocument();
    [7m   [0m [91m                                              ~[0m
    [96msrc/components/__tests__/AppointmentList.test.tsx[0m:[93m211[0m:[9
3m5[0m - [91merror[0m[90m TS1381: [0mUnexpected token. Did you mean 
`{'}'}` or `&rbrace;`?

    [7m211[0m     } else {
    [7m   [0m [91m    ~[0m
    [96msrc/components/__tests__/AppointmentList.test.tsx[0m:[93m213[0m:[9
3m30[0m - [91merror[0m[90m TS1005: [0m'}' expected.

    [7m213[0m       expect(true).toBe(true);
    [7m   [0m [91m                             ~[0m
    [96msrc/components/__tests__/AppointmentList.test.tsx[0m:[93m214[0m:[9
3m5[0m - [91merror[0m[90m TS1381: [0mUnexpected token. Did you mean 
`{'}'}` or `&rbrace;`?

    [7m214[0m     }/>
    [7m   [0m [91m    ~[0m
    [96msrc/components/__tests__/AppointmentList.test.tsx[0m:[93m214[0m:[9
3m7[0m - [91merror[0m[90m TS1382: [0mUnexpected token. Did you mean 
`{'>'}` or `&gt;`?

    [7m214[0m     }/>
    [7m   [0m [91m      ~[0m
    [96msrc/components/__tests__/AppointmentList.test.tsx[0m:[93m217[0m:[9
3m6[0m - [91merror[0m[90m TS1005: [0m'}' expected.

    [7m217[0m     );
    [7m   [0m [91m     ~[0m
    [96msrc/components/__tests__/AppointmentList.test.tsx[0m:[93m220[0m:[9
3m3[0m - [91merror[0m[90m TS1381: [0mUnexpected token. Did you mean 
`{'}'}` or `&rbrace;`?

    [7m220[0m   });
    [7m   [0m [91m  ~[0m
    [96msrc/components/__tests__/AppointmentList.test.tsx[0m:[93m222[0m:[9
3m55[0m - [91merror[0m[90m TS1382: [0mUnexpected token. Did you mean 
`{'>'}` or `&gt;`?

    [7m222[0m   it('should apply correct status badge classes', () => {
    [7m   [0m [91m                                                      
~[0m
    [96msrc/components/__tests__/AppointmentList.test.tsx[0m:[93m229[0m:[9
3m6[0m - [91merror[0m[90m TS1005: [0m'}' expected.

    [7m229[0m     );
    [7m   [0m [91m     ~[0m
    [96msrc/components/__tests__/AppointmentList.test.tsx[0m:[93m236[0m:[9
3m3[0m - [91merror[0m[90m TS1381: [0mUnexpected token. Did you mean 
`{'}'}` or `&rbrace;`?

    [7m236[0m   });
    [7m   [0m [91m  ~[0m
    [96msrc/components/__tests__/AppointmentList.test.tsx[0m:[93m238[0m:[9
3m46[0m - [91merror[0m[90m TS1382: [0mUnexpected token. Did you mean 
`{'>'}` or `&gt;`?

    [7m238[0m   it('should handle update error', async () => {
    [7m   [0m [91m                                             ~[0m
    [96msrc/components/__tests__/AppointmentList.test.tsx[0m:[93m241[0m:[9
3m6[0m - [91merror[0m[90m TS1005: [0m'}' expected.

    [7m241[0m     );
    [7m   [0m [91m     ~[0m
    [96msrc/components/__tests__/AppointmentList.test.tsx[0m:[93m244[0m:[9
3m8[0m - [91merror[0m[90m TS17008: [0mJSX element 'BrowserRouter' has no 
corresponding closing tag.

    [7m244[0m       <BrowserRouter>
    [7m   [0m [91m       ~~~~~~~~~~~~~[0m
    [96msrc/components/__tests__/AppointmentList.test.tsx[0m:[93m245[0m:[9
3m10[0m - [91merror[0m[90m TS17008: [0mJSX element 'ToastProvider' has no 
corresponding closing tag.

    [7m245[0m         <ToastProvider>queryAllByText(/mark as completed/i);
    [7m   [0m [91m         ~~~~~~~~~~~~~[0m
    [96msrc/components/__tests__/AppointmentList.test.tsx[0m:[93m246[0m:[9
3m32[0m - [91merror[0m[90m TS1382: [0mUnexpected token. Did you mean 
`{'>'}` or `&gt;`?

    [7m246[0m     if (completeButtons.length > 0) {
    [7m   [0m [91m                               ~[0m
    [96msrc/components/__tests__/AppointmentList.test.tsx[0m:[93m247[0m:[9
3m42[0m - [91merror[0m[90m TS1005: [0m'}' expected.

    [7m247[0m       fireEvent.click(completeButtons[0]);
    [7m   [0m [91m                                         ~[0m
    [96msrc/components/__tests__/AppointmentList.test.tsx[0m:[93m249[0m:[9
3m25[0m - [91merror[0m[90m TS1382: [0mUnexpected token. Did you mean 
`{'>'}` or `&gt;`?

    [7m249[0m       await waitFor(() => {
    [7m   [0m [91m                        ~[0m
    [96msrc/components/__tests__/AppointmentList.test.tsx[0m:[93m250[0m:[9
3m9[0m - [91merror[0m[90m TS1109: [0mExpression expected.

    [7m250[0m         const errorElement = screen.queryByText(/failed to 
update/i);
    [7m   [0m [91m        ~~~~~[0m
    [96msrc/components/__tests__/AppointmentList.test.tsx[0m:[93m252[0m:[9
3m51[0m - [91merror[0m[90m TS1005: [0m'}' expected.

    [7m252[0m           expect(errorElement).toBeInTheDocument();
    [7m   [0m [91m                                                  ~[0m
    [96msrc/components/__tests__/AppointmentList.test.tsx[0m:[93m253[0m:[9
3m9[0m - [91merror[0m[90m TS1381: [0mUnexpected token. Did you mean 
`{'}'}` or `&rbrace;`?

    [7m253[0m         }
    [7m   [0m [91m        ~[0m
    [96msrc/components/__tests__/AppointmentList.test.tsx[0m:[93m254[0m:[9
3m7[0m - [91merror[0m[90m TS1381: [0mUnexpected token. Did you mean 
`{'}'}` or `&rbrace;`?

    [7m254[0m       });
    [7m   [0m [91m      ~[0m
    [96msrc/components/__tests__/AppointmentList.test.tsx[0m:[93m255[0m:[9
3m5[0m - [91merror[0m[90m TS1381: [0mUnexpected token. Did you mean 
`{'}'}` or `&rbrace;`?

    [7m255[0m     } else {
    [7m   [0m [91m    ~[0m
    [96msrc/components/__tests__/AppointmentList.test.tsx[0m:[93m257[0m:[9
3m65[0m - [91merror[0m[90m TS1005: [0m',' expected.

    [7m257[0m       expect(screen.getByText('John 
Doe')).toBeInTheDocument(st completeButtons = screen.getAllByText(/mark as 
completed/i);
    [7m   [0m [91m                                                          
      ~~~~~~~~~~~~~~~[0m
    [96msrc/components/__tests__/AppointmentList.test.tsx[0m:[93m257[0m:[9
3m124[0m - [91merror[0m[90m TS1005: [0m')' expected.

    [7m257[0m       expect(screen.getByText('John 
Doe')).toBeInTheDocument(st completeButtons = screen.getAllByText(/mark as 
completed/i);
    [7m   [0m [91m                                                          
                                                                 ~[0m
    [96msrc/components/__tests__/AppointmentList.test.tsx[0m:[93m258[0m:[9
3m32[0m - [91merror[0m[90m TS1382: [0mUnexpected token. Did you mean 
`{'>'}` or `&gt;`?

    [7m258[0m     if (completeButtons.length > 0) {
    [7m   [0m [91m                               ~[0m
    [96msrc/components/__tests__/AppointmentList.test.tsx[0m:[93m259[0m:[9
3m42[0m - [91merror[0m[90m TS1005: [0m'}' expected.

    [7m259[0m       fireEvent.click(completeButtons[0]);
    [7m   [0m [91m                                         ~[0m
    [96msrc/components/__tests__/AppointmentList.test.tsx[0m:[93m261[0m:[9
3m25[0m - [91merror[0m[90m TS1382: [0mUnexpected token. Did you mean 
`{'>'}` or `&gt;`?

    [7m261[0m       await waitFor(() => {
    [7m   [0m [91m                        ~[0m
    [96msrc/components/__tests__/AppointmentList.test.tsx[0m:[93m262[0m:[9
3m74[0m - [91merror[0m[90m TS1005: [0m'}' expected.

    [7m262[0m         expect(screen.getByText(/failed to 
update/i)).toBeInTheDocument();
    [7m   [0m [91m                                                          
               ~[0m
    [96msrc/components/__tests__/AppointmentList.test.tsx[0m:[93m263[0m:[9
3m7[0m - [91merror[0m[90m TS1381: [0mUnexpected token. Did you mean 
`{'}'}` or `&rbrace;`?

    [7m263[0m       });
    [7m   [0m [91m      ~[0m
    [96msrc/components/__tests__/AppointmentList.test.tsx[0m:[93m264[0m:[9
3m5[0m - [91merror[0m[90m TS1381: [0mUnexpected token. Did you mean 
`{'}'}` or `&rbrace;`?

    [7m264[0m     }
    [7m   [0m [91m    ~[0m
    [96msrc/components/__tests__/AppointmentList.test.tsx[0m:[93m265[0m:[9
3m3[0m - [91merror[0m[90m TS1381: [0mUnexpected token. Did you mean 
`{'}'}` or `&rbrace;`?

    [7m265[0m   });
    [7m   [0m [91m  ~[0m
    [96msrc/components/__tests__/AppointmentList.test.tsx[0m:[93m267[0m:[9
3m57[0m - [91merror[0m[90m TS1382: [0mUnexpected token. Did you mean 
`{'>'}` or `&gt;`?

    [7m267[0m   it('should disable buttons while updating', async () => {
    [7m   [0m [91m                                                        
~[0m
    [96msrc/components/__tests__/AppointmentList.test.tsx[0m:[93m270[0m:[9
3m6[0m - [91merror[0m[90m TS1005: [0m'}' expected.

    [7m270[0m     );
    [7m   [0m [91m     ~[0m
    [96msrc/components/__tests__/AppointmentList.test.tsx[0m:[93m273[0m:[9
3m8[0m - [91merror[0m[90m TS17008: [0mJSX element 'BrowserRouter' has no 
corresponding closing tag.

    [7m273[0m       <BrowserRouter>
    [7m   [0m [91m       ~~~~~~~~~~~~~[0m
    [96msrc/components/__tests__/AppointmentList.test.tsx[0m:[93m274[0m:[9
3m10[0m - [91merror[0m[90m TS17008: [0mJSX element 'ToastProvider' has no 
corresponding closing tag.

    [7m274[0m         <ToastProvider>queryAllByText(/mark as completed/i);
    [7m   [0m [91m         ~~~~~~~~~~~~~[0m
    [96msrc/components/__tests__/AppointmentList.test.tsx[0m:[93m275[0m:[9
3m32[0m - [91merror[0m[90m TS1382: [0mUnexpected token. Did you mean 
`{'>'}` or `&gt;`?

    [7m275[0m     if (completeButtons.length > 0) {
    [7m   [0m [91m                               ~[0m
    [96msrc/components/__tests__/AppointmentList.test.tsx[0m:[93m276[0m:[9
3m42[0m - [91merror[0m[90m TS1005: [0m'}' expected.

    [7m276[0m       fireEvent.click(completeButtons[0]);
    [7m   [0m [91m                                         ~[0m
    [96msrc/components/__tests__/AppointmentList.test.tsx[0m:[93m278[0m:[9
3m5[0m - [91merror[0m[90m TS1381: [0mUnexpected token. Did you mean 
`{'}'}` or `&rbrace;`?

    [7m278[0m     } else {
    [7m   [0m [91m    ~[0m
    [96msrc/components/__tests__/AppointmentList.test.tsx[0m:[93m280[0m:[9
3m63[0m - [91merror[0m[90m TS1005: [0m'}' expected.

    [7m280[0m       expect(screen.getByText('John Doe')).toBeInTheDocument();
    [7m   [0m [91m                                                          
    ~[0m
    [96msrc/components/__tests__/AppointmentList.test.tsx[0m:[93m281[0m:[9
3m5[0m - [91merror[0m[90m TS1381: [0mUnexpected token. Did you mean 
`{'}'}` or `&rbrace;`?

    [7m281[0m     }
    [7m   [0m [91m    ~[0m
    [96msrc/components/__tests__/AppointmentList.test.tsx[0m:[93m282[0m:[9
3m3[0m - [91merror[0m[90m TS1381: [0mUnexpected token. Did you mean 
`{'}'}` or `&rbrace;`?

    [7m282[0m   });
    [7m   [0m [91m  ~[0m
    [96msrc/components/__tests__/AppointmentList.test.tsx[0m:[93m283[0m:[9
3m1[0m - [91merror[0m[90m TS1381: [0mUnexpected token. Did you mean 
`{'}'}` or `&rbrace;`?

    [7m283[0m });
    [7m   [0m [91m~[0m
    [96msrc/components/__tests__/AppointmentList.test.tsx[0m:[93m284[0m:[9
3m1[0m - [91merror[0m[90m TS1005: [0m'</' expected.

    [7m284[0m 
    [7m   [0m [91m[0m

FAIL src/pages/__tests__/ConsultationPage.test.tsx (14.505 s)
  ΓùÅ ConsultationPage ΓÇ║ should add medication to list

    TestingLibraryElementError: Unable to find an accessible element with the 
role "button" and name `/save medication/i`

    Here are the accessible roles:

      link:

      Name "Skip to main content":
      [36m<a[39m
        [33mclass[39m=[32m"skip-link"[39m
        [33mhref[39m=[32m"#main-content"[39m
      [36m/>[39m

      Name "Dashboard":
      [36m<a[39m
        [33mclass[39m=[32m"navItem "[39m
        [33mhref[39m=[32m"/dashboard"[39m
      [36m/>[39m

      Name "Patients":
      [36m<a[39m
        [33mclass[39m=[32m"navItem "[39m
        [33mhref[39m=[32m"/patients/search"[39m
      [36m/>[39m

      Name "Appointments":
      [36m<a[39m
        [33mclass[39m=[32m"navItem "[39m
        [33mhref[39m=[32m"/appointments"[39m
      [36m/>[39m

      Name "Consultations":
      [36m<a[39m
        [33mclass[39m=[32m"navItem active"[39m
        [33mhref[39m=[32m"/consultations"[39m
      [36m/>[39m

      Name "Export Data":
      [36m<a[39m
        [33mclass[39m=[32m"navItem "[39m
        [33mhref[39m=[32m"/export"[39m
      [36m/>[39m

      Name "Reports":
      [36m<a[39m
        [33mclass[39m=[32m"navItem "[39m
        [33mhref[39m=[32m"/reports"[39m
      [36m/>[39m

      --------------------------------------------------
      banner:

      Name "":
      [36m<header[39m
        [33mclass[39m=[32m"header"[39m
        [33mrole[39m=[32m"banner"[39m
      [36m/>[39m

      --------------------------------------------------
      button:

      Name "Open menu":
      [36m<button[39m
        [33maria-expanded[39m=[32m"false"[39m
        [33maria-label[39m=[32m"Open menu"[39m
        [33mclass[39m=[32m"hamburger "[39m
      [36m/>[39m

      Name "+ Add Medication":
      [36m<button[39m
        [33mclass[39m=[32m"addMedicationBtn"[39m
        [33mtype[39m=[32m"button"[39m
      [36m/>[39m

      Name "Cancel":
      [36m<button[39m
        [33mclass[39m=[32m"cancelBtn"[39m
        [33mtype[39m=[32m"button"[39m
      [36m/>[39m

      Name "Add":
      [36m<button[39m
        [33mclass[39m=[32m"addBtn"[39m
        [33mtype[39m=[32m"button"[39m
      [36m/>[39m

      Name "Cancel":
      [36m<button[39m
        [33mclass[39m=[32m"cancelButton"[39m
        [33mtype[39m=[32m"button"[39m
      [36m/>[39m

      Name "Save & Generate Prescription":
      [36m<button[39m
        [33mclass[39m=[32m"saveButton"[39m
        [33mtype[39m=[32m"submit"[39m
      [36m/>[39m

      --------------------------------------------------
      heading:

      Name "Patient Management System":
      [36m<h1 />[39m

      Name "John Doe":
      [36m<h2 />[39m

      Name "Vitals":
      [36m<h3[39m
        [33mclass[39m=[32m"sectionTitle"[39m
      [36m/>[39m

      Name "Complaints":
      [36m<h3[39m
        [33mclass[39m=[32m"sectionTitle"[39m
      [36m/>[39m

      Name "Diagnosis":
      [36m<h3[39m
        [33mclass[39m=[32m"sectionTitle"[39m
      [36m/>[39m

      Name "Medications":
      [36m<h3[39m
        [33mclass[39m=[32m"sectionTitle"[39m
      [36m/>[39m

      --------------------------------------------------
      navigation:

      Name "Main navigation":
      [36m<aside[39m
        [33maria-label[39m=[32m"Main navigation"[39m
        [33mclass[39m=[32m"sidebar "[39m
        [33mrole[39m=[32m"navigation"[39m
      [36m/>[39m

      Name "Primary":
      [36m<nav[39m
        [33maria-label[39m=[32m"Primary"[39m
        [33mclass[39m=[32m"nav"[39m
      [36m/>[39m

      --------------------------------------------------
      main:

      Name "":
      [36m<main[39m
        [33mclass[39m=[32m"mainContent"[39m
        [33mid[39m=[32m"main-content"[39m
        [33mrole[39m=[32m"main"[39m
      [36m/>[39m

      --------------------------------------------------
      spinbutton:

      Name "":
      [36m<input[39m
        [33mclass[39m=[32m"vitalInput  "[39m
        [33mplaceholder[39m=[32m"98.6"[39m
        [33mstep[39m=[32m"0.1"[39m
        [33mtype[39m=[32m"number"[39m
        [33mvalue[39m=[32m""[39m
      [36m/>[39m

      Name "":
      [36m<input[39m
        [33mclass[39m=[32m"vitalInput  "[39m
        [33mplaceholder[39m=[32m"120"[39m
        [33mtype[39m=[32m"number"[39m
        [33mvalue[39m=[32m""[39m
      [36m/>[39m

      Name "":
      [36m<input[39m
        [33mclass[39m=[32m"vitalInput  "[39m
        [33mplaceholder[39m=[32m"80"[39m
        [33mtype[39m=[32m"number"[39m
        [33mvalue[39m=[32m""[39m
      [36m/>[39m

      Name "":
      [36m<input[39m
        [33mclass[39m=[32m"vitalInput  "[39m
        [33mplaceholder[39m=[32m"72"[39m
        [33mtype[39m=[32m"number"[39m
        [33mvalue[39m=[32m""[39m
      [36m/>[39m

      --------------------------------------------------
      textbox:

      Name "":
      [36m<textarea[39m
        [33mclass[39m=[32m"textarea"[39m
        [33mplaceholder[39m=[32m"e.g., Fever, cough, body ache for 3 
days"[39m
        [33mrows[39m=[32m"4"[39m
      [36m/>[39m

      Name "":
      [36m<textarea[39m
        [33mclass[39m=[32m"textarea"[39m
        [33mplaceholder[39m=[32m"e.g., Viral fever with URI symptoms"[39m
        [33mrows[39m=[32m"4"[39m
      [36m/>[39m

      Name "":
      [36m<input[39m
        [33mplaceholder[39m=[32m"e.g., Paracetamol"[39m
        [33mtype[39m=[32m"text"[39m
        [33mvalue[39m=[32m""[39m
      [36m/>[39m

      Name "":
      [36m<input[39m
        [33mplaceholder[39m=[32m"e.g., 500mg"[39m
        [33mtype[39m=[32m"text"[39m
        [33mvalue[39m=[32m"Paracetamol"[39m
      [36m/>[39m

      Name "":
      [36m<input[39m
        [33mplaceholder[39m=[32m"e.g., 5 days"[39m
        [33mtype[39m=[32m"text"[39m
        [33mvalue[39m=[32m"500mg"[39m
      [36m/>[39m

      Name "":
      [36m<input[39m
        [33mplaceholder[39m=[32m"e.g., After food"[39m
        [33mtype[39m=[32m"text"[39m
        [33mvalue[39m=[32m"5 days"[39m
      [36m/>[39m

      --------------------------------------------------
      combobox:

      Name "":
      [36m<select />[39m

      --------------------------------------------------
      option:

      Name "Once daily":
      [36m<option[39m
        [33mvalue[39m=[32m"Once daily"[39m
      [36m/>[39m

      Name "Twice daily":
      [36m<option[39m
        [33mvalue[39m=[32m"Twice daily"[39m
      [36m/>[39m

      Name "Thrice daily":
      [36m<option[39m
        [33mvalue[39m=[32m"Thrice daily"[39m
      [36m/>[39m

      Name "Four times daily":
      [36m<option[39m
        [33mvalue[39m=[32m"Four times daily"[39m
      [36m/>[39m

      Name "Every 4 hours":
      [36m<option[39m
        [33mvalue[39m=[32m"Every 4 hours"[39m
      [36m/>[39m

      Name "Every 6 hours":
      [36m<option[39m
        [33mvalue[39m=[32m"Every 6 hours"[39m
      [36m/>[39m

      Name "Every 8 hours":
      [36m<option[39m
        [33mvalue[39m=[32m"Every 8 hours"[39m
      [36m/>[39m

      Name "Every 12 hours":
      [36m<option[39m
        [33mvalue[39m=[32m"Every 12 hours"[39m
      [36m/>[39m

      Name "As needed":
      [36m<option[39m
        [33mvalue[39m=[32m"As needed"[39m
      [36m/>[39m

      Name "Before meals":
      [36m<option[39m
        [33mvalue[39m=[32m"Before meals"[39m
      [36m/>[39m

      Name "After meals":
      [36m<option[39m
        [33mvalue[39m=[32m"After meals"[39m
      [36m/>[39m

      Name "At bedtime":
      [36m<option[39m
        [33mvalue[39m=[32m"At bedtime"[39m
      [36m/>[39m

      --------------------------------------------------

    Ignored nodes: comments, script, style
    [36m<body>[39m
      [36m<div>[39m
        [36m<a[39m
          [33mclass[39m=[32m"skip-link"[39m
          [33mhref[39m=[32m"#main-content"[39m
        [36m>[39m
          [0mSkip to main content[0m
        [36m</a>[39m
        [36m<div[39m
          [33mclass[39m=[32m"layout"[39m
        [36m>[39m
          [36m<header[39m
            [33mclass[39m=[32m"header"[39m
            [33mrole[39m=[32m"banner"[39m
          [36m>[39m
            [36m<div[39m
              [33mclass[39m=[32m"container"[39m
            [36m>[39m
              [36m<div[39m
                [33mclass[39m=[32m"leftSection"[39m
              [36m>[39m
                [36m<button[39m
                  [33maria-expanded[39m=[32m"false"[39m
                  [33maria-label[39m=[32m"Open menu"[39m
                  [33mclass[39m=[32m"hamburger "[39m
                [36m>[39m
                  [36m<span[39m
                    [33mclass[39m=[32m"line"[39m
                  [36m/>[39m
                  [36m<span[39m
                    [33mclass[39m=[32m"line"[39m
                  [36m/>[39m
                  [36m<span[39m
                    [33mclass[39m=[32m"line"[39m
                  [36m/>[39m
                [36m</button>[39m
                [36m<div[39m
                  [33mclass[39m=[32m"logo"[39m
                [36m>[39m
                  [36m<h1>[39m
                    [0mPatient Management System[0m
                  [36m</h1>[39m
                [36m</div>[39m
              [36m</div>[39m
              [36m<div[39m
                [33mclass[39m=[32m"userSection"[39m
              [36m>[39m
                [36m<span[39m
                  [33mclass[39m=[32m"guestText"[39m
                [36m>[39m
                  [0mGuest[0m
                [36m</span>[39m
              [36m</div>[39m
            [36m</div>[39m
          [36m</header>[39m
          [36m<div[39m
            [33mclass[39m=[32m"mainContainer"[39m
          [36m>[39m
            [36m<aside[39m
              [33maria-label[39m=[32m"Main navigation"[39m
              [33mclass[39m=[32m"sidebar "[39m
              [33mrole[39m=[32m"navigation"[39m
            [36m>[39m
              [36m<nav[39m
                [33maria-label[39m=[32m"Primary"[39m
                [33mclass[39m=[32m"nav"[39m
              [36m>[39m
                [36m<a[39m
                  [33mclass[39m=[32m"navItem "[39m
                  [33mhref[39m=[32m"/dashboard"[39m
                [36m>[39m
                  [36m<span[39m
                    [33maria-hidden[39m=[32m"true"[39m
                    [33mclass[39m=[32m"icon"[39m
                  [36m>[39m
                    [0m∩┐╜∩┐╜[0m
                  [36m</span>[39m
                  [36m<span[39m
                    [33mclass[39m=[32m"label"[39m
                  [36m>[39m
                    [0mDashboard[0m
                  [36m</span>[39m
                [36m</a>[39m
                [36m<a[39m
                  [33mclass[39m=[32m"navItem "[39m
                  [33mhref[39m=[32m"/patients/search"[39m
                [36m>[39m
                  [36m<span[39m
                    [33maria-hidden[39m=[32m"true"[39m
                    [33mclass[39m=[32m"icon"[39m
                  [36m>[39m
                    [0m∩┐╜∩┐╜[0m
                  [36m</span>[39m
                  [36m<span[39m
                    [33mclass[39m=[32m"label"[39m
                  [36m>[39m
                    [0mPatients[0m
                  [36m</span>[39m
                [36m</a>[39m
                [36m<a[39m
                  [33mclass[39m=[32m"navItem "[39m
                  [33mhref[39m=[32m"/appointments"[39m
                [36m>[39m
                  [36m<span[39m
                    [33maria-hidden[39m=[32m"true"[39m
                    [33mclass[39m=[32m"icon"[39m
                  [36m>[39m
                    [0m∩┐╜∩┐╜[0m
                  [36m</span>[39m
                  [36m<span[39m
                    [33mclass[39m=[32m"label"[39m
                  [36m>[39m
                    [0mAppointments[0m
                  [36m</span>[39m
                [36m</a>[39m
                [36m<a[39m
                  [33mclass[39m=[32m"navItem active"[39m
                  [33mhref[39m=[32m"/consultations"[39m
                [36m>[39m
                  [36m<span[39m
                    [33maria-hidden[39m=[32m"true"[39m
                    [33mclass[39m=[32m"icon"[39m
                  [36m>[39m
                    [0m∩┐╜∩┐╜[0m
                  [36m</span>[39m
                  [36m<span[39m
                    [33mclass[39m=[32m"label"[39m
                  [36m>[39m
                    [0mConsultations[0m
                  [36m</span>[39m
                [36m</a>[39m
                [36m<a[39m
                  [33mclass[39m=[32m"navItem "[39m
                  [33mhref[39m=[32m"/export"[39m
                [36m>[39m
                  [36m<span[39m
                    [33maria-hidden[39m=[32m"true"[39m
                    [33mclass[39m=[32m"icon"[39m
                  [36m>[39m
                    [0m∩┐╜∩┐╜[0m
                  [36m</span>[39m
                  [36m<span[39m
                    [33mclass[39m=[32m"label"[39m
                  [36m>[39m
                    [0mExport Data[0m
                  [36m</span>[39m
                [36m</a>[39m
                [36m<a[39m
                  [33mclass[39m=[32m"navItem "[39m
                  [33mhref[39m=[32m"/reports"[39m
                [36m>[39m
                  [36m<span[39m
                    [33maria-hidden[39m=[32m"true"[39m
                    [33mclass[39m=[32m"icon"[39m
                  [36m>[39m
                    [0m∩┐╜∩┐╜[0m
                  [36m</span>[39m
                  [36m<span[39m
                    [33mclass[39m=[32m"label"[39m
                  [36m>[39m
                    [0mReports[0m
                  [36m</span>[39m
                [36m</a>[39m
              [36m</nav>[39m
            [36m</aside>[39m
            [36m<main[39m
              [33mclass[39m=[32m"mainContent"[39m
              [33mid[39m=[32m"main-content"[39m
              [33mrole[39m=[32m"main"[39m
            [36m>[39m
              [36m<div[39m
                [33mclass[39m=[32m"consultationPage"[39m
              [36m>[39m
                [36m<div[39m
                  [33mclass[39m=[32m"patientHeader"[39m
                [36m>[39m
                  [36m<div[39m
                    [33mclass[39m=[32m"patientInfo"[39m
                  [36m>[39m
                    [36m<h2>[39m
                      [0mJohn Doe[0m
                    [36m</h2>[39m
                    [36m<div[39m
                      [33mclass[39m=[32m"patientDetails"[39m
                    [36m>[39m
                      [36m<span>[39m
                        [0mAge: [0m
                        [0m36[0m
                      [36m</span>[39m
                      [36m<span>[39m
                        [0mΓÇó[0m
                      [36m</span>[39m
                      [36m<span>[39m
                        [0mGender: [0m
                        [0mM[0m
                      [36m</span>[39m
                      [36m<span>[39m
                        [0mΓÇó[0m
                      [36m</span>[39m
                      [36m<span>[39m
                        [0mPhone: [0m
                        [0m1234567890[0m
                      [36m</span>[39m
                    [36m</div>[39m
                  [36m</div>[39m
                [36m</div>[39m
                [36m<form[39m
                  [33mclass[39m=[32m"consultationForm"[39m
                [36m>[39m
                  [36m<div[39m
                    [33mclass[39m=[32m"section"[39m
                  [36m>[39m
                    [36m<h3[39m
                      [33mclass[39m=[32m"sectionTitle"[39m
                    [36m>[39m
                      [0mVitals[0m
                    [36m</h3>[39m
                    [36m<div[39m
                      [33mclass[39m=[32m"vitalsGrid"[39m
                    [36m>[39m
                      [36m<div[39m
                        [33mclass[39m=[32m"vitalField"[39m
                      [36m>[39m
                        [36m<label>[39m
                          [0mTemperature ([0m
                          [0m┬░F[0m
                          [0m)[0m
                        [36m</label>[39m
                        [36m<input[39m
                          [33mclass[39m=[32m"vitalInput  "[39m
                          [33mplaceholder[39m=[32m"98.6"[39m
                          [33mstep[39m=[32m"0.1"[39m
                          [33mtype[39m=[32m"number"[39m
                          [33mvalue[39m=[32m""[39m
                        [36m/>[39m
                        [36m<div[39m
                          [33mclass[39m=[32m"normalRange"[39m
                        [36m>[39m
                          [0mNormal: [0m
                          [0m98.6[0m
                          [0m┬░F[0m
                        [36m</div>[39m
                      [36m</div>[39m
                      [36m<div[39m
                        [33mclass[39m=[32m"vitalField"[39m
                      [36m>[39m
                        [36m<label>[39m
                          [0mBP Systolic ([0m
                          [0mmmHg[0m
                          [0m)[0m
                        [36m</label>[39m
                        [36m<input[39m
                          [33mclass[39m=[32m"vitalInput  "[39m
                          [33mplaceholder[39m=[32m"120"[39m
                          [33mtype[39m=[32m"number"[39m
                          [33mvalue[39m=[32m""[39m
                        [36m/>[39m
                        [36m<div[39m
                          [33mclass[39m=[32m"normalRange"[39m
                        [36m>[39m
                          [0mNormal: [0m
                          [0m120[0m
                          [0m mmHg[0m
                        [36m</div>[39m
                      [36m</div>[39m
                      [36m<div[39m
                        [33mclass[39m=[32m"vitalField"[39m
                      [36m>[39m
                        [36m<label>[39m
                          [0mBP Diastolic ([0m
                          [0mmmHg[0m
                          [0m)[0m
                        [36m</label>[39m
                        [36m<input[39m
                          [33mclass[39m=[32m"vitalInput  "[39m
                          [33mplaceholder[39m=[32m"80"[39m
                          [33mtype[39m=[32m"number"[39m
                          [33mvalue[39m=[32m""[39m
                        [36m/>[39m
                        [36m<div[39m
                          [33mclass[39m=[32m"normalRange"[39m
                        [36m>[39m
                          [0mNormal: [0m
                          [0m80[0m
                          [0m mmHg[0m
                        [36m</div>[39m
                      [36m</div>[39m
                      [36m<div[39m
                        [33mclass[39m=[32m"vitalField"[39m
                      [36m>[39m
                        [36m<label>[39m
                          [0mPulse ([0m
                          [0mBPM[0m
                          [0m)[0m
                        [36m</label>[39m
                        [36m<input[39m
                          [33mclass[39m=[32m"vitalInput  "[39m
                          [33mplaceholder[39m=[32m"72"[39m
                          [33mtype[39m=[32m"number"[39m
                          [33mvalue[39m=[32m""[39m
                        [36m/>[39m
                        [36m<div[39m
                          [33mclass[39m=[32m"normalRange"[39m
                        [36m>[39m
                          [0mNormal: [0m
                          [0m60-100[0m
                          [0m BPM[0m
                        [36m</div>[39m
                      [36m</div>[39m
                    [36m</div>[39m
                  [36m</div>[39m
                  [36m<div[39m
                    [33mclass[39m=[32m"section"[39m
                  [36m>[39m
                    [36m<h3[39m
                      [33mclass[39m=[32m"sectionTitle"[39m
                    [36m>[39m
                      [0mComplaints[0m
                    [36m</h3>[39m
                    [36m<textarea[39m
                      [33mclass[39m=[32m"textarea"[39m
                      [33mplaceholder[39m=[32m"e.g., Fever, cough, body 
ache for 3 days"[39m
                      [33mrows[39m=[32m"4"[39m
                    [36m/>[39m
                  [36m</div>[39m
                  [36m<div[39m
                    [33mclass[39m=[32m"section"[39m
                  [36m>[39m
                    [36m<h3[39m
                      [33mclass[39m=[32m"sectionTitle"[39m
                    [36m>[39m
                      [0mDiagnosis[0m
                    [36m</h3>[39m
                    [36m<textarea[39m
                      [33mclass[39m=[32m"textarea"[39m
                      [33mplaceholder[39m=[32m"e.g., Viral fever with URI 
symptoms"[39m
                      [33mrows[39m=[32m"4"[39m
                    [36m/>[39m
                  [36m</div>[39m
                  [36m<div[39m
                    [33mclass[39m=[32m"section"[39m
                  [36m>[39m
                    [36m<div[39m
                      [33mclass[39m=[32m"sectionHeader"[39m
                    [36m>[39m
                      [36m<h3[39m
                        [33mclass[39m=[32m"sectionTitle"[39m
                      [36m>[39m
                        [0mMedications[0m
                      [36m</h3>[39m
                      [36m<button[39m
                        [33mclass[39m=[32m"addMedicationBtn"[39m
                        [33mtype[39m=[32m"button"[39m
                      [36m>[39m
                        [0m+ Add Medication[0m
                      [36m</button>[39m
                    [36m</div>[39m
                    [36m<div[39m
                      [33mclass[39m=[32m"medicationForm"[39m
                    [36m>[39m
                      [36m<div[39m
                        [33mclass[39m=[32m"medicationFormGrid"[39m
                      [36m>[39m
                        [36m<div[39m
                          [33mclass[39m=[32m"medicationFormField"[39m
                        [36m>[39m
                          [36m<label>[39m
                            [0mMedication Name *[0m
                          [36m</label>[39m
                          [36m<div[39m
                            [33mclass[39m=[32m"autocompleteWrapper"[39m
                          [36m>[39m
                            [36m<input[39m
                              [33mplaceholder[39m=[32m"e.g., 
Paracetamol"[39m
                              [33mtype[39m=[32m"text"[39m
                              [33mvalue[39m=[32m""[39m
                            [36m/>[39m
                          [36m</div>[39m
                        [36m</div>[39m
                        [36m<div[39m
                          [33mclass[39m=[32m"medicationFormField"[39m
                        [36m>[39m
                          [36m<label>[39m
                            [0mDosage *[0m
                          [36m</label>[39m
                          [36m<input[39m
                            [33mplaceholder[39m=[32m"e.g., 500mg"[39m
                            [33mtype[39m=[32m"text"[39m
                            [33mvalue[39m=[32m"Paracetamol"[39m
                          [36m/>[39m
                        [36m</div>[39m
                        [36m<div[39m
                          [33mclass[39m=[32m"medicationFormField"[39m
                        [36m>[39m
                          [36m<label>[39m
                            [0mFrequency *[0m
                          [36m</label>[39m
                          [36m<select>[39m
                            [36m<option[39m
                              [33mvalue[39m=[32m"Once daily"[39m
                            [36m>[39m
                              [0mOnce daily[0m
                            [36m</option>[39m
                            [36m<option[39m
                              [33mvalue[39m=[32m"Twice daily"[39m
                            [36m>[39m
                              [0mTwice daily[0m
                            [36m</option>[39m
                            [36m<option[39m
                              [33mvalue[39m=[32m"Thrice daily"[39m
                            [36m>[39m
                              [0mThrice daily[0m
                            [36m</option>[39m
                            [36m<option[39m
                              [33mvalue[39m=[32m"Four times daily"[39m
                            [36m>[39m
                              [0mFour times daily[0m
                            [36m</option>[39m
                            [36m<option[39m
                              [33mvalue[39m=[32m"Every 4 hours"[39m
                            [36m>[39m
                              [0mEvery 4 hours[0m
                            [36m</option>[39m
                            [36m<option[39m
                              [33mvalue[39m=[32m"Every 6 hours"[39m
                            [36m>[39m
                              [0mEvery 6 hours[0m
                            [36m</option>[39m
                            [36m<option[39m
                              [33mvalue[39m=[32m"Every 8 hours"[39m
                            [36m>[39m
                              [0mEvery 8 hours[0m
                            [36m</option>[39m
                            [36m<option[39m
                              [33mvalue[39m=[32m"Every 12 hours"[39m
                            [36m>[39m
                              [0mEvery 12 hours[0m
                            [36m</option>[39m
                            [36m<option[39m
                              [33mvalue[39m=[32m"As needed"[39m
                            [36m>[39m
                              [0mAs needed[0m
                            [36m</option>[39m
                            [36m<option[39m
                              [33mvalue[39m=[32m"Before meals"[39m
                            [36m>[39m
                              [0mBefore meals[0m
                            [36m</option>[39m
                            [36m<option[39m
                              [33mvalue[39m=[32m"After meals"[39m
                            [36m>[39m
                              [0mAfter meals[0m
                            [36m</option>[39m
                            [36m<option[39m
                              [33mvalue[39m=[32m"At bedtime"[39m
                            [36m>[39m
                              [0mAt bedtime[0m
                            [36m</option>[39m
                          [36m</select>[39m
                        [36m</div>[39m
                        [36m<div[39m
                          [33mclass[39m=[32m"medicationFormField"[39m
                        [36m>[39m
                          [36m<label>[39m
                            [0mDuration *[0m
                          [36m</label>[39m
                          [36m<input[39m
                            [33mplaceholder[39m=[32m"e.g., 5 days"[39m
                            [33mtype[39m=[32m"text"[39m
                            [33mvalue[39m=[32m"500mg"[39m
                          [36m/>[39m
                        [36m</div>[39m
                        [36m<div[39m
                          [33mclass[39m=[32m"medicationFormField"[39m
                        [36m>[39m
                          [36m<label>[39m
                            [0mInstructions[0m
                          [36m</label>[39m
                          [36m<input[39m
                            [33mplaceholder[39m=[32m"e.g., After food"[39m
                            [33mtype[39m=[32m"text"[39m
                            [33mvalue[39m=[32m"5 days"[39m
                          [36m/>[39m
                        [36m</div>[39m
                      [36m</div>[39m
                      [36m<div[39m
                        [33mclass[39m=[32m"medicationFormActions"[39m
                      [36m>[39m
                        [36m<button[39m
                          [33mclass[39m=[32m"cancelBtn"[39m
                          [33mtype[39m=[32m"button"[39m
                        [36m>[39m
                          [0mCancel[0m
                        [36m</button>[39m
                        [36m<button[39m
                          [33mclass[39m=[32m"addBtn"[39m
                          [33mtype[39m=[32m"button"[39m
                        [36m>[39m
                          [0mAdd[0m
                        [36m</button>[39m
                      [36m</div>[39m
                    [36m</div>[39m
                  [36m</div>[39m
                  [36m<div[39m
                    [33mclass[39m=[32m"formActions"[39m
                  [36m>[39m
                    [36m<button[39m
                      [33mclass[39m=[32m"cancelButton"[39m
                      [33mtype[39m=[32m"button"[39m
                    [36m>[39m
                      [0mCancel[0m
                    [36m</button>[39m
                    [36m<button[39m
                      [33mclass[39m=[32m"saveButton"[39m
                      [33mtype[39m=[32m"submit"[39m
                    [36m>[39m
                      [0mSave & Generate Prescription[0m
                    [36m</button>[39m
                  [36m</div>[39m
                [36m</form>[39m
              [36m</div>[39m
            [36m</main>[39m
          [36m</div>[39m
        [36m</div>[39m
      [36m</div>[39m
    [36m</body>[39m

    [0m [90m 141 |[39m
     [90m 142 |[39m     [90m// Submit medication[39m
    [31m[1m>[22m[39m[90m 143 |[39m     [36mconst[39m saveMedButton 
[33m=[39m screen[33m.[39mgetByRole([32m'button'[39m[33m,[39m { 
name[33m:[39m [35m/save medication/i[39m })[33m;[39m
     [90m     |[39m                                  [31m[1m^[22m[39m
     [90m 144 |[39m     fireEvent[33m.[39mclick(saveMedButton)[33m;[39m
     [90m 145 |[39m
     [90m 146 |[39m     [90m// Medication should be in list[39m[0m

      at Object.getElementError (node_modules/@testing-library/react/node_modul
es/@testing-library/dom/dist/config.js:37:19)
      at node_modules/@testing-library/react/node_modules/@testing-library/dom/
dist/query-helpers.js:76:38
      at node_modules/@testing-library/react/node_modules/@testing-library/dom/
dist/query-helpers.js:52:17
      at node_modules/@testing-library/react/node_modules/@testing-library/dom/
dist/query-helpers.js:95:19
      at Object.<anonymous> 
(src/pages/__tests__/ConsultationPage.test.tsx:143:34)

  ΓùÅ ConsultationPage ΓÇ║ should validate required fields on submit

    expect(received).toBeGreaterThan(expected)

    Expected: > 0
    Received:   0

    Ignored nodes: comments, script, style
    [36m<html>[39m
      [36m<head />[39m
      [36m<body>[39m
        [36m<div>[39m
          [36m<a[39m
            [33mclass[39m=[32m"skip-link"[39m
            [33mhref[39m=[32m"#main-content"[39m
          [36m>[39m
            [0mSkip to main content[0m
          [36m</a>[39m
          [36m<div[39m
            [33mclass[39m=[32m"layout"[39m
          [36m>[39m
            [36m<header[39m
              [33mclass[39m=[32m"header"[39m
              [33mrole[39m=[32m"banner"[39m
            [36m>[39m
              [36m<div[39m
                [33mclass[39m=[32m"container"[39m
              [36m>[39m
                [36m<div[39m
                  [33mclass[39m=[32m"leftSection"[39m
                [36m>[39m
                  [36m<button[39m
                    [33maria-expanded[39m=[32m"false"[39m
                    [33maria-label[39m=[32m"Open menu"[39m
                    [33mclass[39m=[32m"hamburger "[39m
                  [36m>[39m
                    [36m<span[39m
                      [33mclass[39m=[32m"line"[39m
                    [36m/>[39m
                    [36m<span[39m
                      [33mclass[39m=[32m"line"[39m
                    [36m/>[39m
                    [36m<span[39m
                      [33mclass[39m=[32m"line"[39m
                    [36m/>[39m
                  [36m</button>[39m
                  [36m<div[39m
                    [33mclass[39m=[32m"logo"[39m
                  [36m>[39m
                    [36m<h1>[39m
                      [0mPatient Management System[0m
                    [36m</h1>[39m
                  [36m</div>[39m
                [36m</div>[39m
                [36m<div[39m
                  [33mclass[39m=[32m"userSection"[39m
                [36m>[39m
                  [36m<span[39m
                    [33mclass[39m=[32m"guestText"[39m
                  [36m>[39m
                    [0mGuest[0m
                  [36m</span>[39m
                [36m</div>[39m
              [36m</div>[39m
            [36m</header>[39m
            [36m<div[39m
              [33mclass[39m=[32m"mainContainer"[39m
            [36m>[39m
              [36m<aside[39m
                [33maria-label[39m=[32m"Main navigation"[39m
                [33mclass[39m=[32m"sidebar "[39m
                [33mrole[39m=[32m"navigation"[39m
              [36m>[39m
                [36m<nav[39m
                  [33maria-label[39m=[32m"Primary"[39m
                  [33mclass[39m=[32m"nav"[39m
                [36m>[39m
                  [36m<a[39m
                    [33mclass[39m=[32m"navItem "[39m
                    [33mhref[39m=[32m"/dashboard"[39m
                  [36m>[39m
                    [36m<span[39m
                      [33maria-hidden[39m=[32m"true"[39m
                      [33mclass[39m=[32m"icon"[39m
                    [36m>[39m
                      [0m∩┐╜∩┐╜[0m
                    [36m</span>[39m
                    [36m<span[39m
                      [33mclass[39m=[32m"label"[39m
                    [36m>[39m
                      [0mDashboard[0m
                    [36m</span>[39m
                  [36m</a>[39m
                  [36m<a[39m
                    [33mclass[39m=[32m"navItem "[39m
                    [33mhref[39m=[32m"/patients/search"[39m
                  [36m>[39m
                    [36m<span[39m
                      [33maria-hidden[39m=[32m"true"[39m
                      [33mclass[39m=[32m"icon"[39m
                    [36m>[39m
                      [0m∩┐╜∩┐╜[0m
                    [36m</span>[39m
                    [36m<span[39m
                      [33mclass[39m=[32m"label"[39m
                    [36m>[39m
                      [0mPatients[0m
                    [36m</span>[39m
                  [36m</a>[39m
                  [36m<a[39m
                    [33mclass[39m=[32m"navItem "[39m
                    [33mhref[39m=[32m"/appointments"[39m
                  [36m>[39m
                    [36m<span[39m
                      [33maria-hidden[39m=[32m"true"[39m
                      [33mclass[39m=[32m"icon"[39m
                    [36m>[39m
                      [0m∩┐╜∩┐╜[0m
                    [36m</span>[39m
                    [36m<span[39m
                      [33mclass[39m=[32m"label"[39m
                    [36m>[39m
                      [0mAppointments[0m
                    [36m</span>[39m
                  [36m</a>[39m
                  [36m<a[39m
                    [33mclass[39m=[32m"navItem active"[39m
                    [33mhref[39m=[32m"/consultations"[39m
                  [36m>[39m
                    [36m<span[39m
                      [33maria-hidden[39m=[32m"true"[39m
                      [33mclass[39m=[32m"icon"[39m
                    [36m>[39m
                      [0m∩┐╜∩┐╜[0m
                    [36m</span>[39m
                    [36m<span[39m
                      [33mclass[39m=[32m"label"[39m
                    [36m>[39m
                      [0mConsultations[0m
                    [36m</span>[39m
                  [36m</a>[39m
                  [36m<a[39m
                    [33mclass[39m=[32m"navItem "[39m
                    [33mhref[39m=[32m"/export"[39m
                  [36m>[39m
                    [36m<span[39m
                      [33maria-hidden[39m=[32m"true"[39m
                      [33mclass[39m=[32m"icon"[39m
                    [36m>[39m
                      [0m∩┐╜∩┐╜[0m
                    [36m</span>[39m
                    [36m<span[39m
                      [33mclass[39m=[32m"label"[39m
                    [36m>[39m
                      [0mExport Data[0m
                    [36m</span>[39m
                  [36m</a>[39m
                  [36m<a[39m
                    [33mclass[39m=[32m"navItem "[39m
                    [33mhref[39m=[32m"/reports"[39m
                  [36m>[39m
                    [36m<span[39m
                      [33maria-hidden[39m=[32m"true"[39m
                      [33mclass[39m=[32m"icon"[39m
                    [36m>[39m
                      [0m∩┐╜∩┐╜[0m
                    [36m</span>[39m
                    [36m<span[39m
                      [33mclass[39m=[32m"label"[39m
                    [36m>[39m
                      [0mReports[0m
                    [36m</span>[39m
                  [36m</a>[39m
                [36m</nav>[39m
              [36m</aside>[39m
              [36m<main[39m
                [33mclass[39m=[32m"mainContent"[39m
                [33mid[39m=[32m"main-content"[39m
                [33mrole[39m=[32m"main"[39m
              [36m>[39m
                [36m<div[39m
                  [33mclass[39m=[32m"consultationPage"[39m
                [36m>[39m
                  [36m<div[39m
                    [33mclass[39m=[32m"patientHeader"[39m
                  [36m>[39m
                    [36m<div[39m
                      [33mclass[39m=[32m"patientInfo"[39m
                    [36m>[39m
                      [36m<h2>[39m
                        [0mJohn Doe[0m
                      [36m</h2>[39m
                      [36m<div[39m
                        [33mclass[39m=[32m"patientDetails"[39m
                      [36m>[39m
                        [36m<span>[39m
                          [0mAge: [0m
                          [0m36[0m
                        [36m</span>[39m
                        [36m<span>[39m
                          [0mΓÇó[0m
                        [36m</span>[39m
                        [36m<span>[39m
                          [0mGender: [0m
                          [0mM[0m
                        [36m</span>[39m
                        [36m<span>[39m
                          [0mΓÇó[0m
                        [36m</span>[39m
                        [36m<span>[39m
                          [0mPhone: [0m
                          [0m1234567890[0m
                        [36m</span>[39m
                      [36m</div>[39m
                    [36m</div>[39m
                  [36m</div>[39m
                  [36m<form[39m
                    [33mclass[39m=[32m"consultationForm"[39m
                  [36m>[39m
                    [36m<div[39m
                      [33mclass[39m=[32m"section"[39m
                    [36m>[39m
                      [36m<h3[39m
                        [33mclass[39m=[32m"sectionTitle"[39m
                      [36m>[39m
                        [0mVitals[0m
                      [36m</h3>[39m
                      [36m<div[39m
                        [33mclass[39m=[32m"vitalsGrid"[39m
                      [36m>[39m
                        [36m<div[39m
                          [33mclass[39m=[32m"vitalField"[39m
                        [36m>[39m
                          [36m<label>[39m
                            [0mTemperature ([0m
                            [0m┬░F[0m
                            [0m)[0m
                          [36m</label>[39m
                          [36m<input[39m
                            [33mclass[39m=[32m"vitalInput  "[39m
                            [33mplaceholder[39m=[32m"98.6"[39m
                            [33mstep[39m=[32m"0.1"[39m
                            [33mtype[39m=[32m"number"[39m
                            [33mvalue[39m=[32m""[39m
                          [36m/>[39m
                          [36m<div[39m
                            [33mclass[39m=[32m"normalRange"[39m
                          [36m>[39m
                            [0mNormal: [0m
                            [0m98.6[0m
                            [0m┬░F[0m
                          [36m</div>[39m
                          [36m<div[39m
                            [33mclass[39m=[32m"error"[39m
                          [36m>[39m
                            [0mTemperature is required[0m
                          [36m</div>[39m
                        [36m</div>[39m
                        [36m<div[39m
                          [33mclass[39m=[32m"vitalField"[39m
                        [36m>[39m
                          [36m<label>[39m
                            [0mBP Systolic ([0m
                            [0mmmHg[0m
                            [0m)[0m
                          [36m</label>[39m
                          [36m<input[39m
                            [33mclass[39m=[32m"vitalInput  "[39m
                            [33mplaceholder[39m=[32m"120"[39m
                            [33mtype[39m=[32m"number"[39m
                            [33mvalue[39m=[32m""[39m
                          [36m/>[39m
                          [36m<div[39m
                            [33mclass[39m=[32m"normalRange"[39m
                          [36m>[39m
                            [0mNormal: [0m
                            [0m120[0m
                            [0m mmHg[0m
                          [36m</div>[39m
                          [36m<div[39m
                            [33mclass[39m=[32m"error"[39m
                          [36m>[39m
                            [0mBP Systolic is required[0m
                          [36m</div>[39m
                        [36m</div>[39m
                        [36m<div[39m
                          [33mclass[39m=[32m"vitalField"[39m
                        [36m>[39m
                          [36m<label>[39m
                            [0mBP Diastolic ([0m
                            [0mmmHg[0m
                            [0m)[0m
                          [36m</label>[39m
                          [36m<input[39m
                            [33mclass[39m=[32m"vitalInput  "[39m
                            [33mplaceholder[39m=[32m"80"[39m
                            [33mtype[39m=[32m"number"[39m
                            [33mvalue[39m=[32m""[39m
                          [36m/>[39m
                          [36m<div[39m
                            [33mclass[39m=[32m"normalRange"[39m
                          [36m>[39m
                            [0mNormal: [0m
                            [0m80[0m
                            [0m mmHg[0m
                          [36m</div>[39m
                          [36m<div[39m
                            [33mclass[39m=[32m"error"[39m
                          [36m>[39m
                            [0mBP Diastolic is required[0m
                          [36m</div>[39m
                        [36m</div>[39m
                        [36m<div[39m
                          [33mclass[39m=[32m"vitalField"[39m
                        [36m>[39m
                          [36m<label>[39m
                            [0mPulse ([0m
                            [0mBPM[0m
                            [0m)[0m
                          [36m</label>[39m
                          [36m<input[39m
                            [33mclass[39m=[32m"vitalInput  "[39m
                            [33mplaceholder[39m=[32m"72"[39m
                            [33mtype[39m=[32m"number"[39m
                            [33mvalue[39m=[32m""[39m
                          [36m/>[39m
                          [36m<div[39m
                            [33mclass[39m=[32m"normalRange"[39m
                          [36m>[39m
                            [0mNormal: [0m
                            [0m60-100[0m
                            [0m BPM[0m
                          [36m</div>[39m
                          [36m<div[39m
                            [33mclass[39m=[32m"error"[39m
                          [36m>[39m
                            [0mPulse is required[0m
                          [36m</div>[39m
                        [36m</div>[39m
                      [36m</div>[39m
                    [36m</div>[39m
                    [36m<div[39m
                      [33mclass[39m=[32m"section"[39m
                    [36m>[39m
                      [36m<h3[39m
                        [33mclass[39m=[32m"sectionTitle"[39m
                      [36m>[39m
                        [0mComplaints[0m
                      [36m</h3>[39m
                      [36m<textarea[39m
                        [33mclass[39m=[32m"textarea"[39m
                        [33mplaceholder[39m=[32m"e.g., Fever, cough, body 
ache for 3 days"[39m
                        [33mrows[39m=[32m"4"[39m
                      [36m/>[39m
                      [36m<div[39m
                        [33mclass[39m=[32m"error"[39m
                      [36m>[39m
                        [0mComplaints are required[0m
                      [36m</div>[39m
                    [36m</div>[39m
                    [36m<div[39m
                      [33mclass[39m=[32m"section"[39m
                    [36m>[39m
                      [36m<h3[39m
                        [33mclass[39m=[32m"sectionTitle"[39m
                      [36m>[39m
                        [0mDiagnosis[0m
                      [36m</h3>[39m
                      [36m<textarea[39m
                        [33mclass[39m=[32m"textarea"[39m
                        [33mplaceholder[39m=[32m"e.g., Viral fever with URI 
symptoms"[39m
                        [33mrows[39m=[32m"4"[39m
                      [36m/>[39m
                      [36m<div[39m
                        [33mclass[39m=[32m"error"[39m
                      [36m>[39m
                        [0mDiagnosis is required[0m
                      [36m</div>[39m
                    [36m</div>[39m
                    [36m<div[39m
                      [33mclass[39m=[32m"section"[39m
                    [36m>[39m
                      [36m<div[39m
                        [33mclass[39m=[32m"sectionHeader"[39m
                      [36m>[39m
                        [36m<h3[39m
                          [33mclass[39m=[32m"sectionTitle"[39m
                        [36m>[39m
                          [0mMedications[0m
                        [36m</h3>[39m
                        [36m<button[39m
                          [33mclass[39m=[32m"addMedicationBtn"[39m
                          [33mtype[39m=[32m"button"[39m
                        [36m>[39m
                          [0m+ Add Medication[0m
                        [36m</button>[39m
                      [36m</div>[39m
                      [36m<div[39m
                        [33mclass[39m=[32m"error"[39m
                      [36m>[39m
                        [0mAt least 1 medication is required[0m
                      [36m</div>[39m
                    [36m</div>[39m
                    [36m<div[39m
                      [33mclass[39m=[32m"formActions"[39m
                    [36m>[39m
                      [36m<button[39m
                        [33mclass[39m=[32m"cancelButton"[39m
                        [33mtype[39m=[32m"button"[39m
                      [36m>[39m
                        [0mCancel[0m
                      [36m</button>[39m
                      [36m<button[39m
                        [33mclass[39m=[32m"saveButton"[39m
                        [33mtype[39m=[32m"submit"[39m
                      [36m>[39m
                        [0mSave & Generate Prescription[0m
                      [36m</button>[39m
                    [36m</div>[39m
                  [36m</form>[39m
                [36m</div>[39m
              [36m</main>[39m
            [36m</div>[39m
          [36m</div>[39m
        [36m</div>[39m
      [36m</body>[39m
    [36m</html>[39m

    [0m [90m 163 |[39m     [36mawait[39m waitFor(() [33m=>[39m {
     [90m 164 |[39m       [36mconst[39m alerts [33m=[39m 
screen[33m.[39mqueryAllByRole([32m'alert'[39m)[33m;[39m
    [31m[1m>[22m[39m[90m 165 |[39m       expect(alerts[33m.[39mlength)
[33m.[39mtoBeGreaterThan([35m0[39m)[33m;[39m
     [90m     |[39m                             [31m[1m^[22m[39m
     [90m 166 |[39m     }[33m,[39m { timeout[33m:[39m [35m3000[39m 
})[33m;[39m
     [90m 167 |[39m   })[33m;[39m
     [90m 168 |[39m[0m

      at timeout (src/pages/__tests__/ConsultationPage.test.tsx:165:29)
      at runWithExpensiveErrorDiagnosticsDisabled (node_modules/@testing-librar
y/react/node_modules/@testing-library/dom/dist/config.js:47:12)
      at checkCallback (node_modules/@testing-library/react/node_modules/@testi
ng-library/dom/dist/wait-for.js:124:77)
      at checkRealTimersCallback (node_modules/@testing-library/react/node_modu
les/@testing-library/dom/dist/wait-for.js:118:16)
      at Timeout.task [as _onTimeout] 
(node_modules/jsdom/lib/jsdom/browser/Window.js:520:19)

  ΓùÅ ConsultationPage ΓÇ║ should validate medication fields

    Unable to find role="button" and name `/save medication/i`

    Ignored nodes: comments, script, style
    [36m<body>[39m
      [36m<div>[39m
        [36m<a[39m
          [33mclass[39m=[32m"skip-link"[39m
          [33mhref[39m=[32m"#main-content"[39m
        [36m>[39m
          [0mSkip to main content[0m
        [36m</a>[39m
        [36m<div[39m
          [33mclass[39m=[32m"layout"[39m
        [36m>[39m
          [36m<header[39m
            [33mclass[39m=[32m"header"[39m
            [33mrole[39m=[32m"banner"[39m
          [36m>[39m
            [36m<div[39m
              [33mclass[39m=[32m"container"[39m
            [36m>[39m
              [36m<div[39m
                [33mclass[39m=[32m"leftSection"[39m
              [36m>[39m
                [36m<button[39m
                  [33maria-expanded[39m=[32m"false"[39m
                  [33maria-label[39m=[32m"Open menu"[39m
                  [33mclass[39m=[32m"hamburger "[39m
                [36m>[39m
                  [36m<span[39m
                    [33mclass[39m=[32m"line"[39m
                  [36m/>[39m
                  [36m<span[39m
                    [33mclass[39m=[32m"line"[39m
                  [36m/>[39m
                  [36m<span[39m
                    [33mclass[39m=[32m"line"[39m
                  [36m/>[39m
                [36m</button>[39m
                [36m<div[39m
                  [33mclass[39m=[32m"logo"[39m
                [36m>[39m
                  [36m<h1>[39m
                    [0mPatient Management System[0m
                  [36m</h1>[39m
                [36m</div>[39m
              [36m</div>[39m
              [36m<div[39m
                [33mclass[39m=[32m"userSection"[39m
              [36m>[39m
                [36m<span[39m
                  [33mclass[39m=[32m"guestText"[39m
                [36m>[39m
                  [0mGuest[0m
                [36m</span>[39m
              [36m</div>[39m
            [36m</div>[39m
          [36m</header>[39m
          [36m<div[39m
            [33mclass[39m=[32m"mainContainer"[39m
          [36m>[39m
            [36m<aside[39m
              [33maria-label[39m=[32m"Main navigation"[39m
              [33mclass[39m=[32m"sidebar "[39m
              [33mrole[39m=[32m"navigation"[39m
            [36m>[39m
              [36m<nav[39m
                [33maria-label[39m=[32m"Primary"[39m
                [33mclass[39m=[32m"nav"[39m
              [36m>[39m
                [36m<a[39m
                  [33mclass[39m=[32m"navItem "[39m
                  [33mhref[39m=[32m"/dashboard"[39m
                [36m>[39m
                  [36m<span[39m
                    [33maria-hidden[39m=[32m"true"[39m
                    [33mclass[39m=[32m"icon"[39m
                  [36m>[39m
                    [0m∩┐╜∩┐╜[0m
                  [36m</span>[39m
                  [36m<span[39m
                    [33mclass[39m=[32m"label"[39m
                  [36m>[39m
                    [0mDashboard[0m
                  [36m</span>[39m
                [36m</a>[39m
                [36m<a[39m
                  [33mclass[39m=[32m"navItem "[39m
                  [33mhref[39m=[32m"/patients/search"[39m
                [36m>[39m
                  [36m<span[39m
                    [33maria-hidden[39m=[32m"true"[39m
                    [33mclass[39m=[32m"icon"[39m
                  [36m>[39m
                    [0m∩┐╜∩┐╜[0m
                  [36m</span>[39m
                  [36m<span[39m
                    [33mclass[39m=[32m"label"[39m
                  [36m>[39m
                    [0mPatients[0m
                  [36m</span>[39m
                [36m</a>[39m
                [36m<a[39m
                  [33mclass[39m=[32m"navItem "[39m
                  [33mhref[39m=[32m"/appointments"[39m
                [36m>[39m
                  [36m<span[39m
                    [33maria-hidden[39m=[32m"true"[39m
                    [33mclass[39m=[32m"icon"[39m
                  [36m>[39m
                    [0m∩┐╜∩┐╜[0m
                  [36m</span>[39m
                  [36m<span[39m
                    [33mclass[39m=[32m"label"[39m
                  [36m>[39m
                    [0mAppointments[0m
                  [36m</span>[39m
                [36m</a>[39m
                [36m<a[39m
                  [33mclass[39m=[32m"navItem active"[39m
                  [33mhref[39m=[32m"/consultations"[39m
                [36m>[39m
                  [36m<span[39m
                    [33maria-hidden[39m=[32m"true"[39m
                    [33mclass[39m=[32m"icon"[39m
                  [36m>[39m
                    [0m∩┐╜∩┐╜[0m
                  [36m</span>[39m
                  [36m<span[39m
                    [33mclass[39m=[32m"label"[39m
                  [36m>[39m
                    [0mConsultations[0m
                  [36m</span>[39m
                [36m</a>[39m
                [36m<a[39m
                  [33mclass[39m=[32m"navItem "[39m
                  [33mhref[39m=[32m"/export"[39m
                [36m>[39m
                  [36m<span[39m
                    [33maria-hidden[39m=[32m"true"[39m
                    [33mclass[39m=[32m"icon"[39m
                  [36m>[39m
                    [0m∩┐╜∩┐╜[0m
                  [36m</span>[39m
                  [36m<span[39m
                    [33mclass[39m=[32m"label"[39m
                  [36m>[39m
                    [0mExport Data[0m
                  [36m</span>[39m
                [36m</a>[39m
                [36m<a[39m
                  [33mclass[39m=[32m"navItem "[39m
                  [33mhref[39m=[32m"/reports"[39m
                [36m>[39m
                  [36m<span[39m
                    [33maria-hidden[39m=[32m"true"[39m
                    [33mclass[39m=[32m"icon"[39m
                  [36m>[39m
                    [0m∩┐╜∩┐╜[0m
                  [36m</span>[39m
                  [36m<span[39m
                    [33mclass[39m=[32m"label"[39m
                  [36m>[39m
                    [0mReports[0m
                  [36m</span>[39m
                [36m</a>[39m
              [36m</nav>[39m
            [36m</aside>[39m
            [36m<main[39m
              [33mclass[39m=[32m"mainContent"[39m
              [33mid[39m=[32m"main-content"[39m
              [33mrole[39m=[32m"main"[39m
            [36m>[39m
              [36m<div[39m
                [33mclass[39m=[32m"consultationPage"[39m
              [36m>[39m
                [36m<div[39m
                  [33mclass[39m=[32m"patientHeader"[39m
                [36m>[39m
                  [36m<div[39m
                    [33mclass[39m=[32m"patientInfo"[39m
                  [36m>[39m
                    [36m<h2>[39m
                      [0mJohn Doe[0m
                    [36m</h2>[39m
                    [36m<div[39m
                      [33mclass[39m=[32m"patientDetails"[39m
                    [36m>[39m
                      [36m<span>[39m
                        [0mAge: [0m
                        [0m36[0m
                      [36m</span>[39m
                      [36m<span>[39m
                        [0mΓÇó[0m
                      [36m</span>[39m
                      [36m<span>[39m
                        [0mGender: [0m
                        [0mM[0m
                      [36m</span>[39m
                      [36m<span>[39m
                        [0mΓÇó[0m
                      [36m</span>[39m
                      [36m<span>[39m
                        [0mPhone: [0m
                        [0m1234567890[0m
                      [36m</span>[39m
                    [36m</div>[39m
                  [36m</div>[39m
                [36m</div>[39m
                [36m<form[39m
                  [33mclass[39m=[32m"consultationForm"[39m
                [36m>[39m
                  [36m<div[39m
                    [33mclass[39m=[32m"section"[39m
                  [36m>[39m
                    [36m<h3[39m
                      [33mclass[39m=[32m"sectionTitle"[39m
                    [36m>[39m
                      [0mVitals[0m
                    [36m</h3>[39m
                    [36m<div[39m
                      [33mclass[39m=[32m"vitalsGrid"[39m
                    [36m>[39m
                      [36m<div[39m
                        [33mclass[39m=[32m"vitalField"[39m
                      [36m>[39m
                        [36m<label>[39m
                          [0mTemperature ([0m
                          [0m┬░F[0m
                          [0m)[0m
                        [36m</label>[39m
                        [36m<input[39m
                          [33mclass[39m=[32m"vitalInput  "[39m
                          [33mplaceholder[39m=[32m"98.6"[39m
                          [33mstep[39m=[32m"0.1"[39m
                          [33mtype[39m=[32m"number"[39m
                          [33mvalue[39m=[32m""[39m
                        [36m/>[39m
                        [36m<div[39m
                          [33mclass[39m=[32m"normalRange"[39m
                        [36m>[39m
                          [0mNormal: [0m
                          [0m98.6[0m
                          [0m┬░F[0m
                        [36m</div>[39m
                      [36m</div>[39m
                      [36m<div[39m
                        [33mclass[39m=[32m"vitalField"[39m
                      [36m>[39m
                        [36m<label>[39m
                          [0mBP Systolic ([0m
                          [0mmmHg[0m
                          [0m)[0m
                        [36m</label>[39m
                        [36m<input[39m
                          [33mclass[39m=[32m"vitalInput  "[39m
                          [33mplaceholder[39m=[32m"120"[39m
                          [33mtype[39m=[32m"number"[39m
                          [33mvalue[39m=[32m""[39m
                        [36m/>[39m
                        [36m<div[39m
                          [33mclass[39m=[32m"normalRange"[39m
                        [36m>[39m
                          [0mNormal: [0m
                          [0m120[0m
                          [0m mmHg[0m
                        [36m</div>[39m
                      [36m</div>[39m
                      [36m<div[39m
                        [33mclass[39m=[32m"vitalField"[39m
                      [36m>[39m
                        [36m<label>[39m
                          [0mBP Diastolic ([0m
                          [0mmmHg[0m
                          [0m)[0m
                        [36m</label>[39m
                        [36m<input[39m
                          [33mclass[39m=[32m"vitalInput  "[39m
                          [33mplaceholder[39m=[32m"80"[39m
                          [33mtype[39m=[32m"number"[39m
                          [33mvalue[39m=[32m""[39m
                        [36m/>[39m
                        [36m<div[39m
                          [33mclass[39m=[32m"normalRange"[39m
                        [36m>[39m
                          [0mNormal: [0m
                          [0m80[0m
                          [0m mmHg[0m
                        [36m</div>[39m
                      [36m</div>[39m
                      [36m<div[39m
                        [33mclass[39m=[32m"vitalField"[39m
                      [36m>[39m
                        [36m<label>[39m
                          [0mPulse ([0m
                          [0mBPM[0m
                          [0m)[0m
                        [36m</label>[39m
                        [36m<input[39m
                          [33mclass[39m=[32m"vitalInput  "[39m
                          [33mplaceholder[39m=[32m"72"[39m
                          [33mtype[39m=[32m"number"[39m
                          [33mvalue[39m=[32m""[39m
                        [36m/>[39m
                        [36m<div[39m
                          [33mclass[39m=[32m"normalRange"[39m
                        [36m>[39m
                          [0mNormal: [0m
                          [0m60-100[0m
                          [0m BPM[0m
                        [36m</div>[39m
                      [36m</div>[39m
                    [36m</div>[39m
                  [36m</div>[39m
                  [36m<div[39m
                    [33mclass[39m=[32m"section"[39m
                  [36m>[39m
                    [36m<h3[39m
                      [33mclass[39m=[32m"sectionTitle"[39m
                    [36m>[39m
                      [0mComplaints[0m
                    [36m</h3>[39m
                    [36m<textarea[39m
                      [33mclass[39m=[32m"textarea"[39m
                      [33mplaceholder[39m=[32m"e.g., Fever, cough, body 
ache for 3 days"[39m
                      [33mrows[39m=[32m"4"[39m
                    [36m/>[39m
                  [36m</div>[39m
                  [36m<div[39m
                    [33mclass[39m=[32m"section"[39m
                  [36m>[39m
                    [36m<h3[39m
                      [33mclass[39m=[32m"sectionTitle"[39m
                    [36m>[39m
                      [0mDiagnosis[0m
                    [36m</h3>[39m
                    [36m<textarea[39m
                      [33mclass[39m=[32m"textarea"[39m
                      [33mplaceholder[39m=[32m"e.g., Viral fever with URI 
symptoms"[39m
                      [33mrows[39m=[32m"4"[39m
                    [36m/>[39m
                  [36m</div>[39m
                  [36m<div[39m
                    [33mclass[39m=[32m"section"[39m
                  [36m>[39m
                    [36m<div[39m
                      [33mclass[39m=[32m"sectionHeader"[39m
                    [36m>[39m
                      [36m<h3[39m
                        [33mclass[39m=[32m"sectionTitle"[39m
                      [36m>[39m
                        [0mMedications[0m
                      [36m</h3>[39m
                      [36m<button[39m
                        [33mclass[39m=[32m"addMedicationBtn"[39m
                        [33mtype[39m=[32m"button"[39m
                      [36m>[39m
                        [0m+ Add Medication[0m
                      [36m</button>[39m
                    [36m</div>[39m
                    [36m<div[39m
                      [33mclass[39m=[32m"medicationForm"[39m
                    [36m>[39m
                      [36m<div[39m
                        [33mclass[39m=[32m"medicationFormGrid"[39m
                      [36m>[39m
                        [36m<div[39m
                          [33mclass[39m=[32m"medicationFormField"[39m
                        [36m>[39m
                          [36m<label>[39m
                            [0mMedication Name *[0m
                          [36m</label>[39m
                          [36m<div[39m
                            [33mclass[39m=[32m"autocompleteWrapper"[39m
                          [36m>[39m
                            [36m<input[39m
                              [33mplaceholder[39m=[32m"e.g., 
Paracetamol"[39m
                              [33mtype[39m=[32m"text"[39m
                              [33mvalue[39m=[32m""[39m
                            [36m/>[39m
                          [36m</div>[39m
                        [36m</div>[39m
                        [36m<div[39m
                          [33mclass[39m=[32m"medicationFormField"[39m
                        [36m>[39m
                          [36m<label>[39m
                            [0mDosage *[0m
                          [36m</label>[39m
                          [36m<input[39m
                            [33mplaceholder[39m=[32m"e.g., 500mg"[39m
                            [33mtype[39m=[32m"text"[39m
                            [33mvalue[39m=[32m""[39m
                          [36m/>[39m
                        [36m</div>[39m
                        [36m<div[39m
                          [33mclass[39m=[32m"medicationFormField"[39m
                        [36m>[39m
                          [36m<label>[39m
                            [0mFrequency *[0m
                          [36m</label>[39m
                          [36m<select>[39m
                            [36m<option[39m
                              [33mvalue[39m=[32m"Once daily"[39m
                            [36m>[39m
                              [0mOnce daily[0m
                            [36m</option>[39m
                            [36m<option[39m
                              [33mvalue[39m=[32m"Twice daily"[39m
                            [36m>[39m
                              [0mTwice daily[0m
                            [36m</option>[39m
                            [36m<option[39m
                              [33mvalue[39m=[32m"Thrice daily"[39m
                            [36m>[39m
                              [0mThrice daily[0m
                            [36m</option>[39m
                            [36m<option[39m
                              [33mvalue[39m=[32m"Four times daily"[39m
                            [36m>[39m
                              [0mFour times daily[0m
                            [36m</option>[39m
                            [36m<option[39m
                              [33mvalue[39m=[32m"Every 4 hours"[39m
                            [36m>[39m
                              [0mEvery 4 hours[0m
                            [36m</option>[39m
                            [36m<option[39m
                              [33mvalue[39m=[32m"Every 6 hours"[39m
                            [36m>[39m
                              [0mEvery 6 hours[0m
                            [36m</option>[39m
                            [36m<option[39m
                              [33mvalue[39m=[32m"Every 8 hours"[39m
                            [36m>[39m
                              [0mEvery 8 hours[0m
                            [36m</option>[39m
                            [36m<option[39m
                              [33mvalue[39m=[32m"Every 12 hours"[39m
                            [36m>[39m
                              [0mEvery 12 hours[0m
                            [36m</option>[39m
                            [36m<option[39m
                              [33mvalue[39m=[32m"As needed"[39m
                            [36m>[39m
                              [0mAs needed[0m
                            [36m</option>[39m
                            [36m<option[39m
                              [33mvalue[39m=[32m"Before meals"[39m
                            [36m>[39m
                              [0mBefore meals[0m
                            [36m</option>[39m
                            [36m<option[39m
                              [33mvalue[39m=[32m"After meals"[39m
                            [36m>[39m
                              [0mAfter meals[0m
                            [36m</option>[39m
                            [36m<option[39m
                              [33mvalue[39m=[32m"At bedtime"[39m
                            [36m>[39m
                              [0mAt bedtime[0m
                            [36m</option>[39m
                          [36m</select>[39m
                        [36m</div>[39m
                        [36m<div[39m
                          [33mclass[39m=[32m"medicationFormField"[39m
                        [36m>[39m
                          [36m<label>[39m
                            [0mDuration *[0m
                          [36m</label>[39m
                          [36m<input[39m
                            [33mplaceholder[39m=[32m"e.g., 5 days"[39m
                            [33mtype[39m=[32m"text"[39m
                            [33mvalue[39m=[32m""[39m
                          [36m/>[39m
                        [36m</div>[39m
                        [36m<div[39m
                          [33mclass[39m=[32m"medicationFormField"[39m
                        [36m>[39m
                          [36m<label>[39m
                            [0mInstructions[0m
                          [36m</label>[39m
                          [36m<input[39m
                            [33mplaceholder[39m=[32m"e.g., After food"[39m
                            [33mtype[39m=[32m"text"[39m
                            [33mvalue[39m=[32m"After food"[39m
                          [36m/>[39m
                        [36m</div>[39m
                      [36m</div>[39m
                      [36m<div[39m
                        [33mclass[39m=[32m"medicationFormActions"[39m
                      [36m>[39m
                        [36m<button[39m
                          [33mclass[39m=[32m"cancelBtn"[39m
                          [33mtype[39m=[32m"button"[39m
                        [36m>[39m
                          [0mCancel[0m
                        [36m</button>[39m
                        [36m<button[39m
                          [33mclass[39m=[32m"addBtn"[39m
                          [33mtype[39m=[32m"button"[39m
                        [36m>[39m
                          [0mAdd[0m
                        [36m</button>[39m
                      [36m</div>[39m
                    [36m</div>[39m
                  [36m</div>[39m
                  [36m<div[39m
                    [33mclass[39m=[32m"formActions"[39m
                  [36m>[39m
                    [36m<button[39m
                      [33mclass[39m=[32m"cancelButton"[39m
                      [33mtype[39m=[32m"button"[39m
                    [36m>[39m
                      [0mCancel[0m
                    [36m</button>[39m
                    [36m<button[39m
                      [33mclass[39m=[32m"saveButton"[39m
                      [33mtype[39m=[32m"submit"[39m
                    [36m>[39m
                      [0mSave & Generate Prescription[0m
                    [36m</button>[39m
                  [36m</div>[39m
                [36m</form>[39m
              [36m</div>[39m
            [36m</main>[39m
          [36m</div>[39m
        [36m</div>[39m
      [36m</div>[39m
    [36m</body>[39m

    [0m [90m 178 |[39m     
fireEvent[33m.[39mclick(addMedButton)[33m;[39m
     [90m 179 |[39m
    [31m[1m>[22m[39m[90m 180 |[39m     [36mawait[39m waitFor(() 
[33m=>[39m {
     [90m     |[39m                  [31m[1m^[22m[39m
     [90m 181 |[39m       
expect(screen[33m.[39mgetByRole([32m'button'[39m[33m,[39m { 
name[33m:[39m [35m/save medication/i[39m 
}))[33m.[39mtoBeInTheDocument()[33m;[39m
     [90m 182 |[39m     })[33m;[39m
     [90m 183 |[39m[0m

      at waitForWrapper (node_modules/@testing-library/react/node_modules/@test
ing-library/dom/dist/wait-for.js:163:27)
      at Object.<anonymous> 
(src/pages/__tests__/ConsultationPage.test.tsx:180:18)

  ΓùÅ ConsultationPage ΓÇ║ should submit consultation with valid data

    Unable to find role="button" and name `/save medication/i`

    Ignored nodes: comments, script, style
    [36m<body>[39m
      [36m<div>[39m
        [36m<a[39m
          [33mclass[39m=[32m"skip-link"[39m
          [33mhref[39m=[32m"#main-content"[39m
        [36m>[39m
          [0mSkip to main content[0m
        [36m</a>[39m
        [36m<div[39m
          [33mclass[39m=[32m"layout"[39m
        [36m>[39m
          [36m<header[39m
            [33mclass[39m=[32m"header"[39m
            [33mrole[39m=[32m"banner"[39m
          [36m>[39m
            [36m<div[39m
              [33mclass[39m=[32m"container"[39m
            [36m>[39m
              [36m<div[39m
                [33mclass[39m=[32m"leftSection"[39m
              [36m>[39m
                [36m<button[39m
                  [33maria-expanded[39m=[32m"false"[39m
                  [33maria-label[39m=[32m"Open menu"[39m
                  [33mclass[39m=[32m"hamburger "[39m
                [36m>[39m
                  [36m<span[39m
                    [33mclass[39m=[32m"line"[39m
                  [36m/>[39m
                  [36m<span[39m
                    [33mclass[39m=[32m"line"[39m
                  [36m/>[39m
                  [36m<span[39m
                    [33mclass[39m=[32m"line"[39m
                  [36m/>[39m
                [36m</button>[39m
                [36m<div[39m
                  [33mclass[39m=[32m"logo"[39m
                [36m>[39m
                  [36m<h1>[39m
                    [0mPatient Management System[0m
                  [36m</h1>[39m
                [36m</div>[39m
              [36m</div>[39m
              [36m<div[39m
                [33mclass[39m=[32m"userSection"[39m
              [36m>[39m
                [36m<span[39m
                  [33mclass[39m=[32m"guestText"[39m
                [36m>[39m
                  [0mGuest[0m
                [36m</span>[39m
              [36m</div>[39m
            [36m</div>[39m
          [36m</header>[39m
          [36m<div[39m
            [33mclass[39m=[32m"mainContainer"[39m
          [36m>[39m
            [36m<aside[39m
              [33maria-label[39m=[32m"Main navigation"[39m
              [33mclass[39m=[32m"sidebar "[39m
              [33mrole[39m=[32m"navigation"[39m
            [36m>[39m
              [36m<nav[39m
                [33maria-label[39m=[32m"Primary"[39m
                [33mclass[39m=[32m"nav"[39m
              [36m>[39m
                [36m<a[39m
                  [33mclass[39m=[32m"navItem "[39m
                  [33mhref[39m=[32m"/dashboard"[39m
                [36m>[39m
                  [36m<span[39m
                    [33maria-hidden[39m=[32m"true"[39m
                    [33mclass[39m=[32m"icon"[39m
                  [36m>[39m
                    [0m∩┐╜∩┐╜[0m
                  [36m</span>[39m
                  [36m<span[39m
                    [33mclass[39m=[32m"label"[39m
                  [36m>[39m
                    [0mDashboard[0m
                  [36m</span>[39m
                [36m</a>[39m
                [36m<a[39m
                  [33mclass[39m=[32m"navItem "[39m
                  [33mhref[39m=[32m"/patients/search"[39m
                [36m>[39m
                  [36m<span[39m
                    [33maria-hidden[39m=[32m"true"[39m
                    [33mclass[39m=[32m"icon"[39m
                  [36m>[39m
                    [0m∩┐╜∩┐╜[0m
                  [36m</span>[39m
                  [36m<span[39m
                    [33mclass[39m=[32m"label"[39m
                  [36m>[39m
                    [0mPatients[0m
                  [36m</span>[39m
                [36m</a>[39m
                [36m<a[39m
                  [33mclass[39m=[32m"navItem "[39m
                  [33mhref[39m=[32m"/appointments"[39m
                [36m>[39m
                  [36m<span[39m
                    [33maria-hidden[39m=[32m"true"[39m
                    [33mclass[39m=[32m"icon"[39m
                  [36m>[39m
                    [0m∩┐╜∩┐╜[0m
                  [36m</span>[39m
                  [36m<span[39m
                    [33mclass[39m=[32m"label"[39m
                  [36m>[39m
                    [0mAppointments[0m
                  [36m</span>[39m
                [36m</a>[39m
                [36m<a[39m
                  [33mclass[39m=[32m"navItem active"[39m
                  [33mhref[39m=[32m"/consultations"[39m
                [36m>[39m
                  [36m<span[39m
                    [33maria-hidden[39m=[32m"true"[39m
                    [33mclass[39m=[32m"icon"[39m
                  [36m>[39m
                    [0m∩┐╜∩┐╜[0m
                  [36m</span>[39m
                  [36m<span[39m
                    [33mclass[39m=[32m"label"[39m
                  [36m>[39m
                    [0mConsultations[0m
                  [36m</span>[39m
                [36m</a>[39m
                [36m<a[39m
                  [33mclass[39m=[32m"navItem "[39m
                  [33mhref[39m=[32m"/export"[39m
                [36m>[39m
                  [36m<span[39m
                    [33maria-hidden[39m=[32m"true"[39m
                    [33mclass[39m=[32m"icon"[39m
                  [36m>[39m
                    [0m∩┐╜∩┐╜[0m
                  [36m</span>[39m
                  [36m<span[39m
                    [33mclass[39m=[32m"label"[39m
                  [36m>[39m
                    [0mExport Data[0m
                  [36m</span>[39m
                [36m</a>[39m
                [36m<a[39m
                  [33mclass[39m=[32m"navItem "[39m
                  [33mhref[39m=[32m"/reports"[39m
                [36m>[39m
                  [36m<span[39m
                    [33maria-hidden[39m=[32m"true"[39m
                    [33mclass[39m=[32m"icon"[39m
                  [36m>[39m
                    [0m∩┐╜∩┐╜[0m
                  [36m</span>[39m
                  [36m<span[39m
                    [33mclass[39m=[32m"label"[39m
                  [36m>[39m
                    [0mReports[0m
                  [36m</span>[39m
                [36m</a>[39m
              [36m</nav>[39m
            [36m</aside>[39m
            [36m<main[39m
              [33mclass[39m=[32m"mainContent"[39m
              [33mid[39m=[32m"main-content"[39m
              [33mrole[39m=[32m"main"[39m
            [36m>[39m
              [36m<div[39m
                [33mclass[39m=[32m"consultationPage"[39m
              [36m>[39m
                [36m<div[39m
                  [33mclass[39m=[32m"patientHeader"[39m
                [36m>[39m
                  [36m<div[39m
                    [33mclass[39m=[32m"patientInfo"[39m
                  [36m>[39m
                    [36m<h2>[39m
                      [0mJohn Doe[0m
                    [36m</h2>[39m
                    [36m<div[39m
                      [33mclass[39m=[32m"patientDetails"[39m
                    [36m>[39m
                      [36m<span>[39m
                        [0mAge: [0m
                        [0m36[0m
                      [36m</span>[39m
                      [36m<span>[39m
                        [0mΓÇó[0m
                      [36m</span>[39m
                      [36m<span>[39m
                        [0mGender: [0m
                        [0mM[0m
                      [36m</span>[39m
                      [36m<span>[39m
                        [0mΓÇó[0m
                      [36m</span>[39m
                      [36m<span>[39m
                        [0mPhone: [0m
                        [0m1234567890[0m
                      [36m</span>[39m
                    [36m</div>[39m
                  [36m</div>[39m
                [36m</div>[39m
                [36m<form[39m
                  [33mclass[39m=[32m"consultationForm"[39m
                [36m>[39m
                  [36m<div[39m
                    [33mclass[39m=[32m"section"[39m
                  [36m>[39m
                    [36m<h3[39m
                      [33mclass[39m=[32m"sectionTitle"[39m
                    [36m>[39m
                      [0mVitals[0m
                    [36m</h3>[39m
                    [36m<div[39m
                      [33mclass[39m=[32m"vitalsGrid"[39m
                    [36m>[39m
                      [36m<div[39m
                        [33mclass[39m=[32m"vitalField"[39m
                      [36m>[39m
                        [36m<label>[39m
                          [0mTemperature ([0m
                          [0m┬░F[0m
                          [0m)[0m
                        [36m</label>[39m
                        [36m<input[39m
                          [33mclass[39m=[32m"vitalInput  "[39m
                          [33mplaceholder[39m=[32m"98.6"[39m
                          [33mstep[39m=[32m"0.1"[39m
                          [33mtype[39m=[32m"number"[39m
                          [33mvalue[39m=[32m"98.6"[39m
                        [36m/>[39m
                        [36m<div[39m
                          [33mclass[39m=[32m"normalRange"[39m
                        [36m>[39m
                          [0mNormal: [0m
                          [0m98.6[0m
                          [0m┬░F[0m
                        [36m</div>[39m
                      [36m</div>[39m
                      [36m<div[39m
                        [33mclass[39m=[32m"vitalField"[39m
                      [36m>[39m
                        [36m<label>[39m
                          [0mBP Systolic ([0m
                          [0mmmHg[0m
                          [0m)[0m
                        [36m</label>[39m
                        [36m<input[39m
                          [33mclass[39m=[32m"vitalInput  "[39m
                          [33mplaceholder[39m=[32m"120"[39m
                          [33mtype[39m=[32m"number"[39m
                          [33mvalue[39m=[32m"120"[39m
                        [36m/>[39m
                        [36m<div[39m
                          [33mclass[39m=[32m"normalRange"[39m
                        [36m>[39m
                          [0mNormal: [0m
                          [0m120[0m
                          [0m mmHg[0m
                        [36m</div>[39m
                      [36m</div>[39m
                      [36m<div[39m
                        [33mclass[39m=[32m"vitalField"[39m
                      [36m>[39m
                        [36m<label>[39m
                          [0mBP Diastolic ([0m
                          [0mmmHg[0m
                          [0m)[0m
                        [36m</label>[39m
                        [36m<input[39m
                          [33mclass[39m=[32m"vitalInput  "[39m
                          [33mplaceholder[39m=[32m"80"[39m
                          [33mtype[39m=[32m"number"[39m
                          [33mvalue[39m=[32m"80"[39m
                        [36m/>[39m
                        [36m<div[39m
                          [33mclass[39m=[32m"normalRange"[39m
                        [36m>[39m
                          [0mNormal: [0m
                          [0m80[0m
                          [0m mmHg[0m
                        [36m</div>[39m
                      [36m</div>[39m
                      [36m<div[39m
                        [33mclass[39m=[32m"vitalField"[39m
                      [36m>[39m
                        [36m<label>[39m
                          [0mPulse ([0m
                          [0mBPM[0m
                          [0m)[0m
                        [36m</label>[39m
                        [36m<input[39m
                          [33mclass[39m=[32m"vitalInput  "[39m
                          [33mplaceholder[39m=[32m"72"[39m
                          [33mtype[39m=[32m"number"[39m
                          [33mvalue[39m=[32m"72"[39m
                        [36m/>[39m
                        [36m<div[39m
                          [33mclass[39m=[32m"normalRange"[39m
                        [36m>[39m
                          [0mNormal: [0m
                          [0m60-100[0m
                          [0m BPM[0m
                        [36m</div>[39m
                      [36m</div>[39m
                    [36m</div>[39m
                  [36m</div>[39m
                  [36m<div[39m
                    [33mclass[39m=[32m"section"[39m
                  [36m>[39m
                    [36m<h3[39m
                      [33mclass[39m=[32m"sectionTitle"[39m
                    [36m>[39m
                      [0mComplaints[0m
                    [36m</h3>[39m
                    [36m<textarea[39m
                      [33mclass[39m=[32m"textarea"[39m
                      [33mplaceholder[39m=[32m"e.g., Fever, cough, body 
ache for 3 days"[39m
                      [33mrows[39m=[32m"4"[39m
                    [36m>[39m
                      [0mFever[0m
                    [36m</textarea>[39m
                  [36m</div>[39m
                  [36m<div[39m
                    [33mclass[39m=[32m"section"[39m
                  [36m>[39m
                    [36m<h3[39m
                      [33mclass[39m=[32m"sectionTitle"[39m
                    [36m>[39m
                      [0mDiagnosis[0m
                    [36m</h3>[39m
                    [36m<textarea[39m
                      [33mclass[39m=[32m"textarea"[39m
                      [33mplaceholder[39m=[32m"e.g., Viral fever with URI 
symptoms"[39m
                      [33mrows[39m=[32m"4"[39m
                    [36m>[39m
                      [0mViral fever[0m
                    [36m</textarea>[39m
                  [36m</div>[39m
                  [36m<div[39m
                    [33mclass[39m=[32m"section"[39m
                  [36m>[39m
                    [36m<div[39m
                      [33mclass[39m=[32m"sectionHeader"[39m
                    [36m>[39m
                      [36m<h3[39m
                        [33mclass[39m=[32m"sectionTitle"[39m
                      [36m>[39m
                        [0mMedications[0m
                      [36m</h3>[39m
                      [36m<button[39m
                        [33mclass[39m=[32m"addMedicationBtn"[39m
                        [33mtype[39m=[32m"button"[39m
                      [36m>[39m
                        [0m+ Add Medication[0m
                      [36m</button>[39m
                    [36m</div>[39m
                    [36m<div[39m
                      [33mclass[39m=[32m"medicationForm"[39m
                    [36m>[39m
                      [36m<div[39m
                        [33mclass[39m=[32m"medicationFormGrid"[39m
                      [36m>[39m
                        [36m<div[39m
                          [33mclass[39m=[32m"medicationFormField"[39m
                        [36m>[39m
                          [36m<label>[39m
                            [0mMedication Name *[0m
                          [36m</label>[39m
                          [36m<div[39m
                            [33mclass[39m=[32m"autocompleteWrapper"[39m
                          [36m>[39m
                            [36m<input[39m
                              [33mplaceholder[39m=[32m"e.g., 
Paracetamol"[39m
                              [33mtype[39m=[32m"text"[39m
                              [33mvalue[39m=[32m""[39m
                            [36m/>[39m
                          [36m</div>[39m
                        [36m</div>[39m
                        [36m<div[39m
                          [33mclass[39m=[32m"medicationFormField"[39m
                        [36m>[39m
                          [36m<label>[39m
                            [0mDosage *[0m
                          [36m</label>[39m
                          [36m<input[39m
                            [33mplaceholder[39m=[32m"e.g., 500mg"[39m
                            [33mtype[39m=[32m"text"[39m
                            [33mvalue[39m=[32m""[39m
                          [36m/>[39m
                        [36m</div>[39m
                        [36m<div[39m
                          [33mclass[39m=[32m"medicationFormField"[39m
                        [36m>[39m
                          [36m<label>[39m
                            [0mFrequency *[0m
                          [36m</label>[39m
                          [36m<select>[39m
                            [36m<option[39m
                              [33mvalue[39m=[32m"Once daily"[39m
                            [36m>[39m
                              [0mOnce daily[0m
                            [36m</option>[39m
                            [36m<option[39m
                              [33mvalue[39m=[32m"Twice daily"[39m
                            [36m>[39m
                              [0mTwice daily[0m
                            [36m</option>[39m
                            [36m<option[39m
                              [33mvalue[39m=[32m"Thrice daily"[39m
                            [36m>[39m
                              [0mThrice daily[0m
                            [36m</option>[39m
                            [36m<option[39m
                              [33mvalue[39m=[32m"Four times daily"[39m
                            [36m>[39m
                              [0mFour times daily[0m
                            [36m</option>[39m
                            [36m<option[39m
                              [33mvalue[39m=[32m"Every 4 hours"[39m
                            [36m>[39m
                              [0mEvery 4 hours[0m
                            [36m</option>[39m
                            [36m<option[39m
                              [33mvalue[39m=[32m"Every 6 hours"[39m
                            [36m>[39m
                              [0mEvery 6 hours[0m
                            [36m</option>[39m
                            [36m<option[39m
                              [33mvalue[39m=[32m"Every 8 hours"[39m
                            [36m>[39m
                              [0mEvery 8 hours[0m
                            [36m</option>[39m
                            [36m<option[39m
                              [33mvalue[39m=[32m"Every 12 hours"[39m
                            [36m>[39m
                              [0mEvery 12 hours[0m
                            [36m</option>[39m
                            [36m<option[39m
                              [33mvalue[39m=[32m"As needed"[39m
                            [36m>[39m
                              [0mAs needed[0m
                            [36m</option>[39m
                            [36m<option[39m
                              [33mvalue[39m=[32m"Before meals"[39m
                            [36m>[39m
                              [0mBefore meals[0m
                            [36m</option>[39m
                            [36m<option[39m
                              [33mvalue[39m=[32m"After meals"[39m
                            [36m>[39m
                              [0mAfter meals[0m
                            [36m</option>[39m
                            [36m<option[39m
                              [33mvalue[39m=[32m"At bedtime"[39m
                            [36m>[39m
                              [0mAt bedtime[0m
                            [36m</option>[39m
                          [36m</select>[39m
                        [36m</div>[39m
                        [36m<div[39m
                          [33mclass[39m=[32m"medicationFormField"[39m
                        [36m>[39m
                          [36m<label>[39m
                            [0mDuration *[0m
                          [36m</label>[39m
                          [36m<input[39m
                            [33mplaceholder[39m=[32m"e.g., 5 days"[39m
                            [33mtype[39m=[32m"text"[39m
                            [33mvalue[39m=[32m""[39m
                          [36m/>[39m
                        [36m</div>[39m
                        [36m<div[39m
                          [33mclass[39m=[32m"medicationFormField"[39m
                        [36m>[39m
                          [36m<label>[39m
                            [0mInstructions[0m
                          [36m</label>[39m
                          [36m<input[39m
                            [33mplaceholder[39m=[32m"e.g., After food"[39m
                            [33mtype[39m=[32m"text"[39m
                            [33mvalue[39m=[32m"After food"[39m
                          [36m/>[39m
                        [36m</div>[39m
                      [36m</div>[39m
                      [36m<div[39m
                        [33mclass[39m=[32m"medicationFormActions"[39m
                      [36m>[39m
                        [36m<button[39m
                          [33mclass[39m=[32m"cancelBtn"[39m
                          [33mtype[39m=[32m"button"[39m
                        [36m>[39m
                          [0mCancel[0m
                        [36m</button>[39m
                        [36m<button[39m
                          [33mclass[39m=[32m"addBtn"[39m
                          [33mtype[39m=[32m"button"[39m
                        [36m>[39m
                          [0mAdd[0m
                        [36m</button>[39m
                      [36m</div>[39m
                    [36m</div>[39m
                  [36m</div>[39m
                  [36m<div[39m
                    [33mclass[39m=[32m"formActions"[39m
                  [36m>[39m
                    [36m<button[39m
                      [33mclass[39m=[32m"cancelButton"[39m
                      [33mtype[39m=[32m"button"[39m
                    [36m>[39m
                      [0mCancel[0m
                    [36m</button>[39m
                    [36m<button[39m
                      [33mclass[39m=[32m"saveButton"[39m
                      [33mtype[39m=[32m"submit"[39m
                    [36m>[39m
                      [0mSave & Generate Prescription[0m
                    [36m</button>[39m
                  [36m</div>[39m
                [36m</form>[39m
              [36m</div>[39m
            [36m</main>[39m
          [36m</div>[39m
        [36m</div>[39m
      [36m</div>[39m
    [36m</body>[39m

    [0m [90m 212 |[39m     fireEvent[33m.[39mclick(screen[33m.[39mgetByR
ole([32m'button'[39m[33m,[39m { name[33m:[39m [35m/add 
medication/i[39m }))[33m;[39m
     [90m 213 |[39m     
    [31m[1m>[22m[39m[90m 214 |[39m     [36mawait[39m waitFor(() 
[33m=>[39m {
     [90m     |[39m                  [31m[1m^[22m[39m
     [90m 215 |[39m       
expect(screen[33m.[39mgetByRole([32m'button'[39m[33m,[39m { 
name[33m:[39m [35m/save medication/i[39m 
}))[33m.[39mtoBeInTheDocument()[33m;[39m
     [90m 216 |[39m     })[33m;[39m
     [90m 217 |[39m[0m

      at waitForWrapper (node_modules/@testing-library/react/node_modules/@test
ing-library/dom/dist/wait-for.js:163:27)
      at Object.<anonymous> 
(src/pages/__tests__/ConsultationPage.test.tsx:214:18)

  ΓùÅ ConsultationPage ΓÇ║ should handle consultation save error

    Unable to find role="button" and name `/save medication/i`

    Ignored nodes: comments, script, style
    [36m<body>[39m
      [36m<div>[39m
        [36m<a[39m
          [33mclass[39m=[32m"skip-link"[39m
          [33mhref[39m=[32m"#main-content"[39m
        [36m>[39m
          [0mSkip to main content[0m
        [36m</a>[39m
        [36m<div[39m
          [33mclass[39m=[32m"layout"[39m
        [36m>[39m
          [36m<header[39m
            [33mclass[39m=[32m"header"[39m
            [33mrole[39m=[32m"banner"[39m
          [36m>[39m
            [36m<div[39m
              [33mclass[39m=[32m"container"[39m
            [36m>[39m
              [36m<div[39m
                [33mclass[39m=[32m"leftSection"[39m
              [36m>[39m
                [36m<button[39m
                  [33maria-expanded[39m=[32m"false"[39m
                  [33maria-label[39m=[32m"Open menu"[39m
                  [33mclass[39m=[32m"hamburger "[39m
                [36m>[39m
                  [36m<span[39m
                    [33mclass[39m=[32m"line"[39m
                  [36m/>[39m
                  [36m<span[39m
                    [33mclass[39m=[32m"line"[39m
                  [36m/>[39m
                  [36m<span[39m
                    [33mclass[39m=[32m"line"[39m
                  [36m/>[39m
                [36m</button>[39m
                [36m<div[39m
                  [33mclass[39m=[32m"logo"[39m
                [36m>[39m
                  [36m<h1>[39m
                    [0mPatient Management System[0m
                  [36m</h1>[39m
                [36m</div>[39m
              [36m</div>[39m
              [36m<div[39m
                [33mclass[39m=[32m"userSection"[39m
              [36m>[39m
                [36m<span[39m
                  [33mclass[39m=[32m"guestText"[39m
                [36m>[39m
                  [0mGuest[0m
                [36m</span>[39m
              [36m</div>[39m
            [36m</div>[39m
          [36m</header>[39m
          [36m<div[39m
            [33mclass[39m=[32m"mainContainer"[39m
          [36m>[39m
            [36m<aside[39m
              [33maria-label[39m=[32m"Main navigation"[39m
              [33mclass[39m=[32m"sidebar "[39m
              [33mrole[39m=[32m"navigation"[39m
            [36m>[39m
              [36m<nav[39m
                [33maria-label[39m=[32m"Primary"[39m
                [33mclass[39m=[32m"nav"[39m
              [36m>[39m
                [36m<a[39m
                  [33mclass[39m=[32m"navItem "[39m
                  [33mhref[39m=[32m"/dashboard"[39m
                [36m>[39m
                  [36m<span[39m
                    [33maria-hidden[39m=[32m"true"[39m
                    [33mclass[39m=[32m"icon"[39m
                  [36m>[39m
                    [0m∩┐╜∩┐╜[0m
                  [36m</span>[39m
                  [36m<span[39m
                    [33mclass[39m=[32m"label"[39m
                  [36m>[39m
                    [0mDashboard[0m
                  [36m</span>[39m
                [36m</a>[39m
                [36m<a[39m
                  [33mclass[39m=[32m"navItem "[39m
                  [33mhref[39m=[32m"/patients/search"[39m
                [36m>[39m
                  [36m<span[39m
                    [33maria-hidden[39m=[32m"true"[39m
                    [33mclass[39m=[32m"icon"[39m
                  [36m>[39m
                    [0m∩┐╜∩┐╜[0m
                  [36m</span>[39m
                  [36m<span[39m
                    [33mclass[39m=[32m"label"[39m
                  [36m>[39m
                    [0mPatients[0m
                  [36m</span>[39m
                [36m</a>[39m
                [36m<a[39m
                  [33mclass[39m=[32m"navItem "[39m
                  [33mhref[39m=[32m"/appointments"[39m
                [36m>[39m
                  [36m<span[39m
                    [33maria-hidden[39m=[32m"true"[39m
                    [33mclass[39m=[32m"icon"[39m
                  [36m>[39m
                    [0m∩┐╜∩┐╜[0m
                  [36m</span>[39m
                  [36m<span[39m
                    [33mclass[39m=[32m"label"[39m
                  [36m>[39m
                    [0mAppointments[0m
                  [36m</span>[39m
                [36m</a>[39m
                [36m<a[39m
                  [33mclass[39m=[32m"navItem active"[39m
                  [33mhref[39m=[32m"/consultations"[39m
                [36m>[39m
                  [36m<span[39m
                    [33maria-hidden[39m=[32m"true"[39m
                    [33mclass[39m=[32m"icon"[39m
                  [36m>[39m
                    [0m∩┐╜∩┐╜[0m
                  [36m</span>[39m
                  [36m<span[39m
                    [33mclass[39m=[32m"label"[39m
                  [36m>[39m
                    [0mConsultations[0m
                  [36m</span>[39m
                [36m</a>[39m
                [36m<a[39m
                  [33mclass[39m=[32m"navItem "[39m
                  [33mhref[39m=[32m"/export"[39m
                [36m>[39m
                  [36m<span[39m
                    [33maria-hidden[39m=[32m"true"[39m
                    [33mclass[39m=[32m"icon"[39m
                  [36m>[39m
                    [0m∩┐╜∩┐╜[0m
                  [36m</span>[39m
                  [36m<span[39m
                    [33mclass[39m=[32m"label"[39m
                  [36m>[39m
                    [0mExport Data[0m
                  [36m</span>[39m
                [36m</a>[39m
                [36m<a[39m
                  [33mclass[39m=[32m"navItem "[39m
                  [33mhref[39m=[32m"/reports"[39m
                [36m>[39m
                  [36m<span[39m
                    [33maria-hidden[39m=[32m"true"[39m
                    [33mclass[39m=[32m"icon"[39m
                  [36m>[39m
                    [0m∩┐╜∩┐╜[0m
                  [36m</span>[39m
                  [36m<span[39m
                    [33mclass[39m=[32m"label"[39m
                  [36m>[39m
                    [0mReports[0m
                  [36m</span>[39m
                [36m</a>[39m
              [36m</nav>[39m
            [36m</aside>[39m
            [36m<main[39m
              [33mclass[39m=[32m"mainContent"[39m
              [33mid[39m=[32m"main-content"[39m
              [33mrole[39m=[32m"main"[39m
            [36m>[39m
              [36m<div[39m
                [33mclass[39m=[32m"consultationPage"[39m
              [36m>[39m
                [36m<div[39m
                  [33mclass[39m=[32m"patientHeader"[39m
                [36m>[39m
                  [36m<div[39m
                    [33mclass[39m=[32m"patientInfo"[39m
                  [36m>[39m
                    [36m<h2>[39m
                      [0mJohn Doe[0m
                    [36m</h2>[39m
                    [36m<div[39m
                      [33mclass[39m=[32m"patientDetails"[39m
                    [36m>[39m
                      [36m<span>[39m
                        [0mAge: [0m
                        [0m36[0m
                      [36m</span>[39m
                      [36m<span>[39m
                        [0mΓÇó[0m
                      [36m</span>[39m
                      [36m<span>[39m
                        [0mGender: [0m
                        [0mM[0m
                      [36m</span>[39m
                      [36m<span>[39m
                        [0mΓÇó[0m
                      [36m</span>[39m
                      [36m<span>[39m
                        [0mPhone: [0m
                        [0m1234567890[0m
                      [36m</span>[39m
                    [36m</div>[39m
                  [36m</div>[39m
                [36m</div>[39m
                [36m<form[39m
                  [33mclass[39m=[32m"consultationForm"[39m
                [36m>[39m
                  [36m<div[39m
                    [33mclass[39m=[32m"section"[39m
                  [36m>[39m
                    [36m<h3[39m
                      [33mclass[39m=[32m"sectionTitle"[39m
                    [36m>[39m
                      [0mVitals[0m
                    [36m</h3>[39m
                    [36m<div[39m
                      [33mclass[39m=[32m"vitalsGrid"[39m
                    [36m>[39m
                      [36m<div[39m
                        [33mclass[39m=[32m"vitalField"[39m
                      [36m>[39m
                        [36m<label>[39m
                          [0mTemperature ([0m
                          [0m┬░F[0m
                          [0m)[0m
                        [36m</label>[39m
                        [36m<input[39m
                          [33mclass[39m=[32m"vitalInput  "[39m
                          [33mplaceholder[39m=[32m"98.6"[39m
                          [33mstep[39m=[32m"0.1"[39m
                          [33mtype[39m=[32m"number"[39m
                          [33mvalue[39m=[32m"98.6"[39m
                        [36m/>[39m
                        [36m<div[39m
                          [33mclass[39m=[32m"normalRange"[39m
                        [36m>[39m
                          [0mNormal: [0m
                          [0m98.6[0m
                          [0m┬░F[0m
                        [36m</div>[39m
                      [36m</div>[39m
                      [36m<div[39m
                        [33mclass[39m=[32m"vitalField"[39m
                      [36m>[39m
                        [36m<label>[39m
                          [0mBP Systolic ([0m
                          [0mmmHg[0m
                          [0m)[0m
                        [36m</label>[39m
                        [36m<input[39m
                          [33mclass[39m=[32m"vitalInput  "[39m
                          [33mplaceholder[39m=[32m"120"[39m
                          [33mtype[39m=[32m"number"[39m
                          [33mvalue[39m=[32m"120"[39m
                        [36m/>[39m
                        [36m<div[39m
                          [33mclass[39m=[32m"normalRange"[39m
                        [36m>[39m
                          [0mNormal: [0m
                          [0m120[0m
                          [0m mmHg[0m
                        [36m</div>[39m
                      [36m</div>[39m
                      [36m<div[39m
                        [33mclass[39m=[32m"vitalField"[39m
                      [36m>[39m
                        [36m<label>[39m
                          [0mBP Diastolic ([0m
                          [0mmmHg[0m
                          [0m)[0m
                        [36m</label>[39m
                        [36m<input[39m
                          [33mclass[39m=[32m"vitalInput  "[39m
                          [33mplaceholder[39m=[32m"80"[39m
                          [33mtype[39m=[32m"number"[39m
                          [33mvalue[39m=[32m"80"[39m
                        [36m/>[39m
                        [36m<div[39m
                          [33mclass[39m=[32m"normalRange"[39m
                        [36m>[39m
                          [0mNormal: [0m
                          [0m80[0m
                          [0m mmHg[0m
                        [36m</div>[39m
                      [36m</div>[39m
                      [36m<div[39m
                        [33mclass[39m=[32m"vitalField"[39m
                      [36m>[39m
                        [36m<label>[39m
                          [0mPulse ([0m
                          [0mBPM[0m
                          [0m)[0m
                        [36m</label>[39m
                        [36m<input[39m
                          [33mclass[39m=[32m"vitalInput  "[39m
                          [33mplaceholder[39m=[32m"72"[39m
                          [33mtype[39m=[32m"number"[39m
                          [33mvalue[39m=[32m"72"[39m
                        [36m/>[39m
                        [36m<div[39m
                          [33mclass[39m=[32m"normalRange"[39m
                        [36m>[39m
                          [0mNormal: [0m
                          [0m60-100[0m
                          [0m BPM[0m
                        [36m</div>[39m
                      [36m</div>[39m
                    [36m</div>[39m
                  [36m</div>[39m
                  [36m<div[39m
                    [33mclass[39m=[32m"section"[39m
                  [36m>[39m
                    [36m<h3[39m
                      [33mclass[39m=[32m"sectionTitle"[39m
                    [36m>[39m
                      [0mComplaints[0m
                    [36m</h3>[39m
                    [36m<textarea[39m
                      [33mclass[39m=[32m"textarea"[39m
                      [33mplaceholder[39m=[32m"e.g., Fever, cough, body 
ache for 3 days"[39m
                      [33mrows[39m=[32m"4"[39m
                    [36m>[39m
                      [0mFever[0m
                    [36m</textarea>[39m
                  [36m</div>[39m
                  [36m<div[39m
                    [33mclass[39m=[32m"section"[39m
                  [36m>[39m
                    [36m<h3[39m
                      [33mclass[39m=[32m"sectionTitle"[39m
                    [36m>[39m
                      [0mDiagnosis[0m
                    [36m</h3>[39m
                    [36m<textarea[39m
                      [33mclass[39m=[32m"textarea"[39m
                      [33mplaceholder[39m=[32m"e.g., Viral fever with URI 
symptoms"[39m
                      [33mrows[39m=[32m"4"[39m
                    [36m>[39m
                      [0mViral fever[0m
                    [36m</textarea>[39m
                  [36m</div>[39m
                  [36m<div[39m
                    [33mclass[39m=[32m"section"[39m
                  [36m>[39m
                    [36m<div[39m
                      [33mclass[39m=[32m"sectionHeader"[39m
                    [36m>[39m
                      [36m<h3[39m
                        [33mclass[39m=[32m"sectionTitle"[39m
                      [36m>[39m
                        [0mMedications[0m
                      [36m</h3>[39m
                      [36m<button[39m
                        [33mclass[39m=[32m"addMedicationBtn"[39m
                        [33mtype[39m=[32m"button"[39m
                      [36m>[39m
                        [0m+ Add Medication[0m
                      [36m</button>[39m
                    [36m</div>[39m
                    [36m<div[39m
                      [33mclass[39m=[32m"medicationForm"[39m
                    [36m>[39m
                      [36m<div[39m
                        [33mclass[39m=[32m"medicationFormGrid"[39m
                      [36m>[39m
                        [36m<div[39m
                          [33mclass[39m=[32m"medicationFormField"[39m
                        [36m>[39m
                          [36m<label>[39m
                            [0mMedication Name *[0m
                          [36m</label>[39m
                          [36m<div[39m
                            [33mclass[39m=[32m"autocompleteWrapper"[39m
                          [36m>[39m
                            [36m<input[39m
                              [33mplaceholder[39m=[32m"e.g., 
Paracetamol"[39m
                              [33mtype[39m=[32m"text"[39m
                              [33mvalue[39m=[32m""[39m
                            [36m/>[39m
                          [36m</div>[39m
                        [36m</div>[39m
                        [36m<div[39m
                          [33mclass[39m=[32m"medicationFormField"[39m
                        [36m>[39m
                          [36m<label>[39m
                            [0mDosage *[0m
                          [36m</label>[39m
                          [36m<input[39m
                            [33mplaceholder[39m=[32m"e.g., 500mg"[39m
                            [33mtype[39m=[32m"text"[39m
                            [33mvalue[39m=[32m""[39m
                          [36m/>[39m
                        [36m</div>[39m
                        [36m<div[39m
                          [33mclass[39m=[32m"medicationFormField"[39m
                        [36m>[39m
                          [36m<label>[39m
                            [0mFrequency *[0m
                          [36m</label>[39m
                          [36m<select>[39m
                            [36m<option[39m
                              [33mvalue[39m=[32m"Once daily"[39m
                            [36m>[39m
                              [0mOnce daily[0m
                            [36m</option>[39m
                            [36m<option[39m
                              [33mvalue[39m=[32m"Twice daily"[39m
                            [36m>[39m
                              [0mTwice daily[0m
                            [36m</option>[39m
                            [36m<option[39m
                              [33mvalue[39m=[32m"Thrice daily"[39m
                            [36m>[39m
                              [0mThrice daily[0m
                            [36m</option>[39m
                            [36m<option[39m
                              [33mvalue[39m=[32m"Four times daily"[39m
                            [36m>[39m
                              [0mFour times daily[0m
                            [36m</option>[39m
                            [36m<option[39m
                              [33mvalue[39m=[32m"Every 4 hours"[39m
                            [36m>[39m
                              [0mEvery 4 hours[0m
                            [36m</option>[39m
                            [36m<option[39m
                              [33mvalue[39m=[32m"Every 6 hours"[39m
                            [36m>[39m
                              [0mEvery 6 hours[0m
                            [36m</option>[39m
                            [36m<option[39m
                              [33mvalue[39m=[32m"Every 8 hours"[39m
                            [36m>[39m
                              [0mEvery 8 hours[0m
                            [36m</option>[39m
                            [36m<option[39m
                              [33mvalue[39m=[32m"Every 12 hours"[39m
                            [36m>[39m
                              [0mEvery 12 hours[0m
                            [36m</option>[39m
                            [36m<option[39m
                              [33mvalue[39m=[32m"As needed"[39m
                            [36m>[39m
                              [0mAs needed[0m
                            [36m</option>[39m
                            [36m<option[39m
                              [33mvalue[39m=[32m"Before meals"[39m
                            [36m>[39m
                              [0mBefore meals[0m
                            [36m</option>[39m
                            [36m<option[39m
                              [33mvalue[39m=[32m"After meals"[39m
                            [36m>[39m
                              [0mAfter meals[0m
                            [36m</option>[39m
                            [36m<option[39m
                              [33mvalue[39m=[32m"At bedtime"[39m
                            [36m>[39m
                              [0mAt bedtime[0m
                            [36m</option>[39m
                          [36m</select>[39m
                        [36m</div>[39m
                        [36m<div[39m
                          [33mclass[39m=[32m"medicationFormField"[39m
                        [36m>[39m
                          [36m<label>[39m
                            [0mDuration *[0m
                          [36m</label>[39m
                          [36m<input[39m
                            [33mplaceholder[39m=[32m"e.g., 5 days"[39m
                            [33mtype[39m=[32m"text"[39m
                            [33mvalue[39m=[32m""[39m
                          [36m/>[39m
                        [36m</div>[39m
                        [36m<div[39m
                          [33mclass[39m=[32m"medicationFormField"[39m
                        [36m>[39m
                          [36m<label>[39m
                            [0mInstructions[0m
                          [36m</label>[39m
                          [36m<input[39m
                            [33mplaceholder[39m=[32m"e.g., After food"[39m
                            [33mtype[39m=[32m"text"[39m
                            [33mvalue[39m=[32m"After food"[39m
                          [36m/>[39m
                        [36m</div>[39m
                      [36m</div>[39m
                      [36m<div[39m
                        [33mclass[39m=[32m"medicationFormActions"[39m
                      [36m>[39m
                        [36m<button[39m
                          [33mclass[39m=[32m"cancelBtn"[39m
                          [33mtype[39m=[32m"button"[39m
                        [36m>[39m
                          [0mCancel[0m
                        [36m</button>[39m
                        [36m<button[39m
                          [33mclass[39m=[32m"addBtn"[39m
                          [33mtype[39m=[32m"button"[39m
                        [36m>[39m
                          [0mAdd[0m
                        [36m</button>[39m
                      [36m</div>[39m
                    [36m</div>[39m
                  [36m</div>[39m
                  [36m<div[39m
                    [33mclass[39m=[32m"formActions"[39m
                  [36m>[39m
                    [36m<button[39m
                      [33mclass[39m=[32m"cancelButton"[39m
                      [33mtype[39m=[32m"button"[39m
                    [36m>[39m
                      [0mCancel[0m
                    [36m</button>[39m
                    [36m<button[39m
                      [33mclass[39m=[32m"saveButton"[39m
                      [33mtype[39m=[32m"submit"[39m
                    [36m>[39m
                      [0mSave & Generate Prescription[0m
                    [36m</button>[39m
                  [36m</div>[39m
                [36m</form>[39m
              [36m</div>[39m
            [36m</main>[39m
          [36m</div>[39m
        [36m</div>[39m
      [36m</div>[39m
    [36m</body>[39m

    [0m [90m 282 |[39m     fireEvent[33m.[39mclick(screen[33m.[39mgetByR
ole([32m'button'[39m[33m,[39m { name[33m:[39m [35m/add 
medication/i[39m }))[33m;[39m
     [90m 283 |[39m     
    [31m[1m>[22m[39m[90m 284 |[39m     [36mawait[39m waitFor(() 
[33m=>[39m {
     [90m     |[39m                  [31m[1m^[22m[39m
     [90m 285 |[39m       
expect(screen[33m.[39mgetByRole([32m'button'[39m[33m,[39m { 
name[33m:[39m [35m/save medication/i[39m 
}))[33m.[39mtoBeInTheDocument()[33m;[39m
     [90m 286 |[39m     })[33m;[39m
     [90m 287 |[39m[0m

      at waitForWrapper (node_modules/@testing-library/react/node_modules/@test
ing-library/dom/dist/wait-for.js:163:27)
      at Object.<anonymous> 
(src/pages/__tests__/ConsultationPage.test.tsx:284:18)

FAIL src/pages/__tests__/PrescriptionPage.test.tsx (34.582 s)
  ΓùÅ PrescriptionPage ΓÇ║ should load prescription data

    expect(jest.fn()).toHaveBeenCalledWith(...expected)

    Expected: "1"

    Number of calls: 0

    Ignored nodes: comments, script, style
    [36m<html>[39m
      [36m<head />[39m
      [36m<body>[39m
        [36m<div>[39m
          [0m\n        [0m
        [36m</div>[39m
      [36m</body>[39m
    [36m</html>[39m

    [0m [90m 58 |[39m
     [90m 59 |[39m     [36mawait[39m waitFor(() [33m=>[39m {
    [31m[1m>[22m[39m[90m 60 |[39m       expect(prescriptionService[33m.
[39mgetPrescriptionById)[33m.[39mtoHaveBeenCalledWith([32m'1'[39m)[33m;[3
9m
     [90m    |[39m                                                       
[31m[1m^[22m[39m
     [90m 61 |[39m     }[33m,[39m { timeout[33m:[39m [35m3000[39m 
})[33m;[39m
     [90m 62 |[39m   })[33m;[39m
     [90m 63 |[39m[0m

      at timeout (src/pages/__tests__/PrescriptionPage.test.tsx:60:55)
      at runWithExpensiveErrorDiagnosticsDisabled (node_modules/@testing-librar
y/react/node_modules/@testing-library/dom/dist/config.js:47:12)
      at checkCallback (node_modules/@testing-library/react/node_modules/@testi
ng-library/dom/dist/wait-for.js:124:77)
      at checkRealTimersCallback (node_modules/@testing-library/react/node_modu
les/@testing-library/dom/dist/wait-for.js:118:16)
      at Timeout.task [as _onTimeout] 
(node_modules/jsdom/lib/jsdom/browser/Window.js:520:19)

  ΓùÅ PrescriptionPage ΓÇ║ should display prescription information

    expect(jest.fn()).toHaveBeenCalled()

    Expected number of calls: >= 1
    Received number of calls:    0

    Ignored nodes: comments, script, style
    [36m<html>[39m
      [36m<head />[39m
      [36m<body>[39m
        [36m<div>[39m
          [0m\n        [0m
        [36m</div>[39m
      [36m</body>[39m
    [36m</html>[39m

    [0m [90m 66 |[39m
     [90m 67 |[39m     [36mawait[39m waitFor(() [33m=>[39m {
    [31m[1m>[22m[39m[90m 68 |[39m       expect(prescriptionService[33m.
[39mgetPrescriptionById)[33m.[39mtoHaveBeenCalled()[33m;[39m
     [90m    |[39m                                                       
[31m[1m^[22m[39m
     [90m 69 |[39m     }[33m,[39m { timeout[33m:[39m [35m3000[39m 
})[33m;[39m
     [90m 70 |[39m
     [90m 71 |[39m     [36mawait[39m waitFor(() [33m=>[39m {[0m

      at timeout (src/pages/__tests__/PrescriptionPage.test.tsx:68:55)
      at runWithExpensiveErrorDiagnosticsDisabled (node_modules/@testing-librar
y/react/node_modules/@testing-library/dom/dist/config.js:47:12)
      at checkCallback (node_modules/@testing-library/react/node_modules/@testi
ng-library/dom/dist/wait-for.js:124:77)
      at checkRealTimersCallback (node_modules/@testing-library/react/node_modu
les/@testing-library/dom/dist/wait-for.js:118:16)
      at Timeout.task [as _onTimeout] 
(node_modules/jsdom/lib/jsdom/browser/Window.js:520:19)

  ΓùÅ PrescriptionPage ΓÇ║ should display medications

    expect(jest.fn()).toHaveBeenCalled()

    Expected number of calls: >= 1
    Received number of calls:    0

    Ignored nodes: comments, script, style
    [36m<html>[39m
      [36m<head />[39m
      [36m<body>[39m
        [36m<div>[39m
          [0m\n        [0m
        [36m</div>[39m
      [36m</body>[39m
    [36m</html>[39m

    [0m [90m 78 |[39m
     [90m 79 |[39m     [36mawait[39m waitFor(() [33m=>[39m {
    [31m[1m>[22m[39m[90m 80 |[39m       expect(prescriptionService[33m.
[39mgetPrescriptionById)[33m.[39mtoHaveBeenCalled()[33m;[39m
     [90m    |[39m                                                       
[31m[1m^[22m[39m
     [90m 81 |[39m     }[33m,[39m { timeout[33m:[39m [35m3000[39m 
})[33m;[39m
     [90m 82 |[39m
     [90m 83 |[39m     [36mawait[39m waitFor(() [33m=>[39m {[0m

      at timeout (src/pages/__tests__/PrescriptionPage.test.tsx:80:55)
      at runWithExpensiveErrorDiagnosticsDisabled (node_modules/@testing-librar
y/react/node_modules/@testing-library/dom/dist/config.js:47:12)
      at checkCallback (node_modules/@testing-library/react/node_modules/@testi
ng-library/dom/dist/wait-for.js:124:77)
      at checkRealTimersCallback (node_modules/@testing-library/react/node_modu
les/@testing-library/dom/dist/wait-for.js:118:16)
      at Timeout.task [as _onTimeout] 
(node_modules/jsdom/lib/jsdom/browser/Window.js:520:19)

  ΓùÅ PrescriptionPage ΓÇ║ should have print button

    expect(jest.fn()).toHaveBeenCalled()

    Expected number of calls: >= 1
    Received number of calls:    0

    Ignored nodes: comments, script, style
    [36m<html>[39m
      [36m<head />[39m
      [36m<body>[39m
        [36m<div>[39m
          [0m\n        [0m
        [36m</div>[39m
      [36m</body>[39m
    [36m</html>[39m

    [0m [90m 90 |[39m
     [90m 91 |[39m     [36mawait[39m waitFor(() [33m=>[39m {
    [31m[1m>[22m[39m[90m 92 |[39m       expect(prescriptionService[33m.
[39mgetPrescriptionById)[33m.[39mtoHaveBeenCalled()[33m;[39m
     [90m    |[39m                                                       
[31m[1m^[22m[39m
     [90m 93 |[39m     }[33m,[39m { timeout[33m:[39m [35m3000[39m 
})[33m;[39m
     [90m 94 |[39m
     [90m 95 |[39m     [36mawait[39m waitFor(() [33m=>[39m {[0m

      at timeout (src/pages/__tests__/PrescriptionPage.test.tsx:92:55)
      at runWithExpensiveErrorDiagnosticsDisabled (node_modules/@testing-librar
y/react/node_modules/@testing-library/dom/dist/config.js:47:12)
      at checkCallback (node_modules/@testing-library/react/node_modules/@testi
ng-library/dom/dist/wait-for.js:124:77)
      at checkRealTimersCallback (node_modules/@testing-library/react/node_modu
les/@testing-library/dom/dist/wait-for.js:118:16)
      at Timeout.task [as _onTimeout] 
(node_modules/jsdom/lib/jsdom/browser/Window.js:520:19)

  ΓùÅ PrescriptionPage ΓÇ║ should have download button

    expect(jest.fn()).toHaveBeenCalled()

    Expected number of calls: >= 1
    Received number of calls:    0

    Ignored nodes: comments, script, style
    [36m<html>[39m
      [36m<head />[39m
      [36m<body>[39m
        [36m<div>[39m
          [0m\n        [0m
        [36m</div>[39m
      [36m</body>[39m
    [36m</html>[39m

    [0m [90m 102 |[39m
     [90m 103 |[39m     [36mawait[39m waitFor(() [33m=>[39m {
    [31m[1m>[22m[39m[90m 104 |[39m       expect(prescriptionService[33m.
[39mgetPrescriptionById)[33m.[39mtoHaveBeenCalled()[33m;[39m
     [90m     |[39m                                                       
[31m[1m^[22m[39m
     [90m 105 |[39m     }[33m,[39m { timeout[33m:[39m [35m3000[39m 
})[33m;[39m
     [90m 106 |[39m
     [90m 107 |[39m     [36mawait[39m waitFor(() [33m=>[39m {[0m

      at timeout (src/pages/__tests__/PrescriptionPage.test.tsx:104:55)
      at runWithExpensiveErrorDiagnosticsDisabled (node_modules/@testing-librar
y/react/node_modules/@testing-library/dom/dist/config.js:47:12)
      at checkCallback (node_modules/@testing-library/react/node_modules/@testi
ng-library/dom/dist/wait-for.js:124:77)
      at checkRealTimersCallback (node_modules/@testing-library/react/node_modu
les/@testing-library/dom/dist/wait-for.js:118:16)
      at Timeout.task [as _onTimeout] 
(node_modules/jsdom/lib/jsdom/browser/Window.js:520:19)

  ΓùÅ PrescriptionPage ΓÇ║ should call print service when print clicked

    expect(jest.fn()).toHaveBeenCalled()

    Expected number of calls: >= 1
    Received number of calls:    0

    Ignored nodes: comments, script, style
    [36m<html>[39m
      [36m<head />[39m
      [36m<body>[39m
        [36m<div>[39m
          [0m\n        [0m
        [36m</div>[39m
      [36m</body>[39m
    [36m</html>[39m

    [0m [90m 117 |[39m
     [90m 118 |[39m     [36mawait[39m waitFor(() [33m=>[39m {
    [31m[1m>[22m[39m[90m 119 |[39m       expect(prescriptionService[33m.
[39mgetPrescriptionById)[33m.[39mtoHaveBeenCalled()[33m;[39m
     [90m     |[39m                                                       
[31m[1m^[22m[39m
     [90m 120 |[39m     }[33m,[39m { timeout[33m:[39m [35m3000[39m 
})[33m;[39m
     [90m 121 |[39m
     [90m 122 |[39m     [36mawait[39m waitFor(() [33m=>[39m {[0m

      at timeout (src/pages/__tests__/PrescriptionPage.test.tsx:119:55)
      at runWithExpensiveErrorDiagnosticsDisabled (node_modules/@testing-librar
y/react/node_modules/@testing-library/dom/dist/config.js:47:12)
      at checkCallback (node_modules/@testing-library/react/node_modules/@testi
ng-library/dom/dist/wait-for.js:124:77)
      at checkRealTimersCallback (node_modules/@testing-library/react/node_modu
les/@testing-library/dom/dist/wait-for.js:118:16)
      at Timeout.task [as _onTimeout] 
(node_modules/jsdom/lib/jsdom/browser/Window.js:520:19)

  ΓùÅ PrescriptionPage ΓÇ║ should handle prescription load error

    expect(jest.fn()).toHaveBeenCalled()

    Expected number of calls: >= 1
    Received number of calls:    0

    Ignored nodes: comments, script, style
    [36m<html>[39m
      [36m<head />[39m
      [36m<body>[39m
        [36m<div>[39m
          [0m\n        [0m
        [36m</div>[39m
      [36m</body>[39m
    [36m</html>[39m

    [0m [90m 140 |[39m
     [90m 141 |[39m     [36mawait[39m waitFor(() [33m=>[39m {
    [31m[1m>[22m[39m[90m 142 |[39m       expect(prescriptionService[33m.
[39mgetPrescriptionById)[33m.[39mtoHaveBeenCalled()[33m;[39m
     [90m     |[39m                                                       
[31m[1m^[22m[39m
     [90m 143 |[39m     }[33m,[39m { timeout[33m:[39m [35m3000[39m 
})[33m;[39m
     [90m 144 |[39m   })[33m;[39m
     [90m 145 |[39m[0m

      at timeout (src/pages/__tests__/PrescriptionPage.test.tsx:142:55)
      at runWithExpensiveErrorDiagnosticsDisabled (node_modules/@testing-librar
y/react/node_modules/@testing-library/dom/dist/config.js:47:12)
      at checkCallback (node_modules/@testing-library/react/node_modules/@testi
ng-library/dom/dist/wait-for.js:124:77)
      at checkRealTimersCallback (node_modules/@testing-library/react/node_modu
les/@testing-library/dom/dist/wait-for.js:118:16)
      at Timeout.task [as _onTimeout] 
(node_modules/jsdom/lib/jsdom/browser/Window.js:520:19)

  ΓùÅ PrescriptionPage ΓÇ║ should handle print error

    expect(jest.fn()).toHaveBeenCalled()

    Expected number of calls: >= 1
    Received number of calls:    0

    Ignored nodes: comments, script, style
    [36m<html>[39m
      [36m<head />[39m
      [36m<body>[39m
        [36m<div>[39m
          [0m\n        [0m
        [36m</div>[39m
      [36m</body>[39m
    [36m</html>[39m

    [0m [90m 154 |[39m
     [90m 155 |[39m     [36mawait[39m waitFor(() [33m=>[39m {
    [31m[1m>[22m[39m[90m 156 |[39m       expect(prescriptionService[33m.
[39mgetPrescriptionById)[33m.[39mtoHaveBeenCalled()[33m;[39m
     [90m     |[39m                                                       
[31m[1m^[22m[39m
     [90m 157 |[39m     }[33m,[39m { timeout[33m:[39m [35m3000[39m 
})[33m;[39m
     [90m 158 |[39m
     [90m 159 |[39m     [36mawait[39m waitFor(() [33m=>[39m {[0m

      at timeout (src/pages/__tests__/PrescriptionPage.test.tsx:156:55)
      at runWithExpensiveErrorDiagnosticsDisabled (node_modules/@testing-librar
y/react/node_modules/@testing-library/dom/dist/config.js:47:12)
      at checkCallback (node_modules/@testing-library/react/node_modules/@testi
ng-library/dom/dist/wait-for.js:124:77)
      at checkRealTimersCallback (node_modules/@testing-library/react/node_modu
les/@testing-library/dom/dist/wait-for.js:118:16)
      at Timeout.task [as _onTimeout] 
(node_modules/jsdom/lib/jsdom/browser/Window.js:520:19)

  ΓùÅ PrescriptionPage ΓÇ║ should have back button

    expect(jest.fn()).toHaveBeenCalled()

    Expected number of calls: >= 1
    Received number of calls:    0

    Ignored nodes: comments, script, style
    [36m<html>[39m
      [36m<head />[39m
      [36m<body>[39m
        [36m<div>[39m
          [0m\n        [0m
        [36m</div>[39m
      [36m</body>[39m
    [36m</html>[39m

    [0m [90m 180 |[39m
     [90m 181 |[39m     [36mawait[39m waitFor(() [33m=>[39m {
    [31m[1m>[22m[39m[90m 182 |[39m       expect(prescriptionService[33m.
[39mgetPrescriptionById)[33m.[39mtoHaveBeenCalled()[33m;[39m
     [90m     |[39m                                                       
[31m[1m^[22m[39m
     [90m 183 |[39m     }[33m,[39m { timeout[33m:[39m [35m3000[39m 
})[33m;[39m
     [90m 184 |[39m
     [90m 185 |[39m     [36mawait[39m waitFor(() [33m=>[39m {[0m

      at timeout (src/pages/__tests__/PrescriptionPage.test.tsx:182:55)
      at runWithExpensiveErrorDiagnosticsDisabled (node_modules/@testing-librar
y/react/node_modules/@testing-library/dom/dist/config.js:47:12)
      at checkCallback (node_modules/@testing-library/react/node_modules/@testi
ng-library/dom/dist/wait-for.js:124:77)
      at checkRealTimersCallback (node_modules/@testing-library/react/node_modu
les/@testing-library/dom/dist/wait-for.js:118:16)
      at Timeout.task [as _onTimeout] 
(node_modules/jsdom/lib/jsdom/browser/Window.js:520:19)

  ΓùÅ PrescriptionPage ΓÇ║ should navigate back when back clicked

    expect(jest.fn()).toHaveBeenCalled()

    Expected number of calls: >= 1
    Received number of calls:    0

    Ignored nodes: comments, script, style
    [36m<html>[39m
      [36m<head />[39m
      [36m<body>[39m
        [36m<div>[39m
          [0m\n        [0m
        [36m</div>[39m
      [36m</body>[39m
    [36m</html>[39m

    [0m [90m 192 |[39m
     [90m 193 |[39m     [36mawait[39m waitFor(() [33m=>[39m {
    [31m[1m>[22m[39m[90m 194 |[39m       expect(prescriptionService[33m.
[39mgetPrescriptionById)[33m.[39mtoHaveBeenCalled()[33m;[39m
     [90m     |[39m                                                       
[31m[1m^[22m[39m
     [90m 195 |[39m     }[33m,[39m { timeout[33m:[39m [35m3000[39m 
})[33m;[39m
     [90m 196 |[39m
     [90m 197 |[39m     [36mawait[39m waitFor(() [33m=>[39m {[0m

      at timeout (src/pages/__tests__/PrescriptionPage.test.tsx:194:55)
      at runWithExpensiveErrorDiagnosticsDisabled (node_modules/@testing-librar
y/react/node_modules/@testing-library/dom/dist/config.js:47:12)
      at checkCallback (node_modules/@testing-library/react/node_modules/@testi
ng-library/dom/dist/wait-for.js:124:77)
      at checkRealTimersCallback (node_modules/@testing-library/react/node_modu
les/@testing-library/dom/dist/wait-for.js:118:16)
      at Timeout.task [as _onTimeout] 
(node_modules/jsdom/lib/jsdom/browser/Window.js:520:19)


Test Suites: 10 failed, 21 passed, 31 total
Tests:       25 failed, 296 passed, 321 total
Snapshots:   0 total
Time:        38.709 s
Ran all test suites.
